[2023-09-18T15:59:30.630+0900][gc,heap] Heap region size: 1M
[2023-09-18T15:59:30.637+0900][gc     ] Using G1
[2023-09-18T15:59:30.637+0900][gc,heap,coops] Heap address: 0x00000007c0000000, size: 1024 MB, Compressed Oops mode: Zero based, Oop shift amount: 3
[2023-09-18T15:59:31.819+0900][gc,start     ] GC(0) Pause Young (Concurrent Start) (Metadata GC Threshold)
[2023-09-18T15:59:31.820+0900][gc,task      ] GC(0) Using 8 workers of 8 for evacuation
[2023-09-18T15:59:31.833+0900][gc,phases    ] GC(0)   Pre Evacuate Collection Set: 0.0ms
[2023-09-18T15:59:31.833+0900][gc,phases    ] GC(0)   Evacuate Collection Set: 12.6ms
[2023-09-18T15:59:31.833+0900][gc,phases    ] GC(0)   Post Evacuate Collection Set: 0.5ms
[2023-09-18T15:59:31.833+0900][gc,phases    ] GC(0)   Other: 0.7ms
[2023-09-18T15:59:31.833+0900][gc,heap      ] GC(0) Eden regions: 47->0(44)
[2023-09-18T15:59:31.833+0900][gc,heap      ] GC(0) Survivor regions: 0->7(7)
[2023-09-18T15:59:31.833+0900][gc,heap      ] GC(0) Old regions: 0->0
[2023-09-18T15:59:31.833+0900][gc,heap      ] GC(0) Humongous regions: 0->0
[2023-09-18T15:59:31.833+0900][gc,metaspace ] GC(0) Metaspace: 20681K->20681K(1069056K)
[2023-09-18T15:59:31.833+0900][gc           ] GC(0) Pause Young (Concurrent Start) (Metadata GC Threshold) 46M->6M(1024M) 13.920ms
[2023-09-18T15:59:31.833+0900][gc,cpu       ] GC(0) User=0.03s Sys=0.02s Real=0.02s
[2023-09-18T15:59:31.833+0900][gc           ] GC(1) Concurrent Cycle
[2023-09-18T15:59:31.834+0900][gc,marking   ] GC(1) Concurrent Clear Claimed Marks
[2023-09-18T15:59:31.834+0900][gc,marking   ] GC(1) Concurrent Clear Claimed Marks 0.022ms
[2023-09-18T15:59:31.834+0900][gc,marking   ] GC(1) Concurrent Scan Root Regions
[2023-09-18T15:59:31.836+0900][gc,marking   ] GC(1) Concurrent Scan Root Regions 1.818ms
[2023-09-18T15:59:31.836+0900][gc,marking   ] GC(1) Concurrent Mark (1.213s)
[2023-09-18T15:59:31.836+0900][gc,marking   ] GC(1) Concurrent Mark From Roots
[2023-09-18T15:59:31.836+0900][gc,task      ] GC(1) Using 2 workers of 2 for marking
[2023-09-18T15:59:31.836+0900][gc,marking   ] GC(1) Concurrent Mark From Roots 0.459ms
[2023-09-18T15:59:31.836+0900][gc,marking   ] GC(1) Concurrent Preclean
[2023-09-18T15:59:31.837+0900][gc,marking   ] GC(1) Concurrent Preclean 0.479ms
[2023-09-18T15:59:31.837+0900][gc,marking   ] GC(1) Concurrent Mark (1.213s, 1.214s) 0.991ms
[2023-09-18T15:59:31.837+0900][gc,start     ] GC(1) Pause Remark
[2023-09-18T15:59:31.842+0900][gc,stringtable] GC(1) Cleaned string and symbol table, strings: 7393 processed, 0 removed, symbols: 64830 processed, 34 removed
[2023-09-18T15:59:31.842+0900][gc            ] GC(1) Pause Remark 7M->7M(1024M) 5.347ms
[2023-09-18T15:59:31.842+0900][gc,cpu        ] GC(1) User=0.01s Sys=0.01s Real=0.01s
[2023-09-18T15:59:31.842+0900][gc,marking    ] GC(1) Concurrent Rebuild Remembered Sets
[2023-09-18T15:59:31.843+0900][gc,marking    ] GC(1) Concurrent Rebuild Remembered Sets 0.090ms
[2023-09-18T15:59:31.843+0900][gc,start      ] GC(1) Pause Cleanup
[2023-09-18T15:59:31.843+0900][gc            ] GC(1) Pause Cleanup 7M->7M(1024M) 0.202ms
[2023-09-18T15:59:31.843+0900][gc,cpu        ] GC(1) User=0.00s Sys=0.00s Real=0.00s
[2023-09-18T15:59:31.843+0900][gc,marking    ] GC(1) Concurrent Cleanup for Next Mark
[2023-09-18T15:59:31.847+0900][gc,marking    ] GC(1) Concurrent Cleanup for Next Mark 4.087ms
[2023-09-18T15:59:31.847+0900][gc            ] GC(1) Concurrent Cycle 13.840ms
[2023-09-18T15:59:32.839+0900][gc,start      ] GC(2) Pause Young (Normal) (G1 Evacuation Pause)
[2023-09-18T15:59:32.839+0900][gc,task       ] GC(2) Using 8 workers of 8 for evacuation
[2023-09-18T15:59:32.857+0900][gc,phases     ] GC(2)   Pre Evacuate Collection Set: 0.0ms
[2023-09-18T15:59:32.857+0900][gc,phases     ] GC(2)   Evacuate Collection Set: 17.1ms
[2023-09-18T15:59:32.857+0900][gc,phases     ] GC(2)   Post Evacuate Collection Set: 0.5ms
[2023-09-18T15:59:32.857+0900][gc,phases     ] GC(2)   Other: 0.1ms
[2023-09-18T15:59:32.857+0900][gc,heap       ] GC(2) Eden regions: 44->0(48)
[2023-09-18T15:59:32.857+0900][gc,heap       ] GC(2) Survivor regions: 7->3(7)
[2023-09-18T15:59:32.857+0900][gc,heap       ] GC(2) Old regions: 0->7
[2023-09-18T15:59:32.857+0900][gc,heap       ] GC(2) Humongous regions: 129->129
[2023-09-18T15:59:32.857+0900][gc,metaspace  ] GC(2) Metaspace: 29343K->29343K(1075200K)
[2023-09-18T15:59:32.857+0900][gc            ] GC(2) Pause Young (Normal) (G1 Evacuation Pause) 179M->137M(1024M) 17.833ms
[2023-09-18T15:59:32.857+0900][gc,cpu        ] GC(2) User=0.07s Sys=0.03s Real=0.02s
[2023-09-18T15:59:33.099+0900][gc,start      ] GC(3) Pause Young (Concurrent Start) (Metadata GC Threshold)
[2023-09-18T15:59:33.099+0900][gc,task       ] GC(3) Using 8 workers of 8 for evacuation
[2023-09-18T15:59:33.104+0900][gc,phases     ] GC(3)   Pre Evacuate Collection Set: 0.0ms
[2023-09-18T15:59:33.104+0900][gc,phases     ] GC(3)   Evacuate Collection Set: 4.7ms
[2023-09-18T15:59:33.104+0900][gc,phases     ] GC(3)   Post Evacuate Collection Set: 0.3ms
[2023-09-18T15:59:33.104+0900][gc,phases     ] GC(3)   Other: 0.1ms
[2023-09-18T15:59:33.104+0900][gc,heap       ] GC(3) Eden regions: 29->0(48)
[2023-09-18T15:59:33.104+0900][gc,heap       ] GC(3) Survivor regions: 3->3(7)
[2023-09-18T15:59:33.104+0900][gc,heap       ] GC(3) Old regions: 7->7
[2023-09-18T15:59:33.104+0900][gc,heap       ] GC(3) Humongous regions: 129->129
[2023-09-18T15:59:33.104+0900][gc,metaspace  ] GC(3) Metaspace: 34781K->34781K(1081344K)
[2023-09-18T15:59:33.104+0900][gc            ] GC(3) Pause Young (Concurrent Start) (Metadata GC Threshold) 166M->138M(1024M) 5.168ms
[2023-09-18T15:59:33.104+0900][gc,cpu        ] GC(3) User=0.02s Sys=0.00s Real=0.01s
[2023-09-18T15:59:33.104+0900][gc            ] GC(4) Concurrent Cycle
[2023-09-18T15:59:33.104+0900][gc,marking    ] GC(4) Concurrent Clear Claimed Marks
[2023-09-18T15:59:33.104+0900][gc,marking    ] GC(4) Concurrent Clear Claimed Marks 0.017ms
[2023-09-18T15:59:33.104+0900][gc,marking    ] GC(4) Concurrent Scan Root Regions
[2023-09-18T15:59:33.105+0900][gc,marking    ] GC(4) Concurrent Scan Root Regions 1.213ms
[2023-09-18T15:59:33.105+0900][gc,marking    ] GC(4) Concurrent Mark (2.483s)
[2023-09-18T15:59:33.105+0900][gc,marking    ] GC(4) Concurrent Mark From Roots
[2023-09-18T15:59:33.105+0900][gc,task       ] GC(4) Using 2 workers of 2 for marking
[2023-09-18T15:59:33.111+0900][gc,marking    ] GC(4) Concurrent Mark From Roots 5.781ms
[2023-09-18T15:59:33.111+0900][gc,marking    ] GC(4) Concurrent Preclean
[2023-09-18T15:59:33.111+0900][gc,marking    ] GC(4) Concurrent Preclean 0.054ms
[2023-09-18T15:59:33.111+0900][gc,marking    ] GC(4) Concurrent Mark (2.483s, 2.489s) 5.883ms
[2023-09-18T15:59:33.112+0900][gc,start      ] GC(4) Pause Remark
[2023-09-18T15:59:33.119+0900][gc,stringtable] GC(4) Cleaned string and symbol table, strings: 11177 processed, 11 removed, symbols: 97042 processed, 25 removed
[2023-09-18T15:59:33.119+0900][gc            ] GC(4) Pause Remark 139M->139M(1024M) 7.154ms
[2023-09-18T15:59:33.119+0900][gc,cpu        ] GC(4) User=0.02s Sys=0.01s Real=0.00s
[2023-09-18T15:59:33.119+0900][gc,marking    ] GC(4) Concurrent Rebuild Remembered Sets
[2023-09-18T15:59:33.121+0900][gc,marking    ] GC(4) Concurrent Rebuild Remembered Sets 2.150ms
[2023-09-18T15:59:33.121+0900][gc,start      ] GC(4) Pause Cleanup
[2023-09-18T15:59:33.121+0900][gc            ] GC(4) Pause Cleanup 139M->139M(1024M) 0.142ms
[2023-09-18T15:59:33.121+0900][gc,cpu        ] GC(4) User=0.00s Sys=0.00s Real=0.00s
[2023-09-18T15:59:33.121+0900][gc,marking    ] GC(4) Concurrent Cleanup for Next Mark
[2023-09-18T15:59:33.126+0900][gc,marking    ] GC(4) Concurrent Cleanup for Next Mark 4.436ms
[2023-09-18T15:59:33.126+0900][gc            ] GC(4) Concurrent Cycle 21.812ms
[2023-09-18T15:59:33.872+0900][gc,start      ] GC(5) Pause Young (Normal) (G1 Evacuation Pause)
[2023-09-18T15:59:33.872+0900][gc,task       ] GC(5) Using 8 workers of 8 for evacuation
[2023-09-18T15:59:33.880+0900][gc,phases     ] GC(5)   Pre Evacuate Collection Set: 0.0ms
[2023-09-18T15:59:33.880+0900][gc,phases     ] GC(5)   Evacuate Collection Set: 7.1ms
[2023-09-18T15:59:33.880+0900][gc,phases     ] GC(5)   Post Evacuate Collection Set: 0.3ms
[2023-09-18T15:59:33.880+0900][gc,phases     ] GC(5)   Other: 0.2ms
[2023-09-18T15:59:33.880+0900][gc,heap       ] GC(5) Eden regions: 48->0(44)
[2023-09-18T15:59:33.880+0900][gc,heap       ] GC(5) Survivor regions: 3->7(7)
[2023-09-18T15:59:33.880+0900][gc,heap       ] GC(5) Old regions: 7->7
[2023-09-18T15:59:33.880+0900][gc,heap       ] GC(5) Humongous regions: 129->129
[2023-09-18T15:59:33.880+0900][gc,metaspace  ] GC(5) Metaspace: 42554K->42554K(1087488K)
[2023-09-18T15:59:33.880+0900][gc            ] GC(5) Pause Young (Normal) (G1 Evacuation Pause) 186M->142M(1024M) 7.735ms
[2023-09-18T15:59:33.880+0900][gc,cpu        ] GC(5) User=0.04s Sys=0.01s Real=0.01s
[2023-09-18T16:30:22.343+0900][gc,start      ] GC(6) Pause Young (Normal) (G1 Evacuation Pause)
[2023-09-18T16:30:22.345+0900][gc,task       ] GC(6) Using 8 workers of 8 for evacuation
[2023-09-18T16:30:22.392+0900][gc,mmu        ] GC(6) MMU target violated: 21.0ms (20.0ms/21.0ms)
[2023-09-18T16:30:22.392+0900][gc,phases     ] GC(6)   Pre Evacuate Collection Set: 2.0ms
[2023-09-18T16:30:22.392+0900][gc,phases     ] GC(6)   Evacuate Collection Set: 43.6ms
[2023-09-18T16:30:22.392+0900][gc,phases     ] GC(6)   Post Evacuate Collection Set: 0.8ms
[2023-09-18T16:30:22.392+0900][gc,phases     ] GC(6)   Other: 2.9ms
[2023-09-18T16:30:22.392+0900][gc,heap       ] GC(6) Eden regions: 44->0(49)
[2023-09-18T16:30:22.392+0900][gc,heap       ] GC(6) Survivor regions: 7->2(7)
[2023-09-18T16:30:22.392+0900][gc,heap       ] GC(6) Old regions: 7->14
[2023-09-18T16:30:22.392+0900][gc,heap       ] GC(6) Humongous regions: 129->129
[2023-09-18T16:30:22.392+0900][gc,metaspace  ] GC(6) Metaspace: 47331K->47331K(1091584K)
[2023-09-18T16:30:22.392+0900][gc            ] GC(6) Pause Young (Normal) (G1 Evacuation Pause) 186M->143M(1024M) 49.293ms
[2023-09-18T16:30:22.392+0900][gc,cpu        ] GC(6) User=0.07s Sys=0.10s Real=0.05s
[2023-09-18T17:56:28.982+0900][gc,start      ] GC(7) Pause Young (Normal) (G1 Evacuation Pause)
[2023-09-18T17:56:28.983+0900][gc,task       ] GC(7) Using 8 workers of 8 for evacuation
[2023-09-18T17:56:29.009+0900][gc,mmu        ] GC(7) MMU target violated: 21.0ms (20.0ms/21.0ms)
[2023-09-18T17:56:29.021+0900][gc,phases     ] GC(7)   Pre Evacuate Collection Set: 0.7ms
[2023-09-18T17:56:29.021+0900][gc,phases     ] GC(7)   Evacuate Collection Set: 23.8ms
[2023-09-18T17:56:29.021+0900][gc,phases     ] GC(7)   Post Evacuate Collection Set: 0.8ms
[2023-09-18T17:56:29.021+0900][gc,phases     ] GC(7)   Other: 14.0ms
[2023-09-18T17:56:29.021+0900][gc,heap       ] GC(7) Eden regions: 49->0(49)
[2023-09-18T17:56:29.021+0900][gc,heap       ] GC(7) Survivor regions: 2->2(7)
[2023-09-18T17:56:29.021+0900][gc,heap       ] GC(7) Old regions: 14->14
[2023-09-18T17:56:29.021+0900][gc,heap       ] GC(7) Humongous regions: 129->129
[2023-09-18T17:56:29.021+0900][gc,metaspace  ] GC(7) Metaspace: 47673K->47673K(1093632K)
[2023-09-18T17:56:29.021+0900][gc            ] GC(7) Pause Young (Normal) (G1 Evacuation Pause) 192M->143M(1024M) 39.408ms
[2023-09-18T17:56:29.021+0900][gc,cpu        ] GC(7) User=0.04s Sys=0.03s Real=0.04s
[2023-09-18T19:06:08.934+0900][gc,start      ] GC(8) Pause Young (Normal) (G1 Evacuation Pause)
[2023-09-18T19:06:08.936+0900][gc,task       ] GC(8) Using 8 workers of 8 for evacuation
[2023-09-18T19:06:08.963+0900][gc,mmu        ] GC(8) MMU target violated: 21.0ms (20.0ms/21.0ms)
[2023-09-18T19:06:08.963+0900][gc,phases     ] GC(8)   Pre Evacuate Collection Set: 1.1ms
[2023-09-18T19:06:08.963+0900][gc,phases     ] GC(8)   Evacuate Collection Set: 24.0ms
[2023-09-18T19:06:08.963+0900][gc,phases     ] GC(8)   Post Evacuate Collection Set: 0.9ms
[2023-09-18T19:06:08.963+0900][gc,phases     ] GC(8)   Other: 3.2ms
[2023-09-18T19:06:08.963+0900][gc,heap       ] GC(8) Eden regions: 49->0(49)
[2023-09-18T19:06:08.963+0900][gc,heap       ] GC(8) Survivor regions: 2->2(7)
[2023-09-18T19:06:08.963+0900][gc,heap       ] GC(8) Old regions: 14->14
[2023-09-18T19:06:08.963+0900][gc,heap       ] GC(8) Humongous regions: 129->129
[2023-09-18T19:06:08.963+0900][gc,metaspace  ] GC(8) Metaspace: 47738K->47738K(1093632K)
[2023-09-18T19:06:08.963+0900][gc            ] GC(8) Pause Young (Normal) (G1 Evacuation Pause) 192M->143M(1024M) 29.258ms
[2023-09-18T19:06:08.964+0900][gc,cpu        ] GC(8) User=0.07s Sys=0.03s Real=0.03s
[2023-09-18T20:16:02.233+0900][gc,start      ] GC(9) Pause Young (Normal) (G1 Evacuation Pause)
[2023-09-18T20:16:02.235+0900][gc,task       ] GC(9) Using 8 workers of 8 for evacuation
[2023-09-18T20:16:02.288+0900][gc,mmu        ] GC(9) MMU target violated: 21.0ms (20.0ms/21.0ms)
[2023-09-18T20:16:02.288+0900][gc,phases     ] GC(9)   Pre Evacuate Collection Set: 1.2ms
[2023-09-18T20:16:02.288+0900][gc,phases     ] GC(9)   Evacuate Collection Set: 39.0ms
[2023-09-18T20:16:02.288+0900][gc,phases     ] GC(9)   Post Evacuate Collection Set: 10.9ms
[2023-09-18T20:16:02.288+0900][gc,phases     ] GC(9)   Other: 4.1ms
[2023-09-18T20:16:02.288+0900][gc,heap       ] GC(9) Eden regions: 49->0(49)
[2023-09-18T20:16:02.288+0900][gc,heap       ] GC(9) Survivor regions: 2->2(7)
[2023-09-18T20:16:02.288+0900][gc,heap       ] GC(9) Old regions: 14->14
[2023-09-18T20:16:02.288+0900][gc,heap       ] GC(9) Humongous regions: 129->129
[2023-09-18T20:16:02.288+0900][gc,metaspace  ] GC(9) Metaspace: 47779K->47779K(1093632K)
[2023-09-18T20:16:02.288+0900][gc            ] GC(9) Pause Young (Normal) (G1 Evacuation Pause) 192M->143M(1024M) 55.189ms
[2023-09-18T20:16:02.288+0900][gc,cpu        ] GC(9) User=0.06s Sys=0.03s Real=0.05s
[2023-09-18T21:26:29.126+0900][gc,start      ] GC(10) Pause Young (Normal) (G1 Evacuation Pause)
[2023-09-18T21:26:29.128+0900][gc,task       ] GC(10) Using 8 workers of 8 for evacuation
[2023-09-18T21:26:29.143+0900][gc,phases     ] GC(10)   Pre Evacuate Collection Set: 0.4ms
[2023-09-18T21:26:29.143+0900][gc,phases     ] GC(10)   Evacuate Collection Set: 13.5ms
[2023-09-18T21:26:29.143+0900][gc,phases     ] GC(10)   Post Evacuate Collection Set: 0.5ms
[2023-09-18T21:26:29.143+0900][gc,phases     ] GC(10)   Other: 2.2ms
[2023-09-18T21:26:29.143+0900][gc,heap       ] GC(10) Eden regions: 49->0(56)
[2023-09-18T21:26:29.143+0900][gc,heap       ] GC(10) Survivor regions: 2->2(7)
[2023-09-18T21:26:29.143+0900][gc,heap       ] GC(10) Old regions: 14->14
[2023-09-18T21:26:29.143+0900][gc,heap       ] GC(10) Humongous regions: 129->129
[2023-09-18T21:26:29.143+0900][gc,metaspace  ] GC(10) Metaspace: 47816K->47816K(1093632K)
[2023-09-18T21:26:29.143+0900][gc            ] GC(10) Pause Young (Normal) (G1 Evacuation Pause) 192M->143M(1024M) 16.667ms
[2023-09-18T21:26:29.143+0900][gc,cpu        ] GC(10) User=0.05s Sys=0.02s Real=0.02s
[2023-09-18T22:47:39.565+0900][gc,start      ] GC(11) Pause Young (Normal) (G1 Evacuation Pause)
[2023-09-18T22:47:39.567+0900][gc,task       ] GC(11) Using 8 workers of 8 for evacuation
[2023-09-18T22:47:39.606+0900][gc,mmu        ] GC(11) MMU target violated: 21.0ms (20.0ms/21.0ms)
[2023-09-18T22:47:39.606+0900][gc,phases     ] GC(11)   Pre Evacuate Collection Set: 0.9ms
[2023-09-18T22:47:39.606+0900][gc,phases     ] GC(11)   Evacuate Collection Set: 34.5ms
[2023-09-18T22:47:39.606+0900][gc,phases     ] GC(11)   Post Evacuate Collection Set: 1.6ms
[2023-09-18T22:47:39.606+0900][gc,phases     ] GC(11)   Other: 7.7ms
[2023-09-18T22:47:39.607+0900][gc,heap       ] GC(11) Eden regions: 56->0(376)
[2023-09-18T22:47:39.607+0900][gc,heap       ] GC(11) Survivor regions: 2->2(8)
[2023-09-18T22:47:39.607+0900][gc,heap       ] GC(11) Old regions: 14->14
[2023-09-18T22:47:39.607+0900][gc,heap       ] GC(11) Humongous regions: 129->129
[2023-09-18T22:47:39.607+0900][gc,metaspace  ] GC(11) Metaspace: 47834K->47834K(1093632K)
[2023-09-18T22:47:39.607+0900][gc            ] GC(11) Pause Young (Normal) (G1 Evacuation Pause) 199M->143M(1024M) 42.581ms
[2023-09-18T22:47:39.607+0900][gc,cpu        ] GC(11) User=0.14s Sys=0.07s Real=0.04s
[2023-09-19T07:57:13.428+0900][gc,start      ] GC(12) Pause Young (Normal) (G1 Evacuation Pause)
[2023-09-19T07:57:13.430+0900][gc,task       ] GC(12) Using 8 workers of 8 for evacuation
[2023-09-19T07:57:13.562+0900][gc,mmu        ] GC(12) MMU target violated: 21.0ms (20.0ms/21.0ms)
[2023-09-19T07:57:13.563+0900][gc,phases     ] GC(12)   Pre Evacuate Collection Set: 1.5ms
[2023-09-19T07:57:13.563+0900][gc,phases     ] GC(12)   Evacuate Collection Set: 100.0ms
[2023-09-19T07:57:13.563+0900][gc,phases     ] GC(12)   Post Evacuate Collection Set: 24.0ms
[2023-09-19T07:57:13.563+0900][gc,phases     ] GC(12)   Other: 13.9ms
[2023-09-19T07:57:13.563+0900][gc,heap       ] GC(12) Eden regions: 376->0(49)
[2023-09-19T07:57:13.563+0900][gc,heap       ] GC(12) Survivor regions: 2->2(48)
[2023-09-19T07:57:13.563+0900][gc,heap       ] GC(12) Old regions: 14->14
[2023-09-19T07:57:13.563+0900][gc,heap       ] GC(12) Humongous regions: 129->129
[2023-09-19T07:57:13.563+0900][gc,metaspace  ] GC(12) Metaspace: 47903K->47903K(1093632K)
[2023-09-19T07:57:13.563+0900][gc            ] GC(12) Pause Young (Normal) (G1 Evacuation Pause) 519M->143M(1024M) 135.774ms
[2023-09-19T07:57:13.563+0900][gc,cpu        ] GC(12) User=0.40s Sys=0.10s Real=0.14s
[2023-09-19T09:08:21.538+0900][gc,start      ] GC(13) Pause Young (Normal) (G1 Evacuation Pause)
[2023-09-19T09:08:21.543+0900][gc,task       ] GC(13) Using 8 workers of 8 for evacuation
[2023-09-19T09:08:21.644+0900][gc,mmu        ] GC(13) MMU target violated: 21.0ms (20.0ms/21.0ms)
[2023-09-19T09:08:21.644+0900][gc,phases     ] GC(13)   Pre Evacuate Collection Set: 8.8ms
[2023-09-19T09:08:21.644+0900][gc,phases     ] GC(13)   Evacuate Collection Set: 84.9ms
[2023-09-19T09:08:21.644+0900][gc,phases     ] GC(13)   Post Evacuate Collection Set: 2.0ms
[2023-09-19T09:08:21.644+0900][gc,phases     ] GC(13)   Other: 14.0ms
[2023-09-19T09:08:21.644+0900][gc,heap       ] GC(13) Eden regions: 49->0(49)
[2023-09-19T09:08:21.644+0900][gc,heap       ] GC(13) Survivor regions: 2->2(7)
[2023-09-19T09:08:21.644+0900][gc,heap       ] GC(13) Old regions: 14->14
[2023-09-19T09:08:21.644+0900][gc,heap       ] GC(13) Humongous regions: 129->129
[2023-09-19T09:08:21.644+0900][gc,metaspace  ] GC(13) Metaspace: 47908K->47908K(1093632K)
[2023-09-19T09:08:21.645+0900][gc            ] GC(13) Pause Young (Normal) (G1 Evacuation Pause) 192M->143M(1024M) 107.902ms
[2023-09-19T09:08:21.645+0900][gc,cpu        ] GC(13) User=0.17s Sys=0.08s Real=0.11s
[2023-09-19T10:19:19.105+0900][gc,start      ] GC(14) Pause Young (Normal) (G1 Evacuation Pause)
[2023-09-19T10:19:19.107+0900][gc,task       ] GC(14) Using 8 workers of 8 for evacuation
[2023-09-19T10:19:19.140+0900][gc,mmu        ] GC(14) MMU target violated: 21.0ms (20.0ms/21.0ms)
[2023-09-19T10:19:19.140+0900][gc,phases     ] GC(14)   Pre Evacuate Collection Set: 1.4ms
[2023-09-19T10:19:19.140+0900][gc,phases     ] GC(14)   Evacuate Collection Set: 28.2ms
[2023-09-19T10:19:19.140+0900][gc,phases     ] GC(14)   Post Evacuate Collection Set: 1.8ms
[2023-09-19T10:19:19.141+0900][gc,phases     ] GC(14)   Other: 5.6ms
[2023-09-19T10:19:19.141+0900][gc,heap       ] GC(14) Eden regions: 49->0(49)
[2023-09-19T10:19:19.141+0900][gc,heap       ] GC(14) Survivor regions: 2->2(7)
[2023-09-19T10:19:19.141+0900][gc,heap       ] GC(14) Old regions: 14->14
[2023-09-19T10:19:19.141+0900][gc,heap       ] GC(14) Humongous regions: 129->129
[2023-09-19T10:19:19.141+0900][gc,metaspace  ] GC(14) Metaspace: 47915K->47915K(1093632K)
[2023-09-19T10:19:19.141+0900][gc            ] GC(14) Pause Young (Normal) (G1 Evacuation Pause) 192M->143M(1024M) 36.485ms
[2023-09-19T10:19:19.141+0900][gc,cpu        ] GC(14) User=0.11s Sys=0.06s Real=0.04s
[2023-09-19T11:29:49.126+0900][gc,start      ] GC(15) Pause Young (Normal) (G1 Evacuation Pause)
[2023-09-19T11:29:49.127+0900][gc,task       ] GC(15) Using 8 workers of 8 for evacuation
[2023-09-19T11:29:49.156+0900][gc,mmu        ] GC(15) MMU target violated: 21.0ms (20.0ms/21.0ms)
[2023-09-19T11:29:49.156+0900][gc,phases     ] GC(15)   Pre Evacuate Collection Set: 1.0ms
[2023-09-19T11:29:49.156+0900][gc,phases     ] GC(15)   Evacuate Collection Set: 26.7ms
[2023-09-19T11:29:49.156+0900][gc,phases     ] GC(15)   Post Evacuate Collection Set: 0.9ms
[2023-09-19T11:29:49.156+0900][gc,phases     ] GC(15)   Other: 2.0ms
[2023-09-19T11:29:49.156+0900][gc,heap       ] GC(15) Eden regions: 49->0(49)
[2023-09-19T11:29:49.156+0900][gc,heap       ] GC(15) Survivor regions: 2->2(7)
[2023-09-19T11:29:49.156+0900][gc,heap       ] GC(15) Old regions: 14->14
[2023-09-19T11:29:49.156+0900][gc,heap       ] GC(15) Humongous regions: 129->129
[2023-09-19T11:29:49.156+0900][gc,metaspace  ] GC(15) Metaspace: 47916K->47916K(1093632K)
[2023-09-19T11:29:49.156+0900][gc            ] GC(15) Pause Young (Normal) (G1 Evacuation Pause) 192M->143M(1024M) 30.650ms
[2023-09-19T11:29:49.156+0900][gc,cpu        ] GC(15) User=0.09s Sys=0.04s Real=0.03s
[2023-09-19T12:40:33.826+0900][gc,start      ] GC(16) Pause Young (Normal) (G1 Evacuation Pause)
[2023-09-19T12:40:33.828+0900][gc,task       ] GC(16) Using 8 workers of 8 for evacuation
[2023-09-19T12:40:33.851+0900][gc,mmu        ] GC(16) MMU target violated: 21.0ms (20.0ms/21.0ms)
[2023-09-19T12:40:33.851+0900][gc,phases     ] GC(16)   Pre Evacuate Collection Set: 0.5ms
[2023-09-19T12:40:33.851+0900][gc,phases     ] GC(16)   Evacuate Collection Set: 20.8ms
[2023-09-19T12:40:33.851+0900][gc,phases     ] GC(16)   Post Evacuate Collection Set: 0.7ms
[2023-09-19T12:40:33.851+0900][gc,phases     ] GC(16)   Other: 2.7ms
[2023-09-19T12:40:33.851+0900][gc,heap       ] GC(16) Eden regions: 49->0(73)
[2023-09-19T12:40:33.851+0900][gc,heap       ] GC(16) Survivor regions: 2->2(7)
[2023-09-19T12:40:33.851+0900][gc,heap       ] GC(16) Old regions: 14->14
[2023-09-19T12:40:33.851+0900][gc,heap       ] GC(16) Humongous regions: 129->129
[2023-09-19T12:40:33.851+0900][gc,metaspace  ] GC(16) Metaspace: 47943K->47943K(1093632K)
[2023-09-19T12:40:33.851+0900][gc            ] GC(16) Pause Young (Normal) (G1 Evacuation Pause) 192M->143M(1024M) 24.641ms
[2023-09-19T12:40:33.851+0900][gc,cpu        ] GC(16) User=0.08s Sys=0.04s Real=0.03s
[2023-09-19T13:51:14.068+0900][gc,start      ] GC(17) Pause Young (Normal) (G1 Evacuation Pause)
[2023-09-19T13:51:14.070+0900][gc,task       ] GC(17) Using 8 workers of 8 for evacuation
[2023-09-19T13:51:14.103+0900][gc,mmu        ] GC(17) MMU target violated: 21.0ms (20.0ms/21.0ms)
[2023-09-19T13:51:14.103+0900][gc,phases     ] GC(17)   Pre Evacuate Collection Set: 0.8ms
[2023-09-19T13:51:14.103+0900][gc,phases     ] GC(17)   Evacuate Collection Set: 30.1ms
[2023-09-19T13:51:14.103+0900][gc,phases     ] GC(17)   Post Evacuate Collection Set: 0.9ms
[2023-09-19T13:51:14.103+0900][gc,phases     ] GC(17)   Other: 3.1ms
[2023-09-19T13:51:14.103+0900][gc,heap       ] GC(17) Eden regions: 49->0(101)
[2023-09-19T13:51:14.103+0900][gc,heap       ] GC(17) Survivor regions: 2->2(7)
[2023-09-19T13:51:14.103+0900][gc,heap       ] GC(17) Old regions: 14->14
[2023-09-19T13:51:14.103+0900][gc,heap       ] GC(17) Humongous regions: 129->129
[2023-09-19T13:51:14.103+0900][gc,metaspace  ] GC(17) Metaspace: 48032K->48032K(1093632K)
[2023-09-19T13:51:14.103+0900][gc            ] GC(17) Pause Young (Normal) (G1 Evacuation Pause) 192M->143M(1024M) 34.914ms
[2023-09-19T13:51:14.103+0900][gc,cpu        ] GC(17) User=0.10s Sys=0.06s Real=0.04s
[2023-09-19T14:20:25.760+0900][gc,start      ] GC(18) Pause Young (Normal) (G1 Evacuation Pause)
[2023-09-19T14:20:25.762+0900][gc,task       ] GC(18) Using 8 workers of 8 for evacuation
[2023-09-19T14:20:25.836+0900][gc,mmu        ] GC(18) MMU target violated: 21.0ms (20.0ms/21.0ms)
[2023-09-19T14:20:25.836+0900][gc,phases     ] GC(18)   Pre Evacuate Collection Set: 0.4ms
[2023-09-19T14:20:25.836+0900][gc,phases     ] GC(18)   Evacuate Collection Set: 67.5ms
[2023-09-19T14:20:25.836+0900][gc,phases     ] GC(18)   Post Evacuate Collection Set: 6.3ms
[2023-09-19T14:20:25.836+0900][gc,phases     ] GC(18)   Other: 1.9ms
[2023-09-19T14:20:25.836+0900][gc,heap       ] GC(18) Eden regions: 75->0(51)
[2023-09-19T14:20:25.836+0900][gc,heap       ] GC(18) Survivor regions: 2->5(10)
[2023-09-19T14:20:25.836+0900][gc,heap       ] GC(18) Old regions: 14->14
[2023-09-19T14:20:25.836+0900][gc,heap       ] GC(18) Humongous regions: 129->129
[2023-09-19T14:20:25.836+0900][gc,metaspace  ] GC(18) Metaspace: 51927K->51927K(1095680K)
[2023-09-19T14:20:25.837+0900][gc            ] GC(18) Pause Young (Normal) (G1 Evacuation Pause) 218M->146M(1024M) 76.087ms
[2023-09-19T14:20:25.837+0900][gc,cpu        ] GC(18) User=0.08s Sys=0.09s Real=0.07s
[2023-09-19T14:29:23.605+0900][gc,start      ] GC(19) Pause Young (Normal) (G1 Evacuation Pause)
[2023-09-19T14:29:23.605+0900][gc,task       ] GC(19) Using 8 workers of 8 for evacuation
[2023-09-19T14:29:23.641+0900][gc,mmu        ] GC(19) MMU target violated: 21.0ms (20.0ms/21.0ms)
[2023-09-19T14:29:23.641+0900][gc,phases     ] GC(19)   Pre Evacuate Collection Set: 0.4ms
[2023-09-19T14:29:23.641+0900][gc,phases     ] GC(19)   Evacuate Collection Set: 34.1ms
[2023-09-19T14:29:23.641+0900][gc,phases     ] GC(19)   Post Evacuate Collection Set: 0.9ms
[2023-09-19T14:29:23.641+0900][gc,phases     ] GC(19)   Other: 0.8ms
[2023-09-19T14:29:23.641+0900][gc,heap       ] GC(19) Eden regions: 46->0(73)
[2023-09-19T14:29:23.641+0900][gc,heap       ] GC(19) Survivor regions: 5->3(7)
[2023-09-19T14:29:23.641+0900][gc,heap       ] GC(19) Old regions: 14->17
[2023-09-19T14:29:23.641+0900][gc,heap       ] GC(19) Humongous regions: 129->129
[2023-09-19T14:29:23.641+0900][gc,metaspace  ] GC(19) Metaspace: 52014K->52014K(1097728K)
[2023-09-19T14:29:23.641+0900][gc            ] GC(19) Pause Young (Normal) (G1 Evacuation Pause) 192M->147M(1024M) 36.477ms
[2023-09-19T14:29:23.641+0900][gc,cpu        ] GC(19) User=0.03s Sys=0.03s Real=0.04s
[2023-09-19T14:44:46.631+0900][gc,start      ] GC(20) Pause Young (Normal) (G1 Evacuation Pause)
[2023-09-19T14:44:46.631+0900][gc,task       ] GC(20) Using 8 workers of 8 for evacuation
[2023-09-19T14:44:46.691+0900][gc,mmu        ] GC(20) MMU target violated: 21.0ms (20.0ms/21.0ms)
[2023-09-19T14:44:46.691+0900][gc,phases     ] GC(20)   Pre Evacuate Collection Set: 0.5ms
[2023-09-19T14:44:46.691+0900][gc,phases     ] GC(20)   Evacuate Collection Set: 57.5ms
[2023-09-19T14:44:46.691+0900][gc,phases     ] GC(20)   Post Evacuate Collection Set: 0.8ms
[2023-09-19T14:44:46.691+0900][gc,phases     ] GC(20)   Other: 1.6ms
[2023-09-19T14:44:46.691+0900][gc,heap       ] GC(20) Eden regions: 73->0(44)
[2023-09-19T14:44:46.691+0900][gc,heap       ] GC(20) Survivor regions: 3->7(10)
[2023-09-19T14:44:46.691+0900][gc,heap       ] GC(20) Old regions: 17->17
[2023-09-19T14:44:46.691+0900][gc,heap       ] GC(20) Humongous regions: 129->129
[2023-09-19T14:44:46.691+0900][gc,metaspace  ] GC(20) Metaspace: 52036K->52036K(1097728K)
[2023-09-19T14:44:46.691+0900][gc            ] GC(20) Pause Young (Normal) (G1 Evacuation Pause) 220M->152M(1024M) 60.589ms
[2023-09-19T14:44:46.691+0900][gc,cpu        ] GC(20) User=0.07s Sys=0.07s Real=0.06s
[2023-09-19T14:49:32.407+0900][gc,heap,exit  ] Heap
[2023-09-19T14:49:32.407+0900][gc,heap,exit  ]  garbage-first heap   total 1048576K, used 186492K [0x00000007c0000000, 0x0000000800000000)
[2023-09-19T14:49:32.407+0900][gc,heap,exit  ]   region size 1024K, 39 young (39936K), 7 survivors (7168K)
[2023-09-19T14:49:32.407+0900][gc,heap,exit  ]  Metaspace       used 52869K, capacity 55924K, committed 56188K, reserved 1097728K
[2023-09-19T14:49:32.407+0900][gc,heap,exit  ]   class space    used 6639K, capacity 8114K, committed 8140K, reserved 1048576K
