[2023-09-19T14:58:54.040+0900][gc,heap] Heap region size: 1M
[2023-09-19T14:58:54.046+0900][gc     ] Using G1
[2023-09-19T14:58:54.046+0900][gc,heap,coops] Heap address: 0x00000007c0000000, size: 1024 MB, Compressed Oops mode: Zero based, Oop shift amount: 3
[2023-09-19T14:58:55.229+0900][gc,start     ] GC(0) Pause Young (Concurrent Start) (Metadata GC Threshold)
[2023-09-19T14:58:55.229+0900][gc,task      ] GC(0) Using 8 workers of 8 for evacuation
[2023-09-19T14:58:55.244+0900][gc,phases    ] GC(0)   Pre Evacuate Collection Set: 0.0ms
[2023-09-19T14:58:55.244+0900][gc,phases    ] GC(0)   Evacuate Collection Set: 13.9ms
[2023-09-19T14:58:55.244+0900][gc,phases    ] GC(0)   Post Evacuate Collection Set: 0.5ms
[2023-09-19T14:58:55.244+0900][gc,phases    ] GC(0)   Other: 0.8ms
[2023-09-19T14:58:55.244+0900][gc,heap      ] GC(0) Eden regions: 47->0(44)
[2023-09-19T14:58:55.244+0900][gc,heap      ] GC(0) Survivor regions: 0->7(7)
[2023-09-19T14:58:55.244+0900][gc,heap      ] GC(0) Old regions: 0->0
[2023-09-19T14:58:55.244+0900][gc,heap      ] GC(0) Humongous regions: 0->0
[2023-09-19T14:58:55.244+0900][gc,metaspace ] GC(0) Metaspace: 20684K->20684K(1069056K)
[2023-09-19T14:58:55.244+0900][gc           ] GC(0) Pause Young (Concurrent Start) (Metadata GC Threshold) 46M->6M(1024M) 15.280ms
[2023-09-19T14:58:55.244+0900][gc,cpu       ] GC(0) User=0.04s Sys=0.02s Real=0.02s
[2023-09-19T14:58:55.244+0900][gc           ] GC(1) Concurrent Cycle
[2023-09-19T14:58:55.244+0900][gc,marking   ] GC(1) Concurrent Clear Claimed Marks
[2023-09-19T14:58:55.245+0900][gc,marking   ] GC(1) Concurrent Clear Claimed Marks 0.145ms
[2023-09-19T14:58:55.245+0900][gc,marking   ] GC(1) Concurrent Scan Root Regions
[2023-09-19T14:58:55.246+0900][gc,marking   ] GC(1) Concurrent Scan Root Regions 1.821ms
[2023-09-19T14:58:55.247+0900][gc,marking   ] GC(1) Concurrent Mark (1.215s)
[2023-09-19T14:58:55.247+0900][gc,marking   ] GC(1) Concurrent Mark From Roots
[2023-09-19T14:58:55.247+0900][gc,task      ] GC(1) Using 2 workers of 2 for marking
[2023-09-19T14:58:55.247+0900][gc,marking   ] GC(1) Concurrent Mark From Roots 0.253ms
[2023-09-19T14:58:55.247+0900][gc,marking   ] GC(1) Concurrent Preclean
[2023-09-19T14:58:55.247+0900][gc,marking   ] GC(1) Concurrent Preclean 0.026ms
[2023-09-19T14:58:55.247+0900][gc,marking   ] GC(1) Concurrent Mark (1.215s, 1.216s) 0.341ms
[2023-09-19T14:58:55.248+0900][gc,start     ] GC(1) Pause Remark
[2023-09-19T14:58:55.252+0900][gc,stringtable] GC(1) Cleaned string and symbol table, strings: 7393 processed, 0 removed, symbols: 64830 processed, 34 removed
[2023-09-19T14:58:55.253+0900][gc            ] GC(1) Pause Remark 7M->7M(1024M) 5.056ms
[2023-09-19T14:58:55.253+0900][gc,cpu        ] GC(1) User=0.01s Sys=0.01s Real=0.01s
[2023-09-19T14:58:55.253+0900][gc,marking    ] GC(1) Concurrent Rebuild Remembered Sets
[2023-09-19T14:58:55.253+0900][gc,marking    ] GC(1) Concurrent Rebuild Remembered Sets 0.062ms
[2023-09-19T14:58:55.253+0900][gc,start      ] GC(1) Pause Cleanup
[2023-09-19T14:58:55.253+0900][gc            ] GC(1) Pause Cleanup 7M->7M(1024M) 0.130ms
[2023-09-19T14:58:55.253+0900][gc,cpu        ] GC(1) User=0.00s Sys=0.00s Real=0.00s
[2023-09-19T14:58:55.253+0900][gc,marking    ] GC(1) Concurrent Cleanup for Next Mark
[2023-09-19T14:58:55.257+0900][gc,marking    ] GC(1) Concurrent Cleanup for Next Mark 3.897ms
[2023-09-19T14:58:55.257+0900][gc            ] GC(1) Concurrent Cycle 12.672ms
[2023-09-19T14:58:56.204+0900][gc,start      ] GC(2) Pause Young (Normal) (G1 Evacuation Pause)
[2023-09-19T14:58:56.209+0900][gc,task       ] GC(2) Using 8 workers of 8 for evacuation
[2023-09-19T14:58:56.227+0900][gc,phases     ] GC(2)   Pre Evacuate Collection Set: 0.0ms
[2023-09-19T14:58:56.228+0900][gc,phases     ] GC(2)   Evacuate Collection Set: 18.1ms
[2023-09-19T14:58:56.228+0900][gc,phases     ] GC(2)   Post Evacuate Collection Set: 0.5ms
[2023-09-19T14:58:56.228+0900][gc,phases     ] GC(2)   Other: 5.4ms
[2023-09-19T14:58:56.228+0900][gc,heap       ] GC(2) Eden regions: 44->0(49)
[2023-09-19T14:58:56.228+0900][gc,heap       ] GC(2) Survivor regions: 7->2(7)
[2023-09-19T14:58:56.228+0900][gc,heap       ] GC(2) Old regions: 0->7
[2023-09-19T14:58:56.228+0900][gc,heap       ] GC(2) Humongous regions: 0->0
[2023-09-19T14:58:56.228+0900][gc,metaspace  ] GC(2) Metaspace: 29600K->29600K(1077248K)
[2023-09-19T14:58:56.228+0900][gc            ] GC(2) Pause Young (Normal) (G1 Evacuation Pause) 50M->8M(1024M) 24.069ms
[2023-09-19T14:58:56.228+0900][gc,cpu        ] GC(2) User=0.06s Sys=0.03s Real=0.02s
[2023-09-19T14:58:57.009+0900][gc,start      ] GC(3) Pause Young (Concurrent Start) (Metadata GC Threshold)
[2023-09-19T14:58:57.009+0900][gc,task       ] GC(3) Using 8 workers of 8 for evacuation
[2023-09-19T14:58:57.015+0900][gc,phases     ] GC(3)   Pre Evacuate Collection Set: 0.0ms
[2023-09-19T14:58:57.015+0900][gc,phases     ] GC(3)   Evacuate Collection Set: 5.4ms
[2023-09-19T14:58:57.015+0900][gc,phases     ] GC(3)   Post Evacuate Collection Set: 0.2ms
[2023-09-19T14:58:57.015+0900][gc,phases     ] GC(3)   Other: 0.2ms
[2023-09-19T14:58:57.015+0900][gc,heap       ] GC(3) Eden regions: 31->0(47)
[2023-09-19T14:58:57.015+0900][gc,heap       ] GC(3) Survivor regions: 2->4(7)
[2023-09-19T14:58:57.015+0900][gc,heap       ] GC(3) Old regions: 7->7
[2023-09-19T14:58:57.015+0900][gc,heap       ] GC(3) Humongous regions: 129->129
[2023-09-19T14:58:57.015+0900][gc,metaspace  ] GC(3) Metaspace: 34546K->34546K(1081344K)
[2023-09-19T14:58:57.015+0900][gc            ] GC(3) Pause Young (Concurrent Start) (Metadata GC Threshold) 168M->138M(1024M) 5.891ms
[2023-09-19T14:58:57.015+0900][gc,cpu        ] GC(3) User=0.03s Sys=0.01s Real=0.01s
[2023-09-19T14:58:57.015+0900][gc            ] GC(4) Concurrent Cycle
[2023-09-19T14:58:57.015+0900][gc,marking    ] GC(4) Concurrent Clear Claimed Marks
[2023-09-19T14:58:57.015+0900][gc,marking    ] GC(4) Concurrent Clear Claimed Marks 0.017ms
[2023-09-19T14:58:57.015+0900][gc,marking    ] GC(4) Concurrent Scan Root Regions
[2023-09-19T14:58:57.016+0900][gc,marking    ] GC(4) Concurrent Scan Root Regions 1.166ms
[2023-09-19T14:58:57.016+0900][gc,marking    ] GC(4) Concurrent Mark (2.985s)
[2023-09-19T14:58:57.016+0900][gc,marking    ] GC(4) Concurrent Mark From Roots
[2023-09-19T14:58:57.016+0900][gc,task       ] GC(4) Using 2 workers of 2 for marking
[2023-09-19T14:58:57.020+0900][gc,marking    ] GC(4) Concurrent Mark From Roots 3.513ms
[2023-09-19T14:58:57.020+0900][gc,marking    ] GC(4) Concurrent Preclean
[2023-09-19T14:58:57.020+0900][gc,marking    ] GC(4) Concurrent Preclean 0.062ms
[2023-09-19T14:58:57.020+0900][gc,marking    ] GC(4) Concurrent Mark (2.985s, 2.989s) 3.614ms
[2023-09-19T14:58:57.020+0900][gc,start      ] GC(4) Pause Remark
[2023-09-19T14:58:57.030+0900][gc,stringtable] GC(4) Cleaned string and symbol table, strings: 10891 processed, 11 removed, symbols: 97764 processed, 23 removed
[2023-09-19T14:58:57.031+0900][gc            ] GC(4) Pause Remark 139M->139M(1024M) 10.281ms
[2023-09-19T14:58:57.031+0900][gc,cpu        ] GC(4) User=0.01s Sys=0.02s Real=0.01s
[2023-09-19T14:58:57.031+0900][gc,marking    ] GC(4) Concurrent Rebuild Remembered Sets
[2023-09-19T14:58:57.033+0900][gc,marking    ] GC(4) Concurrent Rebuild Remembered Sets 2.721ms
[2023-09-19T14:58:57.034+0900][gc,start      ] GC(4) Pause Cleanup
[2023-09-19T14:58:57.034+0900][gc            ] GC(4) Pause Cleanup 139M->139M(1024M) 0.110ms
[2023-09-19T14:58:57.034+0900][gc,cpu        ] GC(4) User=0.00s Sys=0.00s Real=0.00s
[2023-09-19T14:58:57.034+0900][gc,marking    ] GC(4) Concurrent Cleanup for Next Mark
[2023-09-19T14:58:57.038+0900][gc,marking    ] GC(4) Concurrent Cleanup for Next Mark 4.034ms
[2023-09-19T14:58:57.038+0900][gc            ] GC(4) Concurrent Cycle 22.917ms
[2023-09-19T14:58:57.624+0900][gc,start      ] GC(5) Pause Young (Normal) (G1 Evacuation Pause)
[2023-09-19T14:58:57.624+0900][gc,task       ] GC(5) Using 8 workers of 8 for evacuation
[2023-09-19T14:58:57.632+0900][gc,phases     ] GC(5)   Pre Evacuate Collection Set: 0.0ms
[2023-09-19T14:58:57.632+0900][gc,phases     ] GC(5)   Evacuate Collection Set: 7.8ms
[2023-09-19T14:58:57.632+0900][gc,phases     ] GC(5)   Post Evacuate Collection Set: 0.4ms
[2023-09-19T14:58:57.632+0900][gc,phases     ] GC(5)   Other: 0.2ms
[2023-09-19T14:58:57.632+0900][gc,heap       ] GC(5) Eden regions: 47->0(44)
[2023-09-19T14:58:57.632+0900][gc,heap       ] GC(5) Survivor regions: 4->7(7)
[2023-09-19T14:58:57.632+0900][gc,heap       ] GC(5) Old regions: 7->7
[2023-09-19T14:58:57.632+0900][gc,heap       ] GC(5) Humongous regions: 129->129
[2023-09-19T14:58:57.632+0900][gc,metaspace  ] GC(5) Metaspace: 42462K->42462K(1087488K)
[2023-09-19T14:58:57.632+0900][gc            ] GC(5) Pause Young (Normal) (G1 Evacuation Pause) 185M->142M(1024M) 8.523ms
[2023-09-19T14:58:57.632+0900][gc,cpu        ] GC(5) User=0.03s Sys=0.01s Real=0.01s
[2023-09-19T14:59:01.433+0900][gc,start      ] GC(6) Pause Young (Normal) (G1 Evacuation Pause)
[2023-09-19T14:59:01.433+0900][gc,task       ] GC(6) Using 8 workers of 8 for evacuation
[2023-09-19T14:59:01.447+0900][gc,phases     ] GC(6)   Pre Evacuate Collection Set: 0.0ms
[2023-09-19T14:59:01.447+0900][gc,phases     ] GC(6)   Evacuate Collection Set: 13.2ms
[2023-09-19T14:59:01.447+0900][gc,phases     ] GC(6)   Post Evacuate Collection Set: 0.6ms
[2023-09-19T14:59:01.447+0900][gc,phases     ] GC(6)   Other: 0.3ms
[2023-09-19T14:59:01.447+0900][gc,heap       ] GC(6) Eden regions: 44->0(48)
[2023-09-19T14:59:01.447+0900][gc,heap       ] GC(6) Survivor regions: 7->3(7)
[2023-09-19T14:59:01.447+0900][gc,heap       ] GC(6) Old regions: 7->14
[2023-09-19T14:59:01.447+0900][gc,heap       ] GC(6) Humongous regions: 141->129
[2023-09-19T14:59:01.447+0900][gc,metaspace  ] GC(6) Metaspace: 48268K->48268K(1093632K)
[2023-09-19T14:59:01.447+0900][gc            ] GC(6) Pause Young (Normal) (G1 Evacuation Pause) 198M->145M(1024M) 14.344ms
[2023-09-19T14:59:01.447+0900][gc,cpu        ] GC(6) User=0.06s Sys=0.02s Real=0.01s
[2023-09-19T15:01:29.114+0900][gc,start      ] GC(7) Pause Young (Normal) (G1 Evacuation Pause)
[2023-09-19T15:01:29.115+0900][gc,task       ] GC(7) Using 8 workers of 8 for evacuation
[2023-09-19T15:01:29.158+0900][gc,mmu        ] GC(7) MMU target violated: 21.0ms (20.0ms/21.0ms)
[2023-09-19T15:01:29.158+0900][gc,phases     ] GC(7)   Pre Evacuate Collection Set: 0.6ms
[2023-09-19T15:01:29.158+0900][gc,phases     ] GC(7)   Evacuate Collection Set: 41.2ms
[2023-09-19T15:01:29.158+0900][gc,phases     ] GC(7)   Post Evacuate Collection Set: 0.8ms
[2023-09-19T15:01:29.158+0900][gc,phases     ] GC(7)   Other: 1.5ms
[2023-09-19T15:01:29.158+0900][gc,heap       ] GC(7) Eden regions: 48->0(44)
[2023-09-19T15:01:29.158+0900][gc,heap       ] GC(7) Survivor regions: 3->7(7)
[2023-09-19T15:01:29.158+0900][gc,heap       ] GC(7) Old regions: 14->14
[2023-09-19T15:01:29.158+0900][gc,heap       ] GC(7) Humongous regions: 129->129
[2023-09-19T15:01:29.158+0900][gc,metaspace  ] GC(7) Metaspace: 51141K->51141K(1095680K)
[2023-09-19T15:01:29.158+0900][gc            ] GC(7) Pause Young (Normal) (G1 Evacuation Pause) 193M->149M(1024M) 43.993ms
[2023-09-19T15:01:29.158+0900][gc,cpu        ] GC(7) User=0.08s Sys=0.11s Real=0.04s
[2023-09-19T15:04:43.997+0900][gc,start      ] GC(8) Pause Young (Normal) (G1 Evacuation Pause)
[2023-09-19T15:04:43.999+0900][gc,task       ] GC(8) Using 8 workers of 8 for evacuation
[2023-09-19T15:04:44.035+0900][gc,mmu        ] GC(8) MMU target violated: 21.0ms (20.0ms/21.0ms)
[2023-09-19T15:04:44.035+0900][gc,phases     ] GC(8)   Pre Evacuate Collection Set: 0.7ms
[2023-09-19T15:04:44.035+0900][gc,phases     ] GC(8)   Evacuate Collection Set: 34.1ms
[2023-09-19T15:04:44.035+0900][gc,phases     ] GC(8)   Post Evacuate Collection Set: 0.6ms
[2023-09-19T15:04:44.035+0900][gc,phases     ] GC(8)   Other: 2.8ms
[2023-09-19T15:04:44.035+0900][gc,heap       ] GC(8) Eden regions: 44->0(49)
[2023-09-19T15:04:44.035+0900][gc,heap       ] GC(8) Survivor regions: 7->2(7)
[2023-09-19T15:04:44.035+0900][gc,heap       ] GC(8) Old regions: 14->17
[2023-09-19T15:04:44.035+0900][gc,heap       ] GC(8) Humongous regions: 129->129
[2023-09-19T15:04:44.035+0900][gc,metaspace  ] GC(8) Metaspace: 51212K->51212K(1095680K)
[2023-09-19T15:04:44.035+0900][gc            ] GC(8) Pause Young (Normal) (G1 Evacuation Pause) 193M->147M(1024M) 38.258ms
[2023-09-19T15:04:44.035+0900][gc,cpu        ] GC(8) User=0.04s Sys=0.03s Real=0.04s
[2023-09-19T15:08:34.002+0900][gc,start      ] GC(9) Pause Young (Normal) (G1 Evacuation Pause)
[2023-09-19T15:08:34.002+0900][gc,task       ] GC(9) Using 8 workers of 8 for evacuation
[2023-09-19T15:08:34.023+0900][gc,mmu        ] GC(9) MMU target violated: 20.0ms (20.0ms/21.0ms)
[2023-09-19T15:08:34.023+0900][gc,phases     ] GC(9)   Pre Evacuate Collection Set: 0.5ms
[2023-09-19T15:08:34.023+0900][gc,phases     ] GC(9)   Evacuate Collection Set: 18.6ms
[2023-09-19T15:08:34.023+0900][gc,phases     ] GC(9)   Post Evacuate Collection Set: 0.5ms
[2023-09-19T15:08:34.023+0900][gc,phases     ] GC(9)   Other: 1.7ms
[2023-09-19T15:08:34.023+0900][gc,heap       ] GC(9) Eden regions: 49->0(46)
[2023-09-19T15:08:34.023+0900][gc,heap       ] GC(9) Survivor regions: 2->5(7)
[2023-09-19T15:08:34.023+0900][gc,heap       ] GC(9) Old regions: 17->17
[2023-09-19T15:08:34.023+0900][gc,heap       ] GC(9) Humongous regions: 129->129
[2023-09-19T15:08:34.023+0900][gc,metaspace  ] GC(9) Metaspace: 51247K->51247K(1095680K)
[2023-09-19T15:08:34.023+0900][gc            ] GC(9) Pause Young (Normal) (G1 Evacuation Pause) 196M->149M(1024M) 21.205ms
[2023-09-19T15:08:34.023+0900][gc,cpu        ] GC(9) User=0.03s Sys=0.02s Real=0.02s
[2023-09-19T15:12:08.839+0900][gc,start      ] GC(10) Pause Young (Normal) (G1 Evacuation Pause)
[2023-09-19T15:12:08.841+0900][gc,task       ] GC(10) Using 8 workers of 8 for evacuation
[2023-09-19T15:12:08.874+0900][gc,mmu        ] GC(10) MMU target violated: 21.0ms (20.0ms/21.0ms)
[2023-09-19T15:12:08.874+0900][gc,phases     ] GC(10)   Pre Evacuate Collection Set: 0.8ms
[2023-09-19T15:12:08.874+0900][gc,phases     ] GC(10)   Evacuate Collection Set: 29.7ms
[2023-09-19T15:12:08.874+0900][gc,phases     ] GC(10)   Post Evacuate Collection Set: 1.0ms
[2023-09-19T15:12:08.874+0900][gc,phases     ] GC(10)   Other: 3.4ms
[2023-09-19T15:12:08.874+0900][gc,heap       ] GC(10) Eden regions: 46->0(44)
[2023-09-19T15:12:08.874+0900][gc,heap       ] GC(10) Survivor regions: 5->7(7)
[2023-09-19T15:12:08.874+0900][gc,heap       ] GC(10) Old regions: 17->18
[2023-09-19T15:12:08.874+0900][gc,heap       ] GC(10) Humongous regions: 129->129
[2023-09-19T15:12:08.874+0900][gc,metaspace  ] GC(10) Metaspace: 51396K->51396K(1095680K)
[2023-09-19T15:12:08.874+0900][gc            ] GC(10) Pause Young (Normal) (G1 Evacuation Pause) 195M->152M(1024M) 34.965ms
[2023-09-19T15:12:08.874+0900][gc,cpu        ] GC(10) User=0.07s Sys=0.06s Real=0.04s
[2023-09-19T15:15:38.735+0900][gc,start      ] GC(11) Pause Young (Normal) (G1 Evacuation Pause)
[2023-09-19T15:15:38.736+0900][gc,task       ] GC(11) Using 8 workers of 8 for evacuation
[2023-09-19T15:15:38.783+0900][gc,mmu        ] GC(11) MMU target violated: 21.0ms (20.0ms/21.0ms)
[2023-09-19T15:15:38.783+0900][gc,phases     ] GC(11)   Pre Evacuate Collection Set: 0.6ms
[2023-09-19T15:15:38.783+0900][gc,phases     ] GC(11)   Evacuate Collection Set: 44.0ms
[2023-09-19T15:15:38.783+0900][gc,phases     ] GC(11)   Post Evacuate Collection Set: 0.9ms
[2023-09-19T15:15:38.783+0900][gc,phases     ] GC(11)   Other: 3.1ms
[2023-09-19T15:15:38.783+0900][gc,heap       ] GC(11) Eden regions: 44->0(46)
[2023-09-19T15:15:38.783+0900][gc,heap       ] GC(11) Survivor regions: 7->5(7)
[2023-09-19T15:15:38.783+0900][gc,heap       ] GC(11) Old regions: 18->22
[2023-09-19T15:15:38.783+0900][gc,heap       ] GC(11) Humongous regions: 129->129
[2023-09-19T15:15:38.783+0900][gc,metaspace  ] GC(11) Metaspace: 51432K->51432K(1095680K)
[2023-09-19T15:15:38.783+0900][gc            ] GC(11) Pause Young (Normal) (G1 Evacuation Pause) 196M->155M(1024M) 48.692ms
[2023-09-19T15:15:38.783+0900][gc,cpu        ] GC(11) User=0.06s Sys=0.10s Real=0.05s
[2023-09-19T15:19:18.991+0900][gc,start      ] GC(12) Pause Young (Normal) (G1 Evacuation Pause)
[2023-09-19T15:19:18.992+0900][gc,task       ] GC(12) Using 8 workers of 8 for evacuation
[2023-09-19T15:19:19.014+0900][gc,mmu        ] GC(12) MMU target violated: 21.0ms (20.0ms/21.0ms)
[2023-09-19T15:19:19.014+0900][gc,phases     ] GC(12)   Pre Evacuate Collection Set: 0.6ms
[2023-09-19T15:19:19.014+0900][gc,phases     ] GC(12)   Evacuate Collection Set: 20.1ms
[2023-09-19T15:19:19.014+0900][gc,phases     ] GC(12)   Post Evacuate Collection Set: 0.9ms
[2023-09-19T15:19:19.015+0900][gc,phases     ] GC(12)   Other: 1.7ms
[2023-09-19T15:19:19.015+0900][gc,heap       ] GC(12) Eden regions: 46->0(48)
[2023-09-19T15:19:19.015+0900][gc,heap       ] GC(12) Survivor regions: 5->3(7)
[2023-09-19T15:19:19.015+0900][gc,heap       ] GC(12) Old regions: 22->24
[2023-09-19T15:19:19.015+0900][gc,heap       ] GC(12) Humongous regions: 129->129
[2023-09-19T15:19:19.015+0900][gc,metaspace  ] GC(12) Metaspace: 51492K->51492K(1095680K)
[2023-09-19T15:19:19.015+0900][gc            ] GC(12) Pause Young (Normal) (G1 Evacuation Pause) 201M->155M(1024M) 23.651ms
[2023-09-19T15:19:19.015+0900][gc,cpu        ] GC(12) User=0.05s Sys=0.05s Real=0.02s
[2023-09-19T15:23:12.334+0900][gc,start      ] GC(13) Pause Young (Normal) (G1 Evacuation Pause)
[2023-09-19T15:23:12.335+0900][gc,task       ] GC(13) Using 8 workers of 8 for evacuation
[2023-09-19T15:23:12.356+0900][gc,mmu        ] GC(13) MMU target violated: 21.0ms (20.0ms/21.0ms)
[2023-09-19T15:23:12.356+0900][gc,phases     ] GC(13)   Pre Evacuate Collection Set: 0.3ms
[2023-09-19T15:23:12.356+0900][gc,phases     ] GC(13)   Evacuate Collection Set: 20.1ms
[2023-09-19T15:23:12.356+0900][gc,phases     ] GC(13)   Post Evacuate Collection Set: 0.5ms
[2023-09-19T15:23:12.356+0900][gc,phases     ] GC(13)   Other: 0.7ms
[2023-09-19T15:23:12.356+0900][gc,heap       ] GC(13) Eden regions: 48->0(45)
[2023-09-19T15:23:12.356+0900][gc,heap       ] GC(13) Survivor regions: 3->6(7)
[2023-09-19T15:23:12.356+0900][gc,heap       ] GC(13) Old regions: 24->24
[2023-09-19T15:23:12.356+0900][gc,heap       ] GC(13) Humongous regions: 129->129
[2023-09-19T15:23:12.356+0900][gc,metaspace  ] GC(13) Metaspace: 51501K->51501K(1095680K)
[2023-09-19T15:23:12.356+0900][gc            ] GC(13) Pause Young (Normal) (G1 Evacuation Pause) 203M->158M(1024M) 21.655ms
[2023-09-19T15:23:12.356+0900][gc,cpu        ] GC(13) User=0.02s Sys=0.03s Real=0.02s
[2023-09-19T15:26:49.239+0900][gc,start      ] GC(14) Pause Young (Normal) (G1 Evacuation Pause)
[2023-09-19T15:26:49.241+0900][gc,task       ] GC(14) Using 8 workers of 8 for evacuation
[2023-09-19T15:26:49.274+0900][gc,mmu        ] GC(14) MMU target violated: 21.0ms (20.0ms/21.0ms)
[2023-09-19T15:26:49.274+0900][gc,phases     ] GC(14)   Pre Evacuate Collection Set: 0.9ms
[2023-09-19T15:26:49.274+0900][gc,phases     ] GC(14)   Evacuate Collection Set: 30.7ms
[2023-09-19T15:26:49.274+0900][gc,phases     ] GC(14)   Post Evacuate Collection Set: 0.7ms
[2023-09-19T15:26:49.274+0900][gc,phases     ] GC(14)   Other: 3.4ms
[2023-09-19T15:26:49.274+0900][gc,heap       ] GC(14) Eden regions: 45->0(46)
[2023-09-19T15:26:49.274+0900][gc,heap       ] GC(14) Survivor regions: 6->5(7)
[2023-09-19T15:26:49.274+0900][gc,heap       ] GC(14) Old regions: 24->28
[2023-09-19T15:26:49.274+0900][gc,heap       ] GC(14) Humongous regions: 129->129
[2023-09-19T15:26:49.274+0900][gc,metaspace  ] GC(14) Metaspace: 51518K->51518K(1095680K)
[2023-09-19T15:26:49.274+0900][gc            ] GC(14) Pause Young (Normal) (G1 Evacuation Pause) 203M->161M(1024M) 35.667ms
[2023-09-19T15:26:49.274+0900][gc,cpu        ] GC(14) User=0.05s Sys=0.08s Real=0.04s
[2023-09-19T15:30:30.237+0900][gc,start      ] GC(15) Pause Young (Normal) (G1 Evacuation Pause)
[2023-09-19T15:30:30.237+0900][gc,task       ] GC(15) Using 8 workers of 8 for evacuation
[2023-09-19T15:30:30.250+0900][gc,phases     ] GC(15)   Pre Evacuate Collection Set: 0.4ms
[2023-09-19T15:30:30.250+0900][gc,phases     ] GC(15)   Evacuate Collection Set: 11.8ms
[2023-09-19T15:30:30.250+0900][gc,phases     ] GC(15)   Post Evacuate Collection Set: 0.4ms
[2023-09-19T15:30:30.250+0900][gc,phases     ] GC(15)   Other: 0.8ms
[2023-09-19T15:30:30.250+0900][gc,heap       ] GC(15) Eden regions: 46->0(48)
[2023-09-19T15:30:30.250+0900][gc,heap       ] GC(15) Survivor regions: 5->3(7)
[2023-09-19T15:30:30.250+0900][gc,heap       ] GC(15) Old regions: 28->30
[2023-09-19T15:30:30.250+0900][gc,heap       ] GC(15) Humongous regions: 129->129
[2023-09-19T15:30:30.250+0900][gc,metaspace  ] GC(15) Metaspace: 51553K->51553K(1095680K)
[2023-09-19T15:30:30.250+0900][gc            ] GC(15) Pause Young (Normal) (G1 Evacuation Pause) 207M->161M(1024M) 13.565ms
[2023-09-19T15:30:30.250+0900][gc,cpu        ] GC(15) User=0.03s Sys=0.01s Real=0.02s
[2023-09-19T15:34:23.892+0900][gc,start      ] GC(16) Pause Young (Normal) (G1 Evacuation Pause)
[2023-09-19T15:34:23.897+0900][gc,task       ] GC(16) Using 8 workers of 8 for evacuation
[2023-09-19T15:34:23.927+0900][gc,mmu        ] GC(16) MMU target violated: 21.0ms (20.0ms/21.0ms)
[2023-09-19T15:34:23.927+0900][gc,phases     ] GC(16)   Pre Evacuate Collection Set: 1.0ms
[2023-09-19T15:34:23.927+0900][gc,phases     ] GC(16)   Evacuate Collection Set: 27.0ms
[2023-09-19T15:34:23.927+0900][gc,phases     ] GC(16)   Post Evacuate Collection Set: 1.0ms
[2023-09-19T15:34:23.927+0900][gc,phases     ] GC(16)   Other: 6.1ms
[2023-09-19T15:34:23.927+0900][gc,heap       ] GC(16) Eden regions: 48->0(45)
[2023-09-19T15:34:23.927+0900][gc,heap       ] GC(16) Survivor regions: 3->6(7)
[2023-09-19T15:34:23.927+0900][gc,heap       ] GC(16) Old regions: 30->30
[2023-09-19T15:34:23.927+0900][gc,heap       ] GC(16) Humongous regions: 129->129
[2023-09-19T15:34:23.927+0900][gc,metaspace  ] GC(16) Metaspace: 51561K->51561K(1095680K)
[2023-09-19T15:34:23.927+0900][gc            ] GC(16) Pause Young (Normal) (G1 Evacuation Pause) 209M->164M(1024M) 35.110ms
[2023-09-19T15:34:23.927+0900][gc,cpu        ] GC(16) User=0.07s Sys=0.05s Real=0.03s
[2023-09-19T15:38:01.577+0900][gc,start      ] GC(17) Pause Young (Normal) (G1 Evacuation Pause)
[2023-09-19T15:38:01.578+0900][gc,task       ] GC(17) Using 8 workers of 8 for evacuation
[2023-09-19T15:38:01.607+0900][gc,mmu        ] GC(17) MMU target violated: 21.0ms (20.0ms/21.0ms)
[2023-09-19T15:38:01.607+0900][gc,phases     ] GC(17)   Pre Evacuate Collection Set: 0.5ms
[2023-09-19T15:38:01.607+0900][gc,phases     ] GC(17)   Evacuate Collection Set: 27.7ms
[2023-09-19T15:38:01.607+0900][gc,phases     ] GC(17)   Post Evacuate Collection Set: 0.5ms
[2023-09-19T15:38:01.608+0900][gc,phases     ] GC(17)   Other: 2.3ms
[2023-09-19T15:38:01.608+0900][gc,heap       ] GC(17) Eden regions: 45->0(46)
[2023-09-19T15:38:01.608+0900][gc,heap       ] GC(17) Survivor regions: 6->5(7)
[2023-09-19T15:38:01.608+0900][gc,heap       ] GC(17) Old regions: 30->34
[2023-09-19T15:38:01.608+0900][gc,heap       ] GC(17) Humongous regions: 129->129
[2023-09-19T15:38:01.608+0900][gc,metaspace  ] GC(17) Metaspace: 51585K->51585K(1095680K)
[2023-09-19T15:38:01.608+0900][gc            ] GC(17) Pause Young (Normal) (G1 Evacuation Pause) 209M->167M(1024M) 31.094ms
[2023-09-19T15:38:01.608+0900][gc,cpu        ] GC(17) User=0.04s Sys=0.08s Real=0.03s
[2023-09-19T15:41:43.238+0900][gc,start      ] GC(18) Pause Young (Normal) (G1 Evacuation Pause)
[2023-09-19T15:41:43.239+0900][gc,task       ] GC(18) Using 8 workers of 8 for evacuation
[2023-09-19T15:41:43.260+0900][gc,mmu        ] GC(18) MMU target violated: 20.6ms (20.0ms/21.0ms)
[2023-09-19T15:41:43.260+0900][gc,phases     ] GC(18)   Pre Evacuate Collection Set: 0.8ms
[2023-09-19T15:41:43.260+0900][gc,phases     ] GC(18)   Evacuate Collection Set: 17.9ms
[2023-09-19T15:41:43.260+0900][gc,phases     ] GC(18)   Post Evacuate Collection Set: 1.0ms
[2023-09-19T15:41:43.260+0900][gc,phases     ] GC(18)   Other: 2.3ms
[2023-09-19T15:41:43.260+0900][gc,heap       ] GC(18) Eden regions: 46->0(48)
[2023-09-19T15:41:43.260+0900][gc,heap       ] GC(18) Survivor regions: 5->3(7)
[2023-09-19T15:41:43.260+0900][gc,heap       ] GC(18) Old regions: 34->37
[2023-09-19T15:41:43.260+0900][gc,heap       ] GC(18) Humongous regions: 129->129
[2023-09-19T15:41:43.260+0900][gc,metaspace  ] GC(18) Metaspace: 51639K->51639K(1095680K)
[2023-09-19T15:41:43.260+0900][gc            ] GC(18) Pause Young (Normal) (G1 Evacuation Pause) 213M->168M(1024M) 22.101ms
[2023-09-19T15:41:43.260+0900][gc,cpu        ] GC(18) User=0.05s Sys=0.04s Real=0.03s
[2023-09-19T15:45:32.417+0900][gc,start      ] GC(19) Pause Young (Normal) (G1 Evacuation Pause)
[2023-09-19T15:45:32.419+0900][gc,task       ] GC(19) Using 8 workers of 8 for evacuation
[2023-09-19T15:45:32.442+0900][gc,mmu        ] GC(19) MMU target violated: 21.0ms (20.0ms/21.0ms)
[2023-09-19T15:45:32.442+0900][gc,phases     ] GC(19)   Pre Evacuate Collection Set: 0.7ms
[2023-09-19T15:45:32.442+0900][gc,phases     ] GC(19)   Evacuate Collection Set: 21.3ms
[2023-09-19T15:45:32.442+0900][gc,phases     ] GC(19)   Post Evacuate Collection Set: 0.5ms
[2023-09-19T15:45:32.443+0900][gc,phases     ] GC(19)   Other: 3.2ms
[2023-09-19T15:45:32.443+0900][gc,heap       ] GC(19) Eden regions: 48->0(45)
[2023-09-19T15:45:32.443+0900][gc,heap       ] GC(19) Survivor regions: 3->6(7)
[2023-09-19T15:45:32.443+0900][gc,heap       ] GC(19) Old regions: 37->37
[2023-09-19T15:45:32.443+0900][gc,heap       ] GC(19) Humongous regions: 129->129
[2023-09-19T15:45:32.443+0900][gc,metaspace  ] GC(19) Metaspace: 51641K->51641K(1095680K)
[2023-09-19T15:45:32.443+0900][gc            ] GC(19) Pause Young (Normal) (G1 Evacuation Pause) 216M->170M(1024M) 25.662ms
[2023-09-19T15:45:32.443+0900][gc,cpu        ] GC(19) User=0.04s Sys=0.03s Real=0.03s
[2023-09-19T15:49:08.021+0900][gc,start      ] GC(20) Pause Young (Normal) (G1 Evacuation Pause)
[2023-09-19T15:49:08.023+0900][gc,task       ] GC(20) Using 8 workers of 8 for evacuation
[2023-09-19T15:49:08.086+0900][gc,mmu        ] GC(20) MMU target violated: 21.0ms (20.0ms/21.0ms)
[2023-09-19T15:49:08.086+0900][gc,phases     ] GC(20)   Pre Evacuate Collection Set: 1.0ms
[2023-09-19T15:49:08.086+0900][gc,phases     ] GC(20)   Evacuate Collection Set: 56.9ms
[2023-09-19T15:49:08.087+0900][gc,phases     ] GC(20)   Post Evacuate Collection Set: 4.7ms
[2023-09-19T15:49:08.087+0900][gc,phases     ] GC(20)   Other: 3.3ms
[2023-09-19T15:49:08.087+0900][gc,heap       ] GC(20) Eden regions: 45->0(44)
[2023-09-19T15:49:08.087+0900][gc,heap       ] GC(20) Survivor regions: 6->7(7)
[2023-09-19T15:49:08.087+0900][gc,heap       ] GC(20) Old regions: 37->39
[2023-09-19T15:49:08.087+0900][gc,heap       ] GC(20) Humongous regions: 129->129
[2023-09-19T15:49:08.087+0900][gc,metaspace  ] GC(20) Metaspace: 51650K->51650K(1095680K)
[2023-09-19T15:49:08.087+0900][gc            ] GC(20) Pause Young (Normal) (G1 Evacuation Pause) 215M->173M(1024M) 65.801ms
[2023-09-19T15:49:08.087+0900][gc,cpu        ] GC(20) User=0.07s Sys=0.11s Real=0.06s
[2023-09-19T15:52:39.068+0900][gc,start      ] GC(21) Pause Young (Normal) (G1 Evacuation Pause)
[2023-09-19T15:52:39.069+0900][gc,task       ] GC(21) Using 8 workers of 8 for evacuation
[2023-09-19T15:52:39.103+0900][gc,mmu        ] GC(21) MMU target violated: 21.0ms (20.0ms/21.0ms)
[2023-09-19T15:52:39.103+0900][gc,phases     ] GC(21)   Pre Evacuate Collection Set: 0.5ms
[2023-09-19T15:52:39.103+0900][gc,phases     ] GC(21)   Evacuate Collection Set: 32.2ms
[2023-09-19T15:52:39.103+0900][gc,phases     ] GC(21)   Post Evacuate Collection Set: 0.6ms
[2023-09-19T15:52:39.103+0900][gc,phases     ] GC(21)   Other: 1.4ms
[2023-09-19T15:52:39.103+0900][gc,heap       ] GC(21) Eden regions: 44->0(48)
[2023-09-19T15:52:39.103+0900][gc,heap       ] GC(21) Survivor regions: 7->3(7)
[2023-09-19T15:52:39.103+0900][gc,heap       ] GC(21) Old regions: 39->43
[2023-09-19T15:52:39.103+0900][gc,heap       ] GC(21) Humongous regions: 129->129
[2023-09-19T15:52:39.103+0900][gc,metaspace  ] GC(21) Metaspace: 51652K->51652K(1095680K)
[2023-09-19T15:52:39.103+0900][gc            ] GC(21) Pause Young (Normal) (G1 Evacuation Pause) 217M->173M(1024M) 34.681ms
[2023-09-19T15:52:39.103+0900][gc,cpu        ] GC(21) User=0.03s Sys=0.06s Real=0.04s
[2023-09-19T15:56:29.346+0900][gc,start      ] GC(22) Pause Young (Normal) (G1 Evacuation Pause)
[2023-09-19T15:56:29.348+0900][gc,task       ] GC(22) Using 8 workers of 8 for evacuation
[2023-09-19T15:56:29.372+0900][gc,mmu        ] GC(22) MMU target violated: 21.0ms (20.0ms/21.0ms)
[2023-09-19T15:56:29.372+0900][gc,phases     ] GC(22)   Pre Evacuate Collection Set: 0.7ms
[2023-09-19T15:56:29.372+0900][gc,phases     ] GC(22)   Evacuate Collection Set: 22.0ms
[2023-09-19T15:56:29.372+0900][gc,phases     ] GC(22)   Post Evacuate Collection Set: 0.6ms
[2023-09-19T15:56:29.372+0900][gc,phases     ] GC(22)   Other: 2.9ms
[2023-09-19T15:56:29.372+0900][gc,heap       ] GC(22) Eden regions: 48->0(45)
[2023-09-19T15:56:29.372+0900][gc,heap       ] GC(22) Survivor regions: 3->6(7)
[2023-09-19T15:56:29.372+0900][gc,heap       ] GC(22) Old regions: 43->43
[2023-09-19T15:56:29.372+0900][gc,heap       ] GC(22) Humongous regions: 129->129
[2023-09-19T15:56:29.372+0900][gc,metaspace  ] GC(22) Metaspace: 51676K->51676K(1095680K)
[2023-09-19T15:56:29.372+0900][gc            ] GC(22) Pause Young (Normal) (G1 Evacuation Pause) 221M->176M(1024M) 26.162ms
[2023-09-19T15:56:29.372+0900][gc,cpu        ] GC(22) User=0.05s Sys=0.04s Real=0.03s
[2023-09-19T15:59:47.856+0900][gc,start      ] GC(23) Pause Young (Normal) (G1 Evacuation Pause)
[2023-09-19T15:59:47.858+0900][gc,task       ] GC(23) Using 8 workers of 8 for evacuation
[2023-09-19T15:59:47.886+0900][gc,mmu        ] GC(23) MMU target violated: 21.0ms (20.0ms/21.0ms)
[2023-09-19T15:59:47.886+0900][gc,phases     ] GC(23)   Pre Evacuate Collection Set: 0.6ms
[2023-09-19T15:59:47.886+0900][gc,phases     ] GC(23)   Evacuate Collection Set: 26.0ms
[2023-09-19T15:59:47.886+0900][gc,phases     ] GC(23)   Post Evacuate Collection Set: 0.6ms
[2023-09-19T15:59:47.886+0900][gc,phases     ] GC(23)   Other: 3.0ms
[2023-09-19T15:59:47.886+0900][gc,heap       ] GC(23) Eden regions: 45->0(44)
[2023-09-19T15:59:47.886+0900][gc,heap       ] GC(23) Survivor regions: 6->7(7)
[2023-09-19T15:59:47.886+0900][gc,heap       ] GC(23) Old regions: 43->45
[2023-09-19T15:59:47.886+0900][gc,heap       ] GC(23) Humongous regions: 129->129
[2023-09-19T15:59:47.886+0900][gc,metaspace  ] GC(23) Metaspace: 51707K->51707K(1095680K)
[2023-09-19T15:59:47.886+0900][gc            ] GC(23) Pause Young (Normal) (G1 Evacuation Pause) 221M->180M(1024M) 30.242ms
[2023-09-19T15:59:47.886+0900][gc,cpu        ] GC(23) User=0.05s Sys=0.03s Real=0.03s
[2023-09-19T16:03:07.318+0900][gc,start      ] GC(24) Pause Young (Normal) (G1 Evacuation Pause)
[2023-09-19T16:03:07.320+0900][gc,task       ] GC(24) Using 8 workers of 8 for evacuation
[2023-09-19T16:03:07.342+0900][gc,mmu        ] GC(24) MMU target violated: 21.0ms (20.0ms/21.0ms)
[2023-09-19T16:03:07.342+0900][gc,phases     ] GC(24)   Pre Evacuate Collection Set: 0.4ms
[2023-09-19T16:03:07.342+0900][gc,phases     ] GC(24)   Evacuate Collection Set: 21.1ms
[2023-09-19T16:03:07.342+0900][gc,phases     ] GC(24)   Post Evacuate Collection Set: 0.5ms
[2023-09-19T16:03:07.342+0900][gc,phases     ] GC(24)   Other: 2.8ms
[2023-09-19T16:03:07.342+0900][gc,heap       ] GC(24) Eden regions: 44->0(47)
[2023-09-19T16:03:07.342+0900][gc,heap       ] GC(24) Survivor regions: 7->4(7)
[2023-09-19T16:03:07.342+0900][gc,heap       ] GC(24) Old regions: 45->50
[2023-09-19T16:03:07.342+0900][gc,heap       ] GC(24) Humongous regions: 129->129
[2023-09-19T16:03:07.342+0900][gc,metaspace  ] GC(24) Metaspace: 51746K->51746K(1095680K)
[2023-09-19T16:03:07.343+0900][gc            ] GC(24) Pause Young (Normal) (G1 Evacuation Pause) 224M->182M(1024M) 24.703ms
[2023-09-19T16:03:07.343+0900][gc,cpu        ] GC(24) User=0.05s Sys=0.03s Real=0.03s
[2023-09-19T16:06:44.510+0900][gc,start      ] GC(25) Pause Young (Normal) (G1 Evacuation Pause)
[2023-09-19T16:06:44.511+0900][gc,task       ] GC(25) Using 8 workers of 8 for evacuation
[2023-09-19T16:06:44.546+0900][gc,mmu        ] GC(25) MMU target violated: 21.0ms (20.0ms/21.0ms)
[2023-09-19T16:06:44.546+0900][gc,phases     ] GC(25)   Pre Evacuate Collection Set: 1.2ms
[2023-09-19T16:06:44.546+0900][gc,phases     ] GC(25)   Evacuate Collection Set: 31.5ms
[2023-09-19T16:06:44.546+0900][gc,phases     ] GC(25)   Post Evacuate Collection Set: 0.6ms
[2023-09-19T16:06:44.546+0900][gc,phases     ] GC(25)   Other: 2.4ms
[2023-09-19T16:06:44.546+0900][gc,heap       ] GC(25) Eden regions: 47->0(44)
[2023-09-19T16:06:44.546+0900][gc,heap       ] GC(25) Survivor regions: 4->7(7)
[2023-09-19T16:06:44.546+0900][gc,heap       ] GC(25) Old regions: 50->50
[2023-09-19T16:06:44.546+0900][gc,heap       ] GC(25) Humongous regions: 129->129
[2023-09-19T16:06:44.546+0900][gc,metaspace  ] GC(25) Metaspace: 51757K->51757K(1095680K)
[2023-09-19T16:06:44.546+0900][gc            ] GC(25) Pause Young (Normal) (G1 Evacuation Pause) 229M->184M(1024M) 35.675ms
[2023-09-19T16:06:44.546+0900][gc,cpu        ] GC(25) User=0.04s Sys=0.08s Real=0.03s
[2023-09-19T16:10:06.624+0900][gc,start      ] GC(26) Pause Young (Normal) (G1 Evacuation Pause)
[2023-09-19T16:10:06.626+0900][gc,task       ] GC(26) Using 8 workers of 8 for evacuation
[2023-09-19T16:10:06.652+0900][gc,mmu        ] GC(26) MMU target violated: 21.0ms (20.0ms/21.0ms)
[2023-09-19T16:10:06.652+0900][gc,phases     ] GC(26)   Pre Evacuate Collection Set: 0.7ms
[2023-09-19T16:10:06.652+0900][gc,phases     ] GC(26)   Evacuate Collection Set: 24.0ms
[2023-09-19T16:10:06.652+0900][gc,phases     ] GC(26)   Post Evacuate Collection Set: 1.0ms
[2023-09-19T16:10:06.652+0900][gc,phases     ] GC(26)   Other: 3.1ms
[2023-09-19T16:10:06.652+0900][gc,heap       ] GC(26) Eden regions: 44->0(48)
[2023-09-19T16:10:06.652+0900][gc,heap       ] GC(26) Survivor regions: 7->3(7)
[2023-09-19T16:10:06.652+0900][gc,heap       ] GC(26) Old regions: 50->53
[2023-09-19T16:10:06.652+0900][gc,heap       ] GC(26) Humongous regions: 129->129
[2023-09-19T16:10:06.653+0900][gc,metaspace  ] GC(26) Metaspace: 51761K->51761K(1095680K)
[2023-09-19T16:10:06.653+0900][gc            ] GC(26) Pause Young (Normal) (G1 Evacuation Pause) 228M->184M(1024M) 28.839ms
[2023-09-19T16:10:06.653+0900][gc,cpu        ] GC(26) User=0.05s Sys=0.03s Real=0.03s
[2023-09-19T16:13:48.885+0900][gc,start      ] GC(27) Pause Young (Normal) (G1 Evacuation Pause)
[2023-09-19T16:13:48.887+0900][gc,task       ] GC(27) Using 8 workers of 8 for evacuation
[2023-09-19T16:13:48.922+0900][gc,mmu        ] GC(27) MMU target violated: 21.0ms (20.0ms/21.0ms)
[2023-09-19T16:13:48.923+0900][gc,phases     ] GC(27)   Pre Evacuate Collection Set: 0.7ms
[2023-09-19T16:13:48.923+0900][gc,phases     ] GC(27)   Evacuate Collection Set: 32.4ms
[2023-09-19T16:13:48.923+0900][gc,phases     ] GC(27)   Post Evacuate Collection Set: 0.9ms
[2023-09-19T16:13:48.923+0900][gc,phases     ] GC(27)   Other: 3.6ms
[2023-09-19T16:13:48.923+0900][gc,heap       ] GC(27) Eden regions: 48->0(45)
[2023-09-19T16:13:48.923+0900][gc,heap       ] GC(27) Survivor regions: 3->6(7)
[2023-09-19T16:13:48.923+0900][gc,heap       ] GC(27) Old regions: 53->53
[2023-09-19T16:13:48.923+0900][gc,heap       ] GC(27) Humongous regions: 129->129
[2023-09-19T16:13:48.923+0900][gc,metaspace  ] GC(27) Metaspace: 51763K->51763K(1095680K)
[2023-09-19T16:13:48.923+0900][gc            ] GC(27) Pause Young (Normal) (G1 Evacuation Pause) 232M->186M(1024M) 37.546ms
[2023-09-19T16:13:48.923+0900][gc,cpu        ] GC(27) User=0.05s Sys=0.04s Real=0.04s
[2023-09-19T16:17:17.526+0900][gc,start      ] GC(28) Pause Young (Normal) (G1 Evacuation Pause)
[2023-09-19T16:17:17.528+0900][gc,task       ] GC(28) Using 8 workers of 8 for evacuation
[2023-09-19T16:17:17.557+0900][gc,mmu        ] GC(28) MMU target violated: 21.0ms (20.0ms/21.0ms)
[2023-09-19T16:17:17.557+0900][gc,phases     ] GC(28)   Pre Evacuate Collection Set: 0.7ms
[2023-09-19T16:17:17.557+0900][gc,phases     ] GC(28)   Evacuate Collection Set: 27.7ms
[2023-09-19T16:17:17.557+0900][gc,phases     ] GC(28)   Post Evacuate Collection Set: 0.5ms
[2023-09-19T16:17:17.557+0900][gc,phases     ] GC(28)   Other: 2.7ms
[2023-09-19T16:17:17.557+0900][gc,heap       ] GC(28) Eden regions: 45->0(44)
[2023-09-19T16:17:17.557+0900][gc,heap       ] GC(28) Survivor regions: 6->7(7)
[2023-09-19T16:17:17.557+0900][gc,heap       ] GC(28) Old regions: 53->55
[2023-09-19T16:17:17.558+0900][gc,heap       ] GC(28) Humongous regions: 129->129
[2023-09-19T16:17:17.558+0900][gc,metaspace  ] GC(28) Metaspace: 51763K->51763K(1095680K)
[2023-09-19T16:17:17.558+0900][gc            ] GC(28) Pause Young (Normal) (G1 Evacuation Pause) 231M->189M(1024M) 31.618ms
[2023-09-19T16:17:17.558+0900][gc,cpu        ] GC(28) User=0.05s Sys=0.09s Real=0.03s
[2023-09-19T16:20:40.332+0900][gc,start      ] GC(29) Pause Young (Normal) (G1 Evacuation Pause)
[2023-09-19T16:20:40.333+0900][gc,task       ] GC(29) Using 8 workers of 8 for evacuation
[2023-09-19T16:20:40.358+0900][gc,mmu        ] GC(29) MMU target violated: 21.0ms (20.0ms/21.0ms)
[2023-09-19T16:20:40.359+0900][gc,phases     ] GC(29)   Pre Evacuate Collection Set: 0.5ms
[2023-09-19T16:20:40.359+0900][gc,phases     ] GC(29)   Evacuate Collection Set: 23.5ms
[2023-09-19T16:20:40.359+0900][gc,phases     ] GC(29)   Post Evacuate Collection Set: 0.5ms
[2023-09-19T16:20:40.359+0900][gc,phases     ] GC(29)   Other: 1.8ms
[2023-09-19T16:20:40.359+0900][gc,heap       ] GC(29) Eden regions: 44->0(46)
[2023-09-19T16:20:40.359+0900][gc,heap       ] GC(29) Survivor regions: 7->5(7)
[2023-09-19T16:20:40.359+0900][gc,heap       ] GC(29) Old regions: 55->58
[2023-09-19T16:20:40.359+0900][gc,heap       ] GC(29) Humongous regions: 129->129
[2023-09-19T16:20:40.359+0900][gc,metaspace  ] GC(29) Metaspace: 51763K->51763K(1095680K)
[2023-09-19T16:20:40.359+0900][gc            ] GC(29) Pause Young (Normal) (G1 Evacuation Pause) 233M->192M(1024M) 26.408ms
[2023-09-19T16:20:40.359+0900][gc,cpu        ] GC(29) User=0.03s Sys=0.04s Real=0.02s
[2023-09-19T16:24:13.774+0900][gc,start      ] GC(30) Pause Young (Normal) (G1 Evacuation Pause)
[2023-09-19T16:24:13.776+0900][gc,task       ] GC(30) Using 8 workers of 8 for evacuation
[2023-09-19T16:24:13.796+0900][gc,phases     ] GC(30)   Pre Evacuate Collection Set: 0.4ms
[2023-09-19T16:24:13.796+0900][gc,phases     ] GC(30)   Evacuate Collection Set: 18.1ms
[2023-09-19T16:24:13.796+0900][gc,phases     ] GC(30)   Post Evacuate Collection Set: 0.8ms
[2023-09-19T16:24:13.796+0900][gc,phases     ] GC(30)   Other: 2.9ms
[2023-09-19T16:24:13.796+0900][gc,heap       ] GC(30) Eden regions: 46->0(50)
[2023-09-19T16:24:13.796+0900][gc,heap       ] GC(30) Survivor regions: 5->3(7)
[2023-09-19T16:24:13.796+0900][gc,heap       ] GC(30) Old regions: 58->61
[2023-09-19T16:24:13.796+0900][gc,heap       ] GC(30) Humongous regions: 129->129
[2023-09-19T16:24:13.796+0900][gc,metaspace  ] GC(30) Metaspace: 51770K->51770K(1095680K)
[2023-09-19T16:24:13.796+0900][gc            ] GC(30) Pause Young (Normal) (G1 Evacuation Pause) 238M->192M(1024M) 22.287ms
[2023-09-19T16:24:13.796+0900][gc,cpu        ] GC(30) User=0.05s Sys=0.02s Real=0.02s
[2023-09-19T16:28:01.673+0900][gc,start      ] GC(31) Pause Young (Normal) (G1 Evacuation Pause)
[2023-09-19T16:28:01.674+0900][gc,task       ] GC(31) Using 8 workers of 8 for evacuation
[2023-09-19T16:28:01.691+0900][gc,phases     ] GC(31)   Pre Evacuate Collection Set: 1.3ms
[2023-09-19T16:28:01.691+0900][gc,phases     ] GC(31)   Evacuate Collection Set: 14.2ms
[2023-09-19T16:28:01.691+0900][gc,phases     ] GC(31)   Post Evacuate Collection Set: 0.3ms
[2023-09-19T16:28:01.691+0900][gc,phases     ] GC(31)   Other: 2.0ms
[2023-09-19T16:28:01.691+0900][gc,heap       ] GC(31) Eden regions: 49->0(46)
[2023-09-19T16:28:01.691+0900][gc,heap       ] GC(31) Survivor regions: 3->6(7)
[2023-09-19T16:28:01.691+0900][gc,heap       ] GC(31) Old regions: 61->61
[2023-09-19T16:28:01.691+0900][gc,heap       ] GC(31) Humongous regions: 129->129
[2023-09-19T16:28:01.691+0900][gc,metaspace  ] GC(31) Metaspace: 51770K->51770K(1095680K)
[2023-09-19T16:28:01.691+0900][gc            ] GC(31) Pause Young (Normal) (G1 Evacuation Pause) 241M->195M(1024M) 17.892ms
[2023-09-19T16:28:01.691+0900][gc,cpu        ] GC(31) User=0.03s Sys=0.05s Real=0.02s
[2023-09-19T16:31:34.773+0900][gc,start      ] GC(32) Pause Young (Normal) (G1 Evacuation Pause)
[2023-09-19T16:31:34.774+0900][gc,task       ] GC(32) Using 8 workers of 8 for evacuation
[2023-09-19T16:31:34.823+0900][gc,mmu        ] GC(32) MMU target violated: 21.0ms (20.0ms/21.0ms)
[2023-09-19T16:31:34.824+0900][gc,phases     ] GC(32)   Pre Evacuate Collection Set: 1.1ms
[2023-09-19T16:31:34.824+0900][gc,phases     ] GC(32)   Evacuate Collection Set: 46.2ms
[2023-09-19T16:31:34.824+0900][gc,phases     ] GC(32)   Post Evacuate Collection Set: 0.6ms
[2023-09-19T16:31:34.824+0900][gc,phases     ] GC(32)   Other: 2.6ms
[2023-09-19T16:31:34.824+0900][gc,heap       ] GC(32) Eden regions: 46->0(46)
[2023-09-19T16:31:34.824+0900][gc,heap       ] GC(32) Survivor regions: 6->5(7)
[2023-09-19T16:31:34.824+0900][gc,heap       ] GC(32) Old regions: 61->64
[2023-09-19T16:31:34.824+0900][gc,heap       ] GC(32) Humongous regions: 129->129
[2023-09-19T16:31:34.824+0900][gc,metaspace  ] GC(32) Metaspace: 51778K->51778K(1095680K)
[2023-09-19T16:31:34.824+0900][gc            ] GC(32) Pause Young (Normal) (G1 Evacuation Pause) 241M->197M(1024M) 50.415ms
[2023-09-19T16:31:34.824+0900][gc,cpu        ] GC(32) User=0.06s Sys=0.10s Real=0.05s
[2023-09-19T16:35:08.330+0900][gc,start      ] GC(33) Pause Young (Normal) (G1 Evacuation Pause)
[2023-09-19T16:35:08.331+0900][gc,task       ] GC(33) Using 8 workers of 8 for evacuation
[2023-09-19T16:35:08.349+0900][gc,phases     ] GC(33)   Pre Evacuate Collection Set: 0.8ms
[2023-09-19T16:35:08.349+0900][gc,phases     ] GC(33)   Evacuate Collection Set: 15.2ms
[2023-09-19T16:35:08.349+0900][gc,phases     ] GC(33)   Post Evacuate Collection Set: 0.6ms
[2023-09-19T16:35:08.349+0900][gc,phases     ] GC(33)   Other: 2.8ms
[2023-09-19T16:35:08.349+0900][gc,heap       ] GC(33) Eden regions: 46->0(49)
[2023-09-19T16:35:08.349+0900][gc,heap       ] GC(33) Survivor regions: 5->3(7)
[2023-09-19T16:35:08.349+0900][gc,heap       ] GC(33) Old regions: 64->67
[2023-09-19T16:35:08.349+0900][gc,heap       ] GC(33) Humongous regions: 129->129
[2023-09-19T16:35:08.349+0900][gc,metaspace  ] GC(33) Metaspace: 51799K->51799K(1095680K)
[2023-09-19T16:35:08.349+0900][gc            ] GC(33) Pause Young (Normal) (G1 Evacuation Pause) 243M->197M(1024M) 19.453ms
[2023-09-19T16:35:08.349+0900][gc,cpu        ] GC(33) User=0.03s Sys=0.03s Real=0.01s
[2023-09-19T16:38:56.429+0900][gc,start      ] GC(34) Pause Young (Normal) (G1 Evacuation Pause)
[2023-09-19T16:38:56.431+0900][gc,task       ] GC(34) Using 8 workers of 8 for evacuation
[2023-09-19T16:38:56.451+0900][gc,phases     ] GC(34)   Pre Evacuate Collection Set: 0.7ms
[2023-09-19T16:38:56.451+0900][gc,phases     ] GC(34)   Evacuate Collection Set: 17.7ms
[2023-09-19T16:38:56.451+0900][gc,phases     ] GC(34)   Post Evacuate Collection Set: 0.6ms
[2023-09-19T16:38:56.451+0900][gc,phases     ] GC(34)   Other: 3.0ms
[2023-09-19T16:38:56.451+0900][gc,heap       ] GC(34) Eden regions: 49->0(45)
[2023-09-19T16:38:56.451+0900][gc,heap       ] GC(34) Survivor regions: 3->6(7)
[2023-09-19T16:38:56.451+0900][gc,heap       ] GC(34) Old regions: 67->67
[2023-09-19T16:38:56.451+0900][gc,heap       ] GC(34) Humongous regions: 129->129
[2023-09-19T16:38:56.451+0900][gc,metaspace  ] GC(34) Metaspace: 51801K->51801K(1095680K)
[2023-09-19T16:38:56.451+0900][gc            ] GC(34) Pause Young (Normal) (G1 Evacuation Pause) 246M->200M(1024M) 22.076ms
[2023-09-19T16:38:56.451+0900][gc,cpu        ] GC(34) User=0.05s Sys=0.04s Real=0.03s
[2023-09-19T16:42:25.466+0900][gc,start      ] GC(35) Pause Young (Normal) (G1 Evacuation Pause)
[2023-09-19T16:42:25.466+0900][gc,task       ] GC(35) Using 8 workers of 8 for evacuation
[2023-09-19T16:42:25.539+0900][gc,mmu        ] GC(35) MMU target violated: 21.0ms (20.0ms/21.0ms)
[2023-09-19T16:42:25.543+0900][gc,phases     ] GC(35)   Pre Evacuate Collection Set: 0.0ms
[2023-09-19T16:42:25.543+0900][gc,phases     ] GC(35)   Evacuate Collection Set: 70.3ms
[2023-09-19T16:42:25.543+0900][gc,phases     ] GC(35)   Post Evacuate Collection Set: 0.5ms
[2023-09-19T16:42:25.543+0900][gc,phases     ] GC(35)   Other: 5.8ms
[2023-09-19T16:42:25.543+0900][gc,heap       ] GC(35) Eden regions: 45->0(44)
[2023-09-19T16:42:25.543+0900][gc,heap       ] GC(35) Survivor regions: 6->7(7)
[2023-09-19T16:42:25.543+0900][gc,heap       ] GC(35) Old regions: 67->69
[2023-09-19T16:42:25.543+0900][gc,heap       ] GC(35) Humongous regions: 129->129
[2023-09-19T16:42:25.543+0900][gc,metaspace  ] GC(35) Metaspace: 51803K->51803K(1095680K)
[2023-09-19T16:42:25.544+0900][gc            ] GC(35) Pause Young (Normal) (G1 Evacuation Pause) 245M->203M(1024M) 77.535ms
[2023-09-19T16:42:25.544+0900][gc,cpu        ] GC(35) User=0.03s Sys=0.02s Real=0.08s
[2023-09-19T16:45:49.016+0900][gc,start      ] GC(36) Pause Young (Normal) (G1 Evacuation Pause)
[2023-09-19T16:45:49.018+0900][gc,task       ] GC(36) Using 8 workers of 8 for evacuation
[2023-09-19T16:45:49.027+0900][gc,phases     ] GC(36)   Pre Evacuate Collection Set: 0.1ms
[2023-09-19T16:45:49.028+0900][gc,phases     ] GC(36)   Evacuate Collection Set: 8.5ms
[2023-09-19T16:45:49.028+0900][gc,phases     ] GC(36)   Post Evacuate Collection Set: 0.4ms
[2023-09-19T16:45:49.028+0900][gc,phases     ] GC(36)   Other: 2.1ms
[2023-09-19T16:45:49.028+0900][gc,heap       ] GC(36) Eden regions: 44->0(46)
[2023-09-19T16:45:49.028+0900][gc,heap       ] GC(36) Survivor regions: 7->5(7)
[2023-09-19T16:45:49.028+0900][gc,heap       ] GC(36) Old regions: 69->73
[2023-09-19T16:45:49.028+0900][gc,heap       ] GC(36) Humongous regions: 129->129
[2023-09-19T16:45:49.028+0900][gc,metaspace  ] GC(36) Metaspace: 51804K->51804K(1095680K)
[2023-09-19T16:45:49.028+0900][gc            ] GC(36) Pause Young (Normal) (G1 Evacuation Pause) 247M->206M(1024M) 11.320ms
[2023-09-19T16:45:49.028+0900][gc,cpu        ] GC(36) User=0.05s Sys=0.01s Real=0.01s
[2023-09-19T16:49:23.166+0900][gc,start      ] GC(37) Pause Young (Normal) (G1 Evacuation Pause)
[2023-09-19T16:49:23.167+0900][gc,task       ] GC(37) Using 8 workers of 8 for evacuation
[2023-09-19T16:49:23.187+0900][gc,phases     ] GC(37)   Pre Evacuate Collection Set: 1.1ms
[2023-09-19T16:49:23.187+0900][gc,phases     ] GC(37)   Evacuate Collection Set: 17.4ms
[2023-09-19T16:49:23.187+0900][gc,phases     ] GC(37)   Post Evacuate Collection Set: 0.6ms
[2023-09-19T16:49:23.187+0900][gc,phases     ] GC(37)   Other: 2.7ms
[2023-09-19T16:49:23.187+0900][gc,heap       ] GC(37) Eden regions: 46->0(48)
[2023-09-19T16:49:23.187+0900][gc,heap       ] GC(37) Survivor regions: 5->3(7)
[2023-09-19T16:49:23.187+0900][gc,heap       ] GC(37) Old regions: 73->75
[2023-09-19T16:49:23.187+0900][gc,heap       ] GC(37) Humongous regions: 129->129
[2023-09-19T16:49:23.187+0900][gc,metaspace  ] GC(37) Metaspace: 51805K->51805K(1095680K)
[2023-09-19T16:49:23.187+0900][gc            ] GC(37) Pause Young (Normal) (G1 Evacuation Pause) 252M->206M(1024M) 21.769ms
[2023-09-19T16:49:23.187+0900][gc,cpu        ] GC(37) User=0.04s Sys=0.03s Real=0.02s
[2023-09-19T16:53:06.475+0900][gc,start      ] GC(38) Pause Young (Normal) (G1 Evacuation Pause)
[2023-09-19T16:53:06.477+0900][gc,task       ] GC(38) Using 8 workers of 8 for evacuation
[2023-09-19T16:53:06.495+0900][gc,phases     ] GC(38)   Pre Evacuate Collection Set: 0.4ms
[2023-09-19T16:53:06.495+0900][gc,phases     ] GC(38)   Evacuate Collection Set: 16.8ms
[2023-09-19T16:53:06.495+0900][gc,phases     ] GC(38)   Post Evacuate Collection Set: 0.7ms
[2023-09-19T16:53:06.495+0900][gc,phases     ] GC(38)   Other: 2.7ms
[2023-09-19T16:53:06.495+0900][gc,heap       ] GC(38) Eden regions: 48->0(45)
[2023-09-19T16:53:06.495+0900][gc,heap       ] GC(38) Survivor regions: 3->6(7)
[2023-09-19T16:53:06.495+0900][gc,heap       ] GC(38) Old regions: 75->75
[2023-09-19T16:53:06.495+0900][gc,heap       ] GC(38) Humongous regions: 129->129
[2023-09-19T16:53:06.495+0900][gc,metaspace  ] GC(38) Metaspace: 51805K->51805K(1095680K)
[2023-09-19T16:53:06.496+0900][gc            ] GC(38) Pause Young (Normal) (G1 Evacuation Pause) 254M->208M(1024M) 20.699ms
[2023-09-19T16:53:06.496+0900][gc,cpu        ] GC(38) User=0.06s Sys=0.02s Real=0.02s
[2023-09-19T16:56:35.379+0900][gc,start      ] GC(39) Pause Young (Normal) (G1 Evacuation Pause)
[2023-09-19T16:56:35.380+0900][gc,task       ] GC(39) Using 8 workers of 8 for evacuation
[2023-09-19T16:56:35.395+0900][gc,phases     ] GC(39)   Pre Evacuate Collection Set: 0.4ms
[2023-09-19T16:56:35.395+0900][gc,phases     ] GC(39)   Evacuate Collection Set: 12.3ms
[2023-09-19T16:56:35.395+0900][gc,phases     ] GC(39)   Post Evacuate Collection Set: 0.4ms
[2023-09-19T16:56:35.395+0900][gc,phases     ] GC(39)   Other: 3.1ms
[2023-09-19T16:56:35.395+0900][gc,heap       ] GC(39) Eden regions: 45->0(44)
[2023-09-19T16:56:35.395+0900][gc,heap       ] GC(39) Survivor regions: 6->7(7)
[2023-09-19T16:56:35.395+0900][gc,heap       ] GC(39) Old regions: 75->77
[2023-09-19T16:56:35.395+0900][gc,heap       ] GC(39) Humongous regions: 129->129
[2023-09-19T16:56:35.395+0900][gc,metaspace  ] GC(39) Metaspace: 51806K->51806K(1095680K)
[2023-09-19T16:56:35.395+0900][gc            ] GC(39) Pause Young (Normal) (G1 Evacuation Pause) 253M->211M(1024M) 16.223ms
[2023-09-19T16:56:35.395+0900][gc,cpu        ] GC(39) User=0.05s Sys=0.01s Real=0.02s
[2023-09-19T16:59:45.863+0900][gc,start      ] GC(40) Pause Young (Normal) (G1 Evacuation Pause)
[2023-09-19T16:59:45.865+0900][gc,task       ] GC(40) Using 8 workers of 8 for evacuation
[2023-09-19T16:59:45.889+0900][gc,mmu        ] GC(40) MMU target violated: 21.0ms (20.0ms/21.0ms)
[2023-09-19T16:59:45.889+0900][gc,phases     ] GC(40)   Pre Evacuate Collection Set: 0.4ms
[2023-09-19T16:59:45.889+0900][gc,phases     ] GC(40)   Evacuate Collection Set: 22.8ms
[2023-09-19T16:59:45.889+0900][gc,phases     ] GC(40)   Post Evacuate Collection Set: 0.4ms
[2023-09-19T16:59:45.889+0900][gc,phases     ] GC(40)   Other: 2.9ms
[2023-09-19T16:59:45.889+0900][gc,heap       ] GC(40) Eden regions: 44->0(44)
[2023-09-19T16:59:45.889+0900][gc,heap       ] GC(40) Survivor regions: 7->7(7)
[2023-09-19T16:59:45.889+0900][gc,heap       ] GC(40) Old regions: 77->81
[2023-09-19T16:59:45.889+0900][gc,heap       ] GC(40) Humongous regions: 129->129
[2023-09-19T16:59:45.889+0900][gc,metaspace  ] GC(40) Metaspace: 51809K->51809K(1095680K)
[2023-09-19T16:59:45.889+0900][gc            ] GC(40) Pause Young (Normal) (G1 Evacuation Pause) 255M->215M(1024M) 26.507ms
[2023-09-19T16:59:45.890+0900][gc,cpu        ] GC(40) User=0.05s Sys=0.02s Real=0.03s
[2023-09-19T17:03:09.749+0900][gc,start      ] GC(41) Pause Young (Normal) (G1 Evacuation Pause)
[2023-09-19T17:03:09.750+0900][gc,task       ] GC(41) Using 8 workers of 8 for evacuation
[2023-09-19T17:03:09.772+0900][gc,mmu        ] GC(41) MMU target violated: 21.0ms (20.0ms/21.0ms)
[2023-09-19T17:03:09.772+0900][gc,phases     ] GC(41)   Pre Evacuate Collection Set: 0.2ms
[2023-09-19T17:03:09.772+0900][gc,phases     ] GC(41)   Evacuate Collection Set: 19.8ms
[2023-09-19T17:03:09.772+0900][gc,phases     ] GC(41)   Post Evacuate Collection Set: 0.8ms
[2023-09-19T17:03:09.772+0900][gc,phases     ] GC(41)   Other: 2.0ms
[2023-09-19T17:03:09.772+0900][gc,heap       ] GC(41) Eden regions: 44->0(61)
[2023-09-19T17:03:09.772+0900][gc,heap       ] GC(41) Survivor regions: 7->2(7)
[2023-09-19T17:03:09.772+0900][gc,heap       ] GC(41) Old regions: 81->83
[2023-09-19T17:03:09.772+0900][gc,heap       ] GC(41) Humongous regions: 129->129
[2023-09-19T17:03:09.772+0900][gc,metaspace  ] GC(41) Metaspace: 51809K->51809K(1095680K)
[2023-09-19T17:03:09.772+0900][gc            ] GC(41) Pause Young (Normal) (G1 Evacuation Pause) 259M->213M(1024M) 22.972ms
[2023-09-19T17:03:09.772+0900][gc,cpu        ] GC(41) User=0.04s Sys=0.02s Real=0.03s
[2023-09-19T17:07:54.377+0900][gc,start      ] GC(42) Pause Young (Normal) (G1 Evacuation Pause)
[2023-09-19T17:07:54.379+0900][gc,task       ] GC(42) Using 8 workers of 8 for evacuation
[2023-09-19T17:07:54.399+0900][gc,phases     ] GC(42)   Pre Evacuate Collection Set: 0.4ms
[2023-09-19T17:07:54.399+0900][gc,phases     ] GC(42)   Evacuate Collection Set: 18.0ms
[2023-09-19T17:07:54.399+0900][gc,phases     ] GC(42)   Post Evacuate Collection Set: 0.5ms
[2023-09-19T17:07:54.399+0900][gc,phases     ] GC(42)   Other: 2.9ms
[2023-09-19T17:07:54.399+0900][gc,heap       ] GC(42) Eden regions: 61->0(54)
[2023-09-19T17:07:54.399+0900][gc,heap       ] GC(42) Survivor regions: 2->6(8)
[2023-09-19T17:07:54.399+0900][gc,heap       ] GC(42) Old regions: 83->83
[2023-09-19T17:07:54.399+0900][gc,heap       ] GC(42) Humongous regions: 129->129
[2023-09-19T17:07:54.399+0900][gc,metaspace  ] GC(42) Metaspace: 51828K->51828K(1095680K)
[2023-09-19T17:07:54.399+0900][gc            ] GC(42) Pause Young (Normal) (G1 Evacuation Pause) 274M->217M(1024M) 21.989ms
[2023-09-19T17:07:54.399+0900][gc,cpu        ] GC(42) User=0.05s Sys=0.01s Real=0.02s
[2023-09-19T17:12:04.032+0900][gc,start      ] GC(43) Pause Young (Normal) (G1 Evacuation Pause)
[2023-09-19T17:12:04.034+0900][gc,task       ] GC(43) Using 8 workers of 8 for evacuation
[2023-09-19T17:12:04.047+0900][gc,phases     ] GC(43)   Pre Evacuate Collection Set: 0.5ms
[2023-09-19T17:12:04.047+0900][gc,phases     ] GC(43)   Evacuate Collection Set: 11.6ms
[2023-09-19T17:12:04.047+0900][gc,phases     ] GC(43)   Post Evacuate Collection Set: 0.6ms
[2023-09-19T17:12:04.047+0900][gc,phases     ] GC(43)   Other: 2.4ms
[2023-09-19T17:12:04.047+0900][gc,heap       ] GC(43) Eden regions: 54->0(60)
[2023-09-19T17:12:04.047+0900][gc,heap       ] GC(43) Survivor regions: 6->4(8)
[2023-09-19T17:12:04.047+0900][gc,heap       ] GC(43) Old regions: 83->87
[2023-09-19T17:12:04.047+0900][gc,heap       ] GC(43) Humongous regions: 129->129
[2023-09-19T17:12:04.047+0900][gc,metaspace  ] GC(43) Metaspace: 51830K->51830K(1095680K)
[2023-09-19T17:12:04.047+0900][gc            ] GC(43) Pause Young (Normal) (G1 Evacuation Pause) 271M->218M(1024M) 15.204ms
[2023-09-19T17:12:04.047+0900][gc,cpu        ] GC(43) User=0.04s Sys=0.03s Real=0.01s
[2023-09-19T17:16:42.714+0900][gc,start      ] GC(44) Pause Young (Normal) (G1 Evacuation Pause)
[2023-09-19T17:16:42.715+0900][gc,task       ] GC(44) Using 8 workers of 8 for evacuation
[2023-09-19T17:16:42.733+0900][gc,phases     ] GC(44)   Pre Evacuate Collection Set: 0.3ms
[2023-09-19T17:16:42.733+0900][gc,phases     ] GC(44)   Evacuate Collection Set: 16.7ms
[2023-09-19T17:16:42.733+0900][gc,phases     ] GC(44)   Post Evacuate Collection Set: 0.5ms
[2023-09-19T17:16:42.733+0900][gc,phases     ] GC(44)   Other: 1.9ms
[2023-09-19T17:16:42.733+0900][gc,heap       ] GC(44) Eden regions: 60->0(61)
[2023-09-19T17:16:42.733+0900][gc,heap       ] GC(44) Survivor regions: 4->8(8)
[2023-09-19T17:16:42.733+0900][gc,heap       ] GC(44) Old regions: 87->87
[2023-09-19T17:16:42.733+0900][gc,heap       ] GC(44) Humongous regions: 129->129
[2023-09-19T17:16:42.733+0900][gc,metaspace  ] GC(44) Metaspace: 51831K->51831K(1095680K)
[2023-09-19T17:16:42.733+0900][gc            ] GC(44) Pause Young (Normal) (G1 Evacuation Pause) 278M->222M(1024M) 19.562ms
[2023-09-19T17:16:42.734+0900][gc,cpu        ] GC(44) User=0.06s Sys=0.02s Real=0.02s
[2023-09-19T17:21:25.884+0900][gc,start      ] GC(45) Pause Young (Normal) (G1 Evacuation Pause)
[2023-09-19T17:21:25.885+0900][gc,task       ] GC(45) Using 8 workers of 8 for evacuation
[2023-09-19T17:21:25.896+0900][gc,phases     ] GC(45)   Pre Evacuate Collection Set: 0.2ms
[2023-09-19T17:21:25.896+0900][gc,phases     ] GC(45)   Evacuate Collection Set: 10.1ms
[2023-09-19T17:21:25.896+0900][gc,phases     ] GC(45)   Post Evacuate Collection Set: 0.4ms
[2023-09-19T17:21:25.896+0900][gc,phases     ] GC(45)   Other: 1.5ms
[2023-09-19T17:21:25.896+0900][gc,heap       ] GC(45) Eden regions: 61->0(69)
[2023-09-19T17:21:25.896+0900][gc,heap       ] GC(45) Survivor regions: 8->5(9)
[2023-09-19T17:21:25.896+0900][gc,heap       ] GC(45) Old regions: 87->92
[2023-09-19T17:21:25.896+0900][gc,heap       ] GC(45) Humongous regions: 129->129
[2023-09-19T17:21:25.896+0900][gc,metaspace  ] GC(45) Metaspace: 51838K->51838K(1095680K)
[2023-09-19T17:21:25.896+0900][gc            ] GC(45) Pause Young (Normal) (G1 Evacuation Pause) 283M->224M(1024M) 12.366ms
[2023-09-19T17:21:25.896+0900][gc,cpu        ] GC(45) User=0.03s Sys=0.01s Real=0.01s
[2023-09-19T17:26:42.170+0900][gc,start      ] GC(46) Pause Young (Normal) (G1 Evacuation Pause)
[2023-09-19T17:26:42.172+0900][gc,task       ] GC(46) Using 8 workers of 8 for evacuation
[2023-09-19T17:26:42.193+0900][gc,mmu        ] GC(46) MMU target violated: 20.2ms (20.0ms/21.0ms)
[2023-09-19T17:26:42.193+0900][gc,phases     ] GC(46)   Pre Evacuate Collection Set: 0.3ms
[2023-09-19T17:26:42.193+0900][gc,phases     ] GC(46)   Evacuate Collection Set: 18.9ms
[2023-09-19T17:26:42.193+0900][gc,phases     ] GC(46)   Post Evacuate Collection Set: 0.4ms
[2023-09-19T17:26:42.193+0900][gc,phases     ] GC(46)   Other: 3.0ms
[2023-09-19T17:26:42.193+0900][gc,heap       ] GC(46) Eden regions: 68->0(78)
[2023-09-19T17:26:42.193+0900][gc,heap       ] GC(46) Survivor regions: 5->7(10)
[2023-09-19T17:26:42.193+0900][gc,heap       ] GC(46) Old regions: 92->92
[2023-09-19T17:26:42.193+0900][gc,heap       ] GC(46) Humongous regions: 129->129
[2023-09-19T17:26:42.193+0900][gc,metaspace  ] GC(46) Metaspace: 51849K->51849K(1095680K)
[2023-09-19T17:26:42.193+0900][gc            ] GC(46) Pause Young (Normal) (G1 Evacuation Pause) 292M->227M(1024M) 22.477ms
[2023-09-19T17:26:42.193+0900][gc,cpu        ] GC(46) User=0.06s Sys=0.01s Real=0.02s
[2023-09-19T17:32:44.619+0900][gc,start      ] GC(47) Pause Young (Normal) (G1 Evacuation Pause)
[2023-09-19T17:32:44.620+0900][gc,task       ] GC(47) Using 8 workers of 8 for evacuation
[2023-09-19T17:32:44.650+0900][gc,mmu        ] GC(47) MMU target violated: 21.0ms (20.0ms/21.0ms)
[2023-09-19T17:32:44.650+0900][gc,phases     ] GC(47)   Pre Evacuate Collection Set: 1.0ms
[2023-09-19T17:32:44.650+0900][gc,phases     ] GC(47)   Evacuate Collection Set: 27.1ms
[2023-09-19T17:32:44.650+0900][gc,phases     ] GC(47)   Post Evacuate Collection Set: 0.9ms
[2023-09-19T17:32:44.650+0900][gc,phases     ] GC(47)   Other: 2.5ms
[2023-09-19T17:32:44.650+0900][gc,heap       ] GC(47) Eden regions: 78->0(72)
[2023-09-19T17:32:44.650+0900][gc,heap       ] GC(47) Survivor regions: 7->8(11)
[2023-09-19T17:32:44.650+0900][gc,heap       ] GC(47) Old regions: 92->94
[2023-09-19T17:32:44.650+0900][gc,heap       ] GC(47) Humongous regions: 129->129
[2023-09-19T17:32:44.650+0900][gc,metaspace  ] GC(47) Metaspace: 51851K->51851K(1095680K)
[2023-09-19T17:32:44.650+0900][gc            ] GC(47) Pause Young (Normal) (G1 Evacuation Pause) 305M->230M(1024M) 31.497ms
[2023-09-19T17:32:44.650+0900][gc,cpu        ] GC(47) User=0.08s Sys=0.05s Real=0.04s
[2023-09-19T17:38:19.161+0900][gc,start      ] GC(48) Pause Young (Normal) (G1 Evacuation Pause)
[2023-09-19T17:38:19.163+0900][gc,task       ] GC(48) Using 8 workers of 8 for evacuation
[2023-09-19T17:38:19.190+0900][gc,mmu        ] GC(48) MMU target violated: 21.0ms (20.0ms/21.0ms)
[2023-09-19T17:38:19.190+0900][gc,phases     ] GC(48)   Pre Evacuate Collection Set: 0.9ms
[2023-09-19T17:38:19.190+0900][gc,phases     ] GC(48)   Evacuate Collection Set: 24.5ms
[2023-09-19T17:38:19.190+0900][gc,phases     ] GC(48)   Post Evacuate Collection Set: 0.9ms
[2023-09-19T17:38:19.190+0900][gc,phases     ] GC(48)   Other: 2.8ms
[2023-09-19T17:38:19.190+0900][gc,heap       ] GC(48) Eden regions: 72->0(71)
[2023-09-19T17:38:19.190+0900][gc,heap       ] GC(48) Survivor regions: 8->9(10)
[2023-09-19T17:38:19.190+0900][gc,heap       ] GC(48) Old regions: 94->97
[2023-09-19T17:38:19.190+0900][gc,heap       ] GC(48) Humongous regions: 129->129
[2023-09-19T17:38:19.190+0900][gc,metaspace  ] GC(48) Metaspace: 51885K->51885K(1097728K)
[2023-09-19T17:38:19.190+0900][gc            ] GC(48) Pause Young (Normal) (G1 Evacuation Pause) 302M->233M(1024M) 28.984ms
[2023-09-19T17:38:19.190+0900][gc,cpu        ] GC(48) User=0.07s Sys=0.05s Real=0.03s
[2023-09-19T17:43:48.565+0900][gc,start      ] GC(49) Pause Young (Normal) (G1 Evacuation Pause)
[2023-09-19T17:43:48.567+0900][gc,task       ] GC(49) Using 8 workers of 8 for evacuation
[2023-09-19T17:43:48.588+0900][gc,mmu        ] GC(49) MMU target violated: 21.0ms (20.0ms/21.0ms)
[2023-09-19T17:43:48.589+0900][gc,phases     ] GC(49)   Pre Evacuate Collection Set: 0.3ms
[2023-09-19T17:43:48.589+0900][gc,phases     ] GC(49)   Evacuate Collection Set: 20.5ms
[2023-09-19T17:43:48.589+0900][gc,phases     ] GC(49)   Post Evacuate Collection Set: 0.5ms
[2023-09-19T17:43:48.589+0900][gc,phases     ] GC(49)   Other: 2.8ms
[2023-09-19T17:43:48.589+0900][gc,heap       ] GC(49) Eden regions: 71->0(77)
[2023-09-19T17:43:48.589+0900][gc,heap       ] GC(49) Survivor regions: 9->8(10)
[2023-09-19T17:43:48.589+0900][gc,heap       ] GC(49) Old regions: 97->100
[2023-09-19T17:43:48.589+0900][gc,heap       ] GC(49) Humongous regions: 129->129
[2023-09-19T17:43:48.589+0900][gc,metaspace  ] GC(49) Metaspace: 51887K->51887K(1097728K)
[2023-09-19T17:43:48.589+0900][gc            ] GC(49) Pause Young (Normal) (G1 Evacuation Pause) 304M->236M(1024M) 24.009ms
[2023-09-19T17:43:48.589+0900][gc,cpu        ] GC(49) User=0.07s Sys=0.01s Real=0.02s
[2023-09-19T17:49:47.130+0900][gc,start      ] GC(50) Pause Young (Normal) (G1 Evacuation Pause)
[2023-09-19T17:49:47.132+0900][gc,task       ] GC(50) Using 8 workers of 8 for evacuation
[2023-09-19T17:49:47.173+0900][gc,mmu        ] GC(50) MMU target violated: 21.0ms (20.0ms/21.0ms)
[2023-09-19T17:49:47.173+0900][gc,phases     ] GC(50)   Pre Evacuate Collection Set: 0.9ms
[2023-09-19T17:49:47.173+0900][gc,phases     ] GC(50)   Evacuate Collection Set: 38.6ms
[2023-09-19T17:49:47.173+0900][gc,phases     ] GC(50)   Post Evacuate Collection Set: 0.7ms
[2023-09-19T17:49:47.173+0900][gc,phases     ] GC(50)   Other: 3.2ms
[2023-09-19T17:49:47.173+0900][gc,heap       ] GC(50) Eden regions: 77->0(42)
[2023-09-19T17:49:47.173+0900][gc,heap       ] GC(50) Survivor regions: 8->9(11)
[2023-09-19T17:49:47.173+0900][gc,heap       ] GC(50) Old regions: 100->104
[2023-09-19T17:49:47.173+0900][gc,heap       ] GC(50) Humongous regions: 129->129
[2023-09-19T17:49:47.173+0900][gc,metaspace  ] GC(50) Metaspace: 51887K->51887K(1097728K)
[2023-09-19T17:49:47.174+0900][gc            ] GC(50) Pause Young (Normal) (G1 Evacuation Pause) 313M->240M(1024M) 43.298ms
[2023-09-19T17:49:47.174+0900][gc,cpu        ] GC(50) User=0.08s Sys=0.09s Real=0.04s
[2023-09-19T17:53:02.486+0900][gc,start      ] GC(51) Pause Young (Normal) (G1 Evacuation Pause)
[2023-09-19T17:53:02.487+0900][gc,task       ] GC(51) Using 8 workers of 8 for evacuation
[2023-09-19T17:53:02.523+0900][gc,mmu        ] GC(51) MMU target violated: 21.0ms (20.0ms/21.0ms)
[2023-09-19T17:53:02.524+0900][gc,phases     ] GC(51)   Pre Evacuate Collection Set: 0.9ms
[2023-09-19T17:53:02.524+0900][gc,phases     ] GC(51)   Evacuate Collection Set: 34.1ms
[2023-09-19T17:53:02.524+0900][gc,phases     ] GC(51)   Post Evacuate Collection Set: 0.5ms
[2023-09-19T17:53:02.524+0900][gc,phases     ] GC(51)   Other: 2.0ms
[2023-09-19T17:53:02.524+0900][gc,heap       ] GC(51) Eden regions: 42->0(67)
[2023-09-19T17:53:02.524+0900][gc,heap       ] GC(51) Survivor regions: 9->5(7)
[2023-09-19T17:53:02.524+0900][gc,heap       ] GC(51) Old regions: 104->110
[2023-09-19T17:53:02.524+0900][gc,heap       ] GC(51) Humongous regions: 129->129
[2023-09-19T17:53:02.524+0900][gc,metaspace  ] GC(51) Metaspace: 51888K->51888K(1097728K)
[2023-09-19T17:53:02.524+0900][gc            ] GC(51) Pause Young (Normal) (G1 Evacuation Pause) 282M->243M(1024M) 37.448ms
[2023-09-19T17:53:02.524+0900][gc,cpu        ] GC(51) User=0.05s Sys=0.05s Real=0.04s
[2023-09-19T17:58:12.429+0900][gc,start      ] GC(52) Pause Young (Normal) (G1 Evacuation Pause)
[2023-09-19T17:58:12.430+0900][gc,task       ] GC(52) Using 8 workers of 8 for evacuation
[2023-09-19T17:58:12.467+0900][gc,mmu        ] GC(52) MMU target violated: 21.0ms (20.0ms/21.0ms)
[2023-09-19T17:58:12.467+0900][gc,phases     ] GC(52)   Pre Evacuate Collection Set: 0.7ms
[2023-09-19T17:58:12.467+0900][gc,phases     ] GC(52)   Evacuate Collection Set: 35.2ms
[2023-09-19T17:58:12.467+0900][gc,phases     ] GC(52)   Post Evacuate Collection Set: 0.5ms
[2023-09-19T17:58:12.467+0900][gc,phases     ] GC(52)   Other: 2.4ms
[2023-09-19T17:58:12.467+0900][gc,heap       ] GC(52) Eden regions: 67->0(45)
[2023-09-19T17:58:12.467+0900][gc,heap       ] GC(52) Survivor regions: 5->7(9)
[2023-09-19T17:58:12.467+0900][gc,heap       ] GC(52) Old regions: 110->110
[2023-09-19T17:58:12.467+0900][gc,heap       ] GC(52) Humongous regions: 129->129
[2023-09-19T17:58:12.467+0900][gc,metaspace  ] GC(52) Metaspace: 51891K->51891K(1097728K)
[2023-09-19T17:58:12.467+0900][gc            ] GC(52) Pause Young (Normal) (G1 Evacuation Pause) 310M->244M(1024M) 38.739ms
[2023-09-19T17:58:12.468+0900][gc,cpu        ] GC(52) User=0.05s Sys=0.04s Real=0.04s
[2023-09-19T18:01:21.095+0900][gc,start      ] GC(53) Pause Young (Normal) (G1 Evacuation Pause)
[2023-09-19T18:01:21.095+0900][gc,task       ] GC(53) Using 8 workers of 8 for evacuation
[2023-09-19T18:01:21.128+0900][gc,mmu        ] GC(53) MMU target violated: 21.0ms (20.0ms/21.0ms)
[2023-09-19T18:01:21.128+0900][gc,phases     ] GC(53)   Pre Evacuate Collection Set: 0.7ms
[2023-09-19T18:01:21.128+0900][gc,phases     ] GC(53)   Evacuate Collection Set: 30.4ms
[2023-09-19T18:01:21.128+0900][gc,phases     ] GC(53)   Post Evacuate Collection Set: 0.6ms
[2023-09-19T18:01:21.128+0900][gc,phases     ] GC(53)   Other: 1.7ms
[2023-09-19T18:01:21.128+0900][gc,heap       ] GC(53) Eden regions: 44->0(45)
[2023-09-19T18:01:21.128+0900][gc,heap       ] GC(53) Survivor regions: 7->6(7)
[2023-09-19T18:01:21.128+0900][gc,heap       ] GC(53) Old regions: 110->114
[2023-09-19T18:01:21.128+0900][gc,heap       ] GC(53) Humongous regions: 129->129
[2023-09-19T18:01:21.128+0900][gc,metaspace  ] GC(53) Metaspace: 51903K->51903K(1097728K)
[2023-09-19T18:01:21.128+0900][gc            ] GC(53) Pause Young (Normal) (G1 Evacuation Pause) 288M->248M(1024M) 33.409ms
[2023-09-19T18:01:21.128+0900][gc,cpu        ] GC(53) User=0.06s Sys=0.06s Real=0.03s
[2023-09-19T18:04:49.548+0900][gc,start      ] GC(54) Pause Young (Normal) (G1 Evacuation Pause)
[2023-09-19T18:04:49.560+0900][gc,task       ] GC(54) Using 8 workers of 8 for evacuation
[2023-09-19T18:04:49.587+0900][gc,mmu        ] GC(54) MMU target violated: 21.0ms (20.0ms/21.0ms)
[2023-09-19T18:04:49.612+0900][gc,phases     ] GC(54)   Pre Evacuate Collection Set: 0.8ms
[2023-09-19T18:04:49.612+0900][gc,phases     ] GC(54)   Evacuate Collection Set: 21.0ms
[2023-09-19T18:04:49.612+0900][gc,phases     ] GC(54)   Post Evacuate Collection Set: 0.6ms
[2023-09-19T18:04:49.612+0900][gc,phases     ] GC(54)   Other: 42.4ms
[2023-09-19T18:04:49.612+0900][gc,heap       ] GC(54) Eden regions: 45->0(46)
[2023-09-19T18:04:49.612+0900][gc,heap       ] GC(54) Survivor regions: 6->5(7)
[2023-09-19T18:04:49.612+0900][gc,heap       ] GC(54) Old regions: 114->116
[2023-09-19T18:04:49.612+0900][gc,heap       ] GC(54) Humongous regions: 129->129
[2023-09-19T18:04:49.612+0900][gc,metaspace  ] GC(54) Metaspace: 51905K->51905K(1097728K)
[2023-09-19T18:04:49.630+0900][gc            ] GC(54) Pause Young (Normal) (G1 Evacuation Pause) 293M->249M(1024M) 82.197ms
[2023-09-19T18:04:49.630+0900][gc,cpu        ] GC(54) User=0.03s Sys=0.03s Real=0.09s
[2023-09-19T18:08:23.089+0900][gc,start      ] GC(55) Pause Young (Normal) (G1 Evacuation Pause)
[2023-09-19T18:08:23.091+0900][gc,task       ] GC(55) Using 8 workers of 8 for evacuation
[2023-09-19T18:08:23.114+0900][gc,mmu        ] GC(55) MMU target violated: 21.0ms (20.0ms/21.0ms)
[2023-09-19T18:08:23.114+0900][gc,phases     ] GC(55)   Pre Evacuate Collection Set: 0.4ms
[2023-09-19T18:08:23.114+0900][gc,phases     ] GC(55)   Evacuate Collection Set: 21.3ms
[2023-09-19T18:08:23.114+0900][gc,phases     ] GC(55)   Post Evacuate Collection Set: 0.8ms
[2023-09-19T18:08:23.114+0900][gc,phases     ] GC(55)   Other: 2.8ms
[2023-09-19T18:08:23.114+0900][gc,heap       ] GC(55) Eden regions: 46->0(76)
[2023-09-19T18:08:23.114+0900][gc,heap       ] GC(55) Survivor regions: 5->3(7)
[2023-09-19T18:08:23.114+0900][gc,heap       ] GC(55) Old regions: 116->118
[2023-09-19T18:08:23.114+0900][gc,heap       ] GC(55) Humongous regions: 129->129
[2023-09-19T18:08:23.114+0900][gc,metaspace  ] GC(55) Metaspace: 51905K->51905K(1097728K)
[2023-09-19T18:08:23.114+0900][gc            ] GC(55) Pause Young (Normal) (G1 Evacuation Pause) 295M->249M(1024M) 25.338ms
[2023-09-19T18:08:23.114+0900][gc,cpu        ] GC(55) User=0.05s Sys=0.01s Real=0.03s
[2023-09-19T18:13:44.026+0900][gc,start      ] GC(56) Pause Young (Normal) (G1 Evacuation Pause)
[2023-09-19T18:13:44.027+0900][gc,task       ] GC(56) Using 8 workers of 8 for evacuation
[2023-09-19T18:13:44.050+0900][gc,mmu        ] GC(56) MMU target violated: 21.0ms (20.0ms/21.0ms)
[2023-09-19T18:13:44.050+0900][gc,phases     ] GC(56)   Pre Evacuate Collection Set: 0.9ms
[2023-09-19T18:13:44.050+0900][gc,phases     ] GC(56)   Evacuate Collection Set: 20.2ms
[2023-09-19T18:13:44.050+0900][gc,phases     ] GC(56)   Post Evacuate Collection Set: 0.7ms
[2023-09-19T18:13:44.050+0900][gc,phases     ] GC(56)   Other: 2.7ms
[2023-09-19T18:13:44.050+0900][gc,heap       ] GC(56) Eden regions: 69->0(58)
[2023-09-19T18:13:44.050+0900][gc,heap       ] GC(56) Survivor regions: 3->6(9)
[2023-09-19T18:13:44.050+0900][gc,heap       ] GC(56) Old regions: 118->118
[2023-09-19T18:13:44.050+0900][gc,heap       ] GC(56) Humongous regions: 129->129
[2023-09-19T18:13:44.050+0900][gc,metaspace  ] GC(56) Metaspace: 51906K->51906K(1097728K)
[2023-09-19T18:13:44.050+0900][gc            ] GC(56) Pause Young (Normal) (G1 Evacuation Pause) 318M->251M(1024M) 24.506ms
[2023-09-19T18:13:44.050+0900][gc,cpu        ] GC(56) User=0.05s Sys=0.03s Real=0.03s
[2023-09-19T18:17:49.439+0900][gc,start      ] GC(57) Pause Young (Normal) (G1 Evacuation Pause)
[2023-09-19T18:17:49.441+0900][gc,task       ] GC(57) Using 8 workers of 8 for evacuation
[2023-09-19T18:17:49.457+0900][gc,phases     ] GC(57)   Pre Evacuate Collection Set: 0.5ms
[2023-09-19T18:17:49.457+0900][gc,phases     ] GC(57)   Evacuate Collection Set: 14.5ms
[2023-09-19T18:17:49.457+0900][gc,phases     ] GC(57)   Post Evacuate Collection Set: 0.5ms
[2023-09-19T18:17:49.457+0900][gc,phases     ] GC(57)   Other: 3.1ms
[2023-09-19T18:17:49.457+0900][gc,heap       ] GC(57) Eden regions: 53->0(52)
[2023-09-19T18:17:49.457+0900][gc,heap       ] GC(57) Survivor regions: 6->7(8)
[2023-09-19T18:17:49.457+0900][gc,heap       ] GC(57) Old regions: 118->120
[2023-09-19T18:17:49.457+0900][gc,heap       ] GC(57) Humongous regions: 129->129
[2023-09-19T18:17:49.457+0900][gc,metaspace  ] GC(57) Metaspace: 51906K->51906K(1097728K)
[2023-09-19T18:17:49.457+0900][gc            ] GC(57) Pause Young (Normal) (G1 Evacuation Pause) 304M->255M(1024M) 18.680ms
[2023-09-19T18:17:49.457+0900][gc,cpu        ] GC(57) User=0.05s Sys=0.04s Real=0.02s
[2023-09-19T18:21:49.017+0900][gc,start      ] GC(58) Pause Young (Normal) (G1 Evacuation Pause)
[2023-09-19T18:21:49.020+0900][gc,task       ] GC(58) Using 8 workers of 8 for evacuation
[2023-09-19T18:21:49.064+0900][gc,mmu        ] GC(58) MMU target violated: 21.0ms (20.0ms/21.0ms)
[2023-09-19T18:21:49.064+0900][gc,phases     ] GC(58)   Pre Evacuate Collection Set: 0.7ms
[2023-09-19T18:21:49.064+0900][gc,phases     ] GC(58)   Evacuate Collection Set: 41.7ms
[2023-09-19T18:21:49.064+0900][gc,phases     ] GC(58)   Post Evacuate Collection Set: 0.8ms
[2023-09-19T18:21:49.064+0900][gc,phases     ] GC(58)   Other: 3.2ms
[2023-09-19T18:21:49.064+0900][gc,heap       ] GC(58) Eden regions: 52->0(43)
[2023-09-19T18:21:49.064+0900][gc,heap       ] GC(58) Survivor regions: 7->8(8)
[2023-09-19T18:21:49.064+0900][gc,heap       ] GC(58) Old regions: 120->122
[2023-09-19T18:21:49.064+0900][gc,heap       ] GC(58) Humongous regions: 129->129
[2023-09-19T18:21:49.064+0900][gc,metaspace  ] GC(58) Metaspace: 51906K->51906K(1097728K)
[2023-09-19T18:21:49.064+0900][gc            ] GC(58) Pause Young (Normal) (G1 Evacuation Pause) 307M->258M(1024M) 46.633ms
[2023-09-19T18:21:49.064+0900][gc,cpu        ] GC(58) User=0.06s Sys=0.13s Real=0.05s
[2023-09-19T18:25:07.325+0900][gc,start      ] GC(59) Pause Young (Normal) (G1 Evacuation Pause)
[2023-09-19T18:25:07.327+0900][gc,task       ] GC(59) Using 8 workers of 8 for evacuation
[2023-09-19T18:25:07.354+0900][gc,mmu        ] GC(59) MMU target violated: 21.0ms (20.0ms/21.0ms)
[2023-09-19T18:25:07.354+0900][gc,phases     ] GC(59)   Pre Evacuate Collection Set: 0.9ms
[2023-09-19T18:25:07.354+0900][gc,phases     ] GC(59)   Evacuate Collection Set: 24.2ms
[2023-09-19T18:25:07.354+0900][gc,phases     ] GC(59)   Post Evacuate Collection Set: 0.8ms
[2023-09-19T18:25:07.354+0900][gc,phases     ] GC(59)   Other: 3.5ms
[2023-09-19T18:25:07.354+0900][gc,heap       ] GC(59) Eden regions: 43->0(52)
[2023-09-19T18:25:07.354+0900][gc,heap       ] GC(59) Survivor regions: 8->3(7)
[2023-09-19T18:25:07.354+0900][gc,heap       ] GC(59) Old regions: 122->127
[2023-09-19T18:25:07.354+0900][gc,heap       ] GC(59) Humongous regions: 129->129
[2023-09-19T18:25:07.354+0900][gc,metaspace  ] GC(59) Metaspace: 51906K->51906K(1097728K)
[2023-09-19T18:25:07.354+0900][gc            ] GC(59) Pause Young (Normal) (G1 Evacuation Pause) 301M->258M(1024M) 29.495ms
[2023-09-19T18:25:07.355+0900][gc,cpu        ] GC(59) User=0.06s Sys=0.05s Real=0.03s
[2023-09-19T18:27:09.192+0900][gc,heap,exit  ] Heap
[2023-09-19T18:27:09.195+0900][gc,heap,exit  ]  garbage-first heap   total 1048576K, used 298490K [0x00000007c0000000, 0x0000000800000000)
[2023-09-19T18:27:09.195+0900][gc,heap,exit  ]   region size 1024K, 38 young (38912K), 3 survivors (3072K)
[2023-09-19T18:27:09.195+0900][gc,heap,exit  ]  Metaspace       used 52759K, capacity 55826K, committed 56060K, reserved 1097728K
[2023-09-19T18:27:09.195+0900][gc,heap,exit  ]   class space    used 6594K, capacity 8035K, committed 8064K, reserved 1048576K
