[2023-09-19T14:58:10.288+0900][gc,heap] Heap region size: 1M
[2023-09-19T14:58:10.294+0900][gc     ] Using G1
[2023-09-19T14:58:10.294+0900][gc,heap,coops] Heap address: 0x00000007c0000000, size: 1024 MB, Compressed Oops mode: Zero based, Oop shift amount: 3
[2023-09-19T14:58:11.476+0900][gc,start     ] GC(0) Pause Young (Concurrent Start) (Metadata GC Threshold)
[2023-09-19T14:58:11.476+0900][gc,task      ] GC(0) Using 8 workers of 8 for evacuation
[2023-09-19T14:58:11.494+0900][gc,phases    ] GC(0)   Pre Evacuate Collection Set: 0.0ms
[2023-09-19T14:58:11.494+0900][gc,phases    ] GC(0)   Evacuate Collection Set: 16.4ms
[2023-09-19T14:58:11.494+0900][gc,phases    ] GC(0)   Post Evacuate Collection Set: 0.5ms
[2023-09-19T14:58:11.494+0900][gc,phases    ] GC(0)   Other: 0.8ms
[2023-09-19T14:58:11.494+0900][gc,heap      ] GC(0) Eden regions: 47->0(44)
[2023-09-19T14:58:11.494+0900][gc,heap      ] GC(0) Survivor regions: 0->7(7)
[2023-09-19T14:58:11.494+0900][gc,heap      ] GC(0) Old regions: 0->1
[2023-09-19T14:58:11.494+0900][gc,heap      ] GC(0) Humongous regions: 0->0
[2023-09-19T14:58:11.494+0900][gc,metaspace ] GC(0) Metaspace: 20688K->20688K(1069056K)
[2023-09-19T14:58:11.494+0900][gc           ] GC(0) Pause Young (Concurrent Start) (Metadata GC Threshold) 46M->7M(1024M) 17.847ms
[2023-09-19T14:58:11.494+0900][gc,cpu       ] GC(0) User=0.02s Sys=0.01s Real=0.02s
[2023-09-19T14:58:11.494+0900][gc           ] GC(1) Concurrent Cycle
[2023-09-19T14:58:11.494+0900][gc,marking   ] GC(1) Concurrent Clear Claimed Marks
[2023-09-19T14:58:11.494+0900][gc,marking   ] GC(1) Concurrent Clear Claimed Marks 0.019ms
[2023-09-19T14:58:11.494+0900][gc,marking   ] GC(1) Concurrent Scan Root Regions
[2023-09-19T14:58:11.496+0900][gc,marking   ] GC(1) Concurrent Scan Root Regions 1.510ms
[2023-09-19T14:58:11.497+0900][gc,marking   ] GC(1) Concurrent Mark (1.218s)
[2023-09-19T14:58:11.497+0900][gc,marking   ] GC(1) Concurrent Mark From Roots
[2023-09-19T14:58:11.497+0900][gc,task      ] GC(1) Using 2 workers of 2 for marking
[2023-09-19T14:58:11.497+0900][gc,marking   ] GC(1) Concurrent Mark From Roots 0.242ms
[2023-09-19T14:58:11.497+0900][gc,marking   ] GC(1) Concurrent Preclean
[2023-09-19T14:58:11.497+0900][gc,marking   ] GC(1) Concurrent Preclean 0.024ms
[2023-09-19T14:58:11.497+0900][gc,marking   ] GC(1) Concurrent Mark (1.218s, 1.218s) 0.302ms
[2023-09-19T14:58:11.498+0900][gc,start     ] GC(1) Pause Remark
[2023-09-19T14:58:11.502+0900][gc,stringtable] GC(1) Cleaned string and symbol table, strings: 7401 processed, 0 removed, symbols: 64830 processed, 34 removed
[2023-09-19T14:58:11.502+0900][gc            ] GC(1) Pause Remark 7M->7M(1024M) 4.388ms
[2023-09-19T14:58:11.502+0900][gc,cpu        ] GC(1) User=0.00s Sys=0.00s Real=0.01s
[2023-09-19T14:58:11.502+0900][gc,marking    ] GC(1) Concurrent Rebuild Remembered Sets
[2023-09-19T14:58:11.502+0900][gc,marking    ] GC(1) Concurrent Rebuild Remembered Sets 0.139ms
[2023-09-19T14:58:11.502+0900][gc,start      ] GC(1) Pause Cleanup
[2023-09-19T14:58:11.503+0900][gc            ] GC(1) Pause Cleanup 7M->7M(1024M) 0.122ms
[2023-09-19T14:58:11.503+0900][gc,cpu        ] GC(1) User=0.00s Sys=0.00s Real=0.00s
[2023-09-19T14:58:11.503+0900][gc,marking    ] GC(1) Concurrent Cleanup for Next Mark
[2023-09-19T14:58:11.507+0900][gc,marking    ] GC(1) Concurrent Cleanup for Next Mark 4.661ms
[2023-09-19T14:58:11.507+0900][gc            ] GC(1) Concurrent Cycle 12.988ms
[2023-09-19T14:58:12.565+0900][gc,start      ] GC(2) Pause Young (Normal) (G1 Evacuation Pause)
[2023-09-19T14:58:12.565+0900][gc,task       ] GC(2) Using 8 workers of 8 for evacuation
[2023-09-19T14:58:12.580+0900][gc,phases     ] GC(2)   Pre Evacuate Collection Set: 0.0ms
[2023-09-19T14:58:12.580+0900][gc,phases     ] GC(2)   Evacuate Collection Set: 15.0ms
[2023-09-19T14:58:12.580+0900][gc,phases     ] GC(2)   Post Evacuate Collection Set: 0.4ms
[2023-09-19T14:58:12.580+0900][gc,phases     ] GC(2)   Other: 0.1ms
[2023-09-19T14:58:12.580+0900][gc,heap       ] GC(2) Eden regions: 44->0(49)
[2023-09-19T14:58:12.580+0900][gc,heap       ] GC(2) Survivor regions: 7->2(7)
[2023-09-19T14:58:12.580+0900][gc,heap       ] GC(2) Old regions: 1->7
[2023-09-19T14:58:12.580+0900][gc,heap       ] GC(2) Humongous regions: 0->0
[2023-09-19T14:58:12.580+0900][gc,metaspace  ] GC(2) Metaspace: 29669K->29669K(1077248K)
[2023-09-19T14:58:12.580+0900][gc            ] GC(2) Pause Young (Normal) (G1 Evacuation Pause) 51M->8M(1024M) 15.656ms
[2023-09-19T14:58:12.580+0900][gc,cpu        ] GC(2) User=0.06s Sys=0.02s Real=0.02s
[2023-09-19T14:58:14.262+0900][gc,start      ] GC(3) Pause Young (Concurrent Start) (Metadata GC Threshold)
[2023-09-19T14:58:14.262+0900][gc,task       ] GC(3) Using 8 workers of 8 for evacuation
[2023-09-19T14:58:14.267+0900][gc,phases     ] GC(3)   Pre Evacuate Collection Set: 0.0ms
[2023-09-19T14:58:14.267+0900][gc,phases     ] GC(3)   Evacuate Collection Set: 4.8ms
[2023-09-19T14:58:14.267+0900][gc,phases     ] GC(3)   Post Evacuate Collection Set: 0.2ms
[2023-09-19T14:58:14.267+0900][gc,phases     ] GC(3)   Other: 0.2ms
[2023-09-19T14:58:14.267+0900][gc,heap       ] GC(3) Eden regions: 34->0(47)
[2023-09-19T14:58:14.267+0900][gc,heap       ] GC(3) Survivor regions: 2->4(7)
[2023-09-19T14:58:14.267+0900][gc,heap       ] GC(3) Old regions: 7->7
[2023-09-19T14:58:14.267+0900][gc,heap       ] GC(3) Humongous regions: 129->129
[2023-09-19T14:58:14.267+0900][gc,metaspace  ] GC(3) Metaspace: 34617K->34617K(1081344K)
[2023-09-19T14:58:14.267+0900][gc            ] GC(3) Pause Young (Concurrent Start) (Metadata GC Threshold) 170M->138M(1024M) 5.294ms
[2023-09-19T14:58:14.267+0900][gc,cpu        ] GC(3) User=0.03s Sys=0.01s Real=0.00s
[2023-09-19T14:58:14.267+0900][gc            ] GC(4) Concurrent Cycle
[2023-09-19T14:58:14.267+0900][gc,marking    ] GC(4) Concurrent Clear Claimed Marks
[2023-09-19T14:58:14.267+0900][gc,marking    ] GC(4) Concurrent Clear Claimed Marks 0.016ms
[2023-09-19T14:58:14.267+0900][gc,marking    ] GC(4) Concurrent Scan Root Regions
[2023-09-19T14:58:14.268+0900][gc,marking    ] GC(4) Concurrent Scan Root Regions 1.131ms
[2023-09-19T14:58:14.268+0900][gc,marking    ] GC(4) Concurrent Mark (3.989s)
[2023-09-19T14:58:14.268+0900][gc,marking    ] GC(4) Concurrent Mark From Roots
[2023-09-19T14:58:14.268+0900][gc,task       ] GC(4) Using 2 workers of 2 for marking
[2023-09-19T14:58:14.273+0900][gc,marking    ] GC(4) Concurrent Mark From Roots 5.043ms
[2023-09-19T14:58:14.291+0900][gc,marking    ] GC(4) Concurrent Preclean
[2023-09-19T14:58:14.291+0900][gc,marking    ] GC(4) Concurrent Preclean 0.074ms
[2023-09-19T14:58:14.291+0900][gc,marking    ] GC(4) Concurrent Mark (3.989s, 4.012s) 22.915ms
[2023-09-19T14:58:14.292+0900][gc,start      ] GC(4) Pause Remark
[2023-09-19T14:58:14.320+0900][gc,stringtable] GC(4) Cleaned string and symbol table, strings: 11040 processed, 10 removed, symbols: 98292 processed, 23 removed
[2023-09-19T14:58:14.327+0900][gc            ] GC(4) Pause Remark 142M->142M(1024M) 35.348ms
[2023-09-19T14:58:14.327+0900][gc,cpu        ] GC(4) User=0.01s Sys=0.01s Real=0.03s
[2023-09-19T14:58:14.327+0900][gc,marking    ] GC(4) Concurrent Rebuild Remembered Sets
[2023-09-19T14:58:14.329+0900][gc,marking    ] GC(4) Concurrent Rebuild Remembered Sets 2.274ms
[2023-09-19T14:58:14.346+0900][gc,start      ] GC(4) Pause Cleanup
[2023-09-19T14:58:14.346+0900][gc            ] GC(4) Pause Cleanup 142M->142M(1024M) 0.359ms
[2023-09-19T14:58:14.346+0900][gc,cpu        ] GC(4) User=0.00s Sys=0.00s Real=0.00s
[2023-09-19T14:58:14.346+0900][gc,marking    ] GC(4) Concurrent Cleanup for Next Mark
[2023-09-19T14:58:14.353+0900][gc,marking    ] GC(4) Concurrent Cleanup for Next Mark 6.375ms
[2023-09-19T14:58:14.365+0900][gc            ] GC(4) Concurrent Cycle 97.648ms
[2023-09-19T14:58:17.830+0900][gc,heap,exit  ] Heap
[2023-09-19T14:58:17.830+0900][gc,heap,exit  ]  garbage-first heap   total 1048576K, used 182252K [0x00000007c0000000, 0x0000000800000000)
[2023-09-19T14:58:17.830+0900][gc,heap,exit  ]   region size 1024K, 44 young (45056K), 4 survivors (4096K)
[2023-09-19T14:58:17.830+0900][gc,heap,exit  ]  Metaspace       used 40210K, capacity 41605K, committed 41852K, reserved 1085440K
[2023-09-19T14:58:17.830+0900][gc,heap,exit  ]   class space    used 4649K, capacity 5281K, committed 5376K, reserved 1048576K
