[2023-09-18T15:52:32.984+0900][gc,heap] Heap region size: 1M
[2023-09-18T15:52:32.990+0900][gc     ] Using G1
[2023-09-18T15:52:32.990+0900][gc,heap,coops] Heap address: 0x00000007c0000000, size: 1024 MB, Compressed Oops mode: Zero based, Oop shift amount: 3
[2023-09-18T15:52:34.136+0900][gc,start     ] GC(0) Pause Young (Concurrent Start) (Metadata GC Threshold)
[2023-09-18T15:52:34.137+0900][gc,task      ] GC(0) Using 8 workers of 8 for evacuation
[2023-09-18T15:52:34.150+0900][gc,phases    ] GC(0)   Pre Evacuate Collection Set: 0.0ms
[2023-09-18T15:52:34.150+0900][gc,phases    ] GC(0)   Evacuate Collection Set: 12.9ms
[2023-09-18T15:52:34.150+0900][gc,phases    ] GC(0)   Post Evacuate Collection Set: 0.4ms
[2023-09-18T15:52:34.150+0900][gc,phases    ] GC(0)   Other: 0.7ms
[2023-09-18T15:52:34.150+0900][gc,heap      ] GC(0) Eden regions: 46->0(44)
[2023-09-18T15:52:34.150+0900][gc,heap      ] GC(0) Survivor regions: 0->7(7)
[2023-09-18T15:52:34.150+0900][gc,heap      ] GC(0) Old regions: 0->1
[2023-09-18T15:52:34.150+0900][gc,heap      ] GC(0) Humongous regions: 0->0
[2023-09-18T15:52:34.150+0900][gc,metaspace ] GC(0) Metaspace: 20616K->20616K(1069056K)
[2023-09-18T15:52:34.150+0900][gc           ] GC(0) Pause Young (Concurrent Start) (Metadata GC Threshold) 46M->7M(1024M) 14.224ms
[2023-09-18T15:52:34.150+0900][gc,cpu       ] GC(0) User=0.03s Sys=0.01s Real=0.02s
[2023-09-18T15:52:34.151+0900][gc           ] GC(1) Concurrent Cycle
[2023-09-18T15:52:34.151+0900][gc,marking   ] GC(1) Concurrent Clear Claimed Marks
[2023-09-18T15:52:34.151+0900][gc,marking   ] GC(1) Concurrent Clear Claimed Marks 0.021ms
[2023-09-18T15:52:34.151+0900][gc,marking   ] GC(1) Concurrent Scan Root Regions
[2023-09-18T15:52:34.153+0900][gc,marking   ] GC(1) Concurrent Scan Root Regions 2.199ms
[2023-09-18T15:52:34.153+0900][gc,marking   ] GC(1) Concurrent Mark (1.178s)
[2023-09-18T15:52:34.153+0900][gc,marking   ] GC(1) Concurrent Mark From Roots
[2023-09-18T15:52:34.153+0900][gc,task      ] GC(1) Using 2 workers of 2 for marking
[2023-09-18T15:52:34.153+0900][gc,marking   ] GC(1) Concurrent Mark From Roots 0.178ms
[2023-09-18T15:52:34.153+0900][gc,marking   ] GC(1) Concurrent Preclean
[2023-09-18T15:52:34.153+0900][gc,marking   ] GC(1) Concurrent Preclean 0.026ms
[2023-09-18T15:52:34.153+0900][gc,marking   ] GC(1) Concurrent Mark (1.178s, 1.178s) 0.263ms
[2023-09-18T15:52:34.154+0900][gc,start     ] GC(1) Pause Remark
[2023-09-18T15:52:34.158+0900][gc,stringtable] GC(1) Cleaned string and symbol table, strings: 7397 processed, 0 removed, symbols: 64794 processed, 34 removed
[2023-09-18T15:52:34.159+0900][gc            ] GC(1) Pause Remark 7M->7M(1024M) 4.895ms
[2023-09-18T15:52:34.159+0900][gc,cpu        ] GC(1) User=0.01s Sys=0.00s Real=0.00s
[2023-09-18T15:52:34.159+0900][gc,marking    ] GC(1) Concurrent Rebuild Remembered Sets
[2023-09-18T15:52:34.159+0900][gc,marking    ] GC(1) Concurrent Rebuild Remembered Sets 0.148ms
[2023-09-18T15:52:34.159+0900][gc,start      ] GC(1) Pause Cleanup
[2023-09-18T15:52:34.159+0900][gc            ] GC(1) Pause Cleanup 7M->7M(1024M) 0.170ms
[2023-09-18T15:52:34.159+0900][gc,cpu        ] GC(1) User=0.00s Sys=0.00s Real=0.00s
[2023-09-18T15:52:34.159+0900][gc,marking    ] GC(1) Concurrent Cleanup for Next Mark
[2023-09-18T15:52:34.164+0900][gc,marking    ] GC(1) Concurrent Cleanup for Next Mark 4.142ms
[2023-09-18T15:52:34.164+0900][gc            ] GC(1) Concurrent Cycle 12.866ms
[2023-09-18T15:52:35.182+0900][gc,start      ] GC(2) Pause Young (Normal) (G1 Evacuation Pause)
[2023-09-18T15:52:35.183+0900][gc,task       ] GC(2) Using 8 workers of 8 for evacuation
[2023-09-18T15:52:35.199+0900][gc,phases     ] GC(2)   Pre Evacuate Collection Set: 0.0ms
[2023-09-18T15:52:35.199+0900][gc,phases     ] GC(2)   Evacuate Collection Set: 16.4ms
[2023-09-18T15:52:35.199+0900][gc,phases     ] GC(2)   Post Evacuate Collection Set: 0.4ms
[2023-09-18T15:52:35.200+0900][gc,phases     ] GC(2)   Other: 0.1ms
[2023-09-18T15:52:35.200+0900][gc,heap       ] GC(2) Eden regions: 44->0(49)
[2023-09-18T15:52:35.200+0900][gc,heap       ] GC(2) Survivor regions: 7->2(7)
[2023-09-18T15:52:35.200+0900][gc,heap       ] GC(2) Old regions: 1->7
[2023-09-18T15:52:35.200+0900][gc,heap       ] GC(2) Humongous regions: 129->129
[2023-09-18T15:52:35.200+0900][gc,metaspace  ] GC(2) Metaspace: 29203K->29203K(1075200K)
[2023-09-18T15:52:35.200+0900][gc            ] GC(2) Pause Young (Normal) (G1 Evacuation Pause) 180M->137M(1024M) 17.108ms
[2023-09-18T15:52:35.200+0900][gc,cpu        ] GC(2) User=0.06s Sys=0.03s Real=0.02s
[2023-09-18T15:52:35.467+0900][gc,start      ] GC(3) Pause Young (Concurrent Start) (Metadata GC Threshold)
[2023-09-18T15:52:35.467+0900][gc,task       ] GC(3) Using 8 workers of 8 for evacuation
[2023-09-18T15:52:35.471+0900][gc,phases     ] GC(3)   Pre Evacuate Collection Set: 0.0ms
[2023-09-18T15:52:35.471+0900][gc,phases     ] GC(3)   Evacuate Collection Set: 4.0ms
[2023-09-18T15:52:35.471+0900][gc,phases     ] GC(3)   Post Evacuate Collection Set: 0.2ms
[2023-09-18T15:52:35.471+0900][gc,phases     ] GC(3)   Other: 0.2ms
[2023-09-18T15:52:35.471+0900][gc,heap       ] GC(3) Eden regions: 31->0(48)
[2023-09-18T15:52:35.471+0900][gc,heap       ] GC(3) Survivor regions: 2->3(7)
[2023-09-18T15:52:35.471+0900][gc,heap       ] GC(3) Old regions: 7->7
[2023-09-18T15:52:35.471+0900][gc,heap       ] GC(3) Humongous regions: 129->129
[2023-09-18T15:52:35.471+0900][gc,metaspace  ] GC(3) Metaspace: 34859K->34859K(1081344K)
[2023-09-18T15:52:35.471+0900][gc            ] GC(3) Pause Young (Concurrent Start) (Metadata GC Threshold) 168M->138M(1024M) 4.445ms
[2023-09-18T15:52:35.471+0900][gc,cpu        ] GC(3) User=0.02s Sys=0.00s Real=0.01s
[2023-09-18T15:52:35.471+0900][gc            ] GC(4) Concurrent Cycle
[2023-09-18T15:52:35.472+0900][gc,marking    ] GC(4) Concurrent Clear Claimed Marks
[2023-09-18T15:52:35.472+0900][gc,marking    ] GC(4) Concurrent Clear Claimed Marks 0.019ms
[2023-09-18T15:52:35.472+0900][gc,marking    ] GC(4) Concurrent Scan Root Regions
[2023-09-18T15:52:35.473+0900][gc,marking    ] GC(4) Concurrent Scan Root Regions 1.186ms
[2023-09-18T15:52:35.473+0900][gc,marking    ] GC(4) Concurrent Mark (2.497s)
[2023-09-18T15:52:35.473+0900][gc,marking    ] GC(4) Concurrent Mark From Roots
[2023-09-18T15:52:35.473+0900][gc,task       ] GC(4) Using 2 workers of 2 for marking
[2023-09-18T15:52:35.476+0900][gc,marking    ] GC(4) Concurrent Mark From Roots 2.890ms
[2023-09-18T15:52:35.476+0900][gc,marking    ] GC(4) Concurrent Preclean
[2023-09-18T15:52:35.476+0900][gc,marking    ] GC(4) Concurrent Preclean 0.044ms
[2023-09-18T15:52:35.476+0900][gc,marking    ] GC(4) Concurrent Mark (2.497s, 2.500s) 2.976ms
[2023-09-18T15:52:35.476+0900][gc,start      ] GC(4) Pause Remark
[2023-09-18T15:52:35.484+0900][gc,stringtable] GC(4) Cleaned string and symbol table, strings: 11280 processed, 12 removed, symbols: 97101 processed, 24 removed
[2023-09-18T15:52:35.484+0900][gc            ] GC(4) Pause Remark 139M->139M(1024M) 8.088ms
[2023-09-18T15:52:35.484+0900][gc,cpu        ] GC(4) User=0.01s Sys=0.01s Real=0.01s
[2023-09-18T15:52:35.484+0900][gc,marking    ] GC(4) Concurrent Rebuild Remembered Sets
[2023-09-18T15:52:35.486+0900][gc,marking    ] GC(4) Concurrent Rebuild Remembered Sets 2.348ms
[2023-09-18T15:52:35.487+0900][gc,start      ] GC(4) Pause Cleanup
[2023-09-18T15:52:35.487+0900][gc            ] GC(4) Pause Cleanup 139M->139M(1024M) 0.121ms
[2023-09-18T15:52:35.487+0900][gc,cpu        ] GC(4) User=0.00s Sys=0.00s Real=0.00s
[2023-09-18T15:52:35.487+0900][gc,marking    ] GC(4) Concurrent Cleanup for Next Mark
[2023-09-18T15:52:35.492+0900][gc,marking    ] GC(4) Concurrent Cleanup for Next Mark 4.707ms
[2023-09-18T15:52:35.492+0900][gc            ] GC(4) Concurrent Cycle 20.147ms
[2023-09-18T15:53:24.759+0900][gc,start      ] GC(5) Pause Young (Normal) (G1 Evacuation Pause)
[2023-09-18T15:53:24.759+0900][gc,task       ] GC(5) Using 8 workers of 8 for evacuation
[2023-09-18T15:53:24.777+0900][gc,phases     ] GC(5)   Pre Evacuate Collection Set: 0.2ms
[2023-09-18T15:53:24.777+0900][gc,phases     ] GC(5)   Evacuate Collection Set: 17.0ms
[2023-09-18T15:53:24.777+0900][gc,phases     ] GC(5)   Post Evacuate Collection Set: 0.4ms
[2023-09-18T15:53:24.777+0900][gc,phases     ] GC(5)   Other: 1.0ms
[2023-09-18T15:53:24.777+0900][gc,heap       ] GC(5) Eden regions: 48->0(44)
[2023-09-18T15:53:24.777+0900][gc,heap       ] GC(5) Survivor regions: 3->7(7)
[2023-09-18T15:53:24.777+0900][gc,heap       ] GC(5) Old regions: 7->7
[2023-09-18T15:53:24.777+0900][gc,heap       ] GC(5) Humongous regions: 129->129
[2023-09-18T15:53:24.777+0900][gc,metaspace  ] GC(5) Metaspace: 42844K->42844K(1089536K)
[2023-09-18T15:53:24.777+0900][gc            ] GC(5) Pause Young (Normal) (G1 Evacuation Pause) 186M->142M(1024M) 18.681ms
[2023-09-18T15:53:24.777+0900][gc,cpu        ] GC(5) User=0.08s Sys=0.03s Real=0.02s
[2023-09-18T15:56:28.069+0900][gc,heap,exit  ] Heap
[2023-09-18T15:56:28.071+0900][gc,heap,exit  ]  garbage-first heap   total 1048576K, used 172317K [0x00000007c0000000, 0x0000000800000000)
[2023-09-18T15:56:28.071+0900][gc,heap,exit  ]   region size 1024K, 35 young (35840K), 7 survivors (7168K)
[2023-09-18T15:56:28.071+0900][gc,heap,exit  ]  Metaspace       used 45254K, capacity 46935K, committed 47184K, reserved 1091584K
[2023-09-18T15:56:28.071+0900][gc,heap,exit  ]   class space    used 5221K, capacity 6034K, committed 6144K, reserved 1048576K
