[2023-09-18T15:15:30.292+0900][gc,heap] Heap region size: 1M
[2023-09-18T15:15:30.298+0900][gc     ] Using G1
[2023-09-18T15:15:30.298+0900][gc,heap,coops] Heap address: 0x00000007c0000000, size: 1024 MB, Compressed Oops mode: Zero based, Oop shift amount: 3
[2023-09-18T15:15:31.551+0900][gc,start     ] GC(0) Pause Young (Concurrent Start) (Metadata GC Threshold)
[2023-09-18T15:15:31.552+0900][gc,task      ] GC(0) Using 8 workers of 8 for evacuation
[2023-09-18T15:15:31.569+0900][gc,phases    ] GC(0)   Pre Evacuate Collection Set: 0.0ms
[2023-09-18T15:15:31.569+0900][gc,phases    ] GC(0)   Evacuate Collection Set: 16.2ms
[2023-09-18T15:15:31.569+0900][gc,phases    ] GC(0)   Post Evacuate Collection Set: 0.6ms
[2023-09-18T15:15:31.569+0900][gc,phases    ] GC(0)   Other: 0.8ms
[2023-09-18T15:15:31.569+0900][gc,heap      ] GC(0) Eden regions: 47->0(44)
[2023-09-18T15:15:31.569+0900][gc,heap      ] GC(0) Survivor regions: 0->7(7)
[2023-09-18T15:15:31.569+0900][gc,heap      ] GC(0) Old regions: 0->1
[2023-09-18T15:15:31.569+0900][gc,heap      ] GC(0) Humongous regions: 0->0
[2023-09-18T15:15:31.569+0900][gc,metaspace ] GC(0) Metaspace: 20694K->20694K(1069056K)
[2023-09-18T15:15:31.569+0900][gc           ] GC(0) Pause Young (Concurrent Start) (Metadata GC Threshold) 46M->7M(1024M) 17.667ms
[2023-09-18T15:15:31.569+0900][gc,cpu       ] GC(0) User=0.02s Sys=0.01s Real=0.01s
[2023-09-18T15:15:31.569+0900][gc           ] GC(1) Concurrent Cycle
[2023-09-18T15:15:31.569+0900][gc,marking   ] GC(1) Concurrent Clear Claimed Marks
[2023-09-18T15:15:31.569+0900][gc,marking   ] GC(1) Concurrent Clear Claimed Marks 0.075ms
[2023-09-18T15:15:31.569+0900][gc,marking   ] GC(1) Concurrent Scan Root Regions
[2023-09-18T15:15:31.571+0900][gc,marking   ] GC(1) Concurrent Scan Root Regions 2.129ms
[2023-09-18T15:15:31.572+0900][gc,marking   ] GC(1) Concurrent Mark (1.288s)
[2023-09-18T15:15:31.572+0900][gc,marking   ] GC(1) Concurrent Mark From Roots
[2023-09-18T15:15:31.572+0900][gc,task      ] GC(1) Using 2 workers of 2 for marking
[2023-09-18T15:15:31.572+0900][gc,marking   ] GC(1) Concurrent Mark From Roots 0.325ms
[2023-09-18T15:15:31.572+0900][gc,marking   ] GC(1) Concurrent Preclean
[2023-09-18T15:15:31.572+0900][gc,marking   ] GC(1) Concurrent Preclean 0.055ms
[2023-09-18T15:15:31.572+0900][gc,marking   ] GC(1) Concurrent Mark (1.288s, 1.289s) 0.432ms
[2023-09-18T15:15:31.573+0900][gc,start     ] GC(1) Pause Remark
[2023-09-18T15:15:31.577+0900][gc,stringtable] GC(1) Cleaned string and symbol table, strings: 7398 processed, 0 removed, symbols: 64830 processed, 34 removed
[2023-09-18T15:15:31.577+0900][gc            ] GC(1) Pause Remark 7M->7M(1024M) 4.518ms
[2023-09-18T15:15:31.577+0900][gc,cpu        ] GC(1) User=0.01s Sys=0.01s Real=0.00s
[2023-09-18T15:15:31.577+0900][gc,marking    ] GC(1) Concurrent Rebuild Remembered Sets
[2023-09-18T15:15:31.578+0900][gc,marking    ] GC(1) Concurrent Rebuild Remembered Sets 0.192ms
[2023-09-18T15:15:31.578+0900][gc,start      ] GC(1) Pause Cleanup
[2023-09-18T15:15:31.578+0900][gc            ] GC(1) Pause Cleanup 7M->7M(1024M) 0.174ms
[2023-09-18T15:15:31.578+0900][gc,cpu        ] GC(1) User=0.00s Sys=0.00s Real=0.00s
[2023-09-18T15:15:31.578+0900][gc,marking    ] GC(1) Concurrent Cleanup for Next Mark
[2023-09-18T15:15:31.582+0900][gc,marking    ] GC(1) Concurrent Cleanup for Next Mark 4.440ms
[2023-09-18T15:15:31.583+0900][gc            ] GC(1) Concurrent Cycle 13.333ms
[2023-09-18T15:15:32.934+0900][gc,start      ] GC(2) Pause Young (Normal) (G1 Evacuation Pause)
[2023-09-18T15:15:32.934+0900][gc,task       ] GC(2) Using 8 workers of 8 for evacuation
[2023-09-18T15:15:32.949+0900][gc,phases     ] GC(2)   Pre Evacuate Collection Set: 0.0ms
[2023-09-18T15:15:32.949+0900][gc,phases     ] GC(2)   Evacuate Collection Set: 14.2ms
[2023-09-18T15:15:32.949+0900][gc,phases     ] GC(2)   Post Evacuate Collection Set: 0.5ms
[2023-09-18T15:15:32.949+0900][gc,phases     ] GC(2)   Other: 0.1ms
[2023-09-18T15:15:32.949+0900][gc,heap       ] GC(2) Eden regions: 44->0(49)
[2023-09-18T15:15:32.949+0900][gc,heap       ] GC(2) Survivor regions: 7->2(7)
[2023-09-18T15:15:32.949+0900][gc,heap       ] GC(2) Old regions: 1->7
[2023-09-18T15:15:32.949+0900][gc,heap       ] GC(2) Humongous regions: 129->129
[2023-09-18T15:15:32.949+0900][gc,metaspace  ] GC(2) Metaspace: 29287K->29287K(1075200K)
[2023-09-18T15:15:32.949+0900][gc            ] GC(2) Pause Young (Normal) (G1 Evacuation Pause) 180M->137M(1024M) 15.042ms
[2023-09-18T15:15:32.949+0900][gc,cpu        ] GC(2) User=0.04s Sys=0.02s Real=0.01s
[2023-09-18T15:15:33.217+0900][gc,start      ] GC(3) Pause Young (Concurrent Start) (Metadata GC Threshold)
[2023-09-18T15:15:33.217+0900][gc,task       ] GC(3) Using 8 workers of 8 for evacuation
[2023-09-18T15:15:33.223+0900][gc,phases     ] GC(3)   Pre Evacuate Collection Set: 0.0ms
[2023-09-18T15:15:33.223+0900][gc,phases     ] GC(3)   Evacuate Collection Set: 5.4ms
[2023-09-18T15:15:33.223+0900][gc,phases     ] GC(3)   Post Evacuate Collection Set: 0.2ms
[2023-09-18T15:15:33.223+0900][gc,phases     ] GC(3)   Other: 0.2ms
[2023-09-18T15:15:33.223+0900][gc,heap       ] GC(3) Eden regions: 29->0(48)
[2023-09-18T15:15:33.223+0900][gc,heap       ] GC(3) Survivor regions: 2->3(7)
[2023-09-18T15:15:33.223+0900][gc,heap       ] GC(3) Old regions: 7->7
[2023-09-18T15:15:33.223+0900][gc,heap       ] GC(3) Humongous regions: 129->129
[2023-09-18T15:15:33.223+0900][gc,metaspace  ] GC(3) Metaspace: 34697K->34697K(1081344K)
[2023-09-18T15:15:33.223+0900][gc            ] GC(3) Pause Young (Concurrent Start) (Metadata GC Threshold) 166M->138M(1024M) 5.805ms
[2023-09-18T15:15:33.223+0900][gc,cpu        ] GC(3) User=0.02s Sys=0.00s Real=0.01s
[2023-09-18T15:15:33.223+0900][gc            ] GC(4) Concurrent Cycle
[2023-09-18T15:15:33.223+0900][gc,marking    ] GC(4) Concurrent Clear Claimed Marks
[2023-09-18T15:15:33.223+0900][gc,marking    ] GC(4) Concurrent Clear Claimed Marks 0.018ms
[2023-09-18T15:15:33.223+0900][gc,marking    ] GC(4) Concurrent Scan Root Regions
[2023-09-18T15:15:33.224+0900][gc,marking    ] GC(4) Concurrent Scan Root Regions 1.093ms
[2023-09-18T15:15:33.225+0900][gc,marking    ] GC(4) Concurrent Mark (2.942s)
[2023-09-18T15:15:33.225+0900][gc,marking    ] GC(4) Concurrent Mark From Roots
[2023-09-18T15:15:33.225+0900][gc,task       ] GC(4) Using 2 workers of 2 for marking
[2023-09-18T15:15:33.231+0900][gc,marking    ] GC(4) Concurrent Mark From Roots 5.495ms
[2023-09-18T15:15:33.231+0900][gc,marking    ] GC(4) Concurrent Preclean
[2023-09-18T15:15:33.231+0900][gc,marking    ] GC(4) Concurrent Preclean 0.058ms
[2023-09-18T15:15:33.231+0900][gc,marking    ] GC(4) Concurrent Mark (2.942s, 2.947s) 5.608ms
[2023-09-18T15:15:33.231+0900][gc,start      ] GC(4) Pause Remark
[2023-09-18T15:15:33.238+0900][gc,stringtable] GC(4) Cleaned string and symbol table, strings: 11216 processed, 11 removed, symbols: 97263 processed, 25 removed
[2023-09-18T15:15:33.238+0900][gc            ] GC(4) Pause Remark 139M->139M(1024M) 6.948ms
[2023-09-18T15:15:33.238+0900][gc,cpu        ] GC(4) User=0.01s Sys=0.01s Real=0.00s
[2023-09-18T15:15:33.238+0900][gc,marking    ] GC(4) Concurrent Rebuild Remembered Sets
[2023-09-18T15:15:33.240+0900][gc,marking    ] GC(4) Concurrent Rebuild Remembered Sets 2.438ms
[2023-09-18T15:15:33.241+0900][gc,start      ] GC(4) Pause Cleanup
[2023-09-18T15:15:33.241+0900][gc            ] GC(4) Pause Cleanup 139M->139M(1024M) 0.159ms
[2023-09-18T15:15:33.241+0900][gc,cpu        ] GC(4) User=0.00s Sys=0.00s Real=0.00s
[2023-09-18T15:15:33.241+0900][gc,marking    ] GC(4) Concurrent Cleanup for Next Mark
[2023-09-18T15:15:33.246+0900][gc,marking    ] GC(4) Concurrent Cleanup for Next Mark 5.335ms
[2023-09-18T15:15:33.246+0900][gc            ] GC(4) Concurrent Cycle 23.591ms
[2023-09-18T15:16:02.830+0900][gc,start      ] GC(5) Pause Young (Normal) (G1 Evacuation Pause)
[2023-09-18T15:16:02.830+0900][gc,task       ] GC(5) Using 8 workers of 8 for evacuation
[2023-09-18T15:16:02.842+0900][gc,phases     ] GC(5)   Pre Evacuate Collection Set: 0.0ms
[2023-09-18T15:16:02.842+0900][gc,phases     ] GC(5)   Evacuate Collection Set: 11.5ms
[2023-09-18T15:16:02.842+0900][gc,phases     ] GC(5)   Post Evacuate Collection Set: 0.5ms
[2023-09-18T15:16:02.842+0900][gc,phases     ] GC(5)   Other: 0.3ms
[2023-09-18T15:16:02.842+0900][gc,heap       ] GC(5) Eden regions: 48->0(44)
[2023-09-18T15:16:02.842+0900][gc,heap       ] GC(5) Survivor regions: 3->7(7)
[2023-09-18T15:16:02.842+0900][gc,heap       ] GC(5) Old regions: 7->7
[2023-09-18T15:16:02.842+0900][gc,heap       ] GC(5) Humongous regions: 129->129
[2023-09-18T15:16:02.842+0900][gc,metaspace  ] GC(5) Metaspace: 42543K->42543K(1087488K)
[2023-09-18T15:16:02.842+0900][gc            ] GC(5) Pause Young (Normal) (G1 Evacuation Pause) 186M->142M(1024M) 12.567ms
[2023-09-18T15:16:02.842+0900][gc,cpu        ] GC(5) User=0.05s Sys=0.02s Real=0.01s
[2023-09-18T15:29:00.032+0900][gc,start      ] GC(6) Pause Young (Normal) (G1 Evacuation Pause)
[2023-09-18T15:29:00.033+0900][gc,task       ] GC(6) Using 8 workers of 8 for evacuation
[2023-09-18T15:29:00.053+0900][gc,mmu        ] GC(6) MMU target violated: 20.2ms (20.0ms/21.0ms)
[2023-09-18T15:29:00.053+0900][gc,phases     ] GC(6)   Pre Evacuate Collection Set: 0.1ms
[2023-09-18T15:29:00.053+0900][gc,phases     ] GC(6)   Evacuate Collection Set: 19.4ms
[2023-09-18T15:29:00.053+0900][gc,phases     ] GC(6)   Post Evacuate Collection Set: 0.5ms
[2023-09-18T15:29:00.053+0900][gc,phases     ] GC(6)   Other: 1.5ms
[2023-09-18T15:29:00.053+0900][gc,heap       ] GC(6) Eden regions: 44->0(49)
[2023-09-18T15:29:00.053+0900][gc,heap       ] GC(6) Survivor regions: 7->2(7)
[2023-09-18T15:29:00.053+0900][gc,heap       ] GC(6) Old regions: 7->14
[2023-09-18T15:29:00.053+0900][gc,heap       ] GC(6) Humongous regions: 129->129
[2023-09-18T15:29:00.053+0900][gc,metaspace  ] GC(6) Metaspace: 44793K->44793K(1089536K)
[2023-09-18T15:29:00.053+0900][gc            ] GC(6) Pause Young (Normal) (G1 Evacuation Pause) 186M->143M(1024M) 21.601ms
[2023-09-18T15:29:00.054+0900][gc,cpu        ] GC(6) User=0.06s Sys=0.03s Real=0.02s
[2023-09-18T15:52:11.557+0900][gc,start      ] GC(7) Pause Young (Normal) (G1 Evacuation Pause)
[2023-09-18T15:52:11.558+0900][gc,task       ] GC(7) Using 8 workers of 8 for evacuation
[2023-09-18T15:52:11.566+0900][gc,phases     ] GC(7)   Pre Evacuate Collection Set: 0.2ms
[2023-09-18T15:52:11.566+0900][gc,phases     ] GC(7)   Evacuate Collection Set: 7.7ms
[2023-09-18T15:52:11.566+0900][gc,phases     ] GC(7)   Post Evacuate Collection Set: 0.3ms
[2023-09-18T15:52:11.566+0900][gc,phases     ] GC(7)   Other: 0.4ms
[2023-09-18T15:52:11.566+0900][gc,heap       ] GC(7) Eden regions: 49->0(49)
[2023-09-18T15:52:11.566+0900][gc,heap       ] GC(7) Survivor regions: 2->2(7)
[2023-09-18T15:52:11.566+0900][gc,heap       ] GC(7) Old regions: 14->14
[2023-09-18T15:52:11.566+0900][gc,heap       ] GC(7) Humongous regions: 129->129
[2023-09-18T15:52:11.566+0900][gc,metaspace  ] GC(7) Metaspace: 45632K->45632K(1091584K)
[2023-09-18T15:52:11.566+0900][gc            ] GC(7) Pause Young (Normal) (G1 Evacuation Pause) 192M->143M(1024M) 8.639ms
[2023-09-18T15:52:11.566+0900][gc,cpu        ] GC(7) User=0.04s Sys=0.01s Real=0.01s
[2023-09-18T15:52:11.760+0900][gc,heap,exit  ] Heap
[2023-09-18T15:52:11.760+0900][gc,heap,exit  ]  garbage-first heap   total 1048576K, used 150156K [0x00000007c0000000, 0x0000000800000000)
[2023-09-18T15:52:11.760+0900][gc,heap,exit  ]   region size 1024K, 6 young (6144K), 2 survivors (2048K)
[2023-09-18T15:52:11.760+0900][gc,heap,exit  ]  Metaspace       used 45782K, capacity 47591K, committed 47740K, reserved 1091584K
[2023-09-18T15:52:11.760+0900][gc,heap,exit  ]   class space    used 5247K, capacity 6062K, committed 6092K, reserved 1048576K
