[2023-09-20T13:41:08.241+0900][gc,heap] Heap region size: 1M
[2023-09-20T13:41:08.244+0900][gc     ] Using G1
[2023-09-20T13:41:08.244+0900][gc,heap,coops] Heap address: 0x00000007e0000000, size: 512 MB, Compressed Oops mode: Zero based, Oop shift amount: 3
[2023-09-20T13:41:09.161+0900][gc,start     ] GC(0) Pause Young (Normal) (G1 Evacuation Pause)
[2023-09-20T13:41:09.161+0900][gc,task      ] GC(0) Using 8 workers of 8 for evacuation
[2023-09-20T13:41:09.171+0900][gc,phases    ] GC(0)   Pre Evacuate Collection Set: 0.0ms
[2023-09-20T13:41:09.171+0900][gc,phases    ] GC(0)   Evacuate Collection Set: 9.6ms
[2023-09-20T13:41:09.171+0900][gc,phases    ] GC(0)   Post Evacuate Collection Set: 0.3ms
[2023-09-20T13:41:09.171+0900][gc,phases    ] GC(0)   Other: 0.6ms
[2023-09-20T13:41:09.171+0900][gc,heap      ] GC(0) Eden regions: 25->0(21)
[2023-09-20T13:41:09.171+0900][gc,heap      ] GC(0) Survivor regions: 0->4(4)
[2023-09-20T13:41:09.171+0900][gc,heap      ] GC(0) Old regions: 0->4
[2023-09-20T13:41:09.171+0900][gc,heap      ] GC(0) Humongous regions: 0->0
[2023-09-20T13:41:09.171+0900][gc,metaspace ] GC(0) Metaspace: 14815K->14815K(1062912K)
[2023-09-20T13:41:09.171+0900][gc           ] GC(0) Pause Young (Normal) (G1 Evacuation Pause) 25M->7M(512M) 10.755ms
[2023-09-20T13:41:09.171+0900][gc,cpu       ] GC(0) User=0.02s Sys=0.02s Real=0.01s
[2023-09-20T16:01:54.419+0900][gc,start     ] GC(1) Pause Young (Normal) (G1 Evacuation Pause)
[2023-09-20T16:01:54.421+0900][gc,task      ] GC(1) Using 8 workers of 8 for evacuation
[2023-09-20T16:01:54.480+0900][gc,mmu       ] GC(1) MMU target violated: 21.0ms (20.0ms/21.0ms)
[2023-09-20T16:01:54.480+0900][gc,phases    ] GC(1)   Pre Evacuate Collection Set: 0.4ms
[2023-09-20T16:01:54.480+0900][gc,phases    ] GC(1)   Evacuate Collection Set: 57.6ms
[2023-09-20T16:01:54.480+0900][gc,phases    ] GC(1)   Post Evacuate Collection Set: 0.5ms
[2023-09-20T16:01:54.480+0900][gc,phases    ] GC(1)   Other: 2.9ms
[2023-09-20T16:01:54.480+0900][gc,heap      ] GC(1) Eden regions: 21->0(24)
[2023-09-20T16:01:54.480+0900][gc,heap      ] GC(1) Survivor regions: 4->1(4)
[2023-09-20T16:01:54.480+0900][gc,heap      ] GC(1) Old regions: 4->8
[2023-09-20T16:01:54.480+0900][gc,heap      ] GC(1) Humongous regions: 0->0
[2023-09-20T16:01:54.480+0900][gc,metaspace ] GC(1) Metaspace: 16944K->16944K(1064960K)
[2023-09-20T16:01:54.480+0900][gc           ] GC(1) Pause Young (Normal) (G1 Evacuation Pause) 28M->8M(512M) 61.379ms
[2023-09-20T16:01:54.480+0900][gc,cpu       ] GC(1) User=0.13s Sys=0.11s Real=0.07s
