[2023-09-18T15:48:26.182+0900][gc,heap] Heap region size: 1M
[2023-09-18T15:48:26.186+0900][gc     ] Using G1
[2023-09-18T15:48:26.186+0900][gc,heap,coops] Heap address: 0x00000007e0000000, size: 512 MB, Compressed Oops mode: Zero based, Oop shift amount: 3
[2023-09-18T15:48:27.046+0900][gc,start     ] GC(0) Pause Young (Normal) (G1 Evacuation Pause)
[2023-09-18T15:48:27.046+0900][gc,task      ] GC(0) Using 8 workers of 8 for evacuation
[2023-09-18T15:48:27.057+0900][gc,phases    ] GC(0)   Pre Evacuate Collection Set: 0.0ms
[2023-09-18T15:48:27.057+0900][gc,phases    ] GC(0)   Evacuate Collection Set: 10.0ms
[2023-09-18T15:48:27.057+0900][gc,phases    ] GC(0)   Post Evacuate Collection Set: 0.4ms
[2023-09-18T15:48:27.057+0900][gc,phases    ] GC(0)   Other: 0.6ms
[2023-09-18T15:48:27.057+0900][gc,heap      ] GC(0) Eden regions: 25->0(21)
[2023-09-18T15:48:27.057+0900][gc,heap      ] GC(0) Survivor regions: 0->4(4)
[2023-09-18T15:48:27.057+0900][gc,heap      ] GC(0) Old regions: 0->4
[2023-09-18T15:48:27.057+0900][gc,heap      ] GC(0) Humongous regions: 0->0
[2023-09-18T15:48:27.057+0900][gc,metaspace ] GC(0) Metaspace: 14818K->14818K(1062912K)
[2023-09-18T15:48:27.057+0900][gc           ] GC(0) Pause Young (Normal) (G1 Evacuation Pause) 25M->7M(512M) 11.209ms
[2023-09-18T15:48:27.057+0900][gc,cpu       ] GC(0) User=0.03s Sys=0.02s Real=0.01s
[2023-09-18T18:43:55.086+0900][gc,start     ] GC(1) Pause Young (Normal) (G1 Evacuation Pause)
[2023-09-18T18:43:55.088+0900][gc,task      ] GC(1) Using 8 workers of 8 for evacuation
[2023-09-18T18:43:55.149+0900][gc,mmu       ] GC(1) MMU target violated: 21.0ms (20.0ms/21.0ms)
[2023-09-18T18:43:55.149+0900][gc,phases    ] GC(1)   Pre Evacuate Collection Set: 0.5ms
[2023-09-18T18:43:55.149+0900][gc,phases    ] GC(1)   Evacuate Collection Set: 59.4ms
[2023-09-18T18:43:55.149+0900][gc,phases    ] GC(1)   Post Evacuate Collection Set: 0.5ms
[2023-09-18T18:43:55.149+0900][gc,phases    ] GC(1)   Other: 3.2ms
[2023-09-18T18:43:55.149+0900][gc,heap      ] GC(1) Eden regions: 21->0(24)
[2023-09-18T18:43:55.149+0900][gc,heap      ] GC(1) Survivor regions: 4->1(4)
[2023-09-18T18:43:55.149+0900][gc,heap      ] GC(1) Old regions: 4->8
[2023-09-18T18:43:55.149+0900][gc,heap      ] GC(1) Humongous regions: 0->0
[2023-09-18T18:43:55.149+0900][gc,metaspace ] GC(1) Metaspace: 17040K->17040K(1064960K)
[2023-09-18T18:43:55.150+0900][gc           ] GC(1) Pause Young (Normal) (G1 Evacuation Pause) 28M->7M(512M) 63.529ms
[2023-09-18T18:43:55.150+0900][gc,cpu       ] GC(1) User=0.12s Sys=0.11s Real=0.07s
[2023-09-19T02:11:29.929+0900][gc,start     ] GC(2) Pause Young (Normal) (G1 Evacuation Pause)
[2023-09-19T02:11:29.930+0900][gc,task      ] GC(2) Using 8 workers of 8 for evacuation
[2023-09-19T02:11:29.982+0900][gc,mmu       ] GC(2) MMU target violated: 21.0ms (20.0ms/21.0ms)
[2023-09-19T02:11:29.982+0900][gc,phases    ] GC(2)   Pre Evacuate Collection Set: 0.7ms
[2023-09-19T02:11:29.982+0900][gc,phases    ] GC(2)   Evacuate Collection Set: 45.9ms
[2023-09-19T02:11:29.982+0900][gc,phases    ] GC(2)   Post Evacuate Collection Set: 1.8ms
[2023-09-19T02:11:29.982+0900][gc,phases    ] GC(2)   Other: 8.5ms
[2023-09-19T02:11:29.983+0900][gc,heap      ] GC(2) Eden regions: 24->0(24)
[2023-09-19T02:11:29.983+0900][gc,heap      ] GC(2) Survivor regions: 1->1(4)
[2023-09-19T02:11:29.983+0900][gc,heap      ] GC(2) Old regions: 8->8
[2023-09-19T02:11:29.983+0900][gc,heap      ] GC(2) Humongous regions: 0->0
[2023-09-19T02:11:29.983+0900][gc,metaspace ] GC(2) Metaspace: 17052K->17052K(1064960K)
[2023-09-19T02:11:29.983+0900][gc           ] GC(2) Pause Young (Normal) (G1 Evacuation Pause) 31M->7M(512M) 54.721ms
[2023-09-19T02:11:29.983+0900][gc,cpu       ] GC(2) User=0.14s Sys=0.04s Real=0.06s
[2023-09-19T09:58:30.206+0900][gc,start     ] GC(3) Pause Young (Normal) (G1 Evacuation Pause)
[2023-09-19T09:58:30.208+0900][gc,task      ] GC(3) Using 8 workers of 8 for evacuation
[2023-09-19T09:58:30.245+0900][gc,mmu       ] GC(3) MMU target violated: 21.0ms (20.0ms/21.0ms)
[2023-09-19T09:58:30.245+0900][gc,phases    ] GC(3)   Pre Evacuate Collection Set: 2.2ms
[2023-09-19T09:58:30.245+0900][gc,phases    ] GC(3)   Evacuate Collection Set: 30.8ms
[2023-09-19T09:58:30.245+0900][gc,phases    ] GC(3)   Post Evacuate Collection Set: 1.7ms
[2023-09-19T09:58:30.246+0900][gc,phases    ] GC(3)   Other: 7.1ms
[2023-09-19T09:58:30.246+0900][gc,heap      ] GC(3) Eden regions: 24->0(24)
[2023-09-19T09:58:30.246+0900][gc,heap      ] GC(3) Survivor regions: 1->1(4)
[2023-09-19T09:58:30.246+0900][gc,heap      ] GC(3) Old regions: 8->8
[2023-09-19T09:58:30.246+0900][gc,heap      ] GC(3) Humongous regions: 0->0
[2023-09-19T09:58:30.246+0900][gc,metaspace ] GC(3) Metaspace: 17052K->17052K(1064960K)
[2023-09-19T09:58:30.246+0900][gc           ] GC(3) Pause Young (Normal) (G1 Evacuation Pause) 31M->7M(512M) 40.757ms
[2023-09-19T09:58:30.246+0900][gc,cpu       ] GC(3) User=0.07s Sys=0.04s Real=0.04s
