[2023-10-04T13:50:07.929+0900][gc,heap] Heap region size: 1M
[2023-10-04T13:50:07.936+0900][gc     ] Using G1
[2023-10-04T13:50:07.936+0900][gc,heap,coops] Heap address: 0x00000007c0000000, size: 1024 MB, Compressed Oops mode: Zero based, Oop shift amount: 3
[2023-10-04T13:50:09.152+0900][gc,start     ] GC(0) Pause Young (Concurrent Start) (Metadata GC Threshold)
[2023-10-04T13:50:09.152+0900][gc,task      ] GC(0) Using 8 workers of 8 for evacuation
[2023-10-04T13:50:09.167+0900][gc,phases    ] GC(0)   Pre Evacuate Collection Set: 0.0ms
[2023-10-04T13:50:09.167+0900][gc,phases    ] GC(0)   Evacuate Collection Set: 13.5ms
[2023-10-04T13:50:09.167+0900][gc,phases    ] GC(0)   Post Evacuate Collection Set: 0.6ms
[2023-10-04T13:50:09.167+0900][gc,phases    ] GC(0)   Other: 0.7ms
[2023-10-04T13:50:09.167+0900][gc,heap      ] GC(0) Eden regions: 47->0(44)
[2023-10-04T13:50:09.167+0900][gc,heap      ] GC(0) Survivor regions: 0->7(7)
[2023-10-04T13:50:09.167+0900][gc,heap      ] GC(0) Old regions: 0->1
[2023-10-04T13:50:09.167+0900][gc,heap      ] GC(0) Humongous regions: 0->0
[2023-10-04T13:50:09.167+0900][gc,metaspace ] GC(0) Metaspace: 20680K->20680K(1069056K)
[2023-10-04T13:50:09.167+0900][gc           ] GC(0) Pause Young (Concurrent Start) (Metadata GC Threshold) 46M->7M(1024M) 14.945ms
[2023-10-04T13:50:09.167+0900][gc,cpu       ] GC(0) User=0.02s Sys=0.02s Real=0.01s
[2023-10-04T13:50:09.167+0900][gc           ] GC(1) Concurrent Cycle
[2023-10-04T13:50:09.167+0900][gc,marking   ] GC(1) Concurrent Clear Claimed Marks
[2023-10-04T13:50:09.167+0900][gc,marking   ] GC(1) Concurrent Clear Claimed Marks 0.114ms
[2023-10-04T13:50:09.167+0900][gc,marking   ] GC(1) Concurrent Scan Root Regions
[2023-10-04T13:50:09.169+0900][gc,marking   ] GC(1) Concurrent Scan Root Regions 1.735ms
[2023-10-04T13:50:09.169+0900][gc,marking   ] GC(1) Concurrent Mark (1.250s)
[2023-10-04T13:50:09.169+0900][gc,marking   ] GC(1) Concurrent Mark From Roots
[2023-10-04T13:50:09.170+0900][gc,task      ] GC(1) Using 2 workers of 2 for marking
[2023-10-04T13:50:09.170+0900][gc,marking   ] GC(1) Concurrent Mark From Roots 1.231ms
[2023-10-04T13:50:09.170+0900][gc,marking   ] GC(1) Concurrent Preclean
[2023-10-04T13:50:09.170+0900][gc,marking   ] GC(1) Concurrent Preclean 0.024ms
[2023-10-04T13:50:09.170+0900][gc,marking   ] GC(1) Concurrent Mark (1.250s, 1.251s) 1.280ms
[2023-10-04T13:50:09.180+0900][gc,start     ] GC(1) Pause Remark
[2023-10-04T13:50:09.185+0900][gc,stringtable] GC(1) Cleaned string and symbol table, strings: 7395 processed, 0 removed, symbols: 64830 processed, 34 removed
[2023-10-04T13:50:09.186+0900][gc            ] GC(1) Pause Remark 7M->7M(1024M) 5.618ms
[2023-10-04T13:50:09.186+0900][gc,cpu        ] GC(1) User=0.01s Sys=0.00s Real=0.00s
[2023-10-04T13:50:09.186+0900][gc,marking    ] GC(1) Concurrent Rebuild Remembered Sets
[2023-10-04T13:50:09.189+0900][gc,marking    ] GC(1) Concurrent Rebuild Remembered Sets 3.209ms
[2023-10-04T13:50:09.190+0900][gc,start      ] GC(1) Pause Cleanup
[2023-10-04T13:50:09.190+0900][gc            ] GC(1) Pause Cleanup 7M->7M(1024M) 0.165ms
[2023-10-04T13:50:09.190+0900][gc,cpu        ] GC(1) User=0.00s Sys=0.00s Real=0.00s
[2023-10-04T13:50:09.190+0900][gc,marking    ] GC(1) Concurrent Cleanup for Next Mark
[2023-10-04T13:50:09.193+0900][gc,marking    ] GC(1) Concurrent Cleanup for Next Mark 3.424ms
[2023-10-04T13:50:09.193+0900][gc            ] GC(1) Concurrent Cycle 25.953ms
[2023-10-04T13:50:10.456+0900][gc,start      ] GC(2) Pause Young (Normal) (G1 Evacuation Pause)
[2023-10-04T13:50:10.456+0900][gc,task       ] GC(2) Using 8 workers of 8 for evacuation
[2023-10-04T13:50:10.470+0900][gc,phases     ] GC(2)   Pre Evacuate Collection Set: 0.0ms
[2023-10-04T13:50:10.470+0900][gc,phases     ] GC(2)   Evacuate Collection Set: 13.8ms
[2023-10-04T13:50:10.470+0900][gc,phases     ] GC(2)   Post Evacuate Collection Set: 0.3ms
[2023-10-04T13:50:10.470+0900][gc,phases     ] GC(2)   Other: 0.1ms
[2023-10-04T13:50:10.470+0900][gc,heap       ] GC(2) Eden regions: 44->0(49)
[2023-10-04T13:50:10.470+0900][gc,heap       ] GC(2) Survivor regions: 7->2(7)
[2023-10-04T13:50:10.470+0900][gc,heap       ] GC(2) Old regions: 1->7
[2023-10-04T13:50:10.470+0900][gc,heap       ] GC(2) Humongous regions: 0->0
[2023-10-04T13:50:10.470+0900][gc,metaspace  ] GC(2) Metaspace: 29568K->29568K(1077248K)
[2023-10-04T13:50:10.470+0900][gc            ] GC(2) Pause Young (Normal) (G1 Evacuation Pause) 51M->8M(1024M) 14.407ms
[2023-10-04T13:50:10.470+0900][gc,cpu        ] GC(2) User=0.06s Sys=0.02s Real=0.02s
[2023-10-04T13:50:11.081+0900][gc,start      ] GC(3) Pause Young (Concurrent Start) (Metadata GC Threshold)
[2023-10-04T13:50:11.081+0900][gc,task       ] GC(3) Using 8 workers of 8 for evacuation
[2023-10-04T13:50:11.086+0900][gc,phases     ] GC(3)   Pre Evacuate Collection Set: 0.0ms
[2023-10-04T13:50:11.086+0900][gc,phases     ] GC(3)   Evacuate Collection Set: 5.3ms
[2023-10-04T13:50:11.086+0900][gc,phases     ] GC(3)   Post Evacuate Collection Set: 0.2ms
[2023-10-04T13:50:11.086+0900][gc,phases     ] GC(3)   Other: 0.2ms
[2023-10-04T13:50:11.086+0900][gc,heap       ] GC(3) Eden regions: 33->0(47)
[2023-10-04T13:50:11.086+0900][gc,heap       ] GC(3) Survivor regions: 2->4(7)
[2023-10-04T13:50:11.086+0900][gc,heap       ] GC(3) Old regions: 7->7
[2023-10-04T13:50:11.086+0900][gc,heap       ] GC(3) Humongous regions: 129->129
[2023-10-04T13:50:11.086+0900][gc,metaspace  ] GC(3) Metaspace: 34496K->34496K(1081344K)
[2023-10-04T13:50:11.086+0900][gc            ] GC(3) Pause Young (Concurrent Start) (Metadata GC Threshold) 169M->139M(1024M) 5.815ms
[2023-10-04T13:50:11.086+0900][gc,cpu        ] GC(3) User=0.03s Sys=0.00s Real=0.00s
[2023-10-04T13:50:11.086+0900][gc            ] GC(4) Concurrent Cycle
[2023-10-04T13:50:11.086+0900][gc,marking    ] GC(4) Concurrent Clear Claimed Marks
[2023-10-04T13:50:11.086+0900][gc,marking    ] GC(4) Concurrent Clear Claimed Marks 0.017ms
[2023-10-04T13:50:11.086+0900][gc,marking    ] GC(4) Concurrent Scan Root Regions
[2023-10-04T13:50:11.088+0900][gc,marking    ] GC(4) Concurrent Scan Root Regions 1.114ms
[2023-10-04T13:50:11.089+0900][gc,marking    ] GC(4) Concurrent Mark (3.170s)
[2023-10-04T13:50:11.089+0900][gc,marking    ] GC(4) Concurrent Mark From Roots
[2023-10-04T13:50:11.089+0900][gc,task       ] GC(4) Using 2 workers of 2 for marking
[2023-10-04T13:50:11.094+0900][gc,marking    ] GC(4) Concurrent Mark From Roots 5.155ms
[2023-10-04T13:50:11.109+0900][gc,marking    ] GC(4) Concurrent Preclean
[2023-10-04T13:50:11.109+0900][gc,marking    ] GC(4) Concurrent Preclean 0.087ms
[2023-10-04T13:50:11.109+0900][gc,marking    ] GC(4) Concurrent Mark (3.170s, 3.190s) 20.277ms
[2023-10-04T13:50:11.109+0900][gc,start      ] GC(4) Pause Remark
[2023-10-04T13:50:11.128+0900][gc,stringtable] GC(4) Cleaned string and symbol table, strings: 11308 processed, 9 removed, symbols: 98097 processed, 26 removed
[2023-10-04T13:50:11.128+0900][gc            ] GC(4) Pause Remark 141M->141M(1024M) 18.985ms
[2023-10-04T13:50:11.128+0900][gc,cpu        ] GC(4) User=0.02s Sys=0.01s Real=0.02s
[2023-10-04T13:50:11.129+0900][gc,marking    ] GC(4) Concurrent Rebuild Remembered Sets
[2023-10-04T13:50:11.131+0900][gc,marking    ] GC(4) Concurrent Rebuild Remembered Sets 1.973ms
[2023-10-04T13:50:11.131+0900][gc,start      ] GC(4) Pause Cleanup
[2023-10-04T13:50:11.131+0900][gc            ] GC(4) Pause Cleanup 141M->141M(1024M) 0.172ms
[2023-10-04T13:50:11.131+0900][gc,cpu        ] GC(4) User=0.00s Sys=0.00s Real=0.00s
[2023-10-04T13:50:11.131+0900][gc,marking    ] GC(4) Concurrent Cleanup for Next Mark
[2023-10-04T13:50:11.136+0900][gc,marking    ] GC(4) Concurrent Cleanup for Next Mark 4.287ms
[2023-10-04T13:50:11.136+0900][gc            ] GC(4) Concurrent Cycle 49.236ms
[2023-10-04T13:50:11.719+0900][gc,start      ] GC(5) Pause Young (Normal) (G1 Evacuation Pause)
[2023-10-04T13:50:11.719+0900][gc,task       ] GC(5) Using 8 workers of 8 for evacuation
[2023-10-04T13:50:11.727+0900][gc,phases     ] GC(5)   Pre Evacuate Collection Set: 0.0ms
[2023-10-04T13:50:11.727+0900][gc,phases     ] GC(5)   Evacuate Collection Set: 8.4ms
[2023-10-04T13:50:11.727+0900][gc,phases     ] GC(5)   Post Evacuate Collection Set: 0.3ms
[2023-10-04T13:50:11.727+0900][gc,phases     ] GC(5)   Other: 0.2ms
[2023-10-04T13:50:11.727+0900][gc,heap       ] GC(5) Eden regions: 47->0(44)
[2023-10-04T13:50:11.727+0900][gc,heap       ] GC(5) Survivor regions: 4->7(7)
[2023-10-04T13:50:11.727+0900][gc,heap       ] GC(5) Old regions: 7->7
[2023-10-04T13:50:11.727+0900][gc,heap       ] GC(5) Humongous regions: 129->129
[2023-10-04T13:50:11.728+0900][gc,metaspace  ] GC(5) Metaspace: 42335K->42335K(1087488K)
[2023-10-04T13:50:11.728+0900][gc            ] GC(5) Pause Young (Normal) (G1 Evacuation Pause) 186M->142M(1024M) 9.005ms
[2023-10-04T13:50:11.728+0900][gc,cpu        ] GC(5) User=0.03s Sys=0.01s Real=0.01s
[2023-10-04T13:50:15.894+0900][gc,start      ] GC(6) Pause Young (Normal) (G1 Evacuation Pause)
[2023-10-04T13:50:15.894+0900][gc,task       ] GC(6) Using 8 workers of 8 for evacuation
[2023-10-04T13:50:15.906+0900][gc,phases     ] GC(6)   Pre Evacuate Collection Set: 0.0ms
[2023-10-04T13:50:15.906+0900][gc,phases     ] GC(6)   Evacuate Collection Set: 10.7ms
[2023-10-04T13:50:15.906+0900][gc,phases     ] GC(6)   Post Evacuate Collection Set: 0.6ms
[2023-10-04T13:50:15.906+0900][gc,phases     ] GC(6)   Other: 0.2ms
[2023-10-04T13:50:15.906+0900][gc,heap       ] GC(6) Eden regions: 44->0(48)
[2023-10-04T13:50:15.906+0900][gc,heap       ] GC(6) Survivor regions: 7->3(7)
[2023-10-04T13:50:15.906+0900][gc,heap       ] GC(6) Old regions: 7->14
[2023-10-04T13:50:15.906+0900][gc,heap       ] GC(6) Humongous regions: 129->129
[2023-10-04T13:50:15.906+0900][gc,metaspace  ] GC(6) Metaspace: 48690K->48690K(1093632K)
[2023-10-04T13:50:15.906+0900][gc            ] GC(6) Pause Young (Normal) (G1 Evacuation Pause) 186M->145M(1024M) 11.577ms
[2023-10-04T13:50:15.906+0900][gc,cpu        ] GC(6) User=0.05s Sys=0.01s Real=0.01s
[2023-10-04T14:03:27.389+0900][gc,start      ] GC(7) Pause Young (Normal) (G1 Evacuation Pause)
[2023-10-04T14:03:27.391+0900][gc,task       ] GC(7) Using 8 workers of 8 for evacuation
[2023-10-04T14:03:27.458+0900][gc,mmu        ] GC(7) MMU target violated: 21.0ms (20.0ms/21.0ms)
[2023-10-04T14:03:27.458+0900][gc,phases     ] GC(7)   Pre Evacuate Collection Set: 0.7ms
[2023-10-04T14:03:27.458+0900][gc,phases     ] GC(7)   Evacuate Collection Set: 64.6ms
[2023-10-04T14:03:27.458+0900][gc,phases     ] GC(7)   Post Evacuate Collection Set: 0.9ms
[2023-10-04T14:03:27.458+0900][gc,phases     ] GC(7)   Other: 3.0ms
[2023-10-04T14:03:27.458+0900][gc,heap       ] GC(7) Eden regions: 48->0(46)
[2023-10-04T14:03:27.458+0900][gc,heap       ] GC(7) Survivor regions: 3->5(7)
[2023-10-04T14:03:27.458+0900][gc,heap       ] GC(7) Old regions: 14->14
[2023-10-04T14:03:27.458+0900][gc,heap       ] GC(7) Humongous regions: 129->129
[2023-10-04T14:03:27.458+0900][gc,metaspace  ] GC(7) Metaspace: 51074K->51074K(1095680K)
[2023-10-04T14:03:27.458+0900][gc            ] GC(7) Pause Young (Normal) (G1 Evacuation Pause) 193M->146M(1024M) 69.147ms
[2023-10-04T14:03:27.458+0900][gc,cpu        ] GC(7) User=0.12s Sys=0.11s Real=0.07s
[2023-10-04T14:14:58.797+0900][gc,start      ] GC(8) Pause Young (Normal) (G1 Evacuation Pause)
[2023-10-04T14:14:58.799+0900][gc,task       ] GC(8) Using 8 workers of 8 for evacuation
[2023-10-04T14:14:58.843+0900][gc,mmu        ] GC(8) MMU target violated: 21.0ms (20.0ms/21.0ms)
[2023-10-04T14:14:58.843+0900][gc,phases     ] GC(8)   Pre Evacuate Collection Set: 0.7ms
[2023-10-04T14:14:58.843+0900][gc,phases     ] GC(8)   Evacuate Collection Set: 42.5ms
[2023-10-04T14:14:58.843+0900][gc,phases     ] GC(8)   Post Evacuate Collection Set: 0.6ms
[2023-10-04T14:14:58.843+0900][gc,phases     ] GC(8)   Other: 2.2ms
[2023-10-04T14:14:58.843+0900][gc,heap       ] GC(8) Eden regions: 46->0(46)
[2023-10-04T14:14:58.843+0900][gc,heap       ] GC(8) Survivor regions: 5->5(7)
[2023-10-04T14:14:58.843+0900][gc,heap       ] GC(8) Old regions: 14->16
[2023-10-04T14:14:58.843+0900][gc,heap       ] GC(8) Humongous regions: 129->129
[2023-10-04T14:14:58.843+0900][gc,metaspace  ] GC(8) Metaspace: 51718K->51718K(1095680K)
[2023-10-04T14:14:58.843+0900][gc            ] GC(8) Pause Young (Normal) (G1 Evacuation Pause) 192M->149M(1024M) 45.924ms
[2023-10-04T14:14:58.843+0900][gc,cpu        ] GC(8) User=0.10s Sys=0.10s Real=0.05s
[2023-10-04T14:18:01.696+0900][gc,start      ] GC(9) Pause Young (Normal) (G1 Evacuation Pause)
[2023-10-04T14:18:01.697+0900][gc,task       ] GC(9) Using 8 workers of 8 for evacuation
[2023-10-04T14:18:01.724+0900][gc,mmu        ] GC(9) MMU target violated: 21.0ms (20.0ms/21.0ms)
[2023-10-04T14:18:01.724+0900][gc,phases     ] GC(9)   Pre Evacuate Collection Set: 0.6ms
[2023-10-04T14:18:01.724+0900][gc,phases     ] GC(9)   Evacuate Collection Set: 24.8ms
[2023-10-04T14:18:01.724+0900][gc,phases     ] GC(9)   Post Evacuate Collection Set: 0.5ms
[2023-10-04T14:18:01.724+0900][gc,phases     ] GC(9)   Other: 2.4ms
[2023-10-04T14:18:01.724+0900][gc,heap       ] GC(9) Eden regions: 46->0(47)
[2023-10-04T14:18:01.724+0900][gc,heap       ] GC(9) Survivor regions: 5->4(7)
[2023-10-04T14:18:01.724+0900][gc,heap       ] GC(9) Old regions: 16->17
[2023-10-04T14:18:01.724+0900][gc,heap       ] GC(9) Humongous regions: 129->129
[2023-10-04T14:18:01.724+0900][gc,metaspace  ] GC(9) Metaspace: 51749K->51749K(1095680K)
[2023-10-04T14:18:01.724+0900][gc            ] GC(9) Pause Young (Normal) (G1 Evacuation Pause) 195M->148M(1024M) 28.300ms
[2023-10-04T14:18:01.724+0900][gc,cpu        ] GC(9) User=0.06s Sys=0.04s Real=0.03s
[2023-10-04T14:21:14.157+0900][gc,start      ] GC(10) Pause Young (Normal) (G1 Evacuation Pause)
[2023-10-04T14:21:14.158+0900][gc,task       ] GC(10) Using 8 workers of 8 for evacuation
[2023-10-04T14:21:14.173+0900][gc,phases     ] GC(10)   Pre Evacuate Collection Set: 0.4ms
[2023-10-04T14:21:14.173+0900][gc,phases     ] GC(10)   Evacuate Collection Set: 13.9ms
[2023-10-04T14:21:14.173+0900][gc,phases     ] GC(10)   Post Evacuate Collection Set: 0.5ms
[2023-10-04T14:21:14.173+0900][gc,phases     ] GC(10)   Other: 1.5ms
[2023-10-04T14:21:14.173+0900][gc,heap       ] GC(10) Eden regions: 47->0(46)
[2023-10-04T14:21:14.173+0900][gc,heap       ] GC(10) Survivor regions: 4->5(7)
[2023-10-04T14:21:14.173+0900][gc,heap       ] GC(10) Old regions: 17->17
[2023-10-04T14:21:14.173+0900][gc,heap       ] GC(10) Humongous regions: 129->129
[2023-10-04T14:21:14.173+0900][gc,metaspace  ] GC(10) Metaspace: 51788K->51788K(1095680K)
[2023-10-04T14:21:14.174+0900][gc            ] GC(10) Pause Young (Normal) (G1 Evacuation Pause) 195M->150M(1024M) 16.398ms
[2023-10-04T14:21:14.174+0900][gc,cpu        ] GC(10) User=0.02s Sys=0.05s Real=0.02s
[2023-10-04T14:24:24.287+0900][gc,start      ] GC(11) Pause Young (Normal) (G1 Evacuation Pause)
[2023-10-04T14:24:24.289+0900][gc,task       ] GC(11) Using 8 workers of 8 for evacuation
[2023-10-04T14:24:24.321+0900][gc,mmu        ] GC(11) MMU target violated: 21.0ms (20.0ms/21.0ms)
[2023-10-04T14:24:24.321+0900][gc,phases     ] GC(11)   Pre Evacuate Collection Set: 0.7ms
[2023-10-04T14:24:24.321+0900][gc,phases     ] GC(11)   Evacuate Collection Set: 28.3ms
[2023-10-04T14:24:24.321+0900][gc,phases     ] GC(11)   Post Evacuate Collection Set: 1.1ms
[2023-10-04T14:24:24.321+0900][gc,phases     ] GC(11)   Other: 4.0ms
[2023-10-04T14:24:24.321+0900][gc,heap       ] GC(11) Eden regions: 46->0(48)
[2023-10-04T14:24:24.321+0900][gc,heap       ] GC(11) Survivor regions: 5->3(7)
[2023-10-04T14:24:24.321+0900][gc,heap       ] GC(11) Old regions: 17->18
[2023-10-04T14:24:24.321+0900][gc,heap       ] GC(11) Humongous regions: 129->129
[2023-10-04T14:24:24.321+0900][gc,metaspace  ] GC(11) Metaspace: 51817K->51817K(1095680K)
[2023-10-04T14:24:24.321+0900][gc            ] GC(11) Pause Young (Normal) (G1 Evacuation Pause) 196M->148M(1024M) 34.095ms
[2023-10-04T14:24:24.321+0900][gc,cpu        ] GC(11) User=0.03s Sys=0.04s Real=0.04s
[2023-10-04T14:27:32.427+0900][gc,start      ] GC(12) Pause Young (Normal) (G1 Evacuation Pause)
[2023-10-04T14:27:32.428+0900][gc,task       ] GC(12) Using 8 workers of 8 for evacuation
[2023-10-04T14:27:32.458+0900][gc,mmu        ] GC(12) MMU target violated: 21.0ms (20.0ms/21.0ms)
[2023-10-04T14:27:32.459+0900][gc,phases     ] GC(12)   Pre Evacuate Collection Set: 1.0ms
[2023-10-04T14:27:32.459+0900][gc,phases     ] GC(12)   Evacuate Collection Set: 28.0ms
[2023-10-04T14:27:32.459+0900][gc,phases     ] GC(12)   Post Evacuate Collection Set: 0.5ms
[2023-10-04T14:27:32.459+0900][gc,phases     ] GC(12)   Other: 2.8ms
[2023-10-04T14:27:32.459+0900][gc,heap       ] GC(12) Eden regions: 48->0(46)
[2023-10-04T14:27:32.459+0900][gc,heap       ] GC(12) Survivor regions: 3->5(7)
[2023-10-04T14:27:32.459+0900][gc,heap       ] GC(12) Old regions: 18->18
[2023-10-04T14:27:32.459+0900][gc,heap       ] GC(12) Humongous regions: 129->129
[2023-10-04T14:27:32.459+0900][gc,metaspace  ] GC(12) Metaspace: 51867K->51867K(1095680K)
[2023-10-04T14:27:32.459+0900][gc            ] GC(12) Pause Young (Normal) (G1 Evacuation Pause) 196M->150M(1024M) 31.758ms
[2023-10-04T14:27:32.459+0900][gc,cpu        ] GC(12) User=0.04s Sys=0.06s Real=0.03s
[2023-10-04T14:30:20.460+0900][gc,start      ] GC(13) Pause Young (Normal) (G1 Evacuation Pause)
[2023-10-04T14:30:20.462+0900][gc,task       ] GC(13) Using 8 workers of 8 for evacuation
[2023-10-04T14:30:20.511+0900][gc,mmu        ] GC(13) MMU target violated: 21.0ms (20.0ms/21.0ms)
[2023-10-04T14:30:20.511+0900][gc,phases     ] GC(13)   Pre Evacuate Collection Set: 0.6ms
[2023-10-04T14:30:20.511+0900][gc,phases     ] GC(13)   Evacuate Collection Set: 46.5ms
[2023-10-04T14:30:20.511+0900][gc,phases     ] GC(13)   Post Evacuate Collection Set: 1.2ms
[2023-10-04T14:30:20.511+0900][gc,phases     ] GC(13)   Other: 2.7ms
[2023-10-04T14:30:20.511+0900][gc,heap       ] GC(13) Eden regions: 46->0(47)
[2023-10-04T14:30:20.511+0900][gc,heap       ] GC(13) Survivor regions: 5->4(7)
[2023-10-04T14:30:20.511+0900][gc,heap       ] GC(13) Old regions: 18->18
[2023-10-04T14:30:20.511+0900][gc,heap       ] GC(13) Humongous regions: 129->129
[2023-10-04T14:30:20.511+0900][gc,metaspace  ] GC(13) Metaspace: 51907K->51907K(1095680K)
[2023-10-04T14:30:20.511+0900][gc            ] GC(13) Pause Young (Normal) (G1 Evacuation Pause) 196M->150M(1024M) 51.040ms
[2023-10-04T14:30:20.511+0900][gc,cpu        ] GC(13) User=0.04s Sys=0.08s Real=0.05s
[2023-10-04T14:33:12.832+0900][gc,start      ] GC(14) Pause Young (Normal) (G1 Evacuation Pause)
[2023-10-04T14:33:12.834+0900][gc,task       ] GC(14) Using 8 workers of 8 for evacuation
[2023-10-04T14:33:12.854+0900][gc,phases     ] GC(14)   Pre Evacuate Collection Set: 0.8ms
[2023-10-04T14:33:12.854+0900][gc,phases     ] GC(14)   Evacuate Collection Set: 16.0ms
[2023-10-04T14:33:12.854+0900][gc,phases     ] GC(14)   Post Evacuate Collection Set: 0.6ms
[2023-10-04T14:33:12.854+0900][gc,phases     ] GC(14)   Other: 4.6ms
[2023-10-04T14:33:12.854+0900][gc,heap       ] GC(14) Eden regions: 47->0(46)
[2023-10-04T14:33:12.854+0900][gc,heap       ] GC(14) Survivor regions: 4->5(7)
[2023-10-04T14:33:12.854+0900][gc,heap       ] GC(14) Old regions: 18->18
[2023-10-04T14:33:12.854+0900][gc,heap       ] GC(14) Humongous regions: 129->129
[2023-10-04T14:33:12.854+0900][gc,metaspace  ] GC(14) Metaspace: 51939K->51939K(1097728K)
[2023-10-04T14:33:12.854+0900][gc            ] GC(14) Pause Young (Normal) (G1 Evacuation Pause) 197M->151M(1024M) 21.997ms
[2023-10-04T14:33:12.854+0900][gc,cpu        ] GC(14) User=0.03s Sys=0.01s Real=0.02s
[2023-10-04T14:36:01.630+0900][gc,start      ] GC(15) Pause Young (Normal) (G1 Evacuation Pause)
[2023-10-04T14:36:01.632+0900][gc,task       ] GC(15) Using 8 workers of 8 for evacuation
[2023-10-04T14:36:01.667+0900][gc,mmu        ] GC(15) MMU target violated: 21.0ms (20.0ms/21.0ms)
[2023-10-04T14:36:01.667+0900][gc,phases     ] GC(15)   Pre Evacuate Collection Set: 0.8ms
[2023-10-04T14:36:01.667+0900][gc,phases     ] GC(15)   Evacuate Collection Set: 32.6ms
[2023-10-04T14:36:01.667+0900][gc,phases     ] GC(15)   Post Evacuate Collection Set: 0.7ms
[2023-10-04T14:36:01.667+0900][gc,phases     ] GC(15)   Other: 2.9ms
[2023-10-04T14:36:01.667+0900][gc,heap       ] GC(15) Eden regions: 46->0(44)
[2023-10-04T14:36:01.667+0900][gc,heap       ] GC(15) Survivor regions: 5->7(7)
[2023-10-04T14:36:01.667+0900][gc,heap       ] GC(15) Old regions: 18->20
[2023-10-04T14:36:01.667+0900][gc,heap       ] GC(15) Humongous regions: 129->129
[2023-10-04T14:36:01.667+0900][gc,metaspace  ] GC(15) Metaspace: 51949K->51949K(1097728K)
[2023-10-04T14:36:01.667+0900][gc            ] GC(15) Pause Young (Normal) (G1 Evacuation Pause) 197M->155M(1024M) 36.852ms
[2023-10-04T14:36:01.667+0900][gc,cpu        ] GC(15) User=0.04s Sys=0.10s Real=0.03s
[2023-10-04T14:38:42.995+0900][gc,start      ] GC(16) Pause Young (Normal) (G1 Evacuation Pause)
[2023-10-04T14:38:42.996+0900][gc,task       ] GC(16) Using 8 workers of 8 for evacuation
[2023-10-04T14:38:43.023+0900][gc,mmu        ] GC(16) MMU target violated: 21.0ms (20.0ms/21.0ms)
[2023-10-04T14:38:43.023+0900][gc,phases     ] GC(16)   Pre Evacuate Collection Set: 1.0ms
[2023-10-04T14:38:43.023+0900][gc,phases     ] GC(16)   Evacuate Collection Set: 25.0ms
[2023-10-04T14:38:43.023+0900][gc,phases     ] GC(16)   Post Evacuate Collection Set: 0.6ms
[2023-10-04T14:38:43.023+0900][gc,phases     ] GC(16)   Other: 1.7ms
[2023-10-04T14:38:43.023+0900][gc,heap       ] GC(16) Eden regions: 44->0(46)
[2023-10-04T14:38:43.023+0900][gc,heap       ] GC(16) Survivor regions: 7->5(7)
[2023-10-04T14:38:43.023+0900][gc,heap       ] GC(16) Old regions: 20->24
[2023-10-04T14:38:43.023+0900][gc,heap       ] GC(16) Humongous regions: 129->129
[2023-10-04T14:38:43.023+0900][gc,metaspace  ] GC(16) Metaspace: 51949K->51949K(1097728K)
[2023-10-04T14:38:43.023+0900][gc            ] GC(16) Pause Young (Normal) (G1 Evacuation Pause) 199M->157M(1024M) 28.358ms
[2023-10-04T14:38:43.023+0900][gc,cpu        ] GC(16) User=0.05s Sys=0.04s Real=0.03s
[2023-10-04T14:41:31.025+0900][gc,start      ] GC(17) Pause Young (Normal) (G1 Evacuation Pause)
[2023-10-04T14:41:31.026+0900][gc,task       ] GC(17) Using 8 workers of 8 for evacuation
[2023-10-04T14:41:31.034+0900][gc,phases     ] GC(17)   Pre Evacuate Collection Set: 0.2ms
[2023-10-04T14:41:31.034+0900][gc,phases     ] GC(17)   Evacuate Collection Set: 7.4ms
[2023-10-04T14:41:31.034+0900][gc,phases     ] GC(17)   Post Evacuate Collection Set: 0.4ms
[2023-10-04T14:41:31.034+0900][gc,phases     ] GC(17)   Other: 0.7ms
[2023-10-04T14:41:31.034+0900][gc,heap       ] GC(17) Eden regions: 46->0(47)
[2023-10-04T14:41:31.034+0900][gc,heap       ] GC(17) Survivor regions: 5->4(7)
[2023-10-04T14:41:31.034+0900][gc,heap       ] GC(17) Old regions: 24->27
[2023-10-04T14:41:31.034+0900][gc,heap       ] GC(17) Humongous regions: 129->129
[2023-10-04T14:41:31.034+0900][gc,metaspace  ] GC(17) Metaspace: 51955K->51955K(1097728K)
[2023-10-04T14:41:31.034+0900][gc            ] GC(17) Pause Young (Normal) (G1 Evacuation Pause) 203M->158M(1024M) 8.813ms
[2023-10-04T14:41:31.034+0900][gc,cpu        ] GC(17) User=0.02s Sys=0.02s Real=0.01s
[2023-10-04T14:44:22.394+0900][gc,start      ] GC(18) Pause Young (Normal) (G1 Evacuation Pause)
[2023-10-04T14:44:22.395+0900][gc,task       ] GC(18) Using 8 workers of 8 for evacuation
[2023-10-04T14:44:22.418+0900][gc,mmu        ] GC(18) MMU target violated: 21.0ms (20.0ms/21.0ms)
[2023-10-04T14:44:22.418+0900][gc,phases     ] GC(18)   Pre Evacuate Collection Set: 0.4ms
[2023-10-04T14:44:22.418+0900][gc,phases     ] GC(18)   Evacuate Collection Set: 21.1ms
[2023-10-04T14:44:22.418+0900][gc,phases     ] GC(18)   Post Evacuate Collection Set: 0.7ms
[2023-10-04T14:44:22.418+0900][gc,phases     ] GC(18)   Other: 1.9ms
[2023-10-04T14:44:22.418+0900][gc,heap       ] GC(18) Eden regions: 47->0(44)
[2023-10-04T14:44:22.418+0900][gc,heap       ] GC(18) Survivor regions: 4->7(7)
[2023-10-04T14:44:22.418+0900][gc,heap       ] GC(18) Old regions: 27->27
[2023-10-04T14:44:22.418+0900][gc,heap       ] GC(18) Humongous regions: 129->129
[2023-10-04T14:44:22.418+0900][gc,metaspace  ] GC(18) Metaspace: 51983K->51983K(1097728K)
[2023-10-04T14:44:22.418+0900][gc            ] GC(18) Pause Young (Normal) (G1 Evacuation Pause) 205M->162M(1024M) 24.172ms
[2023-10-04T14:44:22.418+0900][gc,cpu        ] GC(18) User=0.04s Sys=0.02s Real=0.02s
[2023-10-04T14:47:03.262+0900][gc,start      ] GC(19) Pause Young (Normal) (G1 Evacuation Pause)
[2023-10-04T14:47:03.263+0900][gc,task       ] GC(19) Using 8 workers of 8 for evacuation
[2023-10-04T14:47:03.300+0900][gc,mmu        ] GC(19) MMU target violated: 21.0ms (20.0ms/21.0ms)
[2023-10-04T14:47:03.300+0900][gc,phases     ] GC(19)   Pre Evacuate Collection Set: 0.7ms
[2023-10-04T14:47:03.300+0900][gc,phases     ] GC(19)   Evacuate Collection Set: 35.4ms
[2023-10-04T14:47:03.300+0900][gc,phases     ] GC(19)   Post Evacuate Collection Set: 0.6ms
[2023-10-04T14:47:03.300+0900][gc,phases     ] GC(19)   Other: 1.6ms
[2023-10-04T14:47:03.300+0900][gc,heap       ] GC(19) Eden regions: 44->0(46)
[2023-10-04T14:47:03.300+0900][gc,heap       ] GC(19) Survivor regions: 7->5(7)
[2023-10-04T14:47:03.300+0900][gc,heap       ] GC(19) Old regions: 27->32
[2023-10-04T14:47:03.300+0900][gc,heap       ] GC(19) Humongous regions: 129->129
[2023-10-04T14:47:03.300+0900][gc,metaspace  ] GC(19) Metaspace: 51989K->51989K(1097728K)
[2023-10-04T14:47:03.300+0900][gc            ] GC(19) Pause Young (Normal) (G1 Evacuation Pause) 206M->164M(1024M) 38.361ms
[2023-10-04T14:47:03.300+0900][gc,cpu        ] GC(19) User=0.05s Sys=0.05s Real=0.04s
[2023-10-04T14:49:51.451+0900][gc,start      ] GC(20) Pause Young (Normal) (G1 Evacuation Pause)
[2023-10-04T14:49:51.451+0900][gc,task       ] GC(20) Using 8 workers of 8 for evacuation
[2023-10-04T14:49:51.485+0900][gc,mmu        ] GC(20) MMU target violated: 21.0ms (20.0ms/21.0ms)
[2023-10-04T14:49:51.486+0900][gc,phases     ] GC(20)   Pre Evacuate Collection Set: 0.7ms
[2023-10-04T14:49:51.486+0900][gc,phases     ] GC(20)   Evacuate Collection Set: 31.3ms
[2023-10-04T14:49:51.486+0900][gc,phases     ] GC(20)   Post Evacuate Collection Set: 1.5ms
[2023-10-04T14:49:51.486+0900][gc,phases     ] GC(20)   Other: 1.6ms
[2023-10-04T14:49:51.486+0900][gc,heap       ] GC(20) Eden regions: 46->0(47)
[2023-10-04T14:49:51.486+0900][gc,heap       ] GC(20) Survivor regions: 5->4(7)
[2023-10-04T14:49:51.486+0900][gc,heap       ] GC(20) Old regions: 32->35
[2023-10-04T14:49:51.486+0900][gc,heap       ] GC(20) Humongous regions: 129->129
[2023-10-04T14:49:51.486+0900][gc,metaspace  ] GC(20) Metaspace: 52006K->52006K(1097728K)
[2023-10-04T14:49:51.486+0900][gc            ] GC(20) Pause Young (Normal) (G1 Evacuation Pause) 210M->166M(1024M) 35.146ms
[2023-10-04T14:49:51.486+0900][gc,cpu        ] GC(20) User=0.07s Sys=0.04s Real=0.03s
[2023-10-04T14:52:32.328+0900][gc,start      ] GC(21) Pause Young (Normal) (G1 Evacuation Pause)
[2023-10-04T14:52:32.329+0900][gc,task       ] GC(21) Using 8 workers of 8 for evacuation
[2023-10-04T14:52:32.353+0900][gc,mmu        ] GC(21) MMU target violated: 21.0ms (20.0ms/21.0ms)
[2023-10-04T14:52:32.353+0900][gc,phases     ] GC(21)   Pre Evacuate Collection Set: 0.5ms
[2023-10-04T14:52:32.353+0900][gc,phases     ] GC(21)   Evacuate Collection Set: 22.8ms
[2023-10-04T14:52:32.353+0900][gc,phases     ] GC(21)   Post Evacuate Collection Set: 0.5ms
[2023-10-04T14:52:32.353+0900][gc,phases     ] GC(21)   Other: 0.8ms
[2023-10-04T14:52:32.353+0900][gc,heap       ] GC(21) Eden regions: 47->0(44)
[2023-10-04T14:52:32.353+0900][gc,heap       ] GC(21) Survivor regions: 4->7(7)
[2023-10-04T14:52:32.353+0900][gc,heap       ] GC(21) Old regions: 35->35
[2023-10-04T14:52:32.353+0900][gc,heap       ] GC(21) Humongous regions: 129->129
[2023-10-04T14:52:32.353+0900][gc,metaspace  ] GC(21) Metaspace: 52043K->52043K(1097728K)
[2023-10-04T14:52:32.353+0900][gc            ] GC(21) Pause Young (Normal) (G1 Evacuation Pause) 213M->170M(1024M) 24.613ms
[2023-10-04T14:52:32.353+0900][gc,cpu        ] GC(21) User=0.05s Sys=0.05s Real=0.03s
[2023-10-04T14:55:12.333+0900][gc,start      ] GC(22) Pause Young (Normal) (G1 Evacuation Pause)
[2023-10-04T14:55:12.333+0900][gc,task       ] GC(22) Using 8 workers of 8 for evacuation
[2023-10-04T14:55:12.346+0900][gc,phases     ] GC(22)   Pre Evacuate Collection Set: 0.3ms
[2023-10-04T14:55:12.346+0900][gc,phases     ] GC(22)   Evacuate Collection Set: 11.4ms
[2023-10-04T14:55:12.346+0900][gc,phases     ] GC(22)   Post Evacuate Collection Set: 0.4ms
[2023-10-04T14:55:12.346+0900][gc,phases     ] GC(22)   Other: 0.5ms
[2023-10-04T14:55:12.346+0900][gc,heap       ] GC(22) Eden regions: 44->0(48)
[2023-10-04T14:55:12.346+0900][gc,heap       ] GC(22) Survivor regions: 7->3(7)
[2023-10-04T14:55:12.346+0900][gc,heap       ] GC(22) Old regions: 35->39
[2023-10-04T14:55:12.346+0900][gc,heap       ] GC(22) Humongous regions: 129->129
[2023-10-04T14:55:12.346+0900][gc,metaspace  ] GC(22) Metaspace: 52061K->52061K(1097728K)
[2023-10-04T14:55:12.346+0900][gc            ] GC(22) Pause Young (Normal) (G1 Evacuation Pause) 214M->170M(1024M) 12.718ms
[2023-10-04T14:55:12.346+0900][gc,cpu        ] GC(22) User=0.03s Sys=0.03s Real=0.01s
[2023-10-04T14:58:07.270+0900][gc,start      ] GC(23) Pause Young (Normal) (G1 Evacuation Pause)
[2023-10-04T14:58:07.271+0900][gc,task       ] GC(23) Using 8 workers of 8 for evacuation
[2023-10-04T14:58:07.286+0900][gc,phases     ] GC(23)   Pre Evacuate Collection Set: 0.7ms
[2023-10-04T14:58:07.286+0900][gc,phases     ] GC(23)   Evacuate Collection Set: 13.3ms
[2023-10-04T14:58:07.286+0900][gc,phases     ] GC(23)   Post Evacuate Collection Set: 0.8ms
[2023-10-04T14:58:07.286+0900][gc,phases     ] GC(23)   Other: 1.1ms
[2023-10-04T14:58:07.286+0900][gc,heap       ] GC(23) Eden regions: 48->0(46)
[2023-10-04T14:58:07.286+0900][gc,heap       ] GC(23) Survivor regions: 3->5(7)
[2023-10-04T14:58:07.286+0900][gc,heap       ] GC(23) Old regions: 39->39
[2023-10-04T14:58:07.286+0900][gc,heap       ] GC(23) Humongous regions: 129->129
[2023-10-04T14:58:07.286+0900][gc,metaspace  ] GC(23) Metaspace: 52070K->52070K(1097728K)
[2023-10-04T14:58:07.286+0900][gc            ] GC(23) Pause Young (Normal) (G1 Evacuation Pause) 218M->172M(1024M) 16.025ms
[2023-10-04T14:58:07.287+0900][gc,cpu        ] GC(23) User=0.05s Sys=0.04s Real=0.01s
[2023-10-04T15:00:54.610+0900][gc,start      ] GC(24) Pause Young (Normal) (G1 Evacuation Pause)
[2023-10-04T15:00:54.610+0900][gc,task       ] GC(24) Using 8 workers of 8 for evacuation
[2023-10-04T15:00:54.644+0900][gc,mmu        ] GC(24) MMU target violated: 21.0ms (20.0ms/21.0ms)
[2023-10-04T15:00:54.644+0900][gc,phases     ] GC(24)   Pre Evacuate Collection Set: 4.3ms
[2023-10-04T15:00:54.644+0900][gc,phases     ] GC(24)   Evacuate Collection Set: 27.2ms
[2023-10-04T15:00:54.644+0900][gc,phases     ] GC(24)   Post Evacuate Collection Set: 0.6ms
[2023-10-04T15:00:54.645+0900][gc,phases     ] GC(24)   Other: 2.7ms
[2023-10-04T15:00:54.645+0900][gc,heap       ] GC(24) Eden regions: 46->0(44)
[2023-10-04T15:00:54.645+0900][gc,heap       ] GC(24) Survivor regions: 5->7(7)
[2023-10-04T15:00:54.645+0900][gc,heap       ] GC(24) Old regions: 39->41
[2023-10-04T15:00:54.645+0900][gc,heap       ] GC(24) Humongous regions: 129->129
[2023-10-04T15:00:54.645+0900][gc,metaspace  ] GC(24) Metaspace: 52073K->52073K(1097728K)
[2023-10-04T15:00:54.645+0900][gc            ] GC(24) Pause Young (Normal) (G1 Evacuation Pause) 218M->176M(1024M) 34.735ms
[2023-10-04T15:00:54.645+0900][gc,cpu        ] GC(24) User=0.03s Sys=0.05s Real=0.03s
[2023-10-04T15:03:35.958+0900][gc,start      ] GC(25) Pause Young (Normal) (G1 Evacuation Pause)
[2023-10-04T15:03:35.959+0900][gc,task       ] GC(25) Using 8 workers of 8 for evacuation
[2023-10-04T15:03:35.989+0900][gc,mmu        ] GC(25) MMU target violated: 21.0ms (20.0ms/21.0ms)
[2023-10-04T15:03:35.989+0900][gc,phases     ] GC(25)   Pre Evacuate Collection Set: 0.6ms
[2023-10-04T15:03:35.989+0900][gc,phases     ] GC(25)   Evacuate Collection Set: 28.6ms
[2023-10-04T15:03:35.989+0900][gc,phases     ] GC(25)   Post Evacuate Collection Set: 0.6ms
[2023-10-04T15:03:35.989+0900][gc,phases     ] GC(25)   Other: 1.6ms
[2023-10-04T15:03:35.989+0900][gc,heap       ] GC(25) Eden regions: 44->0(47)
[2023-10-04T15:03:35.989+0900][gc,heap       ] GC(25) Survivor regions: 7->4(7)
[2023-10-04T15:03:35.989+0900][gc,heap       ] GC(25) Old regions: 41->46
[2023-10-04T15:03:35.989+0900][gc,heap       ] GC(25) Humongous regions: 129->129
[2023-10-04T15:03:35.989+0900][gc,metaspace  ] GC(25) Metaspace: 52081K->52081K(1097728K)
[2023-10-04T15:03:35.989+0900][gc            ] GC(25) Pause Young (Normal) (G1 Evacuation Pause) 220M->178M(1024M) 31.182ms
[2023-10-04T15:03:35.989+0900][gc,cpu        ] GC(25) User=0.06s Sys=0.08s Real=0.03s
[2023-10-04T15:06:27.888+0900][gc,start      ] GC(26) Pause Young (Normal) (G1 Evacuation Pause)
[2023-10-04T15:06:27.889+0900][gc,task       ] GC(26) Using 8 workers of 8 for evacuation
[2023-10-04T15:06:27.908+0900][gc,phases     ] GC(26)   Pre Evacuate Collection Set: 0.2ms
[2023-10-04T15:06:27.908+0900][gc,phases     ] GC(26)   Evacuate Collection Set: 18.6ms
[2023-10-04T15:06:27.908+0900][gc,phases     ] GC(26)   Post Evacuate Collection Set: 0.5ms
[2023-10-04T15:06:27.908+0900][gc,phases     ] GC(26)   Other: 0.7ms
[2023-10-04T15:06:27.908+0900][gc,heap       ] GC(26) Eden regions: 47->0(44)
[2023-10-04T15:06:27.908+0900][gc,heap       ] GC(26) Survivor regions: 4->7(7)
[2023-10-04T15:06:27.908+0900][gc,heap       ] GC(26) Old regions: 46->47
[2023-10-04T15:06:27.909+0900][gc,heap       ] GC(26) Humongous regions: 129->129
[2023-10-04T15:06:27.909+0900][gc,metaspace  ] GC(26) Metaspace: 52086K->52086K(1097728K)
[2023-10-04T15:06:27.909+0900][gc            ] GC(26) Pause Young (Normal) (G1 Evacuation Pause) 225M->182M(1024M) 20.089ms
[2023-10-04T15:06:27.909+0900][gc,cpu        ] GC(26) User=0.04s Sys=0.07s Real=0.02s
[2023-10-04T15:09:08.633+0900][gc,start      ] GC(27) Pause Young (Normal) (G1 Evacuation Pause)
[2023-10-04T15:09:08.635+0900][gc,task       ] GC(27) Using 8 workers of 8 for evacuation
[2023-10-04T15:09:08.674+0900][gc,mmu        ] GC(27) MMU target violated: 21.0ms (20.0ms/21.0ms)
[2023-10-04T15:09:08.674+0900][gc,phases     ] GC(27)   Pre Evacuate Collection Set: 1.1ms
[2023-10-04T15:09:08.674+0900][gc,phases     ] GC(27)   Evacuate Collection Set: 36.1ms
[2023-10-04T15:09:08.674+0900][gc,phases     ] GC(27)   Post Evacuate Collection Set: 1.3ms
[2023-10-04T15:09:08.675+0900][gc,phases     ] GC(27)   Other: 3.5ms
[2023-10-04T15:09:08.675+0900][gc,heap       ] GC(27) Eden regions: 44->0(46)
[2023-10-04T15:09:08.675+0900][gc,heap       ] GC(27) Survivor regions: 7->5(7)
[2023-10-04T15:09:08.675+0900][gc,heap       ] GC(27) Old regions: 47->52
[2023-10-04T15:09:08.675+0900][gc,heap       ] GC(27) Humongous regions: 129->129
[2023-10-04T15:09:08.675+0900][gc,metaspace  ] GC(27) Metaspace: 52086K->52086K(1097728K)
[2023-10-04T15:09:08.675+0900][gc            ] GC(27) Pause Young (Normal) (G1 Evacuation Pause) 226M->184M(1024M) 41.940ms
[2023-10-04T15:09:08.675+0900][gc,cpu        ] GC(27) User=0.08s Sys=0.09s Real=0.04s
[2023-10-04T15:11:56.671+0900][gc,start      ] GC(28) Pause Young (Normal) (G1 Evacuation Pause)
[2023-10-04T15:11:56.673+0900][gc,task       ] GC(28) Using 8 workers of 8 for evacuation
[2023-10-04T15:11:56.715+0900][gc,mmu        ] GC(28) MMU target violated: 21.0ms (20.0ms/21.0ms)
[2023-10-04T15:11:56.715+0900][gc,phases     ] GC(28)   Pre Evacuate Collection Set: 0.9ms
[2023-10-04T15:11:56.715+0900][gc,phases     ] GC(28)   Evacuate Collection Set: 39.8ms
[2023-10-04T15:11:56.715+0900][gc,phases     ] GC(28)   Post Evacuate Collection Set: 0.7ms
[2023-10-04T15:11:56.715+0900][gc,phases     ] GC(28)   Other: 3.3ms
[2023-10-04T15:11:56.715+0900][gc,heap       ] GC(28) Eden regions: 46->0(47)
[2023-10-04T15:11:56.715+0900][gc,heap       ] GC(28) Survivor regions: 5->4(7)
[2023-10-04T15:11:56.715+0900][gc,heap       ] GC(28) Old regions: 52->55
[2023-10-04T15:11:56.715+0900][gc,heap       ] GC(28) Humongous regions: 129->129
[2023-10-04T15:11:56.715+0900][gc,metaspace  ] GC(28) Metaspace: 52086K->52086K(1097728K)
[2023-10-04T15:11:56.716+0900][gc            ] GC(28) Pause Young (Normal) (G1 Evacuation Pause) 230M->186M(1024M) 44.767ms
[2023-10-04T15:11:56.716+0900][gc,cpu        ] GC(28) User=0.05s Sys=0.03s Real=0.04s
[2023-10-04T15:14:49.285+0900][gc,start      ] GC(29) Pause Young (Normal) (G1 Evacuation Pause)
[2023-10-04T15:14:49.286+0900][gc,task       ] GC(29) Using 8 workers of 8 for evacuation
[2023-10-04T15:14:49.331+0900][gc,mmu        ] GC(29) MMU target violated: 21.0ms (20.0ms/21.0ms)
[2023-10-04T15:14:49.331+0900][gc,phases     ] GC(29)   Pre Evacuate Collection Set: 0.6ms
[2023-10-04T15:14:49.331+0900][gc,phases     ] GC(29)   Evacuate Collection Set: 42.5ms
[2023-10-04T15:14:49.331+0900][gc,phases     ] GC(29)   Post Evacuate Collection Set: 0.5ms
[2023-10-04T15:14:49.331+0900][gc,phases     ] GC(29)   Other: 3.0ms
[2023-10-04T15:14:49.331+0900][gc,heap       ] GC(29) Eden regions: 47->0(44)
[2023-10-04T15:14:49.331+0900][gc,heap       ] GC(29) Survivor regions: 4->7(7)
[2023-10-04T15:14:49.331+0900][gc,heap       ] GC(29) Old regions: 55->55
[2023-10-04T15:14:49.331+0900][gc,heap       ] GC(29) Humongous regions: 129->129
[2023-10-04T15:14:49.331+0900][gc,metaspace  ] GC(29) Metaspace: 52087K->52087K(1097728K)
[2023-10-04T15:14:49.331+0900][gc            ] GC(29) Pause Young (Normal) (G1 Evacuation Pause) 233M->190M(1024M) 46.429ms
[2023-10-04T15:14:49.331+0900][gc,cpu        ] GC(29) User=0.04s Sys=0.09s Real=0.05s
[2023-10-04T15:17:29.819+0900][gc,start      ] GC(30) Pause Young (Normal) (G1 Evacuation Pause)
[2023-10-04T15:17:29.820+0900][gc,task       ] GC(30) Using 8 workers of 8 for evacuation
[2023-10-04T15:17:29.859+0900][gc,mmu        ] GC(30) MMU target violated: 21.0ms (20.0ms/21.0ms)
[2023-10-04T15:17:29.859+0900][gc,phases     ] GC(30)   Pre Evacuate Collection Set: 0.6ms
[2023-10-04T15:17:29.860+0900][gc,phases     ] GC(30)   Evacuate Collection Set: 37.2ms
[2023-10-04T15:17:29.860+0900][gc,phases     ] GC(30)   Post Evacuate Collection Set: 0.5ms
[2023-10-04T15:17:29.860+0900][gc,phases     ] GC(30)   Other: 2.6ms
[2023-10-04T15:17:29.860+0900][gc,heap       ] GC(30) Eden regions: 44->0(46)
[2023-10-04T15:17:29.860+0900][gc,heap       ] GC(30) Survivor regions: 7->5(7)
[2023-10-04T15:17:29.860+0900][gc,heap       ] GC(30) Old regions: 55->60
[2023-10-04T15:17:29.860+0900][gc,heap       ] GC(30) Humongous regions: 129->129
[2023-10-04T15:17:29.860+0900][gc,metaspace  ] GC(30) Metaspace: 52087K->52087K(1097728K)
[2023-10-04T15:17:29.860+0900][gc            ] GC(30) Pause Young (Normal) (G1 Evacuation Pause) 234M->193M(1024M) 40.919ms
[2023-10-04T15:17:29.860+0900][gc,cpu        ] GC(30) User=0.05s Sys=0.06s Real=0.05s
[2023-10-04T15:20:17.897+0900][gc,start      ] GC(31) Pause Young (Normal) (G1 Evacuation Pause)
[2023-10-04T15:20:17.898+0900][gc,task       ] GC(31) Using 8 workers of 8 for evacuation
[2023-10-04T15:20:17.950+0900][gc,mmu        ] GC(31) MMU target violated: 21.0ms (20.0ms/21.0ms)
[2023-10-04T15:20:17.951+0900][gc,phases     ] GC(31)   Pre Evacuate Collection Set: 0.8ms
[2023-10-04T15:20:17.951+0900][gc,phases     ] GC(31)   Evacuate Collection Set: 49.4ms
[2023-10-04T15:20:17.951+0900][gc,phases     ] GC(31)   Post Evacuate Collection Set: 1.2ms
[2023-10-04T15:20:17.951+0900][gc,phases     ] GC(31)   Other: 2.6ms
[2023-10-04T15:20:17.951+0900][gc,heap       ] GC(31) Eden regions: 46->0(47)
[2023-10-04T15:20:17.951+0900][gc,heap       ] GC(31) Survivor regions: 5->4(7)
[2023-10-04T15:20:17.951+0900][gc,heap       ] GC(31) Old regions: 60->63
[2023-10-04T15:20:17.951+0900][gc,heap       ] GC(31) Humongous regions: 129->129
[2023-10-04T15:20:17.951+0900][gc,metaspace  ] GC(31) Metaspace: 52094K->52094K(1097728K)
[2023-10-04T15:20:17.951+0900][gc            ] GC(31) Pause Young (Normal) (G1 Evacuation Pause) 239M->194M(1024M) 54.094ms
[2023-10-04T15:20:17.951+0900][gc,cpu        ] GC(31) User=0.05s Sys=0.07s Real=0.06s
[2023-10-04T15:23:10.752+0900][gc,start      ] GC(32) Pause Young (Normal) (G1 Evacuation Pause)
[2023-10-04T15:23:10.753+0900][gc,task       ] GC(32) Using 8 workers of 8 for evacuation
[2023-10-04T15:23:10.779+0900][gc,mmu        ] GC(32) MMU target violated: 21.0ms (20.0ms/21.0ms)
[2023-10-04T15:23:10.779+0900][gc,phases     ] GC(32)   Pre Evacuate Collection Set: 0.4ms
[2023-10-04T15:23:10.779+0900][gc,phases     ] GC(32)   Evacuate Collection Set: 24.6ms
[2023-10-04T15:23:10.779+0900][gc,phases     ] GC(32)   Post Evacuate Collection Set: 0.7ms
[2023-10-04T15:23:10.779+0900][gc,phases     ] GC(32)   Other: 1.4ms
[2023-10-04T15:23:10.779+0900][gc,heap       ] GC(32) Eden regions: 47->0(44)
[2023-10-04T15:23:10.779+0900][gc,heap       ] GC(32) Survivor regions: 4->7(7)
[2023-10-04T15:23:10.779+0900][gc,heap       ] GC(32) Old regions: 63->64
[2023-10-04T15:23:10.779+0900][gc,heap       ] GC(32) Humongous regions: 129->129
[2023-10-04T15:23:10.779+0900][gc,metaspace  ] GC(32) Metaspace: 52094K->52094K(1097728K)
[2023-10-04T15:23:10.779+0900][gc            ] GC(32) Pause Young (Normal) (G1 Evacuation Pause) 241M->199M(1024M) 27.323ms
[2023-10-04T15:23:10.780+0900][gc,cpu        ] GC(32) User=0.05s Sys=0.08s Real=0.03s
[2023-10-04T15:25:51.187+0900][gc,start      ] GC(33) Pause Young (Normal) (G1 Evacuation Pause)
[2023-10-04T15:25:51.190+0900][gc,task       ] GC(33) Using 8 workers of 8 for evacuation
[2023-10-04T15:25:51.227+0900][gc,mmu        ] GC(33) MMU target violated: 21.0ms (20.0ms/21.0ms)
[2023-10-04T15:25:51.227+0900][gc,phases     ] GC(33)   Pre Evacuate Collection Set: 0.8ms
[2023-10-04T15:25:51.227+0900][gc,phases     ] GC(33)   Evacuate Collection Set: 34.7ms
[2023-10-04T15:25:51.227+0900][gc,phases     ] GC(33)   Post Evacuate Collection Set: 0.8ms
[2023-10-04T15:25:51.227+0900][gc,phases     ] GC(33)   Other: 4.1ms
[2023-10-04T15:25:51.227+0900][gc,heap       ] GC(33) Eden regions: 44->0(47)
[2023-10-04T15:25:51.227+0900][gc,heap       ] GC(33) Survivor regions: 7->4(7)
[2023-10-04T15:25:51.227+0900][gc,heap       ] GC(33) Old regions: 64->69
[2023-10-04T15:25:51.227+0900][gc,heap       ] GC(33) Humongous regions: 129->129
[2023-10-04T15:25:51.227+0900][gc,metaspace  ] GC(33) Metaspace: 52102K->52102K(1097728K)
[2023-10-04T15:25:51.227+0900][gc            ] GC(33) Pause Young (Normal) (G1 Evacuation Pause) 243M->201M(1024M) 39.648ms
[2023-10-04T15:25:51.227+0900][gc,cpu        ] GC(33) User=0.05s Sys=0.05s Real=0.04s
[2023-10-04T15:28:43.612+0900][gc,start      ] GC(34) Pause Young (Normal) (G1 Evacuation Pause)
[2023-10-04T15:28:43.614+0900][gc,task       ] GC(34) Using 8 workers of 8 for evacuation
[2023-10-04T15:28:43.641+0900][gc,mmu        ] GC(34) MMU target violated: 21.0ms (20.0ms/21.0ms)
[2023-10-04T15:28:43.641+0900][gc,phases     ] GC(34)   Pre Evacuate Collection Set: 0.9ms
[2023-10-04T15:28:43.641+0900][gc,phases     ] GC(34)   Evacuate Collection Set: 23.3ms
[2023-10-04T15:28:43.641+0900][gc,phases     ] GC(34)   Post Evacuate Collection Set: 1.3ms
[2023-10-04T15:28:43.641+0900][gc,phases     ] GC(34)   Other: 3.2ms
[2023-10-04T15:28:43.641+0900][gc,heap       ] GC(34) Eden regions: 47->0(47)
[2023-10-04T15:28:43.641+0900][gc,heap       ] GC(34) Survivor regions: 4->4(7)
[2023-10-04T15:28:43.641+0900][gc,heap       ] GC(34) Old regions: 69->71
[2023-10-04T15:28:43.641+0900][gc,heap       ] GC(34) Humongous regions: 129->129
[2023-10-04T15:28:43.641+0900][gc,metaspace  ] GC(34) Metaspace: 52117K->52117K(1097728K)
[2023-10-04T15:28:43.641+0900][gc            ] GC(34) Pause Young (Normal) (G1 Evacuation Pause) 248M->203M(1024M) 28.704ms
[2023-10-04T15:28:43.641+0900][gc,cpu        ] GC(34) User=0.06s Sys=0.05s Real=0.03s
[2023-10-04T15:31:36.105+0900][gc,start      ] GC(35) Pause Young (Normal) (G1 Evacuation Pause)
[2023-10-04T15:31:36.108+0900][gc,task       ] GC(35) Using 8 workers of 8 for evacuation
[2023-10-04T15:31:36.140+0900][gc,mmu        ] GC(35) MMU target violated: 21.0ms (20.0ms/21.0ms)
[2023-10-04T15:31:36.141+0900][gc,phases     ] GC(35)   Pre Evacuate Collection Set: 0.8ms
[2023-10-04T15:31:36.141+0900][gc,phases     ] GC(35)   Evacuate Collection Set: 29.8ms
[2023-10-04T15:31:36.141+0900][gc,phases     ] GC(35)   Post Evacuate Collection Set: 1.2ms
[2023-10-04T15:31:36.141+0900][gc,phases     ] GC(35)   Other: 3.6ms
[2023-10-04T15:31:36.141+0900][gc,heap       ] GC(35) Eden regions: 47->0(44)
[2023-10-04T15:31:36.141+0900][gc,heap       ] GC(35) Survivor regions: 4->7(7)
[2023-10-04T15:31:36.141+0900][gc,heap       ] GC(35) Old regions: 71->72
[2023-10-04T15:31:36.141+0900][gc,heap       ] GC(35) Humongous regions: 129->129
[2023-10-04T15:31:36.141+0900][gc,metaspace  ] GC(35) Metaspace: 52123K->52123K(1097728K)
[2023-10-04T15:31:36.141+0900][gc            ] GC(35) Pause Young (Normal) (G1 Evacuation Pause) 250M->207M(1024M) 35.386ms
[2023-10-04T15:31:36.141+0900][gc,cpu        ] GC(35) User=0.08s Sys=0.06s Real=0.04s
[2023-10-04T15:34:16.604+0900][gc,start      ] GC(36) Pause Young (Normal) (G1 Evacuation Pause)
[2023-10-04T15:34:16.606+0900][gc,task       ] GC(36) Using 8 workers of 8 for evacuation
[2023-10-04T15:34:16.634+0900][gc,mmu        ] GC(36) MMU target violated: 21.0ms (20.0ms/21.0ms)
[2023-10-04T15:34:16.634+0900][gc,phases     ] GC(36)   Pre Evacuate Collection Set: 0.4ms
[2023-10-04T15:34:16.634+0900][gc,phases     ] GC(36)   Evacuate Collection Set: 26.0ms
[2023-10-04T15:34:16.634+0900][gc,phases     ] GC(36)   Post Evacuate Collection Set: 0.7ms
[2023-10-04T15:34:16.634+0900][gc,phases     ] GC(36)   Other: 2.4ms
[2023-10-04T15:34:16.634+0900][gc,heap       ] GC(36) Eden regions: 44->0(47)
[2023-10-04T15:34:16.634+0900][gc,heap       ] GC(36) Survivor regions: 7->4(7)
[2023-10-04T15:34:16.634+0900][gc,heap       ] GC(36) Old regions: 72->77
[2023-10-04T15:34:16.634+0900][gc,heap       ] GC(36) Humongous regions: 129->129
[2023-10-04T15:34:16.634+0900][gc,metaspace  ] GC(36) Metaspace: 52132K->52132K(1097728K)
[2023-10-04T15:34:16.634+0900][gc            ] GC(36) Pause Young (Normal) (G1 Evacuation Pause) 251M->209M(1024M) 29.434ms
[2023-10-04T15:34:16.634+0900][gc,cpu        ] GC(36) User=0.05s Sys=0.04s Real=0.03s
[2023-10-04T15:37:08.396+0900][gc,start      ] GC(37) Pause Young (Normal) (G1 Evacuation Pause)
[2023-10-04T15:37:08.397+0900][gc,task       ] GC(37) Using 8 workers of 8 for evacuation
[2023-10-04T15:37:08.436+0900][gc,mmu        ] GC(37) MMU target violated: 21.0ms (20.0ms/21.0ms)
[2023-10-04T15:37:08.436+0900][gc,phases     ] GC(37)   Pre Evacuate Collection Set: 0.6ms
[2023-10-04T15:37:08.436+0900][gc,phases     ] GC(37)   Evacuate Collection Set: 36.2ms
[2023-10-04T15:37:08.436+0900][gc,phases     ] GC(37)   Post Evacuate Collection Set: 1.2ms
[2023-10-04T15:37:08.436+0900][gc,phases     ] GC(37)   Other: 1.8ms
[2023-10-04T15:37:08.436+0900][gc,heap       ] GC(37) Eden regions: 47->0(45)
[2023-10-04T15:37:08.436+0900][gc,heap       ] GC(37) Survivor regions: 4->6(7)
[2023-10-04T15:37:08.436+0900][gc,heap       ] GC(37) Old regions: 77->77
[2023-10-04T15:37:08.436+0900][gc,heap       ] GC(37) Humongous regions: 129->129
[2023-10-04T15:37:08.436+0900][gc,metaspace  ] GC(37) Metaspace: 52132K->52132K(1097728K)
[2023-10-04T15:37:08.436+0900][gc            ] GC(37) Pause Young (Normal) (G1 Evacuation Pause) 256M->211M(1024M) 39.833ms
[2023-10-04T15:37:08.436+0900][gc,cpu        ] GC(37) User=0.06s Sys=0.05s Real=0.04s
[2023-10-04T15:39:52.929+0900][gc,start      ] GC(38) Pause Young (Normal) (G1 Evacuation Pause)
[2023-10-04T15:39:52.930+0900][gc,task       ] GC(38) Using 8 workers of 8 for evacuation
[2023-10-04T15:39:53.010+0900][gc,mmu        ] GC(38) MMU target violated: 21.0ms (20.0ms/21.0ms)
[2023-10-04T15:39:53.010+0900][gc,phases     ] GC(38)   Pre Evacuate Collection Set: 0.8ms
[2023-10-04T15:39:53.010+0900][gc,phases     ] GC(38)   Evacuate Collection Set: 77.4ms
[2023-10-04T15:39:53.010+0900][gc,phases     ] GC(38)   Post Evacuate Collection Set: 0.6ms
[2023-10-04T15:39:53.010+0900][gc,phases     ] GC(38)   Other: 2.9ms
[2023-10-04T15:39:53.010+0900][gc,heap       ] GC(38) Eden regions: 45->0(44)
[2023-10-04T15:39:53.010+0900][gc,heap       ] GC(38) Survivor regions: 6->7(7)
[2023-10-04T15:39:53.010+0900][gc,heap       ] GC(38) Old regions: 77->80
[2023-10-04T15:39:53.010+0900][gc,heap       ] GC(38) Humongous regions: 129->129
[2023-10-04T15:39:53.010+0900][gc,metaspace  ] GC(38) Metaspace: 52136K->52136K(1097728K)
[2023-10-04T15:39:53.010+0900][gc            ] GC(38) Pause Young (Normal) (G1 Evacuation Pause) 256M->215M(1024M) 81.540ms
[2023-10-04T15:39:53.010+0900][gc,cpu        ] GC(38) User=0.06s Sys=0.13s Real=0.09s
[2023-10-04T15:42:33.977+0900][gc,start      ] GC(39) Pause Young (Normal) (G1 Evacuation Pause)
[2023-10-04T15:42:33.978+0900][gc,task       ] GC(39) Using 8 workers of 8 for evacuation
[2023-10-04T15:42:34.016+0900][gc,mmu        ] GC(39) MMU target violated: 21.0ms (20.0ms/21.0ms)
[2023-10-04T15:42:34.016+0900][gc,phases     ] GC(39)   Pre Evacuate Collection Set: 0.6ms
[2023-10-04T15:42:34.016+0900][gc,phases     ] GC(39)   Evacuate Collection Set: 35.6ms
[2023-10-04T15:42:34.016+0900][gc,phases     ] GC(39)   Post Evacuate Collection Set: 0.8ms
[2023-10-04T15:42:34.016+0900][gc,phases     ] GC(39)   Other: 2.1ms
[2023-10-04T15:42:34.016+0900][gc,heap       ] GC(39) Eden regions: 44->0(47)
[2023-10-04T15:42:34.016+0900][gc,heap       ] GC(39) Survivor regions: 7->4(7)
[2023-10-04T15:42:34.016+0900][gc,heap       ] GC(39) Old regions: 80->85
[2023-10-04T15:42:34.016+0900][gc,heap       ] GC(39) Humongous regions: 129->129
[2023-10-04T15:42:34.016+0900][gc,metaspace  ] GC(39) Metaspace: 52137K->52137K(1097728K)
[2023-10-04T15:42:34.016+0900][gc            ] GC(39) Pause Young (Normal) (G1 Evacuation Pause) 259M->217M(1024M) 38.999ms
[2023-10-04T15:42:34.016+0900][gc,cpu        ] GC(39) User=0.07s Sys=0.09s Real=0.04s
[2023-10-04T15:45:26.080+0900][gc,start      ] GC(40) Pause Young (Normal) (G1 Evacuation Pause)
[2023-10-04T15:45:26.082+0900][gc,task       ] GC(40) Using 8 workers of 8 for evacuation
[2023-10-04T15:45:26.105+0900][gc,mmu        ] GC(40) MMU target violated: 21.0ms (20.0ms/21.0ms)
[2023-10-04T15:45:26.105+0900][gc,phases     ] GC(40)   Pre Evacuate Collection Set: 0.7ms
[2023-10-04T15:45:26.105+0900][gc,phases     ] GC(40)   Evacuate Collection Set: 21.2ms
[2023-10-04T15:45:26.105+0900][gc,phases     ] GC(40)   Post Evacuate Collection Set: 0.7ms
[2023-10-04T15:45:26.105+0900][gc,phases     ] GC(40)   Other: 3.0ms
[2023-10-04T15:45:26.105+0900][gc,heap       ] GC(40) Eden regions: 47->0(45)
[2023-10-04T15:45:26.105+0900][gc,heap       ] GC(40) Survivor regions: 4->6(7)
[2023-10-04T15:45:26.105+0900][gc,heap       ] GC(40) Old regions: 85->85
[2023-10-04T15:45:26.105+0900][gc,heap       ] GC(40) Humongous regions: 129->129
[2023-10-04T15:45:26.105+0900][gc,metaspace  ] GC(40) Metaspace: 52140K->52140K(1097728K)
[2023-10-04T15:45:26.106+0900][gc            ] GC(40) Pause Young (Normal) (G1 Evacuation Pause) 264M->219M(1024M) 25.703ms
[2023-10-04T15:45:26.106+0900][gc,cpu        ] GC(40) User=0.06s Sys=0.05s Real=0.02s
[2023-10-04T15:48:11.878+0900][gc,start      ] GC(41) Pause Young (Normal) (G1 Evacuation Pause)
[2023-10-04T15:48:11.880+0900][gc,task       ] GC(41) Using 8 workers of 8 for evacuation
[2023-10-04T15:48:11.921+0900][gc,mmu        ] GC(41) MMU target violated: 21.0ms (20.0ms/21.0ms)
[2023-10-04T15:48:11.921+0900][gc,phases     ] GC(41)   Pre Evacuate Collection Set: 0.4ms
[2023-10-04T15:48:11.921+0900][gc,phases     ] GC(41)   Evacuate Collection Set: 39.1ms
[2023-10-04T15:48:11.921+0900][gc,phases     ] GC(41)   Post Evacuate Collection Set: 0.8ms
[2023-10-04T15:48:11.921+0900][gc,phases     ] GC(41)   Other: 2.3ms
[2023-10-04T15:48:11.921+0900][gc,heap       ] GC(41) Eden regions: 45->0(44)
[2023-10-04T15:48:11.921+0900][gc,heap       ] GC(41) Survivor regions: 6->7(7)
[2023-10-04T15:48:11.921+0900][gc,heap       ] GC(41) Old regions: 85->87
[2023-10-04T15:48:11.921+0900][gc,heap       ] GC(41) Humongous regions: 129->129
[2023-10-04T15:48:11.921+0900][gc,metaspace  ] GC(41) Metaspace: 52140K->52140K(1097728K)
[2023-10-04T15:48:11.921+0900][gc            ] GC(41) Pause Young (Normal) (G1 Evacuation Pause) 264M->222M(1024M) 42.615ms
[2023-10-04T15:48:11.921+0900][gc,cpu        ] GC(41) User=0.08s Sys=0.11s Real=0.05s
[2023-10-04T15:50:41.268+0900][gc,start      ] GC(42) Pause Young (Normal) (G1 Evacuation Pause)
[2023-10-04T15:50:41.270+0900][gc,task       ] GC(42) Using 8 workers of 8 for evacuation
[2023-10-04T15:50:41.310+0900][gc,mmu        ] GC(42) MMU target violated: 21.0ms (20.0ms/21.0ms)
[2023-10-04T15:50:41.310+0900][gc,phases     ] GC(42)   Pre Evacuate Collection Set: 0.7ms
[2023-10-04T15:50:41.310+0900][gc,phases     ] GC(42)   Evacuate Collection Set: 37.7ms
[2023-10-04T15:50:41.310+0900][gc,phases     ] GC(42)   Post Evacuate Collection Set: 0.6ms
[2023-10-04T15:50:41.310+0900][gc,phases     ] GC(42)   Other: 3.0ms
[2023-10-04T15:50:41.310+0900][gc,heap       ] GC(42) Eden regions: 44->0(46)
[2023-10-04T15:50:41.310+0900][gc,heap       ] GC(42) Survivor regions: 7->5(7)
[2023-10-04T15:50:41.310+0900][gc,heap       ] GC(42) Old regions: 87->93
[2023-10-04T15:50:41.310+0900][gc,heap       ] GC(42) Humongous regions: 129->129
[2023-10-04T15:50:41.310+0900][gc,metaspace  ] GC(42) Metaspace: 52140K->52140K(1097728K)
[2023-10-04T15:50:41.310+0900][gc            ] GC(42) Pause Young (Normal) (G1 Evacuation Pause) 266M->225M(1024M) 41.817ms
[2023-10-04T15:50:41.310+0900][gc,cpu        ] GC(42) User=0.05s Sys=0.04s Real=0.05s
[2023-10-04T15:53:30.719+0900][gc,start      ] GC(43) Pause Young (Normal) (G1 Evacuation Pause)
[2023-10-04T15:53:30.721+0900][gc,task       ] GC(43) Using 8 workers of 8 for evacuation
[2023-10-04T15:53:30.755+0900][gc,mmu        ] GC(43) MMU target violated: 21.0ms (20.0ms/21.0ms)
[2023-10-04T15:53:30.755+0900][gc,phases     ] GC(43)   Pre Evacuate Collection Set: 0.7ms
[2023-10-04T15:53:30.755+0900][gc,phases     ] GC(43)   Evacuate Collection Set: 31.6ms
[2023-10-04T15:53:30.755+0900][gc,phases     ] GC(43)   Post Evacuate Collection Set: 0.7ms
[2023-10-04T15:53:30.755+0900][gc,phases     ] GC(43)   Other: 3.2ms
[2023-10-04T15:53:30.755+0900][gc,heap       ] GC(43) Eden regions: 46->0(47)
[2023-10-04T15:53:30.755+0900][gc,heap       ] GC(43) Survivor regions: 5->4(7)
[2023-10-04T15:53:30.755+0900][gc,heap       ] GC(43) Old regions: 93->96
[2023-10-04T15:53:30.755+0900][gc,heap       ] GC(43) Humongous regions: 129->129
[2023-10-04T15:53:30.755+0900][gc,metaspace  ] GC(43) Metaspace: 52140K->52140K(1097728K)
[2023-10-04T15:53:30.755+0900][gc            ] GC(43) Pause Young (Normal) (G1 Evacuation Pause) 271M->227M(1024M) 36.065ms
[2023-10-04T15:53:30.755+0900][gc,cpu        ] GC(43) User=0.04s Sys=0.09s Real=0.04s
[2023-10-04T15:56:22.759+0900][gc,start      ] GC(44) Pause Young (Normal) (G1 Evacuation Pause)
[2023-10-04T15:56:22.760+0900][gc,task       ] GC(44) Using 8 workers of 8 for evacuation
[2023-10-04T15:56:22.786+0900][gc,mmu        ] GC(44) MMU target violated: 21.0ms (20.0ms/21.0ms)
[2023-10-04T15:56:22.786+0900][gc,phases     ] GC(44)   Pre Evacuate Collection Set: 0.3ms
[2023-10-04T15:56:22.786+0900][gc,phases     ] GC(44)   Evacuate Collection Set: 24.3ms
[2023-10-04T15:56:22.786+0900][gc,phases     ] GC(44)   Post Evacuate Collection Set: 0.7ms
[2023-10-04T15:56:22.786+0900][gc,phases     ] GC(44)   Other: 2.5ms
[2023-10-04T15:56:22.786+0900][gc,heap       ] GC(44) Eden regions: 47->0(45)
[2023-10-04T15:56:22.786+0900][gc,heap       ] GC(44) Survivor regions: 4->6(7)
[2023-10-04T15:56:22.786+0900][gc,heap       ] GC(44) Old regions: 96->96
[2023-10-04T15:56:22.786+0900][gc,heap       ] GC(44) Humongous regions: 129->129
[2023-10-04T15:56:22.786+0900][gc,metaspace  ] GC(44) Metaspace: 52143K->52143K(1097728K)
[2023-10-04T15:56:22.786+0900][gc            ] GC(44) Pause Young (Normal) (G1 Evacuation Pause) 274M->229M(1024M) 27.728ms
[2023-10-04T15:56:22.786+0900][gc,cpu        ] GC(44) User=0.04s Sys=0.03s Real=0.03s
[2023-10-04T15:59:08.240+0900][gc,start      ] GC(45) Pause Young (Normal) (G1 Evacuation Pause)
[2023-10-04T15:59:08.240+0900][gc,task       ] GC(45) Using 8 workers of 8 for evacuation
[2023-10-04T15:59:08.268+0900][gc,mmu        ] GC(45) MMU target violated: 21.0ms (20.0ms/21.0ms)
[2023-10-04T15:59:08.268+0900][gc,phases     ] GC(45)   Pre Evacuate Collection Set: 0.7ms
[2023-10-04T15:59:08.268+0900][gc,phases     ] GC(45)   Evacuate Collection Set: 25.6ms
[2023-10-04T15:59:08.268+0900][gc,phases     ] GC(45)   Post Evacuate Collection Set: 1.0ms
[2023-10-04T15:59:08.269+0900][gc,phases     ] GC(45)   Other: 1.6ms
[2023-10-04T15:59:08.269+0900][gc,heap       ] GC(45) Eden regions: 45->0(47)
[2023-10-04T15:59:08.269+0900][gc,heap       ] GC(45) Survivor regions: 6->4(7)
[2023-10-04T15:59:08.269+0900][gc,heap       ] GC(45) Old regions: 96->100
[2023-10-04T15:59:08.269+0900][gc,heap       ] GC(45) Humongous regions: 129->129
[2023-10-04T15:59:08.269+0900][gc,metaspace  ] GC(45) Metaspace: 52167K->52167K(1097728K)
[2023-10-04T15:59:08.269+0900][gc            ] GC(45) Pause Young (Normal) (G1 Evacuation Pause) 274M->231M(1024M) 28.880ms
[2023-10-04T15:59:08.269+0900][gc,cpu        ] GC(45) User=0.06s Sys=0.04s Real=0.02s
[2023-10-04T16:02:01.623+0900][gc,start      ] GC(46) Pause Young (Normal) (G1 Evacuation Pause)
[2023-10-04T16:02:01.624+0900][gc,task       ] GC(46) Using 8 workers of 8 for evacuation
[2023-10-04T16:02:01.650+0900][gc,mmu        ] GC(46) MMU target violated: 21.0ms (20.0ms/21.0ms)
[2023-10-04T16:02:01.650+0900][gc,phases     ] GC(46)   Pre Evacuate Collection Set: 0.5ms
[2023-10-04T16:02:01.650+0900][gc,phases     ] GC(46)   Evacuate Collection Set: 24.6ms
[2023-10-04T16:02:01.650+0900][gc,phases     ] GC(46)   Post Evacuate Collection Set: 0.5ms
[2023-10-04T16:02:01.650+0900][gc,phases     ] GC(46)   Other: 1.5ms
[2023-10-04T16:02:01.650+0900][gc,heap       ] GC(46) Eden regions: 47->0(44)
[2023-10-04T16:02:01.650+0900][gc,heap       ] GC(46) Survivor regions: 4->7(7)
[2023-10-04T16:02:01.650+0900][gc,heap       ] GC(46) Old regions: 100->100
[2023-10-04T16:02:01.650+0900][gc,heap       ] GC(46) Humongous regions: 129->129
[2023-10-04T16:02:01.650+0900][gc,metaspace  ] GC(46) Metaspace: 52169K->52169K(1097728K)
[2023-10-04T16:02:01.651+0900][gc            ] GC(46) Pause Young (Normal) (G1 Evacuation Pause) 278M->235M(1024M) 27.087ms
[2023-10-04T16:02:01.651+0900][gc,cpu        ] GC(46) User=0.04s Sys=0.05s Real=0.03s
[2023-10-04T16:04:42.963+0900][gc,start      ] GC(47) Pause Young (Normal) (G1 Evacuation Pause)
[2023-10-04T16:04:42.965+0900][gc,task       ] GC(47) Using 8 workers of 8 for evacuation
[2023-10-04T16:04:43.002+0900][gc,mmu        ] GC(47) MMU target violated: 21.0ms (20.0ms/21.0ms)
[2023-10-04T16:04:43.002+0900][gc,phases     ] GC(47)   Pre Evacuate Collection Set: 1.4ms
[2023-10-04T16:04:43.002+0900][gc,phases     ] GC(47)   Evacuate Collection Set: 34.2ms
[2023-10-04T16:04:43.002+0900][gc,phases     ] GC(47)   Post Evacuate Collection Set: 0.6ms
[2023-10-04T16:04:43.002+0900][gc,phases     ] GC(47)   Other: 3.5ms
[2023-10-04T16:04:43.002+0900][gc,heap       ] GC(47) Eden regions: 44->0(46)
[2023-10-04T16:04:43.002+0900][gc,heap       ] GC(47) Survivor regions: 7->5(7)
[2023-10-04T16:04:43.003+0900][gc,heap       ] GC(47) Old regions: 100->105
[2023-10-04T16:04:43.003+0900][gc,heap       ] GC(47) Humongous regions: 129->129
[2023-10-04T16:04:43.003+0900][gc,metaspace  ] GC(47) Metaspace: 52169K->52169K(1097728K)
[2023-10-04T16:04:43.003+0900][gc            ] GC(47) Pause Young (Normal) (G1 Evacuation Pause) 279M->237M(1024M) 39.658ms
[2023-10-04T16:04:43.003+0900][gc,cpu        ] GC(47) User=0.05s Sys=0.07s Real=0.04s
[2023-10-04T16:07:32.270+0900][gc,start      ] GC(48) Pause Young (Normal) (G1 Evacuation Pause)
[2023-10-04T16:07:32.271+0900][gc,task       ] GC(48) Using 8 workers of 8 for evacuation
[2023-10-04T16:07:32.295+0900][gc,mmu        ] GC(48) MMU target violated: 21.0ms (20.0ms/21.0ms)
[2023-10-04T16:07:32.295+0900][gc,phases     ] GC(48)   Pre Evacuate Collection Set: 0.3ms
[2023-10-04T16:07:32.295+0900][gc,phases     ] GC(48)   Evacuate Collection Set: 21.5ms
[2023-10-04T16:07:32.295+0900][gc,phases     ] GC(48)   Post Evacuate Collection Set: 2.2ms
[2023-10-04T16:07:32.295+0900][gc,phases     ] GC(48)   Other: 1.0ms
[2023-10-04T16:07:32.295+0900][gc,heap       ] GC(48) Eden regions: 46->0(45)
[2023-10-04T16:07:32.295+0900][gc,heap       ] GC(48) Survivor regions: 5->6(7)
[2023-10-04T16:07:32.295+0900][gc,heap       ] GC(48) Old regions: 105->105
[2023-10-04T16:07:32.295+0900][gc,heap       ] GC(48) Humongous regions: 129->129
[2023-10-04T16:07:32.295+0900][gc,metaspace  ] GC(48) Metaspace: 52170K->52170K(1097728K)
[2023-10-04T16:07:32.295+0900][gc            ] GC(48) Pause Young (Normal) (G1 Evacuation Pause) 283M->239M(1024M) 25.068ms
[2023-10-04T16:07:32.296+0900][gc,cpu        ] GC(48) User=0.03s Sys=0.02s Real=0.02s
[2023-10-04T16:10:17.603+0900][gc,start      ] GC(49) Pause Young (Normal) (G1 Evacuation Pause)
[2023-10-04T16:10:17.604+0900][gc,task       ] GC(49) Using 8 workers of 8 for evacuation
[2023-10-04T16:10:17.635+0900][gc,mmu        ] GC(49) MMU target violated: 21.0ms (20.0ms/21.0ms)
[2023-10-04T16:10:17.635+0900][gc,phases     ] GC(49)   Pre Evacuate Collection Set: 1.0ms
[2023-10-04T16:10:17.636+0900][gc,phases     ] GC(49)   Evacuate Collection Set: 28.7ms
[2023-10-04T16:10:17.636+0900][gc,phases     ] GC(49)   Post Evacuate Collection Set: 0.5ms
[2023-10-04T16:10:17.636+0900][gc,phases     ] GC(49)   Other: 3.1ms
[2023-10-04T16:10:17.636+0900][gc,heap       ] GC(49) Eden regions: 45->0(44)
[2023-10-04T16:10:17.636+0900][gc,heap       ] GC(49) Survivor regions: 6->7(7)
[2023-10-04T16:10:17.636+0900][gc,heap       ] GC(49) Old regions: 105->108
[2023-10-04T16:10:17.636+0900][gc,heap       ] GC(49) Humongous regions: 129->129
[2023-10-04T16:10:17.636+0900][gc,metaspace  ] GC(49) Metaspace: 52170K->52170K(1097728K)
[2023-10-04T16:10:17.636+0900][gc            ] GC(49) Pause Young (Normal) (G1 Evacuation Pause) 284M->243M(1024M) 32.861ms
[2023-10-04T16:10:17.636+0900][gc,cpu        ] GC(49) User=0.05s Sys=0.06s Real=0.03s
[2023-10-04T16:12:58.780+0900][gc,start      ] GC(50) Pause Young (Normal) (G1 Evacuation Pause)
[2023-10-04T16:12:58.781+0900][gc,task       ] GC(50) Using 8 workers of 8 for evacuation
[2023-10-04T16:12:58.804+0900][gc,mmu        ] GC(50) MMU target violated: 21.0ms (20.0ms/21.0ms)
[2023-10-04T16:12:58.818+0900][gc,phases     ] GC(50)   Pre Evacuate Collection Set: 0.6ms
[2023-10-04T16:12:58.818+0900][gc,phases     ] GC(50)   Evacuate Collection Set: 21.6ms
[2023-10-04T16:12:58.818+0900][gc,phases     ] GC(50)   Post Evacuate Collection Set: 0.6ms
[2023-10-04T16:12:58.818+0900][gc,phases     ] GC(50)   Other: 14.9ms
[2023-10-04T16:12:58.818+0900][gc,heap       ] GC(50) Eden regions: 44->0(47)
[2023-10-04T16:12:58.818+0900][gc,heap       ] GC(50) Survivor regions: 7->4(7)
[2023-10-04T16:12:58.818+0900][gc,heap       ] GC(50) Old regions: 108->113
[2023-10-04T16:12:58.818+0900][gc,heap       ] GC(50) Humongous regions: 129->129
[2023-10-04T16:12:58.818+0900][gc,metaspace  ] GC(50) Metaspace: 52171K->52171K(1097728K)
[2023-10-04T16:12:58.818+0900][gc            ] GC(50) Pause Young (Normal) (G1 Evacuation Pause) 287M->245M(1024M) 37.778ms
[2023-10-04T16:12:58.818+0900][gc,cpu        ] GC(50) User=0.05s Sys=0.06s Real=0.03s
[2023-10-04T16:15:51.489+0900][gc,start      ] GC(51) Pause Young (Normal) (G1 Evacuation Pause)
[2023-10-04T16:15:51.489+0900][gc,task       ] GC(51) Using 8 workers of 8 for evacuation
[2023-10-04T16:15:51.515+0900][gc,mmu        ] GC(51) MMU target violated: 21.0ms (20.0ms/21.0ms)
[2023-10-04T16:15:51.515+0900][gc,phases     ] GC(51)   Pre Evacuate Collection Set: 0.7ms
[2023-10-04T16:15:51.515+0900][gc,phases     ] GC(51)   Evacuate Collection Set: 24.4ms
[2023-10-04T16:15:51.515+0900][gc,phases     ] GC(51)   Post Evacuate Collection Set: 0.5ms
[2023-10-04T16:15:51.515+0900][gc,phases     ] GC(51)   Other: 1.4ms
[2023-10-04T16:15:51.515+0900][gc,heap       ] GC(51) Eden regions: 47->0(44)
[2023-10-04T16:15:51.515+0900][gc,heap       ] GC(51) Survivor regions: 4->7(7)
[2023-10-04T16:15:51.515+0900][gc,heap       ] GC(51) Old regions: 113->113
[2023-10-04T16:15:51.515+0900][gc,heap       ] GC(51) Humongous regions: 129->129
[2023-10-04T16:15:51.515+0900][gc,metaspace  ] GC(51) Metaspace: 52185K->52185K(1097728K)
[2023-10-04T16:15:51.516+0900][gc            ] GC(51) Pause Young (Normal) (G1 Evacuation Pause) 292M->248M(1024M) 26.953ms
[2023-10-04T16:15:51.516+0900][gc,cpu        ] GC(51) User=0.04s Sys=0.05s Real=0.03s
[2023-10-04T16:18:34.180+0900][gc,start      ] GC(52) Pause Young (Normal) (G1 Evacuation Pause)
[2023-10-04T16:18:34.182+0900][gc,task       ] GC(52) Using 8 workers of 8 for evacuation
[2023-10-04T16:18:34.221+0900][gc,mmu        ] GC(52) MMU target violated: 21.0ms (20.0ms/21.0ms)
[2023-10-04T16:18:34.221+0900][gc,phases     ] GC(52)   Pre Evacuate Collection Set: 0.9ms
[2023-10-04T16:18:34.221+0900][gc,phases     ] GC(52)   Evacuate Collection Set: 36.6ms
[2023-10-04T16:18:34.221+0900][gc,phases     ] GC(52)   Post Evacuate Collection Set: 0.6ms
[2023-10-04T16:18:34.221+0900][gc,phases     ] GC(52)   Other: 3.3ms
[2023-10-04T16:18:34.221+0900][gc,heap       ] GC(52) Eden regions: 44->0(46)
[2023-10-04T16:18:34.221+0900][gc,heap       ] GC(52) Survivor regions: 7->5(7)
[2023-10-04T16:18:34.221+0900][gc,heap       ] GC(52) Old regions: 113->118
[2023-10-04T16:18:34.221+0900][gc,heap       ] GC(52) Humongous regions: 129->129
[2023-10-04T16:18:34.221+0900][gc,metaspace  ] GC(52) Metaspace: 52186K->52186K(1097728K)
[2023-10-04T16:18:34.221+0900][gc            ] GC(52) Pause Young (Normal) (G1 Evacuation Pause) 292M->250M(1024M) 41.341ms
[2023-10-04T16:18:34.221+0900][gc,cpu        ] GC(52) User=0.05s Sys=0.05s Real=0.04s
