[2023-09-26T15:29:05.269+0900][gc,heap] Heap region size: 1M
[2023-09-26T15:29:05.275+0900][gc     ] Using G1
[2023-09-26T15:29:05.275+0900][gc,heap,coops] Heap address: 0x00000007c0000000, size: 1024 MB, Compressed Oops mode: Zero based, Oop shift amount: 3
[2023-09-26T15:29:06.459+0900][gc,start     ] GC(0) Pause Young (Concurrent Start) (Metadata GC Threshold)
[2023-09-26T15:29:06.459+0900][gc,task      ] GC(0) Using 8 workers of 8 for evacuation
[2023-09-26T15:29:06.472+0900][gc,phases    ] GC(0)   Pre Evacuate Collection Set: 0.0ms
[2023-09-26T15:29:06.472+0900][gc,phases    ] GC(0)   Evacuate Collection Set: 12.2ms
[2023-09-26T15:29:06.472+0900][gc,phases    ] GC(0)   Post Evacuate Collection Set: 0.4ms
[2023-09-26T15:29:06.472+0900][gc,phases    ] GC(0)   Other: 1.0ms
[2023-09-26T15:29:06.472+0900][gc,heap      ] GC(0) Eden regions: 46->0(44)
[2023-09-26T15:29:06.472+0900][gc,heap      ] GC(0) Survivor regions: 0->7(7)
[2023-09-26T15:29:06.472+0900][gc,heap      ] GC(0) Old regions: 0->1
[2023-09-26T15:29:06.472+0900][gc,heap      ] GC(0) Humongous regions: 0->0
[2023-09-26T15:29:06.472+0900][gc,metaspace ] GC(0) Metaspace: 20602K->20602K(1069056K)
[2023-09-26T15:29:06.472+0900][gc           ] GC(0) Pause Young (Concurrent Start) (Metadata GC Threshold) 46M->7M(1024M) 13.492ms
[2023-09-26T15:29:06.472+0900][gc,cpu       ] GC(0) User=0.03s Sys=0.01s Real=0.02s
[2023-09-26T15:29:06.473+0900][gc           ] GC(1) Concurrent Cycle
[2023-09-26T15:29:06.473+0900][gc,marking   ] GC(1) Concurrent Clear Claimed Marks
[2023-09-26T15:29:06.473+0900][gc,marking   ] GC(1) Concurrent Clear Claimed Marks 0.058ms
[2023-09-26T15:29:06.473+0900][gc,marking   ] GC(1) Concurrent Scan Root Regions
[2023-09-26T15:29:06.475+0900][gc,marking   ] GC(1) Concurrent Scan Root Regions 1.861ms
[2023-09-26T15:29:06.475+0900][gc,marking   ] GC(1) Concurrent Mark (1.215s)
[2023-09-26T15:29:06.475+0900][gc,marking   ] GC(1) Concurrent Mark From Roots
[2023-09-26T15:29:06.475+0900][gc,task      ] GC(1) Using 2 workers of 2 for marking
[2023-09-26T15:29:06.475+0900][gc,marking   ] GC(1) Concurrent Mark From Roots 0.172ms
[2023-09-26T15:29:06.475+0900][gc,marking   ] GC(1) Concurrent Preclean
[2023-09-26T15:29:06.475+0900][gc,marking   ] GC(1) Concurrent Preclean 0.023ms
[2023-09-26T15:29:06.475+0900][gc,marking   ] GC(1) Concurrent Mark (1.215s, 1.215s) 0.218ms
[2023-09-26T15:29:06.475+0900][gc,start     ] GC(1) Pause Remark
[2023-09-26T15:29:06.480+0900][gc,stringtable] GC(1) Cleaned string and symbol table, strings: 7387 processed, 0 removed, symbols: 64794 processed, 34 removed
[2023-09-26T15:29:06.480+0900][gc            ] GC(1) Pause Remark 7M->7M(1024M) 4.980ms
[2023-09-26T15:29:06.480+0900][gc,cpu        ] GC(1) User=0.01s Sys=0.01s Real=0.01s
[2023-09-26T15:29:06.480+0900][gc,marking    ] GC(1) Concurrent Rebuild Remembered Sets
[2023-09-26T15:29:06.481+0900][gc,marking    ] GC(1) Concurrent Rebuild Remembered Sets 0.242ms
[2023-09-26T15:29:06.481+0900][gc,start      ] GC(1) Pause Cleanup
[2023-09-26T15:29:06.481+0900][gc            ] GC(1) Pause Cleanup 7M->7M(1024M) 0.169ms
[2023-09-26T15:29:06.481+0900][gc,cpu        ] GC(1) User=0.00s Sys=0.00s Real=0.00s
[2023-09-26T15:29:06.481+0900][gc,marking    ] GC(1) Concurrent Cleanup for Next Mark
[2023-09-26T15:29:06.487+0900][gc,marking    ] GC(1) Concurrent Cleanup for Next Mark 6.048ms
[2023-09-26T15:29:06.487+0900][gc            ] GC(1) Concurrent Cycle 14.851ms
[2023-09-26T15:29:07.632+0900][gc,start      ] GC(2) Pause Young (Normal) (G1 Evacuation Pause)
[2023-09-26T15:29:07.632+0900][gc,task       ] GC(2) Using 8 workers of 8 for evacuation
[2023-09-26T15:29:07.651+0900][gc,phases     ] GC(2)   Pre Evacuate Collection Set: 0.0ms
[2023-09-26T15:29:07.651+0900][gc,phases     ] GC(2)   Evacuate Collection Set: 17.7ms
[2023-09-26T15:29:07.651+0900][gc,phases     ] GC(2)   Post Evacuate Collection Set: 0.5ms
[2023-09-26T15:29:07.651+0900][gc,phases     ] GC(2)   Other: 0.1ms
[2023-09-26T15:29:07.651+0900][gc,heap       ] GC(2) Eden regions: 44->0(49)
[2023-09-26T15:29:07.651+0900][gc,heap       ] GC(2) Survivor regions: 7->2(7)
[2023-09-26T15:29:07.651+0900][gc,heap       ] GC(2) Old regions: 1->7
[2023-09-26T15:29:07.651+0900][gc,heap       ] GC(2) Humongous regions: 0->0
[2023-09-26T15:29:07.651+0900][gc,metaspace  ] GC(2) Metaspace: 29420K->29420K(1075200K)
[2023-09-26T15:29:07.651+0900][gc            ] GC(2) Pause Young (Normal) (G1 Evacuation Pause) 51M->8M(1024M) 18.512ms
[2023-09-26T15:29:07.651+0900][gc,cpu        ] GC(2) User=0.08s Sys=0.03s Real=0.02s
[2023-09-26T15:29:08.542+0900][gc,start      ] GC(3) Pause Young (Concurrent Start) (Metadata GC Threshold)
[2023-09-26T15:29:08.542+0900][gc,task       ] GC(3) Using 8 workers of 8 for evacuation
[2023-09-26T15:29:08.549+0900][gc,phases     ] GC(3)   Pre Evacuate Collection Set: 0.0ms
[2023-09-26T15:29:08.549+0900][gc,phases     ] GC(3)   Evacuate Collection Set: 5.8ms
[2023-09-26T15:29:08.549+0900][gc,phases     ] GC(3)   Post Evacuate Collection Set: 0.2ms
[2023-09-26T15:29:08.549+0900][gc,phases     ] GC(3)   Other: 0.2ms
[2023-09-26T15:29:08.549+0900][gc,heap       ] GC(3) Eden regions: 35->0(47)
[2023-09-26T15:29:08.549+0900][gc,heap       ] GC(3) Survivor regions: 2->4(7)
[2023-09-26T15:29:08.549+0900][gc,heap       ] GC(3) Old regions: 7->7
[2023-09-26T15:29:08.549+0900][gc,heap       ] GC(3) Humongous regions: 129->129
[2023-09-26T15:29:08.549+0900][gc,metaspace  ] GC(3) Metaspace: 34835K->34835K(1081344K)
[2023-09-26T15:29:08.549+0900][gc            ] GC(3) Pause Young (Concurrent Start) (Metadata GC Threshold) 172M->139M(1024M) 6.336ms
[2023-09-26T15:29:08.549+0900][gc,cpu        ] GC(3) User=0.02s Sys=0.01s Real=0.00s
[2023-09-26T15:29:08.549+0900][gc            ] GC(4) Concurrent Cycle
[2023-09-26T15:29:08.549+0900][gc,marking    ] GC(4) Concurrent Clear Claimed Marks
[2023-09-26T15:29:08.549+0900][gc,marking    ] GC(4) Concurrent Clear Claimed Marks 0.022ms
[2023-09-26T15:29:08.549+0900][gc,marking    ] GC(4) Concurrent Scan Root Regions
[2023-09-26T15:29:08.550+0900][gc,marking    ] GC(4) Concurrent Scan Root Regions 1.227ms
[2023-09-26T15:29:08.550+0900][gc,marking    ] GC(4) Concurrent Mark (3.290s)
[2023-09-26T15:29:08.550+0900][gc,marking    ] GC(4) Concurrent Mark From Roots
[2023-09-26T15:29:08.550+0900][gc,task       ] GC(4) Using 2 workers of 2 for marking
[2023-09-26T15:29:08.554+0900][gc,marking    ] GC(4) Concurrent Mark From Roots 4.171ms
[2023-09-26T15:29:08.554+0900][gc,marking    ] GC(4) Concurrent Preclean
[2023-09-26T15:29:08.554+0900][gc,marking    ] GC(4) Concurrent Preclean 0.046ms
[2023-09-26T15:29:08.554+0900][gc,marking    ] GC(4) Concurrent Mark (3.290s, 3.294s) 4.250ms
[2023-09-26T15:29:08.554+0900][gc,start      ] GC(4) Pause Remark
[2023-09-26T15:29:08.564+0900][gc,stringtable] GC(4) Cleaned string and symbol table, strings: 11150 processed, 11 removed, symbols: 97863 processed, 23 removed
[2023-09-26T15:29:08.564+0900][gc            ] GC(4) Pause Remark 140M->140M(1024M) 9.608ms
[2023-09-26T15:29:08.564+0900][gc,cpu        ] GC(4) User=0.01s Sys=0.01s Real=0.01s
[2023-09-26T15:29:08.564+0900][gc,marking    ] GC(4) Concurrent Rebuild Remembered Sets
[2023-09-26T15:29:08.566+0900][gc,marking    ] GC(4) Concurrent Rebuild Remembered Sets 2.166ms
[2023-09-26T15:29:08.567+0900][gc,start      ] GC(4) Pause Cleanup
[2023-09-26T15:29:08.567+0900][gc            ] GC(4) Pause Cleanup 140M->140M(1024M) 0.171ms
[2023-09-26T15:29:08.567+0900][gc,cpu        ] GC(4) User=0.00s Sys=0.00s Real=0.00s
[2023-09-26T15:29:08.567+0900][gc,marking    ] GC(4) Concurrent Cleanup for Next Mark
[2023-09-26T15:29:08.571+0900][gc,marking    ] GC(4) Concurrent Cleanup for Next Mark 4.204ms
[2023-09-26T15:29:08.571+0900][gc            ] GC(4) Concurrent Cycle 22.506ms
[2023-09-26T15:29:09.130+0900][gc,start      ] GC(5) Pause Young (Normal) (G1 Evacuation Pause)
[2023-09-26T15:29:09.130+0900][gc,task       ] GC(5) Using 8 workers of 8 for evacuation
[2023-09-26T15:29:09.141+0900][gc,phases     ] GC(5)   Pre Evacuate Collection Set: 0.0ms
[2023-09-26T15:29:09.141+0900][gc,phases     ] GC(5)   Evacuate Collection Set: 10.2ms
[2023-09-26T15:29:09.141+0900][gc,phases     ] GC(5)   Post Evacuate Collection Set: 0.5ms
[2023-09-26T15:29:09.141+0900][gc,phases     ] GC(5)   Other: 0.2ms
[2023-09-26T15:29:09.141+0900][gc,heap       ] GC(5) Eden regions: 47->0(44)
[2023-09-26T15:29:09.141+0900][gc,heap       ] GC(5) Survivor regions: 4->7(7)
[2023-09-26T15:29:09.141+0900][gc,heap       ] GC(5) Old regions: 7->7
[2023-09-26T15:29:09.141+0900][gc,heap       ] GC(5) Humongous regions: 129->129
[2023-09-26T15:29:09.141+0900][gc,metaspace  ] GC(5) Metaspace: 42802K->42802K(1089536K)
[2023-09-26T15:29:09.141+0900][gc            ] GC(5) Pause Young (Normal) (G1 Evacuation Pause) 186M->142M(1024M) 10.969ms
[2023-09-26T15:29:09.141+0900][gc,cpu        ] GC(5) User=0.04s Sys=0.01s Real=0.01s
[2023-09-26T15:29:11.893+0900][gc,start      ] GC(6) Pause Young (Normal) (G1 Evacuation Pause)
[2023-09-26T15:29:11.911+0900][gc,task       ] GC(6) Using 8 workers of 8 for evacuation
[2023-09-26T15:29:11.927+0900][gc,phases     ] GC(6)   Pre Evacuate Collection Set: 0.1ms
[2023-09-26T15:29:11.927+0900][gc,phases     ] GC(6)   Evacuate Collection Set: 15.2ms
[2023-09-26T15:29:11.927+0900][gc,phases     ] GC(6)   Post Evacuate Collection Set: 0.7ms
[2023-09-26T15:29:11.927+0900][gc,phases     ] GC(6)   Other: 17.6ms
[2023-09-26T15:29:11.927+0900][gc,heap       ] GC(6) Eden regions: 44->0(48)
[2023-09-26T15:29:11.927+0900][gc,heap       ] GC(6) Survivor regions: 7->3(7)
[2023-09-26T15:29:11.927+0900][gc,heap       ] GC(6) Old regions: 7->14
[2023-09-26T15:29:11.927+0900][gc,heap       ] GC(6) Humongous regions: 129->129
[2023-09-26T15:29:11.927+0900][gc,metaspace  ] GC(6) Metaspace: 48425K->48425K(1093632K)
[2023-09-26T15:29:11.927+0900][gc            ] GC(6) Pause Young (Normal) (G1 Evacuation Pause) 186M->145M(1024M) 33.643ms
[2023-09-26T15:29:11.927+0900][gc,cpu        ] GC(6) User=0.06s Sys=0.03s Real=0.03s
[2023-09-26T15:30:33.258+0900][gc,start      ] GC(7) Pause Young (Normal) (G1 Evacuation Pause)
[2023-09-26T15:30:33.259+0900][gc,task       ] GC(7) Using 8 workers of 8 for evacuation
[2023-09-26T15:30:33.305+0900][gc,mmu        ] GC(7) MMU target violated: 21.0ms (20.0ms/21.0ms)
[2023-09-26T15:30:33.305+0900][gc,phases     ] GC(7)   Pre Evacuate Collection Set: 0.7ms
[2023-09-26T15:30:33.305+0900][gc,phases     ] GC(7)   Evacuate Collection Set: 42.9ms
[2023-09-26T15:30:33.305+0900][gc,phases     ] GC(7)   Post Evacuate Collection Set: 1.0ms
[2023-09-26T15:30:33.305+0900][gc,phases     ] GC(7)   Other: 3.0ms
[2023-09-26T15:30:33.305+0900][gc,heap       ] GC(7) Eden regions: 48->0(45)
[2023-09-26T15:30:33.305+0900][gc,heap       ] GC(7) Survivor regions: 3->6(7)
[2023-09-26T15:30:33.305+0900][gc,heap       ] GC(7) Old regions: 14->14
[2023-09-26T15:30:33.305+0900][gc,heap       ] GC(7) Humongous regions: 135->129
[2023-09-26T15:30:33.305+0900][gc,metaspace  ] GC(7) Metaspace: 52234K->52234K(1097728K)
[2023-09-26T15:30:33.305+0900][gc            ] GC(7) Pause Young (Normal) (G1 Evacuation Pause) 199M->148M(1024M) 47.385ms
[2023-09-26T15:30:33.305+0900][gc,cpu        ] GC(7) User=0.08s Sys=0.13s Real=0.05s
[2023-09-26T15:33:18.176+0900][gc,start      ] GC(8) Pause Young (Normal) (G1 Evacuation Pause)
[2023-09-26T15:33:18.176+0900][gc,task       ] GC(8) Using 8 workers of 8 for evacuation
[2023-09-26T15:33:18.220+0900][gc,mmu        ] GC(8) MMU target violated: 21.0ms (20.0ms/21.0ms)
[2023-09-26T15:33:18.220+0900][gc,phases     ] GC(8)   Pre Evacuate Collection Set: 0.2ms
[2023-09-26T15:33:18.220+0900][gc,phases     ] GC(8)   Evacuate Collection Set: 40.1ms
[2023-09-26T15:33:18.220+0900][gc,phases     ] GC(8)   Post Evacuate Collection Set: 2.7ms
[2023-09-26T15:33:18.220+0900][gc,phases     ] GC(8)   Other: 0.6ms
[2023-09-26T15:33:18.220+0900][gc,heap       ] GC(8) Eden regions: 45->0(47)
[2023-09-26T15:33:18.220+0900][gc,heap       ] GC(8) Survivor regions: 6->4(7)
[2023-09-26T15:33:18.220+0900][gc,heap       ] GC(8) Old regions: 14->18
[2023-09-26T15:33:18.220+0900][gc,heap       ] GC(8) Humongous regions: 129->129
[2023-09-26T15:33:18.220+0900][gc,metaspace  ] GC(8) Metaspace: 52311K->52311K(1097728K)
[2023-09-26T15:33:18.220+0900][gc            ] GC(8) Pause Young (Normal) (G1 Evacuation Pause) 193M->150M(1024M) 43.774ms
[2023-09-26T15:33:18.220+0900][gc,cpu        ] GC(8) User=0.05s Sys=0.08s Real=0.05s
[2023-09-26T15:36:00.455+0900][gc,start      ] GC(9) Pause Young (Normal) (G1 Evacuation Pause)
[2023-09-26T15:36:00.457+0900][gc,task       ] GC(9) Using 8 workers of 8 for evacuation
[2023-09-26T15:36:00.482+0900][gc,mmu        ] GC(9) MMU target violated: 21.0ms (20.0ms/21.0ms)
[2023-09-26T15:36:00.483+0900][gc,phases     ] GC(9)   Pre Evacuate Collection Set: 0.7ms
[2023-09-26T15:36:00.483+0900][gc,phases     ] GC(9)   Evacuate Collection Set: 23.9ms
[2023-09-26T15:36:00.483+0900][gc,phases     ] GC(9)   Post Evacuate Collection Set: 0.5ms
[2023-09-26T15:36:00.483+0900][gc,phases     ] GC(9)   Other: 2.8ms
[2023-09-26T15:36:00.483+0900][gc,heap       ] GC(9) Eden regions: 47->0(46)
[2023-09-26T15:36:00.483+0900][gc,heap       ] GC(9) Survivor regions: 4->5(7)
[2023-09-26T15:36:00.483+0900][gc,heap       ] GC(9) Old regions: 18->18
[2023-09-26T15:36:00.483+0900][gc,heap       ] GC(9) Humongous regions: 129->129
[2023-09-26T15:36:00.483+0900][gc,metaspace  ] GC(9) Metaspace: 52421K->52421K(1097728K)
[2023-09-26T15:36:00.483+0900][gc            ] GC(9) Pause Young (Normal) (G1 Evacuation Pause) 197M->150M(1024M) 27.864ms
[2023-09-26T15:36:00.483+0900][gc,cpu        ] GC(9) User=0.03s Sys=0.03s Real=0.03s
[2023-09-26T15:38:33.395+0900][gc,start      ] GC(10) Pause Young (Normal) (G1 Evacuation Pause)
[2023-09-26T15:38:33.398+0900][gc,task       ] GC(10) Using 8 workers of 8 for evacuation
[2023-09-26T15:38:33.440+0900][gc,mmu        ] GC(10) MMU target violated: 21.0ms (20.0ms/21.0ms)
[2023-09-26T15:38:33.440+0900][gc,phases     ] GC(10)   Pre Evacuate Collection Set: 0.9ms
[2023-09-26T15:38:33.440+0900][gc,phases     ] GC(10)   Evacuate Collection Set: 39.5ms
[2023-09-26T15:38:33.440+0900][gc,phases     ] GC(10)   Post Evacuate Collection Set: 0.8ms
[2023-09-26T15:38:33.440+0900][gc,phases     ] GC(10)   Other: 3.3ms
[2023-09-26T15:38:33.440+0900][gc,heap       ] GC(10) Eden regions: 46->0(44)
[2023-09-26T15:38:33.440+0900][gc,heap       ] GC(10) Survivor regions: 5->7(7)
[2023-09-26T15:38:33.440+0900][gc,heap       ] GC(10) Old regions: 18->19
[2023-09-26T15:38:33.440+0900][gc,heap       ] GC(10) Humongous regions: 129->129
[2023-09-26T15:38:33.440+0900][gc,metaspace  ] GC(10) Metaspace: 52659K->52659K(1097728K)
[2023-09-26T15:38:33.440+0900][gc            ] GC(10) Pause Young (Normal) (G1 Evacuation Pause) 196M->154M(1024M) 44.543ms
[2023-09-26T15:38:33.440+0900][gc,cpu        ] GC(10) User=0.06s Sys=0.10s Real=0.05s
[2023-09-26T15:41:03.892+0900][gc,start      ] GC(11) Pause Young (Normal) (G1 Evacuation Pause)
[2023-09-26T15:41:03.893+0900][gc,task       ] GC(11) Using 8 workers of 8 for evacuation
[2023-09-26T15:41:03.920+0900][gc,mmu        ] GC(11) MMU target violated: 21.0ms (20.0ms/21.0ms)
[2023-09-26T15:41:03.920+0900][gc,phases     ] GC(11)   Pre Evacuate Collection Set: 0.7ms
[2023-09-26T15:41:03.920+0900][gc,phases     ] GC(11)   Evacuate Collection Set: 24.4ms
[2023-09-26T15:41:03.920+0900][gc,phases     ] GC(11)   Post Evacuate Collection Set: 0.8ms
[2023-09-26T15:41:03.920+0900][gc,phases     ] GC(11)   Other: 1.9ms
[2023-09-26T15:41:03.920+0900][gc,heap       ] GC(11) Eden regions: 44->0(47)
[2023-09-26T15:41:03.920+0900][gc,heap       ] GC(11) Survivor regions: 7->4(7)
[2023-09-26T15:41:03.920+0900][gc,heap       ] GC(11) Old regions: 19->23
[2023-09-26T15:41:03.920+0900][gc,heap       ] GC(11) Humongous regions: 129->129
[2023-09-26T15:41:03.920+0900][gc,metaspace  ] GC(11) Metaspace: 52782K->52782K(1097728K)
[2023-09-26T15:41:03.920+0900][gc            ] GC(11) Pause Young (Normal) (G1 Evacuation Pause) 198M->155M(1024M) 27.698ms
[2023-09-26T15:41:03.920+0900][gc,cpu        ] GC(11) User=0.08s Sys=0.07s Real=0.03s
[2023-09-26T15:43:48.154+0900][gc,start      ] GC(12) Pause Young (Normal) (G1 Evacuation Pause)
[2023-09-26T15:43:48.156+0900][gc,task       ] GC(12) Using 8 workers of 8 for evacuation
[2023-09-26T15:43:48.210+0900][gc,mmu        ] GC(12) MMU target violated: 21.0ms (20.0ms/21.0ms)
[2023-09-26T15:43:48.210+0900][gc,phases     ] GC(12)   Pre Evacuate Collection Set: 1.0ms
[2023-09-26T15:43:48.210+0900][gc,phases     ] GC(12)   Evacuate Collection Set: 50.8ms
[2023-09-26T15:43:48.210+0900][gc,phases     ] GC(12)   Post Evacuate Collection Set: 0.6ms
[2023-09-26T15:43:48.210+0900][gc,phases     ] GC(12)   Other: 3.3ms
[2023-09-26T15:43:48.210+0900][gc,heap       ] GC(12) Eden regions: 47->0(44)
[2023-09-26T15:43:48.210+0900][gc,heap       ] GC(12) Survivor regions: 4->7(7)
[2023-09-26T15:43:48.210+0900][gc,heap       ] GC(12) Old regions: 23->24
[2023-09-26T15:43:48.210+0900][gc,heap       ] GC(12) Humongous regions: 129->129
[2023-09-26T15:43:48.210+0900][gc,metaspace  ] GC(12) Metaspace: 52813K->52813K(1097728K)
[2023-09-26T15:43:48.210+0900][gc            ] GC(12) Pause Young (Normal) (G1 Evacuation Pause) 202M->159M(1024M) 55.556ms
[2023-09-26T15:43:48.210+0900][gc,cpu        ] GC(12) User=0.05s Sys=0.09s Real=0.06s
[2023-09-26T15:46:21.962+0900][gc,start      ] GC(13) Pause Young (Normal) (G1 Evacuation Pause)
[2023-09-26T15:46:21.964+0900][gc,task       ] GC(13) Using 8 workers of 8 for evacuation
[2023-09-26T15:46:22.001+0900][gc,mmu        ] GC(13) MMU target violated: 21.0ms (20.0ms/21.0ms)
[2023-09-26T15:46:22.001+0900][gc,phases     ] GC(13)   Pre Evacuate Collection Set: 0.9ms
[2023-09-26T15:46:22.001+0900][gc,phases     ] GC(13)   Evacuate Collection Set: 34.1ms
[2023-09-26T15:46:22.001+0900][gc,phases     ] GC(13)   Post Evacuate Collection Set: 1.0ms
[2023-09-26T15:46:22.001+0900][gc,phases     ] GC(13)   Other: 3.6ms
[2023-09-26T15:46:22.001+0900][gc,heap       ] GC(13) Eden regions: 44->0(47)
[2023-09-26T15:46:22.001+0900][gc,heap       ] GC(13) Survivor regions: 7->4(7)
[2023-09-26T15:46:22.001+0900][gc,heap       ] GC(13) Old regions: 24->29
[2023-09-26T15:46:22.001+0900][gc,heap       ] GC(13) Humongous regions: 129->129
[2023-09-26T15:46:22.001+0900][gc,metaspace  ] GC(13) Metaspace: 52828K->52828K(1097728K)
[2023-09-26T15:46:22.001+0900][gc            ] GC(13) Pause Young (Normal) (G1 Evacuation Pause) 203M->161M(1024M) 39.604ms
[2023-09-26T15:46:22.001+0900][gc,cpu        ] GC(13) User=0.07s Sys=0.06s Real=0.04s
[2023-09-26T15:49:06.280+0900][gc,start      ] GC(14) Pause Young (Normal) (G1 Evacuation Pause)
[2023-09-26T15:49:06.282+0900][gc,task       ] GC(14) Using 8 workers of 8 for evacuation
[2023-09-26T15:49:06.334+0900][gc,mmu        ] GC(14) MMU target violated: 21.0ms (20.0ms/21.0ms)
[2023-09-26T15:49:06.334+0900][gc,phases     ] GC(14)   Pre Evacuate Collection Set: 0.8ms
[2023-09-26T15:49:06.334+0900][gc,phases     ] GC(14)   Evacuate Collection Set: 49.4ms
[2023-09-26T15:49:06.334+0900][gc,phases     ] GC(14)   Post Evacuate Collection Set: 1.1ms
[2023-09-26T15:49:06.334+0900][gc,phases     ] GC(14)   Other: 2.9ms
[2023-09-26T15:49:06.334+0900][gc,heap       ] GC(14) Eden regions: 47->0(47)
[2023-09-26T15:49:06.334+0900][gc,heap       ] GC(14) Survivor regions: 4->4(7)
[2023-09-26T15:49:06.334+0900][gc,heap       ] GC(14) Old regions: 29->31
[2023-09-26T15:49:06.334+0900][gc,heap       ] GC(14) Humongous regions: 129->129
[2023-09-26T15:49:06.334+0900][gc,metaspace  ] GC(14) Metaspace: 52857K->52857K(1097728K)
[2023-09-26T15:49:06.334+0900][gc            ] GC(14) Pause Young (Normal) (G1 Evacuation Pause) 208M->162M(1024M) 54.144ms
[2023-09-26T15:49:06.334+0900][gc,cpu        ] GC(14) User=0.05s Sys=0.09s Real=0.05s
[2023-09-26T15:51:50.467+0900][gc,start      ] GC(15) Pause Young (Normal) (G1 Evacuation Pause)
[2023-09-26T15:51:50.467+0900][gc,task       ] GC(15) Using 8 workers of 8 for evacuation
[2023-09-26T15:51:50.493+0900][gc,mmu        ] GC(15) MMU target violated: 21.0ms (20.0ms/21.0ms)
[2023-09-26T15:51:50.493+0900][gc,phases     ] GC(15)   Pre Evacuate Collection Set: 0.4ms
[2023-09-26T15:51:50.493+0900][gc,phases     ] GC(15)   Evacuate Collection Set: 24.1ms
[2023-09-26T15:51:50.493+0900][gc,phases     ] GC(15)   Post Evacuate Collection Set: 0.8ms
[2023-09-26T15:51:50.493+0900][gc,phases     ] GC(15)   Other: 2.0ms
[2023-09-26T15:51:50.493+0900][gc,heap       ] GC(15) Eden regions: 47->0(44)
[2023-09-26T15:51:50.493+0900][gc,heap       ] GC(15) Survivor regions: 4->7(7)
[2023-09-26T15:51:50.493+0900][gc,heap       ] GC(15) Old regions: 31->31
[2023-09-26T15:51:50.493+0900][gc,heap       ] GC(15) Humongous regions: 129->129
[2023-09-26T15:51:50.493+0900][gc,metaspace  ] GC(15) Metaspace: 52884K->52884K(1097728K)
[2023-09-26T15:51:50.494+0900][gc            ] GC(15) Pause Young (Normal) (G1 Evacuation Pause) 209M->166M(1024M) 26.823ms
[2023-09-26T15:51:50.494+0900][gc,cpu        ] GC(15) User=0.03s Sys=0.04s Real=0.03s
[2023-09-26T15:54:24.688+0900][gc,start      ] GC(16) Pause Young (Normal) (G1 Evacuation Pause)
[2023-09-26T15:54:24.690+0900][gc,task       ] GC(16) Using 8 workers of 8 for evacuation
[2023-09-26T15:54:24.743+0900][gc,mmu        ] GC(16) MMU target violated: 21.0ms (20.0ms/21.0ms)
[2023-09-26T15:54:24.743+0900][gc,phases     ] GC(16)   Pre Evacuate Collection Set: 1.0ms
[2023-09-26T15:54:24.743+0900][gc,phases     ] GC(16)   Evacuate Collection Set: 50.3ms
[2023-09-26T15:54:24.743+0900][gc,phases     ] GC(16)   Post Evacuate Collection Set: 0.5ms
[2023-09-26T15:54:24.743+0900][gc,phases     ] GC(16)   Other: 3.3ms
[2023-09-26T15:54:24.743+0900][gc,heap       ] GC(16) Eden regions: 44->0(47)
[2023-09-26T15:54:24.743+0900][gc,heap       ] GC(16) Survivor regions: 7->4(7)
[2023-09-26T15:54:24.743+0900][gc,heap       ] GC(16) Old regions: 31->36
[2023-09-26T15:54:24.743+0900][gc,heap       ] GC(16) Humongous regions: 129->129
[2023-09-26T15:54:24.743+0900][gc,metaspace  ] GC(16) Metaspace: 52894K->52894K(1097728K)
[2023-09-26T15:54:24.743+0900][gc            ] GC(16) Pause Young (Normal) (G1 Evacuation Pause) 210M->168M(1024M) 55.009ms
[2023-09-26T15:54:24.743+0900][gc,cpu        ] GC(16) User=0.07s Sys=0.06s Real=0.06s
[2023-09-26T15:57:10.127+0900][gc,start      ] GC(17) Pause Young (Normal) (G1 Evacuation Pause)
[2023-09-26T15:57:10.130+0900][gc,task       ] GC(17) Using 8 workers of 8 for evacuation
[2023-09-26T15:57:10.180+0900][gc,mmu        ] GC(17) MMU target violated: 21.0ms (20.0ms/21.0ms)
[2023-09-26T15:57:10.180+0900][gc,phases     ] GC(17)   Pre Evacuate Collection Set: 0.9ms
[2023-09-26T15:57:10.180+0900][gc,phases     ] GC(17)   Evacuate Collection Set: 47.4ms
[2023-09-26T15:57:10.180+0900][gc,phases     ] GC(17)   Post Evacuate Collection Set: 1.1ms
[2023-09-26T15:57:10.180+0900][gc,phases     ] GC(17)   Other: 3.6ms
[2023-09-26T15:57:10.180+0900][gc,heap       ] GC(17) Eden regions: 47->0(44)
[2023-09-26T15:57:10.180+0900][gc,heap       ] GC(17) Survivor regions: 4->7(7)
[2023-09-26T15:57:10.180+0900][gc,heap       ] GC(17) Old regions: 36->36
[2023-09-26T15:57:10.180+0900][gc,heap       ] GC(17) Humongous regions: 129->129
[2023-09-26T15:57:10.180+0900][gc,metaspace  ] GC(17) Metaspace: 52897K->52897K(1097728K)
[2023-09-26T15:57:10.180+0900][gc            ] GC(17) Pause Young (Normal) (G1 Evacuation Pause) 215M->171M(1024M) 52.987ms
[2023-09-26T15:57:10.180+0900][gc,cpu        ] GC(17) User=0.07s Sys=0.08s Real=0.06s
[2023-09-26T15:59:42.802+0900][gc,start      ] GC(18) Pause Young (Normal) (G1 Evacuation Pause)
[2023-09-26T15:59:42.803+0900][gc,task       ] GC(18) Using 8 workers of 8 for evacuation
[2023-09-26T15:59:42.815+0900][gc,phases     ] GC(18)   Pre Evacuate Collection Set: 0.3ms
[2023-09-26T15:59:42.815+0900][gc,phases     ] GC(18)   Evacuate Collection Set: 11.0ms
[2023-09-26T15:59:42.815+0900][gc,phases     ] GC(18)   Post Evacuate Collection Set: 0.5ms
[2023-09-26T15:59:42.815+0900][gc,phases     ] GC(18)   Other: 1.4ms
[2023-09-26T15:59:42.815+0900][gc,heap       ] GC(18) Eden regions: 44->0(47)
[2023-09-26T15:59:42.815+0900][gc,heap       ] GC(18) Survivor regions: 7->4(7)
[2023-09-26T15:59:42.815+0900][gc,heap       ] GC(18) Old regions: 36->41
[2023-09-26T15:59:42.815+0900][gc,heap       ] GC(18) Humongous regions: 129->129
[2023-09-26T15:59:42.815+0900][gc,metaspace  ] GC(18) Metaspace: 52916K->52916K(1097728K)
[2023-09-26T15:59:42.815+0900][gc            ] GC(18) Pause Young (Normal) (G1 Evacuation Pause) 215M->173M(1024M) 13.360ms
[2023-09-26T15:59:42.815+0900][gc,cpu        ] GC(18) User=0.04s Sys=0.03s Real=0.01s
[2023-09-26T16:02:27.578+0900][gc,start      ] GC(19) Pause Young (Normal) (G1 Evacuation Pause)
[2023-09-26T16:02:27.580+0900][gc,task       ] GC(19) Using 8 workers of 8 for evacuation
[2023-09-26T16:02:27.593+0900][gc,phases     ] GC(19)   Pre Evacuate Collection Set: 0.4ms
[2023-09-26T16:02:27.593+0900][gc,phases     ] GC(19)   Evacuate Collection Set: 11.8ms
[2023-09-26T16:02:27.593+0900][gc,phases     ] GC(19)   Post Evacuate Collection Set: 0.7ms
[2023-09-26T16:02:27.593+0900][gc,phases     ] GC(19)   Other: 2.2ms
[2023-09-26T16:02:27.593+0900][gc,heap       ] GC(19) Eden regions: 47->0(45)
[2023-09-26T16:02:27.593+0900][gc,heap       ] GC(19) Survivor regions: 4->6(7)
[2023-09-26T16:02:27.593+0900][gc,heap       ] GC(19) Old regions: 41->41
[2023-09-26T16:02:27.593+0900][gc,heap       ] GC(19) Humongous regions: 129->129
[2023-09-26T16:02:27.593+0900][gc,metaspace  ] GC(19) Metaspace: 52928K->52928K(1097728K)
[2023-09-26T16:02:27.593+0900][gc            ] GC(19) Pause Young (Normal) (G1 Evacuation Pause) 220M->175M(1024M) 15.251ms
[2023-09-26T16:02:27.593+0900][gc,cpu        ] GC(19) User=0.05s Sys=0.03s Real=0.02s
[2023-09-26T16:05:03.715+0900][gc,start      ] GC(20) Pause Young (Normal) (G1 Evacuation Pause)
[2023-09-26T16:05:03.717+0900][gc,task       ] GC(20) Using 8 workers of 8 for evacuation
[2023-09-26T16:05:03.751+0900][gc,mmu        ] GC(20) MMU target violated: 21.0ms (20.0ms/21.0ms)
[2023-09-26T16:05:03.751+0900][gc,phases     ] GC(20)   Pre Evacuate Collection Set: 1.0ms
[2023-09-26T16:05:03.751+0900][gc,phases     ] GC(20)   Evacuate Collection Set: 30.0ms
[2023-09-26T16:05:03.751+0900][gc,phases     ] GC(20)   Post Evacuate Collection Set: 1.1ms
[2023-09-26T16:05:03.751+0900][gc,phases     ] GC(20)   Other: 3.6ms
[2023-09-26T16:05:03.751+0900][gc,heap       ] GC(20) Eden regions: 45->0(44)
[2023-09-26T16:05:03.751+0900][gc,heap       ] GC(20) Survivor regions: 6->7(7)
[2023-09-26T16:05:03.751+0900][gc,heap       ] GC(20) Old regions: 41->44
[2023-09-26T16:05:03.751+0900][gc,heap       ] GC(20) Humongous regions: 129->129
[2023-09-26T16:05:03.751+0900][gc,metaspace  ] GC(20) Metaspace: 52945K->52945K(1097728K)
[2023-09-26T16:05:03.751+0900][gc            ] GC(20) Pause Young (Normal) (G1 Evacuation Pause) 220M->178M(1024M) 35.656ms
[2023-09-26T16:05:03.751+0900][gc,cpu        ] GC(20) User=0.09s Sys=0.07s Real=0.04s
[2023-09-26T16:07:37.485+0900][gc,start      ] GC(21) Pause Young (Normal) (G1 Evacuation Pause)
[2023-09-26T16:07:37.487+0900][gc,task       ] GC(21) Using 8 workers of 8 for evacuation
[2023-09-26T16:07:37.506+0900][gc,phases     ] GC(21)   Pre Evacuate Collection Set: 0.5ms
[2023-09-26T16:07:37.506+0900][gc,phases     ] GC(21)   Evacuate Collection Set: 17.0ms
[2023-09-26T16:07:37.506+0900][gc,phases     ] GC(21)   Post Evacuate Collection Set: 0.5ms
[2023-09-26T16:07:37.506+0900][gc,phases     ] GC(21)   Other: 2.8ms
[2023-09-26T16:07:37.506+0900][gc,heap       ] GC(21) Eden regions: 44->0(47)
[2023-09-26T16:07:37.506+0900][gc,heap       ] GC(21) Survivor regions: 7->4(7)
[2023-09-26T16:07:37.506+0900][gc,heap       ] GC(21) Old regions: 44->49
[2023-09-26T16:07:37.506+0900][gc,heap       ] GC(21) Humongous regions: 129->129
[2023-09-26T16:07:37.506+0900][gc,metaspace  ] GC(21) Metaspace: 52962K->52962K(1097728K)
[2023-09-26T16:07:37.506+0900][gc            ] GC(21) Pause Young (Normal) (G1 Evacuation Pause) 222M->180M(1024M) 20.965ms
[2023-09-26T16:07:37.506+0900][gc,cpu        ] GC(21) User=0.06s Sys=0.05s Real=0.02s
[2023-09-26T16:52:43.710+0900][gc,start      ] GC(22) Pause Young (Normal) (G1 Evacuation Pause)
[2023-09-26T16:52:43.711+0900][gc,task       ] GC(22) Using 8 workers of 8 for evacuation
[2023-09-26T16:52:43.739+0900][gc,mmu        ] GC(22) MMU target violated: 21.0ms (20.0ms/21.0ms)
[2023-09-26T16:52:43.739+0900][gc,phases     ] GC(22)   Pre Evacuate Collection Set: 0.2ms
[2023-09-26T16:52:43.739+0900][gc,phases     ] GC(22)   Evacuate Collection Set: 27.5ms
[2023-09-26T16:52:43.739+0900][gc,phases     ] GC(22)   Post Evacuate Collection Set: 0.5ms
[2023-09-26T16:52:43.739+0900][gc,phases     ] GC(22)   Other: 0.8ms
[2023-09-26T16:52:43.739+0900][gc,heap       ] GC(22) Eden regions: 47->0(44)
[2023-09-26T16:52:43.739+0900][gc,heap       ] GC(22) Survivor regions: 4->7(7)
[2023-09-26T16:52:43.739+0900][gc,heap       ] GC(22) Old regions: 49->49
[2023-09-26T16:52:43.739+0900][gc,heap       ] GC(22) Humongous regions: 129->129
[2023-09-26T16:52:43.739+0900][gc,metaspace  ] GC(22) Metaspace: 53025K->53025K(1097728K)
[2023-09-26T16:52:43.739+0900][gc            ] GC(22) Pause Young (Normal) (G1 Evacuation Pause) 227M->183M(1024M) 29.058ms
[2023-09-26T16:52:43.739+0900][gc,cpu        ] GC(22) User=0.02s Sys=0.04s Real=0.02s
[2023-09-26T16:55:16.722+0900][gc,start      ] GC(23) Pause Young (Normal) (G1 Evacuation Pause)
[2023-09-26T16:55:16.725+0900][gc,task       ] GC(23) Using 8 workers of 8 for evacuation
[2023-09-26T16:55:16.754+0900][gc,mmu        ] GC(23) MMU target violated: 21.0ms (20.0ms/21.0ms)
[2023-09-26T16:55:16.754+0900][gc,phases     ] GC(23)   Pre Evacuate Collection Set: 1.4ms
[2023-09-26T16:55:16.754+0900][gc,phases     ] GC(23)   Evacuate Collection Set: 25.2ms
[2023-09-26T16:55:16.754+0900][gc,phases     ] GC(23)   Post Evacuate Collection Set: 0.7ms
[2023-09-26T16:55:16.754+0900][gc,phases     ] GC(23)   Other: 4.5ms
[2023-09-26T16:55:16.754+0900][gc,heap       ] GC(23) Eden regions: 44->0(48)
[2023-09-26T16:55:16.754+0900][gc,heap       ] GC(23) Survivor regions: 7->3(7)
[2023-09-26T16:55:16.754+0900][gc,heap       ] GC(23) Old regions: 49->53
[2023-09-26T16:55:16.754+0900][gc,heap       ] GC(23) Humongous regions: 129->129
[2023-09-26T16:55:16.754+0900][gc,metaspace  ] GC(23) Metaspace: 53064K->53064K(1097728K)
[2023-09-26T16:55:16.754+0900][gc            ] GC(23) Pause Young (Normal) (G1 Evacuation Pause) 227M->184M(1024M) 31.738ms
[2023-09-26T16:55:16.754+0900][gc,cpu        ] GC(23) User=0.06s Sys=0.05s Real=0.03s
[2023-09-26T16:58:03.346+0900][gc,start      ] GC(24) Pause Young (Normal) (G1 Evacuation Pause)
[2023-09-26T16:58:03.347+0900][gc,task       ] GC(24) Using 8 workers of 8 for evacuation
[2023-09-26T16:58:03.389+0900][gc,mmu        ] GC(24) MMU target violated: 21.0ms (20.0ms/21.0ms)
[2023-09-26T16:58:03.389+0900][gc,phases     ] GC(24)   Pre Evacuate Collection Set: 0.7ms
[2023-09-26T16:58:03.389+0900][gc,phases     ] GC(24)   Evacuate Collection Set: 38.6ms
[2023-09-26T16:58:03.389+0900][gc,phases     ] GC(24)   Post Evacuate Collection Set: 1.1ms
[2023-09-26T16:58:03.389+0900][gc,phases     ] GC(24)   Other: 2.4ms
[2023-09-26T16:58:03.389+0900][gc,heap       ] GC(24) Eden regions: 48->0(44)
[2023-09-26T16:58:03.389+0900][gc,heap       ] GC(24) Survivor regions: 3->7(7)
[2023-09-26T16:58:03.389+0900][gc,heap       ] GC(24) Old regions: 53->53
[2023-09-26T16:58:03.389+0900][gc,heap       ] GC(24) Humongous regions: 129->129
[2023-09-26T16:58:03.389+0900][gc,metaspace  ] GC(24) Metaspace: 53074K->53074K(1097728K)
[2023-09-26T16:58:03.389+0900][gc            ] GC(24) Pause Young (Normal) (G1 Evacuation Pause) 232M->189M(1024M) 42.848ms
[2023-09-26T16:58:03.389+0900][gc,cpu        ] GC(24) User=0.06s Sys=0.11s Real=0.04s
[2023-09-26T17:00:36.862+0900][gc,start      ] GC(25) Pause Young (Normal) (G1 Evacuation Pause)
[2023-09-26T17:00:36.862+0900][gc,task       ] GC(25) Using 8 workers of 8 for evacuation
[2023-09-26T17:00:36.907+0900][gc,mmu        ] GC(25) MMU target violated: 21.0ms (20.0ms/21.0ms)
[2023-09-26T17:00:36.907+0900][gc,phases     ] GC(25)   Pre Evacuate Collection Set: 0.7ms
[2023-09-26T17:00:36.907+0900][gc,phases     ] GC(25)   Evacuate Collection Set: 43.0ms
[2023-09-26T17:00:36.907+0900][gc,phases     ] GC(25)   Post Evacuate Collection Set: 0.6ms
[2023-09-26T17:00:36.907+0900][gc,phases     ] GC(25)   Other: 1.1ms
[2023-09-26T17:00:36.907+0900][gc,heap       ] GC(25) Eden regions: 44->0(47)
[2023-09-26T17:00:36.907+0900][gc,heap       ] GC(25) Survivor regions: 7->4(7)
[2023-09-26T17:00:36.907+0900][gc,heap       ] GC(25) Old regions: 53->58
[2023-09-26T17:00:36.907+0900][gc,heap       ] GC(25) Humongous regions: 129->129
[2023-09-26T17:00:36.907+0900][gc,metaspace  ] GC(25) Metaspace: 53076K->53076K(1097728K)
[2023-09-26T17:00:36.907+0900][gc            ] GC(25) Pause Young (Normal) (G1 Evacuation Pause) 233M->190M(1024M) 45.537ms
[2023-09-26T17:00:36.907+0900][gc,cpu        ] GC(25) User=0.04s Sys=0.04s Real=0.04s
[2023-09-26T17:03:19.521+0900][gc,start      ] GC(26) Pause Young (Normal) (G1 Evacuation Pause)
[2023-09-26T17:03:19.522+0900][gc,task       ] GC(26) Using 8 workers of 8 for evacuation
[2023-09-26T17:03:19.548+0900][gc,mmu        ] GC(26) MMU target violated: 21.0ms (20.0ms/21.0ms)
[2023-09-26T17:03:19.549+0900][gc,phases     ] GC(26)   Pre Evacuate Collection Set: 0.4ms
[2023-09-26T17:03:19.549+0900][gc,phases     ] GC(26)   Evacuate Collection Set: 24.4ms
[2023-09-26T17:03:19.549+0900][gc,phases     ] GC(26)   Post Evacuate Collection Set: 0.6ms
[2023-09-26T17:03:19.549+0900][gc,phases     ] GC(26)   Other: 2.5ms
[2023-09-26T17:03:19.549+0900][gc,heap       ] GC(26) Eden regions: 47->0(44)
[2023-09-26T17:03:19.549+0900][gc,heap       ] GC(26) Survivor regions: 4->7(7)
[2023-09-26T17:03:19.549+0900][gc,heap       ] GC(26) Old regions: 58->58
[2023-09-26T17:03:19.549+0900][gc,heap       ] GC(26) Humongous regions: 129->129
[2023-09-26T17:03:19.549+0900][gc,metaspace  ] GC(26) Metaspace: 53079K->53079K(1097728K)
[2023-09-26T17:03:19.549+0900][gc            ] GC(26) Pause Young (Normal) (G1 Evacuation Pause) 237M->194M(1024M) 27.893ms
[2023-09-26T17:03:19.549+0900][gc,cpu        ] GC(26) User=0.04s Sys=0.07s Real=0.02s
[2023-09-26T17:05:52.428+0900][gc,start      ] GC(27) Pause Young (Normal) (G1 Evacuation Pause)
[2023-09-26T17:05:52.428+0900][gc,task       ] GC(27) Using 8 workers of 8 for evacuation
[2023-09-26T17:05:52.442+0900][gc,phases     ] GC(27)   Pre Evacuate Collection Set: 0.6ms
[2023-09-26T17:05:52.442+0900][gc,phases     ] GC(27)   Evacuate Collection Set: 12.0ms
[2023-09-26T17:05:52.442+0900][gc,phases     ] GC(27)   Post Evacuate Collection Set: 0.6ms
[2023-09-26T17:05:52.442+0900][gc,phases     ] GC(27)   Other: 1.5ms
[2023-09-26T17:05:52.442+0900][gc,heap       ] GC(27) Eden regions: 44->0(47)
[2023-09-26T17:05:52.442+0900][gc,heap       ] GC(27) Survivor regions: 7->4(7)
[2023-09-26T17:05:52.442+0900][gc,heap       ] GC(27) Old regions: 58->63
[2023-09-26T17:05:52.442+0900][gc,heap       ] GC(27) Humongous regions: 129->129
[2023-09-26T17:05:52.442+0900][gc,metaspace  ] GC(27) Metaspace: 53085K->53085K(1097728K)
[2023-09-26T17:05:52.442+0900][gc            ] GC(27) Pause Young (Normal) (G1 Evacuation Pause) 238M->195M(1024M) 14.788ms
[2023-09-26T17:05:52.442+0900][gc,cpu        ] GC(27) User=0.04s Sys=0.04s Real=0.02s
[2023-09-26T17:08:36.038+0900][gc,start      ] GC(28) Pause Young (Normal) (G1 Evacuation Pause)
[2023-09-26T17:08:36.039+0900][gc,task       ] GC(28) Using 8 workers of 8 for evacuation
[2023-09-26T17:08:36.085+0900][gc,mmu        ] GC(28) MMU target violated: 21.0ms (20.0ms/21.0ms)
[2023-09-26T17:08:36.085+0900][gc,phases     ] GC(28)   Pre Evacuate Collection Set: 0.6ms
[2023-09-26T17:08:36.085+0900][gc,phases     ] GC(28)   Evacuate Collection Set: 44.1ms
[2023-09-26T17:08:36.085+0900][gc,phases     ] GC(28)   Post Evacuate Collection Set: 0.6ms
[2023-09-26T17:08:36.085+0900][gc,phases     ] GC(28)   Other: 2.1ms
[2023-09-26T17:08:36.085+0900][gc,heap       ] GC(28) Eden regions: 47->0(44)
[2023-09-26T17:08:36.085+0900][gc,heap       ] GC(28) Survivor regions: 4->7(7)
[2023-09-26T17:08:36.085+0900][gc,heap       ] GC(28) Old regions: 63->64
[2023-09-26T17:08:36.085+0900][gc,heap       ] GC(28) Humongous regions: 129->129
[2023-09-26T17:08:36.085+0900][gc,metaspace  ] GC(28) Metaspace: 53101K->53101K(1097728K)
[2023-09-26T17:08:36.085+0900][gc            ] GC(28) Pause Young (Normal) (G1 Evacuation Pause) 242M->199M(1024M) 47.326ms
[2023-09-26T17:08:36.085+0900][gc,cpu        ] GC(28) User=0.06s Sys=0.11s Real=0.05s
[2023-09-26T17:11:09.352+0900][gc,start      ] GC(29) Pause Young (Normal) (G1 Evacuation Pause)
[2023-09-26T17:11:09.354+0900][gc,task       ] GC(29) Using 8 workers of 8 for evacuation
[2023-09-26T17:11:09.380+0900][gc,mmu        ] GC(29) MMU target violated: 21.0ms (20.0ms/21.0ms)
[2023-09-26T17:11:09.380+0900][gc,phases     ] GC(29)   Pre Evacuate Collection Set: 0.7ms
[2023-09-26T17:11:09.380+0900][gc,phases     ] GC(29)   Evacuate Collection Set: 23.8ms
[2023-09-26T17:11:09.380+0900][gc,phases     ] GC(29)   Post Evacuate Collection Set: 0.5ms
[2023-09-26T17:11:09.380+0900][gc,phases     ] GC(29)   Other: 3.0ms
[2023-09-26T17:11:09.380+0900][gc,heap       ] GC(29) Eden regions: 44->0(47)
[2023-09-26T17:11:09.380+0900][gc,heap       ] GC(29) Survivor regions: 7->4(7)
[2023-09-26T17:11:09.380+0900][gc,heap       ] GC(29) Old regions: 64->68
[2023-09-26T17:11:09.380+0900][gc,heap       ] GC(29) Humongous regions: 129->129
[2023-09-26T17:11:09.380+0900][gc,metaspace  ] GC(29) Metaspace: 53134K->53134K(1097728K)
[2023-09-26T17:11:09.380+0900][gc            ] GC(29) Pause Young (Normal) (G1 Evacuation Pause) 243M->200M(1024M) 27.939ms
[2023-09-26T17:11:09.380+0900][gc,cpu        ] GC(29) User=0.04s Sys=0.04s Real=0.03s
[2023-09-26T17:13:42.349+0900][gc,start      ] GC(30) Pause Young (Normal) (G1 Evacuation Pause)
[2023-09-26T17:13:42.351+0900][gc,task       ] GC(30) Using 8 workers of 8 for evacuation
[2023-09-26T17:13:42.361+0900][gc,phases     ] GC(30)   Pre Evacuate Collection Set: 0.2ms
[2023-09-26T17:13:42.361+0900][gc,phases     ] GC(30)   Evacuate Collection Set: 9.6ms
[2023-09-26T17:13:42.361+0900][gc,phases     ] GC(30)   Post Evacuate Collection Set: 0.5ms
[2023-09-26T17:13:42.361+0900][gc,phases     ] GC(30)   Other: 1.8ms
[2023-09-26T17:13:42.361+0900][gc,heap       ] GC(30) Eden regions: 47->0(45)
[2023-09-26T17:13:42.361+0900][gc,heap       ] GC(30) Survivor regions: 4->6(7)
[2023-09-26T17:13:42.361+0900][gc,heap       ] GC(30) Old regions: 68->68
[2023-09-26T17:13:42.361+0900][gc,heap       ] GC(30) Humongous regions: 129->129
[2023-09-26T17:13:42.361+0900][gc,metaspace  ] GC(30) Metaspace: 53158K->53158K(1097728K)
[2023-09-26T17:13:42.361+0900][gc            ] GC(30) Pause Young (Normal) (G1 Evacuation Pause) 247M->202M(1024M) 12.178ms
[2023-09-26T17:13:42.361+0900][gc,cpu        ] GC(30) User=0.04s Sys=0.02s Real=0.02s
[2023-09-26T17:16:19.231+0900][gc,start      ] GC(31) Pause Young (Normal) (G1 Evacuation Pause)
[2023-09-26T17:16:19.232+0900][gc,task       ] GC(31) Using 8 workers of 8 for evacuation
[2023-09-26T17:16:19.247+0900][gc,phases     ] GC(31)   Pre Evacuate Collection Set: 0.5ms
[2023-09-26T17:16:19.247+0900][gc,phases     ] GC(31)   Evacuate Collection Set: 13.5ms
[2023-09-26T17:16:19.247+0900][gc,phases     ] GC(31)   Post Evacuate Collection Set: 0.6ms
[2023-09-26T17:16:19.247+0900][gc,phases     ] GC(31)   Other: 2.3ms
[2023-09-26T17:16:19.247+0900][gc,heap       ] GC(31) Eden regions: 45->0(46)
[2023-09-26T17:16:19.247+0900][gc,heap       ] GC(31) Survivor regions: 6->5(7)
[2023-09-26T17:16:19.247+0900][gc,heap       ] GC(31) Old regions: 68->71
[2023-09-26T17:16:19.247+0900][gc,heap       ] GC(31) Humongous regions: 129->129
[2023-09-26T17:16:19.247+0900][gc,metaspace  ] GC(31) Metaspace: 53187K->53187K(1097728K)
[2023-09-26T17:16:19.247+0900][gc            ] GC(31) Pause Young (Normal) (G1 Evacuation Pause) 247M->203M(1024M) 16.939ms
[2023-09-26T17:16:19.247+0900][gc,cpu        ] GC(31) User=0.04s Sys=0.04s Real=0.01s
[2023-09-26T17:18:59.189+0900][gc,start      ] GC(32) Pause Young (Normal) (G1 Evacuation Pause)
[2023-09-26T17:18:59.191+0900][gc,task       ] GC(32) Using 8 workers of 8 for evacuation
[2023-09-26T17:18:59.223+0900][gc,mmu        ] GC(32) MMU target violated: 21.0ms (20.0ms/21.0ms)
[2023-09-26T17:18:59.223+0900][gc,phases     ] GC(32)   Pre Evacuate Collection Set: 0.8ms
[2023-09-26T17:18:59.223+0900][gc,phases     ] GC(32)   Evacuate Collection Set: 29.5ms
[2023-09-26T17:18:59.223+0900][gc,phases     ] GC(32)   Post Evacuate Collection Set: 0.8ms
[2023-09-26T17:18:59.223+0900][gc,phases     ] GC(32)   Other: 3.1ms
[2023-09-26T17:18:59.223+0900][gc,heap       ] GC(32) Eden regions: 46->0(49)
[2023-09-26T17:18:59.223+0900][gc,heap       ] GC(32) Survivor regions: 5->2(7)
[2023-09-26T17:18:59.223+0900][gc,heap       ] GC(32) Old regions: 71->72
[2023-09-26T17:18:59.223+0900][gc,heap       ] GC(32) Humongous regions: 129->129
[2023-09-26T17:18:59.223+0900][gc,metaspace  ] GC(32) Metaspace: 53188K->53188K(1097728K)
[2023-09-26T17:18:59.223+0900][gc            ] GC(32) Pause Young (Normal) (G1 Evacuation Pause) 249M->203M(1024M) 34.251ms
[2023-09-26T17:18:59.223+0900][gc,cpu        ] GC(32) User=0.04s Sys=0.04s Real=0.04s
[2023-09-26T17:21:50.251+0900][gc,start      ] GC(33) Pause Young (Normal) (G1 Evacuation Pause)
[2023-09-26T17:21:50.253+0900][gc,task       ] GC(33) Using 8 workers of 8 for evacuation
[2023-09-26T17:21:50.273+0900][gc,phases     ] GC(33)   Pre Evacuate Collection Set: 0.7ms
[2023-09-26T17:21:50.273+0900][gc,phases     ] GC(33)   Evacuate Collection Set: 16.0ms
[2023-09-26T17:21:50.273+0900][gc,phases     ] GC(33)   Post Evacuate Collection Set: 0.8ms
[2023-09-26T17:21:50.273+0900][gc,phases     ] GC(33)   Other: 4.4ms
[2023-09-26T17:21:50.273+0900][gc,heap       ] GC(33) Eden regions: 49->0(45)
[2023-09-26T17:21:50.273+0900][gc,heap       ] GC(33) Survivor regions: 2->6(7)
[2023-09-26T17:21:50.273+0900][gc,heap       ] GC(33) Old regions: 72->72
[2023-09-26T17:21:50.273+0900][gc,heap       ] GC(33) Humongous regions: 129->129
[2023-09-26T17:21:50.273+0900][gc,metaspace  ] GC(33) Metaspace: 53189K->53189K(1097728K)
[2023-09-26T17:21:50.273+0900][gc            ] GC(33) Pause Young (Normal) (G1 Evacuation Pause) 252M->206M(1024M) 21.972ms
[2023-09-26T17:21:50.273+0900][gc,cpu        ] GC(33) User=0.04s Sys=0.03s Real=0.02s
[2023-09-26T17:24:25.783+0900][gc,start      ] GC(34) Pause Young (Normal) (G1 Evacuation Pause)
[2023-09-26T17:24:25.786+0900][gc,task       ] GC(34) Using 8 workers of 8 for evacuation
[2023-09-26T17:24:25.806+0900][gc,phases     ] GC(34)   Pre Evacuate Collection Set: 0.4ms
[2023-09-26T17:24:25.806+0900][gc,phases     ] GC(34)   Evacuate Collection Set: 18.0ms
[2023-09-26T17:24:25.806+0900][gc,phases     ] GC(34)   Post Evacuate Collection Set: 0.8ms
[2023-09-26T17:24:25.806+0900][gc,phases     ] GC(34)   Other: 3.3ms
[2023-09-26T17:24:25.806+0900][gc,heap       ] GC(34) Eden regions: 45->0(48)
[2023-09-26T17:24:25.806+0900][gc,heap       ] GC(34) Survivor regions: 6->4(7)
[2023-09-26T17:24:25.806+0900][gc,heap       ] GC(34) Old regions: 72->76
[2023-09-26T17:24:25.806+0900][gc,heap       ] GC(34) Humongous regions: 129->129
[2023-09-26T17:24:25.806+0900][gc,metaspace  ] GC(34) Metaspace: 53192K->53192K(1097728K)
[2023-09-26T17:24:25.806+0900][gc            ] GC(34) Pause Young (Normal) (G1 Evacuation Pause) 251M->208M(1024M) 22.661ms
[2023-09-26T17:24:25.806+0900][gc,cpu        ] GC(34) User=0.06s Sys=0.02s Real=0.02s
[2023-09-26T17:27:13.370+0900][gc,start      ] GC(35) Pause Young (Normal) (G1 Evacuation Pause)
[2023-09-26T17:27:13.372+0900][gc,task       ] GC(35) Using 8 workers of 8 for evacuation
[2023-09-26T17:27:13.394+0900][gc,mmu        ] GC(35) MMU target violated: 21.0ms (20.0ms/21.0ms)
[2023-09-26T17:27:13.394+0900][gc,phases     ] GC(35)   Pre Evacuate Collection Set: 0.6ms
[2023-09-26T17:27:13.394+0900][gc,phases     ] GC(35)   Evacuate Collection Set: 20.0ms
[2023-09-26T17:27:13.394+0900][gc,phases     ] GC(35)   Post Evacuate Collection Set: 0.5ms
[2023-09-26T17:27:13.394+0900][gc,phases     ] GC(35)   Other: 3.1ms
[2023-09-26T17:27:13.394+0900][gc,heap       ] GC(35) Eden regions: 48->0(49)
[2023-09-26T17:27:13.394+0900][gc,heap       ] GC(35) Survivor regions: 4->6(7)
[2023-09-26T17:27:13.394+0900][gc,heap       ] GC(35) Old regions: 76->76
[2023-09-26T17:27:13.394+0900][gc,heap       ] GC(35) Humongous regions: 129->129
[2023-09-26T17:27:13.394+0900][gc,metaspace  ] GC(35) Metaspace: 53194K->53194K(1097728K)
[2023-09-26T17:27:13.394+0900][gc            ] GC(35) Pause Young (Normal) (G1 Evacuation Pause) 256M->209M(1024M) 24.033ms
[2023-09-26T17:27:13.394+0900][gc,cpu        ] GC(35) User=0.04s Sys=0.02s Real=0.02s
[2023-09-26T17:30:02.620+0900][gc,start      ] GC(36) Pause Young (Normal) (G1 Evacuation Pause)
[2023-09-26T17:30:02.621+0900][gc,task       ] GC(36) Using 8 workers of 8 for evacuation
[2023-09-26T17:30:02.642+0900][gc,mmu        ] GC(36) MMU target violated: 21.0ms (20.0ms/21.0ms)
[2023-09-26T17:30:02.642+0900][gc,phases     ] GC(36)   Pre Evacuate Collection Set: 0.3ms
[2023-09-26T17:30:02.642+0900][gc,phases     ] GC(36)   Evacuate Collection Set: 20.1ms
[2023-09-26T17:30:02.642+0900][gc,phases     ] GC(36)   Post Evacuate Collection Set: 0.6ms
[2023-09-26T17:30:02.643+0900][gc,phases     ] GC(36)   Other: 1.8ms
[2023-09-26T17:30:02.643+0900][gc,heap       ] GC(36) Eden regions: 48->0(50)
[2023-09-26T17:30:02.643+0900][gc,heap       ] GC(36) Survivor regions: 6->7(7)
[2023-09-26T17:30:02.643+0900][gc,heap       ] GC(36) Old regions: 76->78
[2023-09-26T17:30:02.643+0900][gc,heap       ] GC(36) Humongous regions: 129->129
[2023-09-26T17:30:02.643+0900][gc,metaspace  ] GC(36) Metaspace: 53194K->53194K(1097728K)
[2023-09-26T17:30:02.643+0900][gc            ] GC(36) Pause Young (Normal) (G1 Evacuation Pause) 257M->213M(1024M) 22.711ms
[2023-09-26T17:30:02.643+0900][gc,cpu        ] GC(36) User=0.07s Sys=0.01s Real=0.02s
[2023-09-26T17:32:53.090+0900][gc,start      ] GC(37) Pause Young (Normal) (G1 Evacuation Pause)
[2023-09-26T17:32:53.091+0900][gc,task       ] GC(37) Using 8 workers of 8 for evacuation
[2023-09-26T17:32:53.117+0900][gc,mmu        ] GC(37) MMU target violated: 21.0ms (20.0ms/21.0ms)
[2023-09-26T17:32:53.117+0900][gc,phases     ] GC(37)   Pre Evacuate Collection Set: 0.7ms
[2023-09-26T17:32:53.117+0900][gc,phases     ] GC(37)   Evacuate Collection Set: 23.2ms
[2023-09-26T17:32:53.117+0900][gc,phases     ] GC(37)   Post Evacuate Collection Set: 1.0ms
[2023-09-26T17:32:53.117+0900][gc,phases     ] GC(37)   Other: 2.9ms
[2023-09-26T17:32:53.117+0900][gc,heap       ] GC(37) Eden regions: 49->0(51)
[2023-09-26T17:32:53.117+0900][gc,heap       ] GC(37) Survivor regions: 7->5(7)
[2023-09-26T17:32:53.117+0900][gc,heap       ] GC(37) Old regions: 78->84
[2023-09-26T17:32:53.117+0900][gc,heap       ] GC(37) Humongous regions: 129->129
[2023-09-26T17:32:53.117+0900][gc,metaspace  ] GC(37) Metaspace: 53197K->53197K(1097728K)
[2023-09-26T17:32:53.117+0900][gc            ] GC(37) Pause Young (Normal) (G1 Evacuation Pause) 262M->216M(1024M) 27.852ms
[2023-09-26T17:32:53.117+0900][gc,cpu        ] GC(37) User=0.08s Sys=0.04s Real=0.02s
[2023-09-26T17:35:51.213+0900][gc,start      ] GC(38) Pause Young (Normal) (G1 Evacuation Pause)
[2023-09-26T17:35:51.213+0900][gc,task       ] GC(38) Using 8 workers of 8 for evacuation
[2023-09-26T17:35:51.241+0900][gc,mmu        ] GC(38) MMU target violated: 21.0ms (20.0ms/21.0ms)
[2023-09-26T17:35:51.242+0900][gc,phases     ] GC(38)   Pre Evacuate Collection Set: 0.6ms
[2023-09-26T17:35:51.242+0900][gc,phases     ] GC(38)   Evacuate Collection Set: 25.3ms
[2023-09-26T17:35:51.242+0900][gc,phases     ] GC(38)   Post Evacuate Collection Set: 1.3ms
[2023-09-26T17:35:51.242+0900][gc,phases     ] GC(38)   Other: 1.9ms
[2023-09-26T17:35:51.242+0900][gc,heap       ] GC(38) Eden regions: 51->0(47)
[2023-09-26T17:35:51.242+0900][gc,heap       ] GC(38) Survivor regions: 5->6(7)
[2023-09-26T17:35:51.242+0900][gc,heap       ] GC(38) Old regions: 84->84
[2023-09-26T17:35:51.242+0900][gc,heap       ] GC(38) Humongous regions: 129->129
[2023-09-26T17:35:51.242+0900][gc,metaspace  ] GC(38) Metaspace: 53197K->53197K(1097728K)
[2023-09-26T17:35:51.242+0900][gc            ] GC(38) Pause Young (Normal) (G1 Evacuation Pause) 267M->218M(1024M) 29.185ms
[2023-09-26T17:35:51.242+0900][gc,cpu        ] GC(38) User=0.07s Sys=0.04s Real=0.03s
[2023-09-26T17:38:26.772+0900][gc,start      ] GC(39) Pause Young (Normal) (G1 Evacuation Pause)
[2023-09-26T17:38:26.774+0900][gc,task       ] GC(39) Using 8 workers of 8 for evacuation
[2023-09-26T17:38:26.808+0900][gc,mmu        ] GC(39) MMU target violated: 21.0ms (20.0ms/21.0ms)
[2023-09-26T17:38:26.809+0900][gc,phases     ] GC(39)   Pre Evacuate Collection Set: 0.7ms
[2023-09-26T17:38:26.809+0900][gc,phases     ] GC(39)   Evacuate Collection Set: 32.5ms
[2023-09-26T17:38:26.809+0900][gc,phases     ] GC(39)   Post Evacuate Collection Set: 1.0ms
[2023-09-26T17:38:26.809+0900][gc,phases     ] GC(39)   Other: 2.9ms
[2023-09-26T17:38:26.809+0900][gc,heap       ] GC(39) Eden regions: 45->0(44)
[2023-09-26T17:38:26.809+0900][gc,heap       ] GC(39) Survivor regions: 6->7(7)
[2023-09-26T17:38:26.809+0900][gc,heap       ] GC(39) Old regions: 84->86
[2023-09-26T17:38:26.809+0900][gc,heap       ] GC(39) Humongous regions: 129->129
[2023-09-26T17:38:26.809+0900][gc,metaspace  ] GC(39) Metaspace: 53206K->53206K(1097728K)
[2023-09-26T17:38:26.809+0900][gc            ] GC(39) Pause Young (Normal) (G1 Evacuation Pause) 263M->221M(1024M) 37.113ms
[2023-09-26T17:38:26.809+0900][gc,cpu        ] GC(39) User=0.07s Sys=0.06s Real=0.03s
[2023-09-26T17:41:00.022+0900][gc,start      ] GC(40) Pause Young (Normal) (G1 Evacuation Pause)
[2023-09-26T17:41:00.023+0900][gc,task       ] GC(40) Using 8 workers of 8 for evacuation
[2023-09-26T17:41:00.039+0900][gc,phases     ] GC(40)   Pre Evacuate Collection Set: 0.2ms
[2023-09-26T17:41:00.039+0900][gc,phases     ] GC(40)   Evacuate Collection Set: 14.4ms
[2023-09-26T17:41:00.039+0900][gc,phases     ] GC(40)   Post Evacuate Collection Set: 0.3ms
[2023-09-26T17:41:00.039+0900][gc,phases     ] GC(40)   Other: 2.3ms
[2023-09-26T17:41:00.039+0900][gc,heap       ] GC(40) Eden regions: 44->0(50)
[2023-09-26T17:41:00.039+0900][gc,heap       ] GC(40) Survivor regions: 7->4(7)
[2023-09-26T17:41:00.039+0900][gc,heap       ] GC(40) Old regions: 86->91
[2023-09-26T17:41:00.039+0900][gc,heap       ] GC(40) Humongous regions: 129->129
[2023-09-26T17:41:00.039+0900][gc,metaspace  ] GC(40) Metaspace: 53206K->53206K(1097728K)
[2023-09-26T17:41:00.039+0900][gc            ] GC(40) Pause Young (Normal) (G1 Evacuation Pause) 265M->223M(1024M) 17.286ms
[2023-09-26T17:41:00.039+0900][gc,cpu        ] GC(40) User=0.04s Sys=0.02s Real=0.01s
[2023-09-26T17:43:54.498+0900][gc,start      ] GC(41) Pause Young (Normal) (G1 Evacuation Pause)
[2023-09-26T17:43:54.499+0900][gc,task       ] GC(41) Using 8 workers of 8 for evacuation
[2023-09-26T17:43:54.522+0900][gc,mmu        ] GC(41) MMU target violated: 21.0ms (20.0ms/21.0ms)
[2023-09-26T17:43:54.522+0900][gc,phases     ] GC(41)   Pre Evacuate Collection Set: 0.6ms
[2023-09-26T17:43:54.522+0900][gc,phases     ] GC(41)   Evacuate Collection Set: 21.4ms
[2023-09-26T17:43:54.522+0900][gc,phases     ] GC(41)   Post Evacuate Collection Set: 0.5ms
[2023-09-26T17:43:54.522+0900][gc,phases     ] GC(41)   Other: 2.1ms
[2023-09-26T17:43:54.522+0900][gc,heap       ] GC(41) Eden regions: 50->0(44)
[2023-09-26T17:43:54.522+0900][gc,heap       ] GC(41) Survivor regions: 4->7(7)
[2023-09-26T17:43:54.522+0900][gc,heap       ] GC(41) Old regions: 91->92
[2023-09-26T17:43:54.522+0900][gc,heap       ] GC(41) Humongous regions: 129->129
[2023-09-26T17:43:54.522+0900][gc,metaspace  ] GC(41) Metaspace: 53211K->53211K(1097728K)
[2023-09-26T17:43:54.522+0900][gc            ] GC(41) Pause Young (Normal) (G1 Evacuation Pause) 273M->227M(1024M) 24.551ms
[2023-09-26T17:43:54.522+0900][gc,cpu        ] GC(41) User=0.04s Sys=0.04s Real=0.03s
[2023-09-26T17:46:28.934+0900][gc,start      ] GC(42) Pause Young (Normal) (G1 Evacuation Pause)
[2023-09-26T17:46:28.936+0900][gc,task       ] GC(42) Using 8 workers of 8 for evacuation
[2023-09-26T17:46:28.958+0900][gc,mmu        ] GC(42) MMU target violated: 21.0ms (20.0ms/21.0ms)
[2023-09-26T17:46:28.958+0900][gc,phases     ] GC(42)   Pre Evacuate Collection Set: 0.2ms
[2023-09-26T17:46:28.958+0900][gc,phases     ] GC(42)   Evacuate Collection Set: 21.6ms
[2023-09-26T17:46:28.958+0900][gc,phases     ] GC(42)   Post Evacuate Collection Set: 0.4ms
[2023-09-26T17:46:28.959+0900][gc,phases     ] GC(42)   Other: 2.5ms
[2023-09-26T17:46:28.959+0900][gc,heap       ] GC(42) Eden regions: 44->0(47)
[2023-09-26T17:46:28.959+0900][gc,heap       ] GC(42) Survivor regions: 7->4(7)
[2023-09-26T17:46:28.959+0900][gc,heap       ] GC(42) Old regions: 92->97
[2023-09-26T17:46:28.959+0900][gc,heap       ] GC(42) Humongous regions: 129->129
[2023-09-26T17:46:28.959+0900][gc,metaspace  ] GC(42) Metaspace: 53213K->53213K(1097728K)
[2023-09-26T17:46:28.959+0900][gc            ] GC(42) Pause Young (Normal) (G1 Evacuation Pause) 271M->229M(1024M) 24.625ms
[2023-09-26T17:46:28.959+0900][gc,cpu        ] GC(42) User=0.05s Sys=0.01s Real=0.02s
[2023-09-26T18:13:07.590+0900][gc,start      ] GC(43) Pause Young (Normal) (G1 Evacuation Pause)
[2023-09-26T18:13:07.591+0900][gc,task       ] GC(43) Using 8 workers of 8 for evacuation
[2023-09-26T18:13:07.626+0900][gc,mmu        ] GC(43) MMU target violated: 21.0ms (20.0ms/21.0ms)
[2023-09-26T18:13:07.626+0900][gc,phases     ] GC(43)   Pre Evacuate Collection Set: 0.4ms
[2023-09-26T18:13:07.626+0900][gc,phases     ] GC(43)   Evacuate Collection Set: 32.5ms
[2023-09-26T18:13:07.626+0900][gc,phases     ] GC(43)   Post Evacuate Collection Set: 0.8ms
[2023-09-26T18:13:07.626+0900][gc,phases     ] GC(43)   Other: 2.3ms
[2023-09-26T18:13:07.626+0900][gc,heap       ] GC(43) Eden regions: 47->0(44)
[2023-09-26T18:13:07.626+0900][gc,heap       ] GC(43) Survivor regions: 4->7(7)
[2023-09-26T18:13:07.626+0900][gc,heap       ] GC(43) Old regions: 97->97
[2023-09-26T18:13:07.626+0900][gc,heap       ] GC(43) Humongous regions: 129->129
[2023-09-26T18:13:07.626+0900][gc,metaspace  ] GC(43) Metaspace: 53229K->53229K(1097728K)
[2023-09-26T18:13:07.626+0900][gc            ] GC(43) Pause Young (Normal) (G1 Evacuation Pause) 276M->232M(1024M) 36.111ms
[2023-09-26T18:13:07.626+0900][gc,cpu        ] GC(43) User=0.04s Sys=0.05s Real=0.03s
[2023-09-26T18:15:40.987+0900][gc,start      ] GC(44) Pause Young (Normal) (G1 Evacuation Pause)
[2023-09-26T18:15:40.989+0900][gc,task       ] GC(44) Using 8 workers of 8 for evacuation
[2023-09-26T18:15:41.002+0900][gc,phases     ] GC(44)   Pre Evacuate Collection Set: 0.2ms
[2023-09-26T18:15:41.002+0900][gc,phases     ] GC(44)   Evacuate Collection Set: 12.0ms
[2023-09-26T18:15:41.002+0900][gc,phases     ] GC(44)   Post Evacuate Collection Set: 0.5ms
[2023-09-26T18:15:41.002+0900][gc,phases     ] GC(44)   Other: 2.2ms
[2023-09-26T18:15:41.002+0900][gc,heap       ] GC(44) Eden regions: 44->0(46)
[2023-09-26T18:15:41.002+0900][gc,heap       ] GC(44) Survivor regions: 7->5(7)
[2023-09-26T18:15:41.002+0900][gc,heap       ] GC(44) Old regions: 97->102
[2023-09-26T18:15:41.002+0900][gc,heap       ] GC(44) Humongous regions: 129->129
[2023-09-26T18:15:41.002+0900][gc,metaspace  ] GC(44) Metaspace: 53233K->53233K(1097728K)
[2023-09-26T18:15:41.002+0900][gc            ] GC(44) Pause Young (Normal) (G1 Evacuation Pause) 276M->235M(1024M) 15.121ms
[2023-09-26T18:15:41.002+0900][gc,cpu        ] GC(44) User=0.06s Sys=0.01s Real=0.02s
[2023-09-26T18:18:20.698+0900][gc,start      ] GC(45) Pause Young (Normal) (G1 Evacuation Pause)
[2023-09-26T18:18:20.698+0900][gc,task       ] GC(45) Using 8 workers of 8 for evacuation
[2023-09-26T18:18:20.721+0900][gc,mmu        ] GC(45) MMU target violated: 21.0ms (20.0ms/21.0ms)
[2023-09-26T18:18:20.721+0900][gc,phases     ] GC(45)   Pre Evacuate Collection Set: 0.1ms
[2023-09-26T18:18:20.721+0900][gc,phases     ] GC(45)   Evacuate Collection Set: 21.6ms
[2023-09-26T18:18:20.721+0900][gc,phases     ] GC(45)   Post Evacuate Collection Set: 0.8ms
[2023-09-26T18:18:20.721+0900][gc,phases     ] GC(45)   Other: 1.2ms
[2023-09-26T18:18:20.721+0900][gc,heap       ] GC(45) Eden regions: 46->0(52)
[2023-09-26T18:18:20.721+0900][gc,heap       ] GC(45) Survivor regions: 5->3(7)
[2023-09-26T18:18:20.721+0900][gc,heap       ] GC(45) Old regions: 102->105
[2023-09-26T18:18:20.721+0900][gc,heap       ] GC(45) Humongous regions: 129->129
[2023-09-26T18:18:20.721+0900][gc,metaspace  ] GC(45) Metaspace: 53233K->53233K(1097728K)
[2023-09-26T18:18:20.721+0900][gc            ] GC(45) Pause Young (Normal) (G1 Evacuation Pause) 281M->236M(1024M) 23.737ms
[2023-09-26T18:18:20.721+0900][gc,cpu        ] GC(45) User=0.05s Sys=0.02s Real=0.03s
[2023-09-26T18:21:22.155+0900][gc,start      ] GC(46) Pause Young (Normal) (G1 Evacuation Pause)
[2023-09-26T18:21:22.155+0900][gc,task       ] GC(46) Using 8 workers of 8 for evacuation
[2023-09-26T18:21:22.172+0900][gc,phases     ] GC(46)   Pre Evacuate Collection Set: 0.3ms
[2023-09-26T18:21:22.172+0900][gc,phases     ] GC(46)   Evacuate Collection Set: 15.7ms
[2023-09-26T18:21:22.172+0900][gc,phases     ] GC(46)   Post Evacuate Collection Set: 0.5ms
[2023-09-26T18:21:22.173+0900][gc,phases     ] GC(46)   Other: 1.3ms
[2023-09-26T18:21:22.173+0900][gc,heap       ] GC(46) Eden regions: 52->0(49)
[2023-09-26T18:21:22.173+0900][gc,heap       ] GC(46) Survivor regions: 3->7(7)
[2023-09-26T18:21:22.173+0900][gc,heap       ] GC(46) Old regions: 105->105
[2023-09-26T18:21:22.173+0900][gc,heap       ] GC(46) Humongous regions: 129->129
[2023-09-26T18:21:22.173+0900][gc,metaspace  ] GC(46) Metaspace: 53233K->53233K(1097728K)
[2023-09-26T18:21:22.173+0900][gc            ] GC(46) Pause Young (Normal) (G1 Evacuation Pause) 288M->240M(1024M) 17.884ms
[2023-09-26T18:21:22.173+0900][gc,cpu        ] GC(46) User=0.06s Sys=0.03s Real=0.02s
[2023-09-26T18:24:09.597+0900][gc,start      ] GC(47) Pause Young (Normal) (G1 Evacuation Pause)
[2023-09-26T18:24:09.599+0900][gc,task       ] GC(47) Using 8 workers of 8 for evacuation
[2023-09-26T18:24:09.633+0900][gc,mmu        ] GC(47) MMU target violated: 21.0ms (20.0ms/21.0ms)
[2023-09-26T18:24:09.634+0900][gc,phases     ] GC(47)   Pre Evacuate Collection Set: 2.4ms
[2023-09-26T18:24:09.634+0900][gc,phases     ] GC(47)   Evacuate Collection Set: 29.6ms
[2023-09-26T18:24:09.634+0900][gc,phases     ] GC(47)   Post Evacuate Collection Set: 0.7ms
[2023-09-26T18:24:09.634+0900][gc,phases     ] GC(47)   Other: 4.1ms
[2023-09-26T18:24:09.634+0900][gc,heap       ] GC(47) Eden regions: 48->0(47)
[2023-09-26T18:24:09.634+0900][gc,heap       ] GC(47) Survivor regions: 7->5(7)
[2023-09-26T18:24:09.634+0900][gc,heap       ] GC(47) Old regions: 105->111
[2023-09-26T18:24:09.634+0900][gc,heap       ] GC(47) Humongous regions: 129->129
[2023-09-26T18:24:09.634+0900][gc,metaspace  ] GC(47) Metaspace: 53234K->53234K(1097728K)
[2023-09-26T18:24:09.634+0900][gc            ] GC(47) Pause Young (Normal) (G1 Evacuation Pause) 288M->243M(1024M) 36.913ms
[2023-09-26T18:24:09.634+0900][gc,cpu        ] GC(47) User=0.08s Sys=0.06s Real=0.04s
[2023-09-26T18:26:54.402+0900][gc,start      ] GC(48) Pause Young (Normal) (G1 Evacuation Pause)
[2023-09-26T18:26:54.404+0900][gc,task       ] GC(48) Using 8 workers of 8 for evacuation
[2023-09-26T18:26:54.442+0900][gc,mmu        ] GC(48) MMU target violated: 21.0ms (20.0ms/21.0ms)
[2023-09-26T18:26:54.442+0900][gc,phases     ] GC(48)   Pre Evacuate Collection Set: 0.8ms
[2023-09-26T18:26:54.443+0900][gc,phases     ] GC(48)   Evacuate Collection Set: 35.2ms
[2023-09-26T18:26:54.443+0900][gc,phases     ] GC(48)   Post Evacuate Collection Set: 0.9ms
[2023-09-26T18:26:54.443+0900][gc,phases     ] GC(48)   Other: 3.6ms
[2023-09-26T18:26:54.443+0900][gc,heap       ] GC(48) Eden regions: 47->0(47)
[2023-09-26T18:26:54.443+0900][gc,heap       ] GC(48) Survivor regions: 5->4(7)
[2023-09-26T18:26:54.443+0900][gc,heap       ] GC(48) Old regions: 111->113
[2023-09-26T18:26:54.443+0900][gc,heap       ] GC(48) Humongous regions: 129->129
[2023-09-26T18:26:54.443+0900][gc,metaspace  ] GC(48) Metaspace: 53235K->53235K(1097728K)
[2023-09-26T18:26:54.443+0900][gc            ] GC(48) Pause Young (Normal) (G1 Evacuation Pause) 290M->245M(1024M) 40.508ms
[2023-09-26T18:26:54.443+0900][gc,cpu        ] GC(48) User=0.05s Sys=0.03s Real=0.04s
[2023-09-26T18:29:39.369+0900][gc,start      ] GC(49) Pause Young (Normal) (G1 Evacuation Pause)
[2023-09-26T18:29:39.370+0900][gc,task       ] GC(49) Using 8 workers of 8 for evacuation
[2023-09-26T18:29:39.388+0900][gc,phases     ] GC(49)   Pre Evacuate Collection Set: 0.3ms
[2023-09-26T18:29:39.395+0900][gc,phases     ] GC(49)   Evacuate Collection Set: 17.0ms
[2023-09-26T18:29:39.395+0900][gc,phases     ] GC(49)   Post Evacuate Collection Set: 0.5ms
[2023-09-26T18:29:39.395+0900][gc,phases     ] GC(49)   Other: 1.1ms
[2023-09-26T18:29:39.395+0900][gc,heap       ] GC(49) Eden regions: 47->0(44)
[2023-09-26T18:29:39.395+0900][gc,heap       ] GC(49) Survivor regions: 4->7(7)
[2023-09-26T18:29:39.395+0900][gc,heap       ] GC(49) Old regions: 113->114
[2023-09-26T18:29:39.395+0900][gc,heap       ] GC(49) Humongous regions: 129->129
[2023-09-26T18:29:39.395+0900][gc,metaspace  ] GC(49) Metaspace: 53235K->53235K(1097728K)
[2023-09-26T18:29:39.395+0900][gc            ] GC(49) Pause Young (Normal) (G1 Evacuation Pause) 292M->249M(1024M) 25.379ms
[2023-09-26T18:29:39.395+0900][gc,cpu        ] GC(49) User=0.03s Sys=0.06s Real=0.03s
[2023-09-26T18:32:12.100+0900][gc,start      ] GC(50) Pause Young (Normal) (G1 Evacuation Pause)
[2023-09-26T18:32:12.102+0900][gc,task       ] GC(50) Using 8 workers of 8 for evacuation
[2023-09-26T18:32:12.133+0900][gc,mmu        ] GC(50) MMU target violated: 21.0ms (20.0ms/21.0ms)
[2023-09-26T18:32:12.133+0900][gc,phases     ] GC(50)   Pre Evacuate Collection Set: 0.8ms
[2023-09-26T18:32:12.133+0900][gc,phases     ] GC(50)   Evacuate Collection Set: 28.2ms
[2023-09-26T18:32:12.133+0900][gc,phases     ] GC(50)   Post Evacuate Collection Set: 0.8ms
[2023-09-26T18:32:12.133+0900][gc,phases     ] GC(50)   Other: 3.9ms
[2023-09-26T18:32:12.133+0900][gc,heap       ] GC(50) Eden regions: 44->0(47)
[2023-09-26T18:32:12.133+0900][gc,heap       ] GC(50) Survivor regions: 7->4(7)
[2023-09-26T18:32:12.133+0900][gc,heap       ] GC(50) Old regions: 114->119
[2023-09-26T18:32:12.134+0900][gc,heap       ] GC(50) Humongous regions: 129->129
[2023-09-26T18:32:12.134+0900][gc,metaspace  ] GC(50) Metaspace: 53235K->53235K(1097728K)
[2023-09-26T18:32:12.134+0900][gc            ] GC(50) Pause Young (Normal) (G1 Evacuation Pause) 293M->250M(1024M) 33.566ms
[2023-09-26T18:32:12.134+0900][gc,cpu        ] GC(50) User=0.05s Sys=0.05s Real=0.03s
[2023-09-26T18:34:56.929+0900][gc,start      ] GC(51) Pause Young (Normal) (G1 Evacuation Pause)
[2023-09-26T18:34:56.931+0900][gc,task       ] GC(51) Using 8 workers of 8 for evacuation
[2023-09-26T18:34:56.981+0900][gc,mmu        ] GC(51) MMU target violated: 21.0ms (20.0ms/21.0ms)
[2023-09-26T18:34:56.981+0900][gc,phases     ] GC(51)   Pre Evacuate Collection Set: 0.9ms
[2023-09-26T18:34:56.981+0900][gc,phases     ] GC(51)   Evacuate Collection Set: 46.4ms
[2023-09-26T18:34:56.981+0900][gc,phases     ] GC(51)   Post Evacuate Collection Set: 1.4ms
[2023-09-26T18:34:56.981+0900][gc,phases     ] GC(51)   Other: 3.8ms
[2023-09-26T18:34:56.981+0900][gc,heap       ] GC(51) Eden regions: 47->0(44)
[2023-09-26T18:34:56.981+0900][gc,heap       ] GC(51) Survivor regions: 4->7(7)
[2023-09-26T18:34:56.981+0900][gc,heap       ] GC(51) Old regions: 119->119
[2023-09-26T18:34:56.981+0900][gc,heap       ] GC(51) Humongous regions: 129->129
[2023-09-26T18:34:56.981+0900][gc,metaspace  ] GC(51) Metaspace: 53235K->53235K(1097728K)
[2023-09-26T18:34:56.981+0900][gc            ] GC(51) Pause Young (Normal) (G1 Evacuation Pause) 297M->254M(1024M) 52.514ms
[2023-09-26T18:34:56.981+0900][gc,cpu        ] GC(51) User=0.08s Sys=0.11s Real=0.06s
[2023-09-26T18:37:17.854+0900][gc,start      ] GC(52) Pause Young (Normal) (G1 Evacuation Pause)
[2023-09-26T18:37:17.855+0900][gc,task       ] GC(52) Using 8 workers of 8 for evacuation
[2023-09-26T18:37:17.890+0900][gc,mmu        ] GC(52) MMU target violated: 21.0ms (20.0ms/21.0ms)
[2023-09-26T18:37:17.891+0900][gc,phases     ] GC(52)   Pre Evacuate Collection Set: 0.7ms
[2023-09-26T18:37:17.891+0900][gc,phases     ] GC(52)   Evacuate Collection Set: 32.8ms
[2023-09-26T18:37:17.891+0900][gc,phases     ] GC(52)   Post Evacuate Collection Set: 1.2ms
[2023-09-26T18:37:17.891+0900][gc,phases     ] GC(52)   Other: 2.5ms
[2023-09-26T18:37:17.891+0900][gc,heap       ] GC(52) Eden regions: 44->0(46)
[2023-09-26T18:37:17.891+0900][gc,heap       ] GC(52) Survivor regions: 7->5(7)
[2023-09-26T18:37:17.891+0900][gc,heap       ] GC(52) Old regions: 119->124
[2023-09-26T18:37:17.891+0900][gc,heap       ] GC(52) Humongous regions: 129->129
[2023-09-26T18:37:17.891+0900][gc,metaspace  ] GC(52) Metaspace: 53239K->53239K(1097728K)
[2023-09-26T18:37:17.891+0900][gc            ] GC(52) Pause Young (Normal) (G1 Evacuation Pause) 298M->256M(1024M) 37.185ms
[2023-09-26T18:37:17.891+0900][gc,cpu        ] GC(52) User=0.07s Sys=0.08s Real=0.04s
[2023-09-26T18:39:59.640+0900][gc,start      ] GC(53) Pause Young (Normal) (G1 Evacuation Pause)
[2023-09-26T18:39:59.641+0900][gc,task       ] GC(53) Using 8 workers of 8 for evacuation
[2023-09-26T18:39:59.658+0900][gc,phases     ] GC(53)   Pre Evacuate Collection Set: 0.6ms
[2023-09-26T18:39:59.658+0900][gc,phases     ] GC(53)   Evacuate Collection Set: 15.4ms
[2023-09-26T18:39:59.658+0900][gc,phases     ] GC(53)   Post Evacuate Collection Set: 0.7ms
[2023-09-26T18:39:59.658+0900][gc,phases     ] GC(53)   Other: 2.0ms
[2023-09-26T18:39:59.658+0900][gc,heap       ] GC(53) Eden regions: 46->0(47)
[2023-09-26T18:39:59.658+0900][gc,heap       ] GC(53) Survivor regions: 5->4(7)
[2023-09-26T18:39:59.659+0900][gc,heap       ] GC(53) Old regions: 124->126
[2023-09-26T18:39:59.659+0900][gc,heap       ] GC(53) Humongous regions: 129->129
[2023-09-26T18:39:59.659+0900][gc,metaspace  ] GC(53) Metaspace: 53240K->53240K(1097728K)
[2023-09-26T18:39:59.659+0900][gc            ] GC(53) Pause Young (Normal) (G1 Evacuation Pause) 302M->257M(1024M) 18.714ms
[2023-09-26T18:39:59.659+0900][gc,cpu        ] GC(53) User=0.03s Sys=0.04s Real=0.01s
[2023-09-26T18:42:42.257+0900][gc,start      ] GC(54) Pause Young (Normal) (G1 Evacuation Pause)
[2023-09-26T18:42:42.259+0900][gc,task       ] GC(54) Using 8 workers of 8 for evacuation
[2023-09-26T18:42:42.283+0900][gc,mmu        ] GC(54) MMU target violated: 21.0ms (20.0ms/21.0ms)
[2023-09-26T18:42:42.283+0900][gc,phases     ] GC(54)   Pre Evacuate Collection Set: 0.7ms
[2023-09-26T18:42:42.283+0900][gc,phases     ] GC(54)   Evacuate Collection Set: 20.7ms
[2023-09-26T18:42:42.283+0900][gc,phases     ] GC(54)   Post Evacuate Collection Set: 1.3ms
[2023-09-26T18:42:42.283+0900][gc,phases     ] GC(54)   Other: 3.4ms
[2023-09-26T18:42:42.283+0900][gc,heap       ] GC(54) Eden regions: 47->0(46)
[2023-09-26T18:42:42.283+0900][gc,heap       ] GC(54) Survivor regions: 4->5(7)
[2023-09-26T18:42:42.283+0900][gc,heap       ] GC(54) Old regions: 126->126
[2023-09-26T18:42:42.283+0900][gc,heap       ] GC(54) Humongous regions: 129->129
[2023-09-26T18:42:42.283+0900][gc,metaspace  ] GC(54) Metaspace: 53248K->53248K(1097728K)
[2023-09-26T18:42:42.283+0900][gc            ] GC(54) Pause Young (Normal) (G1 Evacuation Pause) 304M->259M(1024M) 26.079ms
[2023-09-26T18:42:42.283+0900][gc,cpu        ] GC(54) User=0.04s Sys=0.04s Real=0.03s
[2023-09-26T18:45:22.334+0900][gc,start      ] GC(55) Pause Young (Normal) (G1 Evacuation Pause)
[2023-09-26T18:45:22.336+0900][gc,task       ] GC(55) Using 8 workers of 8 for evacuation
[2023-09-26T18:45:22.354+0900][gc,phases     ] GC(55)   Pre Evacuate Collection Set: 0.3ms
[2023-09-26T18:45:22.354+0900][gc,phases     ] GC(55)   Evacuate Collection Set: 16.4ms
[2023-09-26T18:45:22.354+0900][gc,phases     ] GC(55)   Post Evacuate Collection Set: 0.6ms
[2023-09-26T18:45:22.354+0900][gc,phases     ] GC(55)   Other: 2.3ms
[2023-09-26T18:45:22.354+0900][gc,heap       ] GC(55) Eden regions: 46->0(48)
[2023-09-26T18:45:22.354+0900][gc,heap       ] GC(55) Survivor regions: 5->3(7)
[2023-09-26T18:45:22.354+0900][gc,heap       ] GC(55) Old regions: 126->130
[2023-09-26T18:45:22.354+0900][gc,heap       ] GC(55) Humongous regions: 129->129
[2023-09-26T18:45:22.354+0900][gc,metaspace  ] GC(55) Metaspace: 53265K->53265K(1097728K)
[2023-09-26T18:45:22.354+0900][gc            ] GC(55) Pause Young (Normal) (G1 Evacuation Pause) 305M->261M(1024M) 19.579ms
[2023-09-26T18:45:22.354+0900][gc,cpu        ] GC(55) User=0.05s Sys=0.04s Real=0.02s
[2023-09-26T18:48:09.921+0900][gc,start      ] GC(56) Pause Young (Normal) (G1 Evacuation Pause)
[2023-09-26T18:48:09.922+0900][gc,task       ] GC(56) Using 8 workers of 8 for evacuation
[2023-09-26T18:48:09.960+0900][gc,mmu        ] GC(56) MMU target violated: 21.0ms (20.0ms/21.0ms)
[2023-09-26T18:48:09.960+0900][gc,phases     ] GC(56)   Pre Evacuate Collection Set: 0.6ms
[2023-09-26T18:48:09.960+0900][gc,phases     ] GC(56)   Evacuate Collection Set: 35.6ms
[2023-09-26T18:48:09.960+0900][gc,phases     ] GC(56)   Post Evacuate Collection Set: 0.6ms
[2023-09-26T18:48:09.960+0900][gc,phases     ] GC(56)   Other: 2.1ms
[2023-09-26T18:48:09.960+0900][gc,heap       ] GC(56) Eden regions: 48->0(44)
[2023-09-26T18:48:09.960+0900][gc,heap       ] GC(56) Survivor regions: 3->7(7)
[2023-09-26T18:48:09.960+0900][gc,heap       ] GC(56) Old regions: 130->130
[2023-09-26T18:48:09.960+0900][gc,heap       ] GC(56) Humongous regions: 129->129
[2023-09-26T18:48:09.960+0900][gc,metaspace  ] GC(56) Metaspace: 53267K->53267K(1097728K)
[2023-09-26T18:48:09.960+0900][gc            ] GC(56) Pause Young (Normal) (G1 Evacuation Pause) 309M->265M(1024M) 38.866ms
[2023-09-26T18:48:09.960+0900][gc,cpu        ] GC(56) User=0.05s Sys=0.07s Real=0.04s
[2023-09-26T18:50:41.754+0900][gc,start      ] GC(57) Pause Young (Normal) (G1 Evacuation Pause)
[2023-09-26T18:50:41.756+0900][gc,task       ] GC(57) Using 8 workers of 8 for evacuation
[2023-09-26T18:50:41.779+0900][gc,mmu        ] GC(57) MMU target violated: 21.0ms (20.0ms/21.0ms)
[2023-09-26T18:50:41.779+0900][gc,phases     ] GC(57)   Pre Evacuate Collection Set: 0.6ms
[2023-09-26T18:50:41.779+0900][gc,phases     ] GC(57)   Evacuate Collection Set: 20.8ms
[2023-09-26T18:50:41.779+0900][gc,phases     ] GC(57)   Post Evacuate Collection Set: 0.7ms
[2023-09-26T18:50:41.779+0900][gc,phases     ] GC(57)   Other: 3.2ms
[2023-09-26T18:50:41.779+0900][gc,heap       ] GC(57) Eden regions: 44->0(47)
[2023-09-26T18:50:41.779+0900][gc,heap       ] GC(57) Survivor regions: 7->4(7)
[2023-09-26T18:50:41.779+0900][gc,heap       ] GC(57) Old regions: 130->135
[2023-09-26T18:50:41.779+0900][gc,heap       ] GC(57) Humongous regions: 129->129
[2023-09-26T18:50:41.779+0900][gc,metaspace  ] GC(57) Metaspace: 53267K->53267K(1097728K)
[2023-09-26T18:50:41.779+0900][gc            ] GC(57) Pause Young (Normal) (G1 Evacuation Pause) 309M->266M(1024M) 25.339ms
[2023-09-26T18:50:41.779+0900][gc,cpu        ] GC(57) User=0.06s Sys=0.04s Real=0.02s
[2023-09-26T18:53:25.687+0900][gc,start      ] GC(58) Pause Young (Normal) (G1 Evacuation Pause)
[2023-09-26T18:53:25.689+0900][gc,task       ] GC(58) Using 8 workers of 8 for evacuation
[2023-09-26T18:53:25.693+0900][gc,phases     ] GC(58)   Pre Evacuate Collection Set: 0.0ms
[2023-09-26T18:53:25.693+0900][gc,phases     ] GC(58)   Evacuate Collection Set: 4.0ms
[2023-09-26T18:53:25.693+0900][gc,phases     ] GC(58)   Post Evacuate Collection Set: 0.2ms
[2023-09-26T18:53:25.693+0900][gc,phases     ] GC(58)   Other: 1.5ms
[2023-09-26T18:53:25.693+0900][gc,heap       ] GC(58) Eden regions: 47->0(44)
[2023-09-26T18:53:25.693+0900][gc,heap       ] GC(58) Survivor regions: 4->7(7)
[2023-09-26T18:53:25.693+0900][gc,heap       ] GC(58) Old regions: 135->135
[2023-09-26T18:53:25.693+0900][gc,heap       ] GC(58) Humongous regions: 129->129
[2023-09-26T18:53:25.693+0900][gc,metaspace  ] GC(58) Metaspace: 53269K->53269K(1097728K)
[2023-09-26T18:53:25.693+0900][gc            ] GC(58) Pause Young (Normal) (G1 Evacuation Pause) 313M->270M(1024M) 5.842ms
[2023-09-26T18:53:25.693+0900][gc,cpu        ] GC(58) User=0.02s Sys=0.01s Real=0.01s
[2023-09-26T18:55:59.284+0900][gc,start      ] GC(59) Pause Young (Normal) (G1 Evacuation Pause)
[2023-09-26T18:55:59.285+0900][gc,task       ] GC(59) Using 8 workers of 8 for evacuation
[2023-09-26T18:55:59.297+0900][gc,phases     ] GC(59)   Pre Evacuate Collection Set: 0.1ms
[2023-09-26T18:55:59.297+0900][gc,phases     ] GC(59)   Evacuate Collection Set: 11.4ms
[2023-09-26T18:55:59.297+0900][gc,phases     ] GC(59)   Post Evacuate Collection Set: 0.4ms
[2023-09-26T18:55:59.297+0900][gc,phases     ] GC(59)   Other: 1.1ms
[2023-09-26T18:55:59.297+0900][gc,heap       ] GC(59) Eden regions: 44->0(51)
[2023-09-26T18:55:59.297+0900][gc,heap       ] GC(59) Survivor regions: 7->4(7)
[2023-09-26T18:55:59.297+0900][gc,heap       ] GC(59) Old regions: 135->139
[2023-09-26T18:55:59.297+0900][gc,heap       ] GC(59) Humongous regions: 129->129
[2023-09-26T18:55:59.298+0900][gc,metaspace  ] GC(59) Metaspace: 53269K->53269K(1097728K)
[2023-09-26T18:55:59.298+0900][gc            ] GC(59) Pause Young (Normal) (G1 Evacuation Pause) 314M->271M(1024M) 13.050ms
[2023-09-26T18:55:59.298+0900][gc,cpu        ] GC(59) User=0.07s Sys=0.01s Real=0.01s
[2023-09-26T18:58:57.330+0900][gc,start      ] GC(60) Pause Young (Normal) (G1 Evacuation Pause)
[2023-09-26T18:58:57.332+0900][gc,task       ] GC(60) Using 8 workers of 8 for evacuation
[2023-09-26T18:58:57.358+0900][gc,mmu        ] GC(60) MMU target violated: 21.0ms (20.0ms/21.0ms)
[2023-09-26T18:58:57.359+0900][gc,phases     ] GC(60)   Pre Evacuate Collection Set: 0.9ms
[2023-09-26T18:58:57.359+0900][gc,phases     ] GC(60)   Evacuate Collection Set: 23.4ms
[2023-09-26T18:58:57.359+0900][gc,phases     ] GC(60)   Post Evacuate Collection Set: 1.1ms
[2023-09-26T18:58:57.359+0900][gc,phases     ] GC(60)   Other: 3.7ms
[2023-09-26T18:58:57.359+0900][gc,heap       ] GC(60) Eden regions: 51->0(47)
[2023-09-26T18:58:57.359+0900][gc,heap       ] GC(60) Survivor regions: 4->6(7)
[2023-09-26T18:58:57.359+0900][gc,heap       ] GC(60) Old regions: 139->139
[2023-09-26T18:58:57.359+0900][gc,heap       ] GC(60) Humongous regions: 129->129
[2023-09-26T18:58:57.359+0900][gc,metaspace  ] GC(60) Metaspace: 53281K->53281K(1097728K)
[2023-09-26T18:58:57.359+0900][gc            ] GC(60) Pause Young (Normal) (G1 Evacuation Pause) 322M->273M(1024M) 29.021ms
[2023-09-26T18:58:57.359+0900][gc,cpu        ] GC(60) User=0.06s Sys=0.04s Real=0.02s
[2023-09-26T19:50:07.171+0900][gc,start      ] GC(61) Pause Young (Normal) (G1 Evacuation Pause)
[2023-09-26T19:50:07.172+0900][gc,task       ] GC(61) Using 8 workers of 8 for evacuation
[2023-09-26T19:50:07.205+0900][gc,mmu        ] GC(61) MMU target violated: 21.0ms (20.0ms/21.0ms)
[2023-09-26T19:50:07.205+0900][gc,phases     ] GC(61)   Pre Evacuate Collection Set: 0.9ms
[2023-09-26T19:50:07.205+0900][gc,phases     ] GC(61)   Evacuate Collection Set: 30.0ms
[2023-09-26T19:50:07.205+0900][gc,phases     ] GC(61)   Post Evacuate Collection Set: 0.5ms
[2023-09-26T19:50:07.205+0900][gc,phases     ] GC(61)   Other: 2.3ms
[2023-09-26T19:50:07.205+0900][gc,heap       ] GC(61) Eden regions: 47->0(44)
[2023-09-26T19:50:07.205+0900][gc,heap       ] GC(61) Survivor regions: 6->7(7)
[2023-09-26T19:50:07.205+0900][gc,heap       ] GC(61) Old regions: 139->142
[2023-09-26T19:50:07.205+0900][gc,heap       ] GC(61) Humongous regions: 129->129
[2023-09-26T19:50:07.205+0900][gc,metaspace  ] GC(61) Metaspace: 53295K->53295K(1097728K)
[2023-09-26T19:50:07.205+0900][gc            ] GC(61) Pause Young (Normal) (G1 Evacuation Pause) 320M->277M(1024M) 33.638ms
[2023-09-26T19:50:07.205+0900][gc,cpu        ] GC(61) User=0.05s Sys=0.07s Real=0.03s
[2023-09-26T19:52:41.269+0900][gc,start      ] GC(62) Pause Young (Normal) (G1 Evacuation Pause)
[2023-09-26T19:52:41.271+0900][gc,task       ] GC(62) Using 8 workers of 8 for evacuation
[2023-09-26T19:52:41.293+0900][gc,mmu        ] GC(62) MMU target violated: 21.0ms (20.0ms/21.0ms)
[2023-09-26T19:52:41.293+0900][gc,phases     ] GC(62)   Pre Evacuate Collection Set: 0.2ms
[2023-09-26T19:52:41.293+0900][gc,phases     ] GC(62)   Evacuate Collection Set: 20.4ms
[2023-09-26T19:52:41.293+0900][gc,phases     ] GC(62)   Post Evacuate Collection Set: 0.4ms
[2023-09-26T19:52:41.293+0900][gc,phases     ] GC(62)   Other: 3.4ms
[2023-09-26T19:52:41.293+0900][gc,heap       ] GC(62) Eden regions: 44->0(49)
[2023-09-26T19:52:41.293+0900][gc,heap       ] GC(62) Survivor regions: 7->4(7)
[2023-09-26T19:52:41.293+0900][gc,heap       ] GC(62) Old regions: 142->147
[2023-09-26T19:52:41.293+0900][gc,heap       ] GC(62) Humongous regions: 129->129
[2023-09-26T19:52:41.293+0900][gc,metaspace  ] GC(62) Metaspace: 53296K->53296K(1097728K)
[2023-09-26T19:52:41.293+0900][gc            ] GC(62) Pause Young (Normal) (G1 Evacuation Pause) 321M->279M(1024M) 24.319ms
[2023-09-26T19:52:41.293+0900][gc,cpu        ] GC(62) User=0.06s Sys=0.02s Real=0.03s
[2023-09-26T19:55:33.828+0900][gc,start      ] GC(63) Pause Young (Normal) (G1 Evacuation Pause)
[2023-09-26T19:55:33.830+0900][gc,task       ] GC(63) Using 8 workers of 8 for evacuation
[2023-09-26T19:55:33.856+0900][gc,mmu        ] GC(63) MMU target violated: 21.0ms (20.0ms/21.0ms)
[2023-09-26T19:55:33.856+0900][gc,phases     ] GC(63)   Pre Evacuate Collection Set: 1.0ms
[2023-09-26T19:55:33.856+0900][gc,phases     ] GC(63)   Evacuate Collection Set: 23.2ms
[2023-09-26T19:55:33.856+0900][gc,phases     ] GC(63)   Post Evacuate Collection Set: 0.5ms
[2023-09-26T19:55:33.856+0900][gc,phases     ] GC(63)   Other: 3.5ms
[2023-09-26T19:55:33.856+0900][gc,heap       ] GC(63) Eden regions: 49->0(47)
[2023-09-26T19:55:33.856+0900][gc,heap       ] GC(63) Survivor regions: 4->7(7)
[2023-09-26T19:55:33.856+0900][gc,heap       ] GC(63) Old regions: 147->147
[2023-09-26T19:55:33.856+0900][gc,heap       ] GC(63) Humongous regions: 129->129
[2023-09-26T19:55:33.856+0900][gc,metaspace  ] GC(63) Metaspace: 53297K->53297K(1097728K)
[2023-09-26T19:55:33.856+0900][gc            ] GC(63) Pause Young (Normal) (G1 Evacuation Pause) 328M->282M(1024M) 28.126ms
[2023-09-26T19:55:33.856+0900][gc,cpu        ] GC(63) User=0.06s Sys=0.03s Real=0.03s
[2023-09-26T19:58:19.377+0900][gc,start      ] GC(64) Pause Young (Normal) (G1 Evacuation Pause)
[2023-09-26T19:58:19.379+0900][gc,task       ] GC(64) Using 8 workers of 8 for evacuation
[2023-09-26T19:58:19.399+0900][gc,phases     ] GC(64)   Pre Evacuate Collection Set: 0.3ms
[2023-09-26T19:58:19.399+0900][gc,phases     ] GC(64)   Evacuate Collection Set: 18.6ms
[2023-09-26T19:58:19.399+0900][gc,phases     ] GC(64)   Post Evacuate Collection Set: 0.4ms
[2023-09-26T19:58:19.399+0900][gc,phases     ] GC(64)   Other: 3.2ms
[2023-09-26T19:58:19.399+0900][gc,heap       ] GC(64) Eden regions: 47->0(53)
[2023-09-26T19:58:19.399+0900][gc,heap       ] GC(64) Survivor regions: 7->5(7)
[2023-09-26T19:58:19.399+0900][gc,heap       ] GC(64) Old regions: 147->152
[2023-09-26T19:58:19.399+0900][gc,heap       ] GC(64) Humongous regions: 129->129
[2023-09-26T19:58:19.399+0900][gc,metaspace  ] GC(64) Metaspace: 53297K->53297K(1097728K)
[2023-09-26T19:58:19.399+0900][gc            ] GC(64) Pause Young (Normal) (G1 Evacuation Pause) 329M->285M(1024M) 22.419ms
[2023-09-26T19:58:19.399+0900][gc,cpu        ] GC(64) User=0.07s Sys=0.01s Real=0.02s
[2023-09-26T20:01:24.499+0900][gc,start      ] GC(65) Pause Young (Normal) (G1 Evacuation Pause)
[2023-09-26T20:01:24.501+0900][gc,task       ] GC(65) Using 8 workers of 8 for evacuation
[2023-09-26T20:01:24.525+0900][gc,mmu        ] GC(65) MMU target violated: 21.0ms (20.0ms/21.0ms)
[2023-09-26T20:01:24.525+0900][gc,phases     ] GC(65)   Pre Evacuate Collection Set: 0.5ms
[2023-09-26T20:01:24.525+0900][gc,phases     ] GC(65)   Evacuate Collection Set: 21.8ms
[2023-09-26T20:01:24.525+0900][gc,phases     ] GC(65)   Post Evacuate Collection Set: 1.0ms
[2023-09-26T20:01:24.525+0900][gc,phases     ] GC(65)   Other: 3.6ms
[2023-09-26T20:01:24.525+0900][gc,heap       ] GC(65) Eden regions: 53->0(49)
[2023-09-26T20:01:24.525+0900][gc,heap       ] GC(65) Survivor regions: 5->7(8)
[2023-09-26T20:01:24.525+0900][gc,heap       ] GC(65) Old regions: 152->152
[2023-09-26T20:01:24.525+0900][gc,heap       ] GC(65) Humongous regions: 129->129
[2023-09-26T20:01:24.525+0900][gc,metaspace  ] GC(65) Metaspace: 53297K->53297K(1097728K)
[2023-09-26T20:01:24.525+0900][gc            ] GC(65) Pause Young (Normal) (G1 Evacuation Pause) 338M->287M(1024M) 26.910ms
[2023-09-26T20:01:24.526+0900][gc,cpu        ] GC(65) User=0.07s Sys=0.03s Real=0.03s
[2023-09-26T20:04:16.746+0900][gc,start      ] GC(66) Pause Young (Normal) (G1 Evacuation Pause)
[2023-09-26T20:04:16.749+0900][gc,task       ] GC(66) Using 8 workers of 8 for evacuation
[2023-09-26T20:04:16.779+0900][gc,mmu        ] GC(66) MMU target violated: 21.0ms (20.0ms/21.0ms)
[2023-09-26T20:04:16.780+0900][gc,phases     ] GC(66)   Pre Evacuate Collection Set: 0.9ms
[2023-09-26T20:04:16.780+0900][gc,phases     ] GC(66)   Evacuate Collection Set: 27.3ms
[2023-09-26T20:04:16.780+0900][gc,phases     ] GC(66)   Post Evacuate Collection Set: 1.3ms
[2023-09-26T20:04:16.780+0900][gc,phases     ] GC(66)   Other: 4.0ms
[2023-09-26T20:04:16.780+0900][gc,heap       ] GC(66) Eden regions: 49->0(51)
[2023-09-26T20:04:16.780+0900][gc,heap       ] GC(66) Survivor regions: 7->4(7)
[2023-09-26T20:04:16.780+0900][gc,heap       ] GC(66) Old regions: 152->158
[2023-09-26T20:04:16.780+0900][gc,heap       ] GC(66) Humongous regions: 129->129
[2023-09-26T20:04:16.780+0900][gc,metaspace  ] GC(66) Metaspace: 53298K->53298K(1097728K)
[2023-09-26T20:04:16.780+0900][gc            ] GC(66) Pause Young (Normal) (G1 Evacuation Pause) 336M->289M(1024M) 33.686ms
[2023-09-26T20:04:16.780+0900][gc,cpu        ] GC(66) User=0.07s Sys=0.05s Real=0.04s
[2023-09-26T20:07:07.202+0900][gc,start      ] GC(67) Pause Young (Normal) (G1 Evacuation Pause)
[2023-09-26T20:07:07.203+0900][gc,task       ] GC(67) Using 8 workers of 8 for evacuation
[2023-09-26T20:07:07.221+0900][gc,phases     ] GC(67)   Pre Evacuate Collection Set: 0.3ms
[2023-09-26T20:07:07.221+0900][gc,phases     ] GC(67)   Evacuate Collection Set: 16.6ms
[2023-09-26T20:07:07.222+0900][gc,phases     ] GC(67)   Post Evacuate Collection Set: 0.4ms
[2023-09-26T20:07:07.222+0900][gc,phases     ] GC(67)   Other: 2.7ms
[2023-09-26T20:07:07.222+0900][gc,heap       ] GC(67) Eden regions: 49->0(50)
[2023-09-26T20:07:07.222+0900][gc,heap       ] GC(67) Survivor regions: 4->7(7)
[2023-09-26T20:07:07.222+0900][gc,heap       ] GC(67) Old regions: 158->158
[2023-09-26T20:07:07.222+0900][gc,heap       ] GC(67) Humongous regions: 129->129
[2023-09-26T20:07:07.222+0900][gc,metaspace  ] GC(67) Metaspace: 53298K->53298K(1097728K)
[2023-09-26T20:07:07.222+0900][gc            ] GC(67) Pause Young (Normal) (G1 Evacuation Pause) 338M->293M(1024M) 20.017ms
[2023-09-26T20:07:07.222+0900][gc,cpu        ] GC(67) User=0.05s Sys=0.02s Real=0.02s
[2023-09-26T20:10:02.554+0900][gc,start      ] GC(68) Pause Young (Normal) (G1 Evacuation Pause)
[2023-09-26T20:10:02.556+0900][gc,task       ] GC(68) Using 8 workers of 8 for evacuation
[2023-09-26T20:10:02.575+0900][gc,phases     ] GC(68)   Pre Evacuate Collection Set: 0.2ms
[2023-09-26T20:10:02.575+0900][gc,phases     ] GC(68)   Evacuate Collection Set: 17.5ms
[2023-09-26T20:10:02.575+0900][gc,phases     ] GC(68)   Post Evacuate Collection Set: 0.9ms
[2023-09-26T20:10:02.575+0900][gc,phases     ] GC(68)   Other: 3.0ms
[2023-09-26T20:10:02.575+0900][gc,heap       ] GC(68) Eden regions: 50->0(55)
[2023-09-26T20:10:02.575+0900][gc,heap       ] GC(68) Survivor regions: 7->5(8)
[2023-09-26T20:10:02.575+0900][gc,heap       ] GC(68) Old regions: 158->163
[2023-09-26T20:10:02.575+0900][gc,heap       ] GC(68) Humongous regions: 129->129
[2023-09-26T20:10:02.575+0900][gc,metaspace  ] GC(68) Metaspace: 53300K->53300K(1097728K)
[2023-09-26T20:10:02.576+0900][gc            ] GC(68) Pause Young (Normal) (G1 Evacuation Pause) 343M->295M(1024M) 21.864ms
[2023-09-26T20:10:02.576+0900][gc,cpu        ] GC(68) User=0.09s Sys=0.02s Real=0.02s
[2023-09-26T20:13:15.889+0900][gc,start      ] GC(69) Pause Young (Normal) (G1 Evacuation Pause)
[2023-09-26T20:13:15.891+0900][gc,task       ] GC(69) Using 8 workers of 8 for evacuation
[2023-09-26T20:13:15.901+0900][gc,phases     ] GC(69)   Pre Evacuate Collection Set: 0.3ms
[2023-09-26T20:13:15.901+0900][gc,phases     ] GC(69)   Evacuate Collection Set: 8.8ms
[2023-09-26T20:13:15.901+0900][gc,phases     ] GC(69)   Post Evacuate Collection Set: 0.5ms
[2023-09-26T20:13:15.901+0900][gc,phases     ] GC(69)   Other: 2.1ms
[2023-09-26T20:13:15.901+0900][gc,heap       ] GC(69) Eden regions: 55->0(411)
[2023-09-26T20:13:15.901+0900][gc,heap       ] GC(69) Survivor regions: 5->7(8)
[2023-09-26T20:13:15.901+0900][gc,heap       ] GC(69) Old regions: 163->163
[2023-09-26T20:13:15.901+0900][gc,heap       ] GC(69) Humongous regions: 129->129
[2023-09-26T20:13:15.901+0900][gc,metaspace  ] GC(69) Metaspace: 53300K->53300K(1097728K)
[2023-09-26T20:13:15.901+0900][gc            ] GC(69) Pause Young (Normal) (G1 Evacuation Pause) 350M->298M(1024M) 11.833ms
[2023-09-26T20:13:15.901+0900][gc,cpu        ] GC(69) User=0.04s Sys=0.02s Real=0.02s
[2023-09-26T20:37:25.553+0900][gc,start      ] GC(70) Pause Young (Normal) (G1 Evacuation Pause)
[2023-09-26T20:37:25.555+0900][gc,task       ] GC(70) Using 8 workers of 8 for evacuation
[2023-09-26T20:37:25.640+0900][gc,mmu        ] GC(70) MMU target violated: 21.0ms (20.0ms/21.0ms)
[2023-09-26T20:37:25.640+0900][gc,phases     ] GC(70)   Pre Evacuate Collection Set: 0.7ms
[2023-09-26T20:37:25.640+0900][gc,phases     ] GC(70)   Evacuate Collection Set: 81.2ms
[2023-09-26T20:37:25.640+0900][gc,phases     ] GC(70)   Post Evacuate Collection Set: 1.2ms
[2023-09-26T20:37:25.640+0900][gc,phases     ] GC(70)   Other: 4.1ms
[2023-09-26T20:37:25.640+0900][gc,heap       ] GC(70) Eden regions: 411->0(31)
[2023-09-26T20:37:25.640+0900][gc,heap       ] GC(70) Survivor regions: 7->20(53)
[2023-09-26T20:37:25.640+0900][gc,heap       ] GC(70) Old regions: 163->163
[2023-09-26T20:37:25.640+0900][gc,heap       ] GC(70) Humongous regions: 129->129
[2023-09-26T20:37:25.640+0900][gc,metaspace  ] GC(70) Metaspace: 53305K->53305K(1097728K)
[2023-09-26T20:37:25.640+0900][gc            ] GC(70) Pause Young (Normal) (G1 Evacuation Pause) 709M->310M(1024M) 87.211ms
[2023-09-26T20:37:25.640+0900][gc,cpu        ] GC(70) User=0.13s Sys=0.26s Real=0.09s
[2023-09-26T20:39:13.413+0900][gc,start      ] GC(71) Pause Young (Normal) (G1 Evacuation Pause)
[2023-09-26T20:39:13.415+0900][gc,task       ] GC(71) Using 8 workers of 8 for evacuation
[2023-09-26T20:39:13.462+0900][gc,mmu        ] GC(71) MMU target violated: 21.0ms (20.0ms/21.0ms)
[2023-09-26T20:39:13.462+0900][gc,phases     ] GC(71)   Pre Evacuate Collection Set: 0.8ms
[2023-09-26T20:39:13.462+0900][gc,phases     ] GC(71)   Evacuate Collection Set: 44.1ms
[2023-09-26T20:39:13.462+0900][gc,phases     ] GC(71)   Post Evacuate Collection Set: 0.9ms
[2023-09-26T20:39:13.462+0900][gc,phases     ] GC(71)   Other: 3.3ms
[2023-09-26T20:39:13.462+0900][gc,heap       ] GC(71) Eden regions: 31->0(46)
[2023-09-26T20:39:13.462+0900][gc,heap       ] GC(71) Survivor regions: 20->5(7)
[2023-09-26T20:39:13.462+0900][gc,heap       ] GC(71) Old regions: 163->180
[2023-09-26T20:39:13.462+0900][gc,heap       ] GC(71) Humongous regions: 129->129
[2023-09-26T20:39:13.462+0900][gc,metaspace  ] GC(71) Metaspace: 53307K->53307K(1097728K)
[2023-09-26T20:39:13.462+0900][gc            ] GC(71) Pause Young (Normal) (G1 Evacuation Pause) 341M->312M(1024M) 49.042ms
[2023-09-26T20:39:13.462+0900][gc,cpu        ] GC(71) User=0.11s Sys=0.12s Real=0.05s
[2023-09-26T20:41:54.668+0900][gc,start      ] GC(72) Pause Young (Normal) (G1 Evacuation Pause)
[2023-09-26T20:41:54.671+0900][gc,task       ] GC(72) Using 8 workers of 8 for evacuation
[2023-09-26T20:41:54.689+0900][gc,phases     ] GC(72)   Pre Evacuate Collection Set: 0.8ms
[2023-09-26T20:41:54.690+0900][gc,phases     ] GC(72)   Evacuate Collection Set: 15.4ms
[2023-09-26T20:41:54.690+0900][gc,phases     ] GC(72)   Post Evacuate Collection Set: 1.4ms
[2023-09-26T20:41:54.690+0900][gc,phases     ] GC(72)   Other: 4.3ms
[2023-09-26T20:41:54.690+0900][gc,heap       ] GC(72) Eden regions: 46->0(46)
[2023-09-26T20:41:54.690+0900][gc,heap       ] GC(72) Survivor regions: 5->5(7)
[2023-09-26T20:41:54.690+0900][gc,heap       ] GC(72) Old regions: 180->180
[2023-09-26T20:41:54.690+0900][gc,heap       ] GC(72) Humongous regions: 129->129
[2023-09-26T20:41:54.690+0900][gc,metaspace  ] GC(72) Metaspace: 53308K->53308K(1097728K)
[2023-09-26T20:41:54.690+0900][gc            ] GC(72) Pause Young (Normal) (G1 Evacuation Pause) 358M->312M(1024M) 22.162ms
[2023-09-26T20:41:54.690+0900][gc,cpu        ] GC(72) User=0.05s Sys=0.02s Real=0.03s
[2023-09-26T20:44:35.252+0900][gc,start      ] GC(73) Pause Young (Normal) (G1 Evacuation Pause)
[2023-09-26T20:44:35.255+0900][gc,task       ] GC(73) Using 8 workers of 8 for evacuation
[2023-09-26T20:44:35.301+0900][gc,mmu        ] GC(73) MMU target violated: 21.0ms (20.0ms/21.0ms)
[2023-09-26T20:44:35.301+0900][gc,phases     ] GC(73)   Pre Evacuate Collection Set: 1.0ms
[2023-09-26T20:44:35.301+0900][gc,phases     ] GC(73)   Evacuate Collection Set: 41.2ms
[2023-09-26T20:44:35.301+0900][gc,phases     ] GC(73)   Post Evacuate Collection Set: 2.8ms
[2023-09-26T20:44:35.301+0900][gc,phases     ] GC(73)   Other: 4.4ms
[2023-09-26T20:44:35.301+0900][gc,heap       ] GC(73) Eden regions: 46->0(44)
[2023-09-26T20:44:35.301+0900][gc,heap       ] GC(73) Survivor regions: 5->7(7)
[2023-09-26T20:44:35.301+0900][gc,heap       ] GC(73) Old regions: 180->181
[2023-09-26T20:44:35.301+0900][gc,heap       ] GC(73) Humongous regions: 129->129
[2023-09-26T20:44:35.301+0900][gc,metaspace  ] GC(73) Metaspace: 53308K->53308K(1097728K)
[2023-09-26T20:44:35.302+0900][gc            ] GC(73) Pause Young (Normal) (G1 Evacuation Pause) 358M->316M(1024M) 49.398ms
[2023-09-26T20:44:35.302+0900][gc,cpu        ] GC(73) User=0.07s Sys=0.09s Real=0.05s
[2023-09-26T20:47:08.711+0900][gc,start      ] GC(74) Pause Young (Normal) (G1 Evacuation Pause)
[2023-09-26T20:47:08.714+0900][gc,task       ] GC(74) Using 8 workers of 8 for evacuation
[2023-09-26T20:47:08.734+0900][gc,phases     ] GC(74)   Pre Evacuate Collection Set: 0.2ms
[2023-09-26T20:47:08.734+0900][gc,phases     ] GC(74)   Evacuate Collection Set: 18.8ms
[2023-09-26T20:47:08.734+0900][gc,phases     ] GC(74)   Post Evacuate Collection Set: 0.5ms
[2023-09-26T20:47:08.734+0900][gc,phases     ] GC(74)   Other: 2.8ms
[2023-09-26T20:47:08.734+0900][gc,heap       ] GC(74) Eden regions: 44->0(47)
[2023-09-26T20:47:08.734+0900][gc,heap       ] GC(74) Survivor regions: 7->4(7)
[2023-09-26T20:47:08.734+0900][gc,heap       ] GC(74) Old regions: 181->186
[2023-09-26T20:47:08.734+0900][gc,heap       ] GC(74) Humongous regions: 129->129
[2023-09-26T20:47:08.734+0900][gc,metaspace  ] GC(74) Metaspace: 53309K->53309K(1097728K)
[2023-09-26T20:47:08.734+0900][gc            ] GC(74) Pause Young (Normal) (G1 Evacuation Pause) 360M->318M(1024M) 22.376ms
[2023-09-26T20:47:08.734+0900][gc,cpu        ] GC(74) User=0.06s Sys=0.01s Real=0.02s
[2023-09-26T20:49:54.434+0900][gc,start      ] GC(75) Pause Young (Normal) (G1 Evacuation Pause)
[2023-09-26T20:49:54.435+0900][gc,task       ] GC(75) Using 8 workers of 8 for evacuation
[2023-09-26T20:49:54.445+0900][gc,phases     ] GC(75)   Pre Evacuate Collection Set: 0.2ms
[2023-09-26T20:49:54.445+0900][gc,phases     ] GC(75)   Evacuate Collection Set: 9.1ms
[2023-09-26T20:49:54.445+0900][gc,phases     ] GC(75)   Post Evacuate Collection Set: 0.4ms
[2023-09-26T20:49:54.445+0900][gc,phases     ] GC(75)   Other: 1.5ms
[2023-09-26T20:49:54.445+0900][gc,heap       ] GC(75) Eden regions: 47->0(44)
[2023-09-26T20:49:54.445+0900][gc,heap       ] GC(75) Survivor regions: 4->7(7)
[2023-09-26T20:49:54.445+0900][gc,heap       ] GC(75) Old regions: 186->186
[2023-09-26T20:49:54.445+0900][gc,heap       ] GC(75) Humongous regions: 129->129
[2023-09-26T20:49:54.445+0900][gc,metaspace  ] GC(75) Metaspace: 53309K->53309K(1097728K)
[2023-09-26T20:49:54.446+0900][gc            ] GC(75) Pause Young (Normal) (G1 Evacuation Pause) 365M->321M(1024M) 11.337ms
[2023-09-26T20:49:54.446+0900][gc,cpu        ] GC(75) User=0.03s Sys=0.01s Real=0.01s
[2023-09-26T20:52:27.989+0900][gc,start      ] GC(76) Pause Young (Normal) (G1 Evacuation Pause)
[2023-09-26T20:52:27.990+0900][gc,task       ] GC(76) Using 8 workers of 8 for evacuation
[2023-09-26T20:52:28.012+0900][gc,mmu        ] GC(76) MMU target violated: 21.0ms (20.0ms/21.0ms)
[2023-09-26T20:52:28.012+0900][gc,phases     ] GC(76)   Pre Evacuate Collection Set: 0.3ms
[2023-09-26T20:52:28.012+0900][gc,phases     ] GC(76)   Evacuate Collection Set: 20.2ms
[2023-09-26T20:52:28.012+0900][gc,phases     ] GC(76)   Post Evacuate Collection Set: 0.5ms
[2023-09-26T20:52:28.012+0900][gc,phases     ] GC(76)   Other: 2.0ms
[2023-09-26T20:52:28.012+0900][gc,heap       ] GC(76) Eden regions: 44->0(49)
[2023-09-26T20:52:28.012+0900][gc,heap       ] GC(76) Survivor regions: 7->4(7)
[2023-09-26T20:52:28.012+0900][gc,heap       ] GC(76) Old regions: 186->191
[2023-09-26T20:52:28.012+0900][gc,heap       ] GC(76) Humongous regions: 129->129
[2023-09-26T20:52:28.012+0900][gc,metaspace  ] GC(76) Metaspace: 53310K->53310K(1097728K)
[2023-09-26T20:52:28.012+0900][gc            ] GC(76) Pause Young (Normal) (G1 Evacuation Pause) 365M->323M(1024M) 22.812ms
[2023-09-26T20:52:28.012+0900][gc,cpu        ] GC(76) User=0.06s Sys=0.01s Real=0.03s
[2023-09-26T20:55:20.167+0900][gc,start      ] GC(77) Pause Young (Normal) (G1 Evacuation Pause)
[2023-09-26T20:55:20.170+0900][gc,task       ] GC(77) Using 8 workers of 8 for evacuation
[2023-09-26T20:55:20.200+0900][gc,mmu        ] GC(77) MMU target violated: 21.0ms (20.0ms/21.0ms)
[2023-09-26T20:55:20.200+0900][gc,phases     ] GC(77)   Pre Evacuate Collection Set: 1.1ms
[2023-09-26T20:55:20.200+0900][gc,phases     ] GC(77)   Evacuate Collection Set: 27.0ms
[2023-09-26T20:55:20.201+0900][gc,phases     ] GC(77)   Post Evacuate Collection Set: 0.9ms
[2023-09-26T20:55:20.201+0900][gc,phases     ] GC(77)   Other: 4.2ms
[2023-09-26T20:55:20.201+0900][gc,heap       ] GC(77) Eden regions: 49->0(45)
[2023-09-26T20:55:20.201+0900][gc,heap       ] GC(77) Survivor regions: 4->6(7)
[2023-09-26T20:55:20.201+0900][gc,heap       ] GC(77) Old regions: 191->191
[2023-09-26T20:55:20.201+0900][gc,heap       ] GC(77) Humongous regions: 129->129
[2023-09-26T20:55:20.201+0900][gc,metaspace  ] GC(77) Metaspace: 53313K->53313K(1097728K)
[2023-09-26T20:55:20.201+0900][gc            ] GC(77) Pause Young (Normal) (G1 Evacuation Pause) 372M->325M(1024M) 33.174ms
[2023-09-26T20:55:20.201+0900][gc,cpu        ] GC(77) User=0.07s Sys=0.04s Real=0.04s
[2023-09-26T20:57:58.248+0900][gc,start      ] GC(78) Pause Young (Normal) (G1 Evacuation Pause)
[2023-09-26T20:57:58.251+0900][gc,task       ] GC(78) Using 8 workers of 8 for evacuation
[2023-09-26T20:57:58.271+0900][gc,mmu        ] GC(78) MMU target violated: 20.2ms (20.0ms/21.0ms)
[2023-09-26T20:57:58.271+0900][gc,phases     ] GC(78)   Pre Evacuate Collection Set: 0.2ms
[2023-09-26T20:57:58.271+0900][gc,phases     ] GC(78)   Evacuate Collection Set: 18.8ms
[2023-09-26T20:57:58.271+0900][gc,phases     ] GC(78)   Post Evacuate Collection Set: 0.6ms
[2023-09-26T20:57:58.271+0900][gc,phases     ] GC(78)   Other: 3.7ms
[2023-09-26T20:57:58.271+0900][gc,heap       ] GC(78) Eden regions: 45->0(45)
[2023-09-26T20:57:58.271+0900][gc,heap       ] GC(78) Survivor regions: 6->7(7)
[2023-09-26T20:57:58.271+0900][gc,heap       ] GC(78) Old regions: 191->193
[2023-09-26T20:57:58.271+0900][gc,heap       ] GC(78) Humongous regions: 129->129
[2023-09-26T20:57:58.271+0900][gc,metaspace  ] GC(78) Metaspace: 53313K->53313K(1097728K)
[2023-09-26T20:57:58.271+0900][gc            ] GC(78) Pause Young (Normal) (G1 Evacuation Pause) 370M->328M(1024M) 23.189ms
[2023-09-26T20:57:58.271+0900][gc,cpu        ] GC(78) User=0.07s Sys=0.01s Real=0.03s
[2023-09-26T21:00:36.329+0900][gc,start      ] GC(79) Pause Young (Normal) (G1 Evacuation Pause)
[2023-09-26T21:00:36.331+0900][gc,task       ] GC(79) Using 8 workers of 8 for evacuation
[2023-09-26T21:00:36.359+0900][gc,mmu        ] GC(79) MMU target violated: 21.0ms (20.0ms/21.0ms)
[2023-09-26T21:00:36.360+0900][gc,phases     ] GC(79)   Pre Evacuate Collection Set: 0.9ms
[2023-09-26T21:00:36.360+0900][gc,phases     ] GC(79)   Evacuate Collection Set: 25.7ms
[2023-09-26T21:00:36.360+0900][gc,phases     ] GC(79)   Post Evacuate Collection Set: 1.3ms
[2023-09-26T21:00:36.360+0900][gc,phases     ] GC(79)   Other: 3.1ms
[2023-09-26T21:00:36.360+0900][gc,heap       ] GC(79) Eden regions: 45->0(49)
[2023-09-26T21:00:36.360+0900][gc,heap       ] GC(79) Survivor regions: 7->4(7)
[2023-09-26T21:00:36.360+0900][gc,heap       ] GC(79) Old regions: 193->198
[2023-09-26T21:00:36.360+0900][gc,heap       ] GC(79) Humongous regions: 129->129
[2023-09-26T21:00:36.360+0900][gc,metaspace  ] GC(79) Metaspace: 53313K->53313K(1097728K)
[2023-09-26T21:00:36.360+0900][gc            ] GC(79) Pause Young (Normal) (G1 Evacuation Pause) 373M->330M(1024M) 31.035ms
[2023-09-26T21:00:36.360+0900][gc,cpu        ] GC(79) User=0.07s Sys=0.05s Real=0.04s
[2023-09-26T21:03:24.523+0900][gc,start      ] GC(80) Pause Young (Normal) (G1 Evacuation Pause)
[2023-09-26T21:03:24.523+0900][gc,task       ] GC(80) Using 8 workers of 8 for evacuation
[2023-09-26T21:03:24.538+0900][gc,phases     ] GC(80)   Pre Evacuate Collection Set: 0.1ms
[2023-09-26T21:03:24.538+0900][gc,phases     ] GC(80)   Evacuate Collection Set: 13.5ms
[2023-09-26T21:03:24.538+0900][gc,phases     ] GC(80)   Post Evacuate Collection Set: 0.7ms
[2023-09-26T21:03:24.538+0900][gc,phases     ] GC(80)   Other: 1.3ms
[2023-09-26T21:03:24.538+0900][gc,heap       ] GC(80) Eden regions: 48->0(46)
[2023-09-26T21:03:24.538+0900][gc,heap       ] GC(80) Survivor regions: 4->7(7)
[2023-09-26T21:03:24.538+0900][gc,heap       ] GC(80) Old regions: 198->199
[2023-09-26T21:03:24.538+0900][gc,heap       ] GC(80) Humongous regions: 129->129
[2023-09-26T21:03:24.538+0900][gc,metaspace  ] GC(80) Metaspace: 53315K->53315K(1097728K)
[2023-09-26T21:03:24.539+0900][gc            ] GC(80) Pause Young (Normal) (G1 Evacuation Pause) 378M->334M(1024M) 15.806ms
[2023-09-26T21:03:24.539+0900][gc,cpu        ] GC(80) User=0.07s Sys=0.02s Real=0.01s
[2023-09-26T21:05:58.052+0900][gc,start      ] GC(81) Pause Young (Normal) (G1 Evacuation Pause)
[2023-09-26T21:05:58.054+0900][gc,task       ] GC(81) Using 8 workers of 8 for evacuation
[2023-09-26T21:05:58.082+0900][gc,mmu        ] GC(81) MMU target violated: 21.0ms (20.0ms/21.0ms)
[2023-09-26T21:05:58.082+0900][gc,phases     ] GC(81)   Pre Evacuate Collection Set: 0.8ms
[2023-09-26T21:05:58.083+0900][gc,phases     ] GC(81)   Evacuate Collection Set: 25.1ms
[2023-09-26T21:05:58.083+0900][gc,phases     ] GC(81)   Post Evacuate Collection Set: 1.4ms
[2023-09-26T21:05:58.083+0900][gc,phases     ] GC(81)   Other: 3.2ms
[2023-09-26T21:05:58.083+0900][gc,heap       ] GC(81) Eden regions: 44->0(48)
[2023-09-26T21:05:58.083+0900][gc,heap       ] GC(81) Survivor regions: 7->4(7)
[2023-09-26T21:05:58.083+0900][gc,heap       ] GC(81) Old regions: 199->204
[2023-09-26T21:05:58.083+0900][gc,heap       ] GC(81) Humongous regions: 129->129
[2023-09-26T21:05:58.083+0900][gc,metaspace  ] GC(81) Metaspace: 53319K->53319K(1097728K)
[2023-09-26T21:05:58.083+0900][gc            ] GC(81) Pause Young (Normal) (G1 Evacuation Pause) 378M->336M(1024M) 30.472ms
[2023-09-26T21:05:58.083+0900][gc,cpu        ] GC(81) User=0.07s Sys=0.06s Real=0.03s
[2023-09-26T21:08:43.956+0900][gc,start      ] GC(82) Pause Young (Normal) (G1 Evacuation Pause)
[2023-09-26T21:08:43.958+0900][gc,task       ] GC(82) Using 8 workers of 8 for evacuation
[2023-09-26T21:08:44.006+0900][gc,mmu        ] GC(82) MMU target violated: 21.0ms (20.0ms/21.0ms)
[2023-09-26T21:08:44.006+0900][gc,phases     ] GC(82)   Pre Evacuate Collection Set: 0.7ms
[2023-09-26T21:08:44.006+0900][gc,phases     ] GC(82)   Evacuate Collection Set: 45.4ms
[2023-09-26T21:08:44.006+0900][gc,phases     ] GC(82)   Post Evacuate Collection Set: 1.2ms
[2023-09-26T21:08:44.006+0900][gc,phases     ] GC(82)   Other: 3.0ms
[2023-09-26T21:08:44.006+0900][gc,heap       ] GC(82) Eden regions: 47->0(44)
[2023-09-26T21:08:44.006+0900][gc,heap       ] GC(82) Survivor regions: 4->7(7)
[2023-09-26T21:08:44.006+0900][gc,heap       ] GC(82) Old regions: 204->204
[2023-09-26T21:08:44.006+0900][gc,heap       ] GC(82) Humongous regions: 129->129
[2023-09-26T21:08:44.006+0900][gc,metaspace  ] GC(82) Metaspace: 53319K->53319K(1097728K)
[2023-09-26T21:08:44.006+0900][gc            ] GC(82) Pause Young (Normal) (G1 Evacuation Pause) 383M->339M(1024M) 50.259ms
[2023-09-26T21:08:44.006+0900][gc,cpu        ] GC(82) User=0.07s Sys=0.13s Real=0.05s
[2023-09-26T21:11:18.597+0900][gc,start      ] GC(83) Pause Young (Normal) (G1 Evacuation Pause)
[2023-09-26T21:11:18.599+0900][gc,task       ] GC(83) Using 8 workers of 8 for evacuation
[2023-09-26T21:11:18.621+0900][gc,mmu        ] GC(83) MMU target violated: 21.0ms (20.0ms/21.0ms)
[2023-09-26T21:11:18.621+0900][gc,phases     ] GC(83)   Pre Evacuate Collection Set: 0.5ms
[2023-09-26T21:11:18.621+0900][gc,phases     ] GC(83)   Evacuate Collection Set: 19.2ms
[2023-09-26T21:11:18.621+0900][gc,phases     ] GC(83)   Post Evacuate Collection Set: 1.0ms
[2023-09-26T21:11:18.621+0900][gc,phases     ] GC(83)   Other: 3.7ms
[2023-09-26T21:11:18.621+0900][gc,heap       ] GC(83) Eden regions: 44->0(47)
[2023-09-26T21:11:18.621+0900][gc,heap       ] GC(83) Survivor regions: 7->4(7)
[2023-09-26T21:11:18.621+0900][gc,heap       ] GC(83) Old regions: 204->209
[2023-09-26T21:11:18.621+0900][gc,heap       ] GC(83) Humongous regions: 129->129
[2023-09-26T21:11:18.621+0900][gc,metaspace  ] GC(83) Metaspace: 53320K->53320K(1097728K)
[2023-09-26T21:11:18.621+0900][gc            ] GC(83) Pause Young (Normal) (G1 Evacuation Pause) 383M->341M(1024M) 24.464ms
[2023-09-26T21:11:18.621+0900][gc,cpu        ] GC(83) User=0.08s Sys=0.03s Real=0.03s
[2023-09-26T21:14:03.480+0900][gc,start      ] GC(84) Pause Young (Normal) (G1 Evacuation Pause)
[2023-09-26T21:14:03.481+0900][gc,task       ] GC(84) Using 8 workers of 8 for evacuation
[2023-09-26T21:14:03.501+0900][gc,phases     ] GC(84)   Pre Evacuate Collection Set: 0.2ms
[2023-09-26T21:14:03.501+0900][gc,phases     ] GC(84)   Evacuate Collection Set: 18.1ms
[2023-09-26T21:14:03.501+0900][gc,phases     ] GC(84)   Post Evacuate Collection Set: 0.5ms
[2023-09-26T21:14:03.501+0900][gc,phases     ] GC(84)   Other: 2.1ms
[2023-09-26T21:14:03.501+0900][gc,heap       ] GC(84) Eden regions: 47->0(47)
[2023-09-26T21:14:03.501+0900][gc,heap       ] GC(84) Survivor regions: 4->4(7)
[2023-09-26T21:14:03.501+0900][gc,heap       ] GC(84) Old regions: 209->212
[2023-09-26T21:14:03.501+0900][gc,heap       ] GC(84) Humongous regions: 129->129
[2023-09-26T21:14:03.501+0900][gc,metaspace  ] GC(84) Metaspace: 53320K->53320K(1097728K)
[2023-09-26T21:14:03.501+0900][gc            ] GC(84) Pause Young (Normal) (G1 Evacuation Pause) 388M->343M(1024M) 20.975ms
[2023-09-26T21:14:03.501+0900][gc,cpu        ] GC(84) User=0.04s Sys=0.01s Real=0.02s
[2023-09-26T21:16:47.445+0900][gc,start      ] GC(85) Pause Young (Normal) (G1 Evacuation Pause)
[2023-09-26T21:16:47.447+0900][gc,task       ] GC(85) Using 8 workers of 8 for evacuation
[2023-09-26T21:16:47.463+0900][gc,phases     ] GC(85)   Pre Evacuate Collection Set: 0.6ms
[2023-09-26T21:16:47.463+0900][gc,phases     ] GC(85)   Evacuate Collection Set: 14.0ms
[2023-09-26T21:16:47.463+0900][gc,phases     ] GC(85)   Post Evacuate Collection Set: 0.7ms
[2023-09-26T21:16:47.464+0900][gc,phases     ] GC(85)   Other: 3.7ms
[2023-09-26T21:16:47.464+0900][gc,heap       ] GC(85) Eden regions: 47->0(44)
[2023-09-26T21:16:47.464+0900][gc,heap       ] GC(85) Survivor regions: 4->7(7)
[2023-09-26T21:16:47.464+0900][gc,heap       ] GC(85) Old regions: 212->212
[2023-09-26T21:16:47.464+0900][gc,heap       ] GC(85) Humongous regions: 129->129
[2023-09-26T21:16:47.464+0900][gc,metaspace  ] GC(85) Metaspace: 53335K->53335K(1097728K)
[2023-09-26T21:16:47.464+0900][gc            ] GC(85) Pause Young (Normal) (G1 Evacuation Pause) 390M->347M(1024M) 19.015ms
[2023-09-26T21:16:47.464+0900][gc,cpu        ] GC(85) User=0.06s Sys=0.03s Real=0.02s
[2023-09-26T21:19:21.345+0900][gc,start      ] GC(86) Pause Young (Normal) (G1 Evacuation Pause)
[2023-09-26T21:19:21.347+0900][gc,task       ] GC(86) Using 8 workers of 8 for evacuation
[2023-09-26T21:19:21.371+0900][gc,mmu        ] GC(86) MMU target violated: 21.0ms (20.0ms/21.0ms)
[2023-09-26T21:19:21.371+0900][gc,phases     ] GC(86)   Pre Evacuate Collection Set: 0.5ms
[2023-09-26T21:19:21.371+0900][gc,phases     ] GC(86)   Evacuate Collection Set: 22.1ms
[2023-09-26T21:19:21.371+0900][gc,phases     ] GC(86)   Post Evacuate Collection Set: 0.5ms
[2023-09-26T21:19:21.371+0900][gc,phases     ] GC(86)   Other: 2.7ms
[2023-09-26T21:19:21.371+0900][gc,heap       ] GC(86) Eden regions: 44->0(49)
[2023-09-26T21:19:21.371+0900][gc,heap       ] GC(86) Survivor regions: 7->4(7)
[2023-09-26T21:19:21.371+0900][gc,heap       ] GC(86) Old regions: 212->217
[2023-09-26T21:19:21.371+0900][gc,heap       ] GC(86) Humongous regions: 129->129
[2023-09-26T21:19:21.371+0900][gc,metaspace  ] GC(86) Metaspace: 53335K->53335K(1097728K)
[2023-09-26T21:19:21.371+0900][gc            ] GC(86) Pause Young (Normal) (G1 Evacuation Pause) 391M->348M(1024M) 25.722ms
[2023-09-26T21:19:21.371+0900][gc,cpu        ] GC(86) User=0.06s Sys=0.01s Real=0.03s
[2023-09-26T21:22:13.474+0900][gc,start      ] GC(87) Pause Young (Normal) (G1 Evacuation Pause)
[2023-09-26T21:22:13.476+0900][gc,task       ] GC(87) Using 8 workers of 8 for evacuation
[2023-09-26T21:22:13.501+0900][gc,mmu        ] GC(87) MMU target violated: 21.0ms (20.0ms/21.0ms)
[2023-09-26T21:22:13.501+0900][gc,phases     ] GC(87)   Pre Evacuate Collection Set: 0.3ms
[2023-09-26T21:22:13.501+0900][gc,phases     ] GC(87)   Evacuate Collection Set: 24.2ms
[2023-09-26T21:22:13.501+0900][gc,phases     ] GC(87)   Post Evacuate Collection Set: 0.4ms
[2023-09-26T21:22:13.502+0900][gc,phases     ] GC(87)   Other: 2.7ms
[2023-09-26T21:22:13.502+0900][gc,heap       ] GC(87) Eden regions: 49->0(48)
[2023-09-26T21:22:13.502+0900][gc,heap       ] GC(87) Survivor regions: 4->7(7)
[2023-09-26T21:22:13.502+0900][gc,heap       ] GC(87) Old regions: 217->217
[2023-09-26T21:22:13.502+0900][gc,heap       ] GC(87) Humongous regions: 129->129
[2023-09-26T21:22:13.502+0900][gc,metaspace  ] GC(87) Metaspace: 53335K->53335K(1097728K)
[2023-09-26T21:22:13.502+0900][gc            ] GC(87) Pause Young (Normal) (G1 Evacuation Pause) 397M->352M(1024M) 27.597ms
[2023-09-26T21:22:13.502+0900][gc,cpu        ] GC(87) User=0.06s Sys=0.02s Real=0.03s
[2023-09-26T21:24:48.954+0900][gc,start      ] GC(88) Pause Young (Normal) (G1 Evacuation Pause)
[2023-09-26T21:24:48.955+0900][gc,task       ] GC(88) Using 8 workers of 8 for evacuation
[2023-09-26T21:24:48.991+0900][gc,mmu        ] GC(88) MMU target violated: 21.0ms (20.0ms/21.0ms)
[2023-09-26T21:24:48.991+0900][gc,phases     ] GC(88)   Pre Evacuate Collection Set: 0.8ms
[2023-09-26T21:24:48.991+0900][gc,phases     ] GC(88)   Evacuate Collection Set: 32.6ms
[2023-09-26T21:24:48.991+0900][gc,phases     ] GC(88)   Post Evacuate Collection Set: 1.7ms
[2023-09-26T21:24:48.991+0900][gc,phases     ] GC(88)   Other: 2.2ms
[2023-09-26T21:24:48.991+0900][gc,heap       ] GC(88) Eden regions: 47->0(45)
[2023-09-26T21:24:48.991+0900][gc,heap       ] GC(88) Survivor regions: 7->6(7)
[2023-09-26T21:24:48.991+0900][gc,heap       ] GC(88) Old regions: 217->222
[2023-09-26T21:24:48.991+0900][gc,heap       ] GC(88) Humongous regions: 129->129
[2023-09-26T21:24:48.991+0900][gc,metaspace  ] GC(88) Metaspace: 53335K->53335K(1097728K)
[2023-09-26T21:24:48.991+0900][gc            ] GC(88) Pause Young (Normal) (G1 Evacuation Pause) 399M->356M(1024M) 37.213ms
[2023-09-26T21:24:48.991+0900][gc,cpu        ] GC(88) User=0.08s Sys=0.07s Real=0.04s
[2023-09-26T21:27:25.641+0900][gc,start      ] GC(89) Pause Young (Normal) (G1 Evacuation Pause)
[2023-09-26T21:27:25.641+0900][gc,task       ] GC(89) Using 8 workers of 8 for evacuation
[2023-09-26T21:27:25.664+0900][gc,mmu        ] GC(89) MMU target violated: 21.0ms (20.0ms/21.0ms)
[2023-09-26T21:27:25.664+0900][gc,phases     ] GC(89)   Pre Evacuate Collection Set: 0.3ms
[2023-09-26T21:27:25.664+0900][gc,phases     ] GC(89)   Evacuate Collection Set: 20.7ms
[2023-09-26T21:27:25.664+0900][gc,phases     ] GC(89)   Post Evacuate Collection Set: 0.5ms
[2023-09-26T21:27:25.664+0900][gc,phases     ] GC(89)   Other: 1.5ms
[2023-09-26T21:27:25.664+0900][gc,heap       ] GC(89) Eden regions: 45->0(48)
[2023-09-26T21:27:25.664+0900][gc,heap       ] GC(89) Survivor regions: 6->5(7)
[2023-09-26T21:27:25.664+0900][gc,heap       ] GC(89) Old regions: 222->225
[2023-09-26T21:27:25.664+0900][gc,heap       ] GC(89) Humongous regions: 129->129
[2023-09-26T21:27:25.664+0900][gc,metaspace  ] GC(89) Metaspace: 53335K->53335K(1097728K)
[2023-09-26T21:27:25.664+0900][gc            ] GC(89) Pause Young (Normal) (G1 Evacuation Pause) 401M->358M(1024M) 22.988ms
[2023-09-26T21:27:25.664+0900][gc,cpu        ] GC(89) User=0.04s Sys=0.03s Real=0.02s
[2023-09-26T21:30:13.488+0900][gc,start      ] GC(90) Pause Young (Normal) (G1 Evacuation Pause)
[2023-09-26T21:30:13.489+0900][gc,task       ] GC(90) Using 8 workers of 8 for evacuation
[2023-09-26T21:30:13.512+0900][gc,mmu        ] GC(90) MMU target violated: 21.0ms (20.0ms/21.0ms)
[2023-09-26T21:30:13.512+0900][gc,phases     ] GC(90)   Pre Evacuate Collection Set: 0.3ms
[2023-09-26T21:30:13.512+0900][gc,phases     ] GC(90)   Evacuate Collection Set: 21.0ms
[2023-09-26T21:30:13.512+0900][gc,phases     ] GC(90)   Post Evacuate Collection Set: 1.0ms
[2023-09-26T21:30:13.513+0900][gc,phases     ] GC(90)   Other: 2.8ms
[2023-09-26T21:30:13.513+0900][gc,heap       ] GC(90) Eden regions: 48->0(49)
[2023-09-26T21:30:13.513+0900][gc,heap       ] GC(90) Survivor regions: 5->5(7)
[2023-09-26T21:30:13.513+0900][gc,heap       ] GC(90) Old regions: 225->227
[2023-09-26T21:30:13.513+0900][gc,heap       ] GC(90) Humongous regions: 129->129
[2023-09-26T21:30:13.513+0900][gc,metaspace  ] GC(90) Metaspace: 53335K->53335K(1097728K)
[2023-09-26T21:30:13.513+0900][gc            ] GC(90) Pause Young (Normal) (G1 Evacuation Pause) 406M->359M(1024M) 25.158ms
[2023-09-26T21:30:13.513+0900][gc,cpu        ] GC(90) User=0.06s Sys=0.01s Real=0.03s
[2023-09-26T21:33:05.941+0900][gc,start      ] GC(91) Pause Young (Normal) (G1 Evacuation Pause)
[2023-09-26T21:33:05.943+0900][gc,task       ] GC(91) Using 8 workers of 8 for evacuation
[2023-09-26T21:33:05.967+0900][gc,mmu        ] GC(91) MMU target violated: 21.0ms (20.0ms/21.0ms)
[2023-09-26T21:33:05.967+0900][gc,phases     ] GC(91)   Pre Evacuate Collection Set: 1.1ms
[2023-09-26T21:33:05.967+0900][gc,phases     ] GC(91)   Evacuate Collection Set: 21.2ms
[2023-09-26T21:33:05.967+0900][gc,phases     ] GC(91)   Post Evacuate Collection Set: 0.9ms
[2023-09-26T21:33:05.968+0900][gc,phases     ] GC(91)   Other: 3.9ms
[2023-09-26T21:33:05.968+0900][gc,heap       ] GC(91) Eden regions: 49->0(53)
[2023-09-26T21:33:05.968+0900][gc,heap       ] GC(91) Survivor regions: 5->4(7)
[2023-09-26T21:33:05.968+0900][gc,heap       ] GC(91) Old regions: 227->230
[2023-09-26T21:33:05.968+0900][gc,heap       ] GC(91) Humongous regions: 129->129
[2023-09-26T21:33:05.968+0900][gc,metaspace  ] GC(91) Metaspace: 53336K->53336K(1097728K)
[2023-09-26T21:33:05.968+0900][gc            ] GC(91) Pause Young (Normal) (G1 Evacuation Pause) 408M->362M(1024M) 26.894ms
[2023-09-26T21:33:05.968+0900][gc,cpu        ] GC(91) User=0.05s Sys=0.02s Real=0.02s
[2023-09-26T21:36:03.624+0900][gc,start      ] GC(92) Pause Young (Concurrent Start) (G1 Evacuation Pause)
[2023-09-26T21:36:03.626+0900][gc,task       ] GC(92) Using 8 workers of 8 for evacuation
[2023-09-26T21:36:03.662+0900][gc,mmu        ] GC(92) MMU target violated: 21.0ms (20.0ms/21.0ms)
[2023-09-26T21:36:03.662+0900][gc,phases     ] GC(92)   Pre Evacuate Collection Set: 0.8ms
[2023-09-26T21:36:03.662+0900][gc,phases     ] GC(92)   Evacuate Collection Set: 31.6ms
[2023-09-26T21:36:03.662+0900][gc,phases     ] GC(92)   Post Evacuate Collection Set: 1.1ms
[2023-09-26T21:36:03.662+0900][gc,phases     ] GC(92)   Other: 4.7ms
[2023-09-26T21:36:03.662+0900][gc,heap       ] GC(92) Eden regions: 51->0(45)
[2023-09-26T21:36:03.662+0900][gc,heap       ] GC(92) Survivor regions: 4->6(7)
[2023-09-26T21:36:03.662+0900][gc,heap       ] GC(92) Old regions: 230->230
[2023-09-26T21:36:03.662+0900][gc,heap       ] GC(92) Humongous regions: 129->129
[2023-09-26T21:36:03.662+0900][gc,metaspace  ] GC(92) Metaspace: 53336K->53336K(1097728K)
[2023-09-26T21:36:03.662+0900][gc            ] GC(92) Pause Young (Concurrent Start) (G1 Evacuation Pause) 413M->364M(1024M) 38.158ms
[2023-09-26T21:36:03.662+0900][gc,cpu        ] GC(92) User=0.07s Sys=0.06s Real=0.04s
[2023-09-26T21:36:03.663+0900][gc            ] GC(93) Concurrent Cycle
[2023-09-26T21:36:03.663+0900][gc,marking    ] GC(93) Concurrent Clear Claimed Marks
[2023-09-26T21:36:03.663+0900][gc,marking    ] GC(93) Concurrent Clear Claimed Marks 0.117ms
[2023-09-26T21:36:03.664+0900][gc,marking    ] GC(93) Concurrent Scan Root Regions
[2023-09-26T21:36:03.674+0900][gc,marking    ] GC(93) Concurrent Scan Root Regions 9.987ms
[2023-09-26T21:36:03.674+0900][gc,marking    ] GC(93) Concurrent Mark (15128.720s)
[2023-09-26T21:36:03.674+0900][gc,marking    ] GC(93) Concurrent Mark From Roots
[2023-09-26T21:36:03.674+0900][gc,task       ] GC(93) Using 2 workers of 2 for marking
[2023-09-26T21:36:03.711+0900][gc,marking    ] GC(93) Concurrent Mark From Roots 36.990ms
[2023-09-26T21:36:03.711+0900][gc,marking    ] GC(93) Concurrent Preclean
[2023-09-26T21:36:03.711+0900][gc,marking    ] GC(93) Concurrent Preclean 0.242ms
[2023-09-26T21:36:03.711+0900][gc,marking    ] GC(93) Concurrent Mark (15128.720s, 15128.757s) 37.309ms
[2023-09-26T21:36:03.711+0900][gc,start      ] GC(93) Pause Remark
[2023-09-26T21:36:03.824+0900][gc,stringtable] GC(93) Cleaned string and symbol table, strings: 18324 processed, 322 removed, symbols: 127687 processed, 9 removed
[2023-09-26T21:36:03.827+0900][gc,mmu        ] GC(93) MMU target violated: 21.0ms (20.0ms/21.0ms)
[2023-09-26T21:36:03.827+0900][gc            ] GC(93) Pause Remark 364M->279M(1024M) 115.163ms
[2023-09-26T21:36:03.827+0900][gc,cpu        ] GC(93) User=0.06s Sys=0.18s Real=0.11s
[2023-09-26T21:36:03.827+0900][gc,marking    ] GC(93) Concurrent Rebuild Remembered Sets
[2023-09-26T21:36:03.850+0900][gc,marking    ] GC(93) Concurrent Rebuild Remembered Sets 23.330ms
[2023-09-26T21:36:03.851+0900][gc,start      ] GC(93) Pause Cleanup
[2023-09-26T21:36:03.851+0900][gc            ] GC(93) Pause Cleanup 279M->279M(1024M) 0.173ms
[2023-09-26T21:36:03.851+0900][gc,cpu        ] GC(93) User=0.00s Sys=0.00s Real=0.00s
[2023-09-26T21:36:03.851+0900][gc,marking    ] GC(93) Concurrent Cleanup for Next Mark
[2023-09-26T21:36:03.855+0900][gc,marking    ] GC(93) Concurrent Cleanup for Next Mark 4.002ms
[2023-09-26T21:36:03.855+0900][gc            ] GC(93) Concurrent Cycle 191.589ms
[2023-09-26T21:38:41.713+0900][gc,start      ] GC(94) Pause Young (Prepare Mixed) (G1 Evacuation Pause)
[2023-09-26T21:38:41.715+0900][gc,task       ] GC(94) Using 8 workers of 8 for evacuation
[2023-09-26T21:38:41.745+0900][gc,mmu        ] GC(94) MMU target violated: 21.0ms (20.0ms/21.0ms)
[2023-09-26T21:38:41.745+0900][gc,phases     ] GC(94)   Pre Evacuate Collection Set: 0.8ms
[2023-09-26T21:38:41.745+0900][gc,phases     ] GC(94)   Evacuate Collection Set: 26.7ms
[2023-09-26T21:38:41.745+0900][gc,phases     ] GC(94)   Post Evacuate Collection Set: 0.6ms
[2023-09-26T21:38:41.745+0900][gc,phases     ] GC(94)   Other: 4.0ms
[2023-09-26T21:38:41.745+0900][gc,heap       ] GC(94) Eden regions: 45->0(44)
[2023-09-26T21:38:41.745+0900][gc,heap       ] GC(94) Survivor regions: 6->7(7)
[2023-09-26T21:38:41.745+0900][gc,heap       ] GC(94) Old regions: 145->147
[2023-09-26T21:38:41.745+0900][gc,heap       ] GC(94) Humongous regions: 129->129
[2023-09-26T21:38:41.745+0900][gc,metaspace  ] GC(94) Metaspace: 52632K->52632K(1097728K)
[2023-09-26T21:38:41.745+0900][gc            ] GC(94) Pause Young (Prepare Mixed) (G1 Evacuation Pause) 324M->282M(1024M) 32.274ms
[2023-09-26T21:38:41.745+0900][gc,cpu        ] GC(94) User=0.06s Sys=0.07s Real=0.03s
[2023-09-26T21:41:16.483+0900][gc,start      ] GC(95) Pause Young (Mixed) (G1 Evacuation Pause)
[2023-09-26T21:41:16.485+0900][gc,task       ] GC(95) Using 8 workers of 8 for evacuation
[2023-09-26T21:41:16.516+0900][gc,mmu        ] GC(95) MMU target violated: 21.0ms (20.0ms/21.0ms)
[2023-09-26T21:41:16.516+0900][gc,phases     ] GC(95)   Pre Evacuate Collection Set: 0.9ms
[2023-09-26T21:41:16.516+0900][gc,phases     ] GC(95)   Evacuate Collection Set: 27.4ms
[2023-09-26T21:41:16.516+0900][gc,phases     ] GC(95)   Post Evacuate Collection Set: 1.5ms
[2023-09-26T21:41:16.517+0900][gc,phases     ] GC(95)   Other: 3.9ms
[2023-09-26T21:41:16.517+0900][gc,heap       ] GC(95) Eden regions: 44->0(47)
[2023-09-26T21:41:16.517+0900][gc,heap       ] GC(95) Survivor regions: 7->4(7)
[2023-09-26T21:41:16.517+0900][gc,heap       ] GC(95) Old regions: 147->135
[2023-09-26T21:41:16.517+0900][gc,heap       ] GC(95) Humongous regions: 129->129
[2023-09-26T21:41:16.517+0900][gc,metaspace  ] GC(95) Metaspace: 52636K->52636K(1097728K)
[2023-09-26T21:41:16.517+0900][gc            ] GC(95) Pause Young (Mixed) (G1 Evacuation Pause) 326M->267M(1024M) 33.626ms
[2023-09-26T21:41:16.517+0900][gc,cpu        ] GC(95) User=0.07s Sys=0.07s Real=0.03s
[2023-09-26T21:44:01.841+0900][gc,start      ] GC(96) Pause Young (Mixed) (G1 Evacuation Pause)
[2023-09-26T21:44:01.843+0900][gc,task       ] GC(96) Using 8 workers of 8 for evacuation
[2023-09-26T21:44:01.864+0900][gc,mmu        ] GC(96) MMU target violated: 20.9ms (20.0ms/21.0ms)
[2023-09-26T21:44:01.864+0900][gc,phases     ] GC(96)   Pre Evacuate Collection Set: 0.5ms
[2023-09-26T21:44:01.864+0900][gc,phases     ] GC(96)   Evacuate Collection Set: 19.3ms
[2023-09-26T21:44:01.864+0900][gc,phases     ] GC(96)   Post Evacuate Collection Set: 0.5ms
[2023-09-26T21:44:01.864+0900][gc,phases     ] GC(96)   Other: 3.0ms
[2023-09-26T21:44:01.864+0900][gc,heap       ] GC(96) Eden regions: 47->0(44)
[2023-09-26T21:44:01.864+0900][gc,heap       ] GC(96) Survivor regions: 4->7(7)
[2023-09-26T21:44:01.864+0900][gc,heap       ] GC(96) Old regions: 135->119
[2023-09-26T21:44:01.864+0900][gc,heap       ] GC(96) Humongous regions: 129->129
[2023-09-26T21:44:01.864+0900][gc,metaspace  ] GC(96) Metaspace: 52636K->52636K(1097728K)
[2023-09-26T21:44:01.864+0900][gc            ] GC(96) Pause Young (Mixed) (G1 Evacuation Pause) 314M->254M(1024M) 23.194ms
[2023-09-26T21:44:01.864+0900][gc,cpu        ] GC(96) User=0.06s Sys=0.02s Real=0.02s
[2023-09-26T21:46:36.236+0900][gc,start      ] GC(97) Pause Young (Mixed) (G1 Evacuation Pause)
[2023-09-26T21:46:36.237+0900][gc,task       ] GC(97) Using 8 workers of 8 for evacuation
[2023-09-26T21:46:36.267+0900][gc,mmu        ] GC(97) MMU target violated: 21.0ms (20.0ms/21.0ms)
[2023-09-26T21:46:36.267+0900][gc,phases     ] GC(97)   Pre Evacuate Collection Set: 0.2ms
[2023-09-26T21:46:36.267+0900][gc,phases     ] GC(97)   Evacuate Collection Set: 27.3ms
[2023-09-26T21:46:36.267+0900][gc,phases     ] GC(97)   Post Evacuate Collection Set: 1.2ms
[2023-09-26T21:46:36.268+0900][gc,phases     ] GC(97)   Other: 3.0ms
[2023-09-26T21:46:36.268+0900][gc,heap       ] GC(97) Eden regions: 44->0(47)
[2023-09-26T21:46:36.268+0900][gc,heap       ] GC(97) Survivor regions: 7->4(7)
[2023-09-26T21:46:36.268+0900][gc,heap       ] GC(97) Old regions: 119->107
[2023-09-26T21:46:36.268+0900][gc,heap       ] GC(97) Humongous regions: 129->129
[2023-09-26T21:46:36.268+0900][gc,metaspace  ] GC(97) Metaspace: 52636K->52636K(1097728K)
[2023-09-26T21:46:36.268+0900][gc            ] GC(97) Pause Young (Mixed) (G1 Evacuation Pause) 298M->239M(1024M) 31.818ms
[2023-09-26T21:46:36.268+0900][gc,cpu        ] GC(97) User=0.07s Sys=0.03s Real=0.03s
[2023-09-26T21:49:21.476+0900][gc,start      ] GC(98) Pause Young (Mixed) (G1 Evacuation Pause)
[2023-09-26T21:49:21.477+0900][gc,task       ] GC(98) Using 8 workers of 8 for evacuation
[2023-09-26T21:49:21.496+0900][gc,phases     ] GC(98)   Pre Evacuate Collection Set: 0.6ms
[2023-09-26T21:49:21.496+0900][gc,phases     ] GC(98)   Evacuate Collection Set: 16.5ms
[2023-09-26T21:49:21.496+0900][gc,phases     ] GC(98)   Post Evacuate Collection Set: 1.0ms
[2023-09-26T21:49:21.496+0900][gc,phases     ] GC(98)   Other: 2.5ms
[2023-09-26T21:49:21.496+0900][gc,heap       ] GC(98) Eden regions: 47->0(44)
[2023-09-26T21:49:21.496+0900][gc,heap       ] GC(98) Survivor regions: 4->7(7)
[2023-09-26T21:49:21.496+0900][gc,heap       ] GC(98) Old regions: 107->91
[2023-09-26T21:49:21.496+0900][gc,heap       ] GC(98) Humongous regions: 129->129
[2023-09-26T21:49:21.496+0900][gc,metaspace  ] GC(98) Metaspace: 52636K->52636K(1097728K)
[2023-09-26T21:49:21.496+0900][gc            ] GC(98) Pause Young (Mixed) (G1 Evacuation Pause) 286M->226M(1024M) 20.660ms
[2023-09-26T21:49:21.496+0900][gc,cpu        ] GC(98) User=0.05s Sys=0.05s Real=0.02s
[2023-09-26T21:51:54.809+0900][gc,start      ] GC(99) Pause Young (Mixed) (G1 Evacuation Pause)
[2023-09-26T21:51:54.811+0900][gc,task       ] GC(99) Using 8 workers of 8 for evacuation
[2023-09-26T21:51:54.846+0900][gc,mmu        ] GC(99) MMU target violated: 21.0ms (20.0ms/21.0ms)
[2023-09-26T21:51:54.846+0900][gc,phases     ] GC(99)   Pre Evacuate Collection Set: 1.0ms
[2023-09-26T21:51:54.846+0900][gc,phases     ] GC(99)   Evacuate Collection Set: 31.4ms
[2023-09-26T21:51:54.846+0900][gc,phases     ] GC(99)   Post Evacuate Collection Set: 1.2ms
[2023-09-26T21:51:54.846+0900][gc,phases     ] GC(99)   Other: 3.9ms
[2023-09-26T21:51:54.846+0900][gc,heap       ] GC(99) Eden regions: 44->0(47)
[2023-09-26T21:51:54.846+0900][gc,heap       ] GC(99) Survivor regions: 7->4(7)
[2023-09-26T21:51:54.846+0900][gc,heap       ] GC(99) Old regions: 91->89
[2023-09-26T21:51:54.846+0900][gc,heap       ] GC(99) Humongous regions: 129->129
[2023-09-26T21:51:54.846+0900][gc,metaspace  ] GC(99) Metaspace: 52637K->52637K(1097728K)
[2023-09-26T21:51:54.846+0900][gc            ] GC(99) Pause Young (Mixed) (G1 Evacuation Pause) 270M->220M(1024M) 37.474ms
[2023-09-26T21:51:54.847+0900][gc,cpu        ] GC(99) User=0.07s Sys=0.07s Real=0.04s
[2023-09-26T21:54:38.788+0900][gc,start      ] GC(100) Pause Young (Normal) (G1 Evacuation Pause)
[2023-09-26T21:54:38.790+0900][gc,task       ] GC(100) Using 8 workers of 8 for evacuation
[2023-09-26T21:54:38.822+0900][gc,mmu        ] GC(100) MMU target violated: 21.0ms (20.0ms/21.0ms)
[2023-09-26T21:54:38.822+0900][gc,phases     ] GC(100)   Pre Evacuate Collection Set: 0.9ms
[2023-09-26T21:54:38.822+0900][gc,phases     ] GC(100)   Evacuate Collection Set: 28.1ms
[2023-09-26T21:54:38.822+0900][gc,phases     ] GC(100)   Post Evacuate Collection Set: 1.6ms
[2023-09-26T21:54:38.822+0900][gc,phases     ] GC(100)   Other: 3.7ms
[2023-09-26T21:54:38.822+0900][gc,heap       ] GC(100) Eden regions: 47->0(45)
[2023-09-26T21:54:38.822+0900][gc,heap       ] GC(100) Survivor regions: 4->6(7)
[2023-09-26T21:54:38.822+0900][gc,heap       ] GC(100) Old regions: 89->89
[2023-09-26T21:54:38.822+0900][gc,heap       ] GC(100) Humongous regions: 129->129
[2023-09-26T21:54:38.822+0900][gc,metaspace  ] GC(100) Metaspace: 52637K->52637K(1097728K)
[2023-09-26T21:54:38.822+0900][gc            ] GC(100) Pause Young (Normal) (G1 Evacuation Pause) 267M->222M(1024M) 34.272ms
[2023-09-26T21:54:38.823+0900][gc,cpu        ] GC(100) User=0.07s Sys=0.05s Real=0.04s
[2023-09-26T21:57:17.417+0900][gc,start      ] GC(101) Pause Young (Normal) (G1 Evacuation Pause)
[2023-09-26T21:57:17.418+0900][gc,task       ] GC(101) Using 8 workers of 8 for evacuation
[2023-09-26T21:57:17.447+0900][gc,mmu        ] GC(101) MMU target violated: 21.0ms (20.0ms/21.0ms)
[2023-09-26T21:57:17.447+0900][gc,phases     ] GC(101)   Pre Evacuate Collection Set: 0.4ms
[2023-09-26T21:57:17.447+0900][gc,phases     ] GC(101)   Evacuate Collection Set: 26.1ms
[2023-09-26T21:57:17.447+0900][gc,phases     ] GC(101)   Post Evacuate Collection Set: 1.1ms
[2023-09-26T21:57:17.447+0900][gc,phases     ] GC(101)   Other: 2.5ms
[2023-09-26T21:57:17.447+0900][gc,heap       ] GC(101) Eden regions: 45->0(44)
[2023-09-26T21:57:17.447+0900][gc,heap       ] GC(101) Survivor regions: 6->7(7)
[2023-09-26T21:57:17.447+0900][gc,heap       ] GC(101) Old regions: 89->91
[2023-09-26T21:57:17.447+0900][gc,heap       ] GC(101) Humongous regions: 129->129
[2023-09-26T21:57:17.447+0900][gc,metaspace  ] GC(101) Metaspace: 52637K->52637K(1097728K)
[2023-09-26T21:57:17.448+0900][gc            ] GC(101) Pause Young (Normal) (G1 Evacuation Pause) 267M->226M(1024M) 30.220ms
[2023-09-26T21:57:17.448+0900][gc,cpu        ] GC(101) User=0.08s Sys=0.02s Real=0.03s
[2023-09-26T21:59:52.239+0900][gc,start      ] GC(102) Pause Young (Normal) (G1 Evacuation Pause)
[2023-09-26T21:59:52.241+0900][gc,task       ] GC(102) Using 8 workers of 8 for evacuation
[2023-09-26T21:59:52.267+0900][gc,mmu        ] GC(102) MMU target violated: 21.0ms (20.0ms/21.0ms)
[2023-09-26T21:59:52.267+0900][gc,phases     ] GC(102)   Pre Evacuate Collection Set: 0.2ms
[2023-09-26T21:59:52.267+0900][gc,phases     ] GC(102)   Evacuate Collection Set: 24.2ms
[2023-09-26T21:59:52.267+0900][gc,phases     ] GC(102)   Post Evacuate Collection Set: 0.9ms
[2023-09-26T21:59:52.267+0900][gc,phases     ] GC(102)   Other: 2.7ms
[2023-09-26T21:59:52.267+0900][gc,heap       ] GC(102) Eden regions: 44->0(47)
[2023-09-26T21:59:52.267+0900][gc,heap       ] GC(102) Survivor regions: 7->4(7)
[2023-09-26T21:59:52.267+0900][gc,heap       ] GC(102) Old regions: 91->96
[2023-09-26T21:59:52.267+0900][gc,heap       ] GC(102) Humongous regions: 129->129
[2023-09-26T21:59:52.267+0900][gc,metaspace  ] GC(102) Metaspace: 52637K->52637K(1097728K)
[2023-09-26T21:59:52.267+0900][gc            ] GC(102) Pause Young (Normal) (G1 Evacuation Pause) 270M->227M(1024M) 28.023ms
[2023-09-26T21:59:52.267+0900][gc,cpu        ] GC(102) User=0.05s Sys=0.02s Real=0.03s
[2023-09-26T22:02:37.243+0900][gc,start      ] GC(103) Pause Young (Normal) (G1 Evacuation Pause)
[2023-09-26T22:02:37.244+0900][gc,task       ] GC(103) Using 8 workers of 8 for evacuation
[2023-09-26T22:02:37.272+0900][gc,mmu        ] GC(103) MMU target violated: 21.0ms (20.0ms/21.0ms)
[2023-09-26T22:02:37.272+0900][gc,phases     ] GC(103)   Pre Evacuate Collection Set: 1.1ms
[2023-09-26T22:02:37.272+0900][gc,phases     ] GC(103)   Evacuate Collection Set: 24.0ms
[2023-09-26T22:02:37.272+0900][gc,phases     ] GC(103)   Post Evacuate Collection Set: 0.9ms
[2023-09-26T22:02:37.272+0900][gc,phases     ] GC(103)   Other: 3.5ms
[2023-09-26T22:02:37.272+0900][gc,heap       ] GC(103) Eden regions: 47->0(44)
[2023-09-26T22:02:37.272+0900][gc,heap       ] GC(103) Survivor regions: 4->7(7)
[2023-09-26T22:02:37.272+0900][gc,heap       ] GC(103) Old regions: 96->96
[2023-09-26T22:02:37.272+0900][gc,heap       ] GC(103) Humongous regions: 129->129
[2023-09-26T22:02:37.272+0900][gc,metaspace  ] GC(103) Metaspace: 52637K->52637K(1097728K)
[2023-09-26T22:02:37.272+0900][gc            ] GC(103) Pause Young (Normal) (G1 Evacuation Pause) 274M->231M(1024M) 29.347ms
[2023-09-26T22:02:37.272+0900][gc,cpu        ] GC(103) User=0.06s Sys=0.04s Real=0.03s
[2023-09-26T22:05:10.916+0900][gc,start      ] GC(104) Pause Young (Normal) (G1 Evacuation Pause)
[2023-09-26T22:05:10.918+0900][gc,task       ] GC(104) Using 8 workers of 8 for evacuation
[2023-09-26T22:05:10.949+0900][gc,mmu        ] GC(104) MMU target violated: 21.0ms (20.0ms/21.0ms)
[2023-09-26T22:05:10.949+0900][gc,phases     ] GC(104)   Pre Evacuate Collection Set: 0.8ms
[2023-09-26T22:05:10.949+0900][gc,phases     ] GC(104)   Evacuate Collection Set: 28.0ms
[2023-09-26T22:05:10.949+0900][gc,phases     ] GC(104)   Post Evacuate Collection Set: 1.5ms
[2023-09-26T22:05:10.949+0900][gc,phases     ] GC(104)   Other: 3.3ms
[2023-09-26T22:05:10.949+0900][gc,heap       ] GC(104) Eden regions: 44->0(47)
[2023-09-26T22:05:10.949+0900][gc,heap       ] GC(104) Survivor regions: 7->4(7)
[2023-09-26T22:05:10.949+0900][gc,heap       ] GC(104) Old regions: 96->101
[2023-09-26T22:05:10.949+0900][gc,heap       ] GC(104) Humongous regions: 129->129
[2023-09-26T22:05:10.949+0900][gc,metaspace  ] GC(104) Metaspace: 52637K->52637K(1097728K)
[2023-09-26T22:05:10.949+0900][gc            ] GC(104) Pause Young (Normal) (G1 Evacuation Pause) 275M->232M(1024M) 33.609ms
[2023-09-26T22:05:10.949+0900][gc,cpu        ] GC(104) User=0.07s Sys=0.06s Real=0.03s
[2023-09-26T22:07:56.410+0900][gc,start      ] GC(105) Pause Young (Normal) (G1 Evacuation Pause)
[2023-09-26T22:07:56.412+0900][gc,task       ] GC(105) Using 8 workers of 8 for evacuation
[2023-09-26T22:07:56.430+0900][gc,phases     ] GC(105)   Pre Evacuate Collection Set: 0.3ms
[2023-09-26T22:07:56.430+0900][gc,phases     ] GC(105)   Evacuate Collection Set: 16.6ms
[2023-09-26T22:07:56.430+0900][gc,phases     ] GC(105)   Post Evacuate Collection Set: 0.4ms
[2023-09-26T22:07:56.430+0900][gc,phases     ] GC(105)   Other: 2.6ms
[2023-09-26T22:07:56.430+0900][gc,heap       ] GC(105) Eden regions: 47->0(44)
[2023-09-26T22:07:56.430+0900][gc,heap       ] GC(105) Survivor regions: 4->7(7)
[2023-09-26T22:07:56.430+0900][gc,heap       ] GC(105) Old regions: 101->101
[2023-09-26T22:07:56.430+0900][gc,heap       ] GC(105) Humongous regions: 129->129
[2023-09-26T22:07:56.430+0900][gc,metaspace  ] GC(105) Metaspace: 52637K->52637K(1097728K)
[2023-09-26T22:07:56.430+0900][gc            ] GC(105) Pause Young (Normal) (G1 Evacuation Pause) 279M->236M(1024M) 19.823ms
[2023-09-26T22:07:56.430+0900][gc,cpu        ] GC(105) User=0.05s Sys=0.01s Real=0.02s
[2023-09-26T22:10:29.118+0900][gc,start      ] GC(106) Pause Young (Normal) (G1 Evacuation Pause)
[2023-09-26T22:10:29.120+0900][gc,task       ] GC(106) Using 8 workers of 8 for evacuation
[2023-09-26T22:10:29.145+0900][gc,mmu        ] GC(106) MMU target violated: 21.0ms (20.0ms/21.0ms)
[2023-09-26T22:10:29.145+0900][gc,phases     ] GC(106)   Pre Evacuate Collection Set: 0.7ms
[2023-09-26T22:10:29.145+0900][gc,phases     ] GC(106)   Evacuate Collection Set: 22.9ms
[2023-09-26T22:10:29.145+0900][gc,phases     ] GC(106)   Post Evacuate Collection Set: 0.8ms
[2023-09-26T22:10:29.145+0900][gc,phases     ] GC(106)   Other: 2.9ms
[2023-09-26T22:10:29.145+0900][gc,heap       ] GC(106) Eden regions: 44->0(47)
[2023-09-26T22:10:29.145+0900][gc,heap       ] GC(106) Survivor regions: 7->4(7)
[2023-09-26T22:10:29.145+0900][gc,heap       ] GC(106) Old regions: 101->106
[2023-09-26T22:10:29.145+0900][gc,heap       ] GC(106) Humongous regions: 129->129
[2023-09-26T22:10:29.145+0900][gc,metaspace  ] GC(106) Metaspace: 52637K->52637K(1097728K)
[2023-09-26T22:10:29.146+0900][gc            ] GC(106) Pause Young (Normal) (G1 Evacuation Pause) 280M->237M(1024M) 27.324ms
[2023-09-26T22:10:29.146+0900][gc,cpu        ] GC(106) User=0.07s Sys=0.06s Real=0.03s
[2023-09-26T22:13:14.353+0900][gc,start      ] GC(107) Pause Young (Normal) (G1 Evacuation Pause)
[2023-09-26T22:13:14.355+0900][gc,task       ] GC(107) Using 8 workers of 8 for evacuation
[2023-09-26T22:13:14.375+0900][gc,phases     ] GC(107)   Pre Evacuate Collection Set: 0.2ms
[2023-09-26T22:13:14.375+0900][gc,phases     ] GC(107)   Evacuate Collection Set: 18.3ms
[2023-09-26T22:13:14.375+0900][gc,phases     ] GC(107)   Post Evacuate Collection Set: 0.6ms
[2023-09-26T22:13:14.375+0900][gc,phases     ] GC(107)   Other: 3.0ms
[2023-09-26T22:13:14.375+0900][gc,heap       ] GC(107) Eden regions: 47->0(44)
[2023-09-26T22:13:14.375+0900][gc,heap       ] GC(107) Survivor regions: 4->7(7)
[2023-09-26T22:13:14.375+0900][gc,heap       ] GC(107) Old regions: 106->106
[2023-09-26T22:13:14.375+0900][gc,heap       ] GC(107) Humongous regions: 129->129
[2023-09-26T22:13:14.375+0900][gc,metaspace  ] GC(107) Metaspace: 52637K->52637K(1097728K)
[2023-09-26T22:13:14.375+0900][gc            ] GC(107) Pause Young (Normal) (G1 Evacuation Pause) 284M->241M(1024M) 22.136ms
[2023-09-26T22:13:14.375+0900][gc,cpu        ] GC(107) User=0.06s Sys=0.00s Real=0.02s
[2023-09-26T22:15:47.237+0900][gc,start      ] GC(108) Pause Young (Normal) (G1 Evacuation Pause)
[2023-09-26T22:15:47.239+0900][gc,task       ] GC(108) Using 8 workers of 8 for evacuation
[2023-09-26T22:15:47.259+0900][gc,phases     ] GC(108)   Pre Evacuate Collection Set: 0.6ms
[2023-09-26T22:15:47.259+0900][gc,phases     ] GC(108)   Evacuate Collection Set: 17.7ms
[2023-09-26T22:15:47.259+0900][gc,phases     ] GC(108)   Post Evacuate Collection Set: 0.6ms
[2023-09-26T22:15:47.259+0900][gc,phases     ] GC(108)   Other: 2.8ms
[2023-09-26T22:15:47.259+0900][gc,heap       ] GC(108) Eden regions: 44->0(47)
[2023-09-26T22:15:47.259+0900][gc,heap       ] GC(108) Survivor regions: 7->4(7)
[2023-09-26T22:15:47.259+0900][gc,heap       ] GC(108) Old regions: 106->111
[2023-09-26T22:15:47.259+0900][gc,heap       ] GC(108) Humongous regions: 129->129
[2023-09-26T22:15:47.259+0900][gc,metaspace  ] GC(108) Metaspace: 52637K->52637K(1097728K)
[2023-09-26T22:15:47.259+0900][gc            ] GC(108) Pause Young (Normal) (G1 Evacuation Pause) 285M->243M(1024M) 21.734ms
[2023-09-26T22:15:47.259+0900][gc,cpu        ] GC(108) User=0.05s Sys=0.05s Real=0.02s
[2023-09-26T22:18:32.085+0900][gc,start      ] GC(109) Pause Young (Normal) (G1 Evacuation Pause)
[2023-09-26T22:18:32.086+0900][gc,task       ] GC(109) Using 8 workers of 8 for evacuation
[2023-09-26T22:18:32.111+0900][gc,mmu        ] GC(109) MMU target violated: 21.0ms (20.0ms/21.0ms)
[2023-09-26T22:18:32.111+0900][gc,phases     ] GC(109)   Pre Evacuate Collection Set: 0.2ms
[2023-09-26T22:18:32.111+0900][gc,phases     ] GC(109)   Evacuate Collection Set: 23.0ms
[2023-09-26T22:18:32.111+0900][gc,phases     ] GC(109)   Post Evacuate Collection Set: 0.7ms
[2023-09-26T22:18:32.111+0900][gc,phases     ] GC(109)   Other: 2.3ms
[2023-09-26T22:18:32.111+0900][gc,heap       ] GC(109) Eden regions: 47->0(49)
[2023-09-26T22:18:32.111+0900][gc,heap       ] GC(109) Survivor regions: 4->6(7)
[2023-09-26T22:18:32.111+0900][gc,heap       ] GC(109) Old regions: 111->111
[2023-09-26T22:18:32.111+0900][gc,heap       ] GC(109) Humongous regions: 129->129
[2023-09-26T22:18:32.111+0900][gc,metaspace  ] GC(109) Metaspace: 52637K->52637K(1097728K)
[2023-09-26T22:18:32.111+0900][gc            ] GC(109) Pause Young (Normal) (G1 Evacuation Pause) 290M->244M(1024M) 26.259ms
[2023-09-26T22:18:32.111+0900][gc,cpu        ] GC(109) User=0.05s Sys=0.01s Real=0.03s
[2023-09-26T22:21:24.115+0900][gc,start      ] GC(110) Pause Young (Normal) (G1 Evacuation Pause)
[2023-09-26T22:21:24.117+0900][gc,task       ] GC(110) Using 8 workers of 8 for evacuation
[2023-09-26T22:21:24.155+0900][gc,mmu        ] GC(110) MMU target violated: 21.0ms (20.0ms/21.0ms)
[2023-09-26T22:21:24.155+0900][gc,phases     ] GC(110)   Pre Evacuate Collection Set: 0.7ms
[2023-09-26T22:21:24.155+0900][gc,phases     ] GC(110)   Evacuate Collection Set: 35.3ms
[2023-09-26T22:21:24.155+0900][gc,phases     ] GC(110)   Post Evacuate Collection Set: 1.1ms
[2023-09-26T22:21:24.155+0900][gc,phases     ] GC(110)   Other: 3.3ms
[2023-09-26T22:21:24.155+0900][gc,heap       ] GC(110) Eden regions: 49->0(44)
[2023-09-26T22:21:24.155+0900][gc,heap       ] GC(110) Survivor regions: 6->7(7)
[2023-09-26T22:21:24.155+0900][gc,heap       ] GC(110) Old regions: 111->113
[2023-09-26T22:21:24.155+0900][gc,heap       ] GC(110) Humongous regions: 129->129
[2023-09-26T22:21:24.155+0900][gc,metaspace  ] GC(110) Metaspace: 52637K->52637K(1097728K)
[2023-09-26T22:21:24.155+0900][gc            ] GC(110) Pause Young (Normal) (G1 Evacuation Pause) 293M->248M(1024M) 40.425ms
[2023-09-26T22:21:24.155+0900][gc,cpu        ] GC(110) User=0.08s Sys=0.04s Real=0.04s
[2023-09-26T22:23:58.268+0900][gc,start      ] GC(111) Pause Young (Normal) (G1 Evacuation Pause)
[2023-09-26T22:23:58.270+0900][gc,task       ] GC(111) Using 8 workers of 8 for evacuation
[2023-09-26T22:23:58.291+0900][gc,mmu        ] GC(111) MMU target violated: 21.0ms (20.0ms/21.0ms)
[2023-09-26T22:23:58.291+0900][gc,phases     ] GC(111)   Pre Evacuate Collection Set: 0.2ms
[2023-09-26T22:23:58.291+0900][gc,phases     ] GC(111)   Evacuate Collection Set: 19.6ms
[2023-09-26T22:23:58.291+0900][gc,phases     ] GC(111)   Post Evacuate Collection Set: 0.8ms
[2023-09-26T22:23:58.291+0900][gc,phases     ] GC(111)   Other: 3.2ms
[2023-09-26T22:23:58.291+0900][gc,heap       ] GC(111) Eden regions: 44->0(50)
[2023-09-26T22:23:58.291+0900][gc,heap       ] GC(111) Survivor regions: 7->4(7)
[2023-09-26T22:23:58.291+0900][gc,heap       ] GC(111) Old regions: 113->119
[2023-09-26T22:23:58.291+0900][gc,heap       ] GC(111) Humongous regions: 129->129
[2023-09-26T22:23:58.291+0900][gc,metaspace  ] GC(111) Metaspace: 52637K->52637K(1097728K)
[2023-09-26T22:23:58.291+0900][gc            ] GC(111) Pause Young (Normal) (G1 Evacuation Pause) 292M->250M(1024M) 23.863ms
[2023-09-26T22:23:58.292+0900][gc,cpu        ] GC(111) User=0.08s Sys=0.03s Real=0.03s
[2023-09-26T22:26:37.237+0900][gc,start      ] GC(112) Pause Young (Normal) (G1 Evacuation Pause)
[2023-09-26T22:26:37.240+0900][gc,task       ] GC(112) Using 8 workers of 8 for evacuation
[2023-09-26T22:26:37.268+0900][gc,mmu        ] GC(112) MMU target violated: 21.0ms (20.0ms/21.0ms)
[2023-09-26T22:26:37.268+0900][gc,phases     ] GC(112)   Pre Evacuate Collection Set: 1.0ms
[2023-09-26T22:26:37.268+0900][gc,phases     ] GC(112)   Evacuate Collection Set: 25.2ms
[2023-09-26T22:26:37.268+0900][gc,phases     ] GC(112)   Post Evacuate Collection Set: 0.7ms
[2023-09-26T22:26:37.268+0900][gc,phases     ] GC(112)   Other: 4.1ms
[2023-09-26T22:26:37.268+0900][gc,heap       ] GC(112) Eden regions: 49->0(44)
[2023-09-26T22:26:37.268+0900][gc,heap       ] GC(112) Survivor regions: 4->7(7)
[2023-09-26T22:26:37.268+0900][gc,heap       ] GC(112) Old regions: 119->119
[2023-09-26T22:26:37.268+0900][gc,heap       ] GC(112) Humongous regions: 129->129
[2023-09-26T22:26:37.268+0900][gc,metaspace  ] GC(112) Metaspace: 52638K->52638K(1097728K)
[2023-09-26T22:26:37.268+0900][gc            ] GC(112) Pause Young (Normal) (G1 Evacuation Pause) 299M->254M(1024M) 30.916ms
[2023-09-26T22:26:37.268+0900][gc,cpu        ] GC(112) User=0.06s Sys=0.05s Real=0.03s
[2023-09-26T22:29:11.836+0900][gc,start      ] GC(113) Pause Young (Normal) (G1 Evacuation Pause)
[2023-09-26T22:29:11.837+0900][gc,task       ] GC(113) Using 8 workers of 8 for evacuation
[2023-09-26T22:29:11.862+0900][gc,mmu        ] GC(113) MMU target violated: 21.0ms (20.0ms/21.0ms)
[2023-09-26T22:29:11.862+0900][gc,phases     ] GC(113)   Pre Evacuate Collection Set: 0.6ms
[2023-09-26T22:29:11.862+0900][gc,phases     ] GC(113)   Evacuate Collection Set: 22.4ms
[2023-09-26T22:29:11.862+0900][gc,phases     ] GC(113)   Post Evacuate Collection Set: 1.4ms
[2023-09-26T22:29:11.862+0900][gc,phases     ] GC(113)   Other: 2.0ms
[2023-09-26T22:29:11.862+0900][gc,heap       ] GC(113) Eden regions: 44->0(48)
[2023-09-26T22:29:11.862+0900][gc,heap       ] GC(113) Survivor regions: 7->3(7)
[2023-09-26T22:29:11.862+0900][gc,heap       ] GC(113) Old regions: 119->123
[2023-09-26T22:29:11.862+0900][gc,heap       ] GC(113) Humongous regions: 129->129
[2023-09-26T22:29:11.862+0900][gc,metaspace  ] GC(113) Metaspace: 52640K->52640K(1097728K)
[2023-09-26T22:29:11.862+0900][gc            ] GC(113) Pause Young (Normal) (G1 Evacuation Pause) 298M->254M(1024M) 26.503ms
[2023-09-26T22:29:11.862+0900][gc,cpu        ] GC(113) User=0.06s Sys=0.07s Real=0.03s
[2023-09-26T22:32:00.176+0900][gc,start      ] GC(114) Pause Young (Normal) (G1 Evacuation Pause)
[2023-09-26T22:32:00.191+0900][gc,task       ] GC(114) Using 8 workers of 8 for evacuation
[2023-09-26T22:32:00.213+0900][gc,mmu        ] GC(114) MMU target violated: 21.0ms (20.0ms/21.0ms)
[2023-09-26T22:32:00.213+0900][gc,phases     ] GC(114)   Pre Evacuate Collection Set: 0.8ms
[2023-09-26T22:32:00.213+0900][gc,phases     ] GC(114)   Evacuate Collection Set: 18.2ms
[2023-09-26T22:32:00.213+0900][gc,phases     ] GC(114)   Post Evacuate Collection Set: 0.7ms
[2023-09-26T22:32:00.213+0900][gc,phases     ] GC(114)   Other: 17.5ms
[2023-09-26T22:32:00.213+0900][gc,heap       ] GC(114) Eden regions: 48->0(44)
[2023-09-26T22:32:00.213+0900][gc,heap       ] GC(114) Survivor regions: 3->7(7)
[2023-09-26T22:32:00.213+0900][gc,heap       ] GC(114) Old regions: 123->123
[2023-09-26T22:32:00.213+0900][gc,heap       ] GC(114) Humongous regions: 129->129
[2023-09-26T22:32:00.213+0900][gc,metaspace  ] GC(114) Metaspace: 52640K->52640K(1097728K)
[2023-09-26T22:32:00.213+0900][gc            ] GC(114) Pause Young (Normal) (G1 Evacuation Pause) 302M->258M(1024M) 37.208ms
[2023-09-26T22:32:00.213+0900][gc,cpu        ] GC(114) User=0.04s Sys=0.03s Real=0.04s
[2023-09-26T22:34:34.180+0900][gc,start      ] GC(115) Pause Young (Normal) (G1 Evacuation Pause)
[2023-09-26T22:34:34.181+0900][gc,task       ] GC(115) Using 8 workers of 8 for evacuation
[2023-09-26T22:34:34.194+0900][gc,phases     ] GC(115)   Pre Evacuate Collection Set: 0.2ms
[2023-09-26T22:34:34.194+0900][gc,phases     ] GC(115)   Evacuate Collection Set: 11.7ms
[2023-09-26T22:34:34.194+0900][gc,phases     ] GC(115)   Post Evacuate Collection Set: 0.5ms
[2023-09-26T22:34:34.194+0900][gc,phases     ] GC(115)   Other: 0.8ms
[2023-09-26T22:34:34.194+0900][gc,heap       ] GC(115) Eden regions: 44->0(51)
[2023-09-26T22:34:34.194+0900][gc,heap       ] GC(115) Survivor regions: 7->4(7)
[2023-09-26T22:34:34.194+0900][gc,heap       ] GC(115) Old regions: 123->127
[2023-09-26T22:34:34.194+0900][gc,heap       ] GC(115) Humongous regions: 129->129
[2023-09-26T22:34:34.194+0900][gc,metaspace  ] GC(115) Metaspace: 52640K->52640K(1097728K)
[2023-09-26T22:34:34.194+0900][gc            ] GC(115) Pause Young (Normal) (G1 Evacuation Pause) 302M->259M(1024M) 13.292ms
[2023-09-26T22:34:34.194+0900][gc,cpu        ] GC(115) User=0.02s Sys=0.03s Real=0.01s
[2023-09-26T22:37:32.874+0900][gc,start      ] GC(116) Pause Young (Normal) (G1 Evacuation Pause)
[2023-09-26T22:37:32.876+0900][gc,task       ] GC(116) Using 8 workers of 8 for evacuation
[2023-09-26T22:37:32.899+0900][gc,mmu        ] GC(116) MMU target violated: 21.0ms (20.0ms/21.0ms)
[2023-09-26T22:37:32.899+0900][gc,phases     ] GC(116)   Pre Evacuate Collection Set: 0.3ms
[2023-09-26T22:37:32.899+0900][gc,phases     ] GC(116)   Evacuate Collection Set: 21.2ms
[2023-09-26T22:37:32.899+0900][gc,phases     ] GC(116)   Post Evacuate Collection Set: 0.7ms
[2023-09-26T22:37:32.899+0900][gc,phases     ] GC(116)   Other: 3.3ms
[2023-09-26T22:37:32.899+0900][gc,heap       ] GC(116) Eden regions: 51->0(52)
[2023-09-26T22:37:32.899+0900][gc,heap       ] GC(116) Survivor regions: 4->4(7)
[2023-09-26T22:37:32.899+0900][gc,heap       ] GC(116) Old regions: 127->130
[2023-09-26T22:37:32.899+0900][gc,heap       ] GC(116) Humongous regions: 129->129
[2023-09-26T22:37:32.899+0900][gc,metaspace  ] GC(116) Metaspace: 52640K->52640K(1097728K)
[2023-09-26T22:37:32.899+0900][gc            ] GC(116) Pause Young (Normal) (G1 Evacuation Pause) 310M->261M(1024M) 25.491ms
[2023-09-26T22:37:32.900+0900][gc,cpu        ] GC(116) User=0.06s Sys=0.02s Real=0.03s
[2023-09-26T22:40:35.402+0900][gc,start      ] GC(117) Pause Young (Normal) (G1 Evacuation Pause)
[2023-09-26T22:40:35.404+0900][gc,task       ] GC(117) Using 8 workers of 8 for evacuation
[2023-09-26T22:40:35.438+0900][gc,mmu        ] GC(117) MMU target violated: 21.0ms (20.0ms/21.0ms)
[2023-09-26T22:40:35.438+0900][gc,phases     ] GC(117)   Pre Evacuate Collection Set: 0.8ms
[2023-09-26T22:40:35.438+0900][gc,phases     ] GC(117)   Evacuate Collection Set: 30.6ms
[2023-09-26T22:40:35.438+0900][gc,phases     ] GC(117)   Post Evacuate Collection Set: 1.7ms
[2023-09-26T22:40:35.438+0900][gc,phases     ] GC(117)   Other: 3.8ms
[2023-09-26T22:40:35.438+0900][gc,heap       ] GC(117) Eden regions: 52->0(45)
[2023-09-26T22:40:35.438+0900][gc,heap       ] GC(117) Survivor regions: 4->6(7)
[2023-09-26T22:40:35.438+0900][gc,heap       ] GC(117) Old regions: 130->130
[2023-09-26T22:40:35.438+0900][gc,heap       ] GC(117) Humongous regions: 129->129
[2023-09-26T22:40:35.438+0900][gc,metaspace  ] GC(117) Metaspace: 52640K->52640K(1097728K)
[2023-09-26T22:40:35.439+0900][gc            ] GC(117) Pause Young (Normal) (G1 Evacuation Pause) 313M->264M(1024M) 36.885ms
[2023-09-26T22:40:35.439+0900][gc,cpu        ] GC(117) User=0.07s Sys=0.05s Real=0.03s
[2023-09-26T22:43:14.100+0900][gc,start      ] GC(118) Pause Young (Normal) (G1 Evacuation Pause)
[2023-09-26T22:43:14.101+0900][gc,task       ] GC(118) Using 8 workers of 8 for evacuation
[2023-09-26T22:43:14.121+0900][gc,phases     ] GC(118)   Pre Evacuate Collection Set: 0.2ms
[2023-09-26T22:43:14.121+0900][gc,phases     ] GC(118)   Evacuate Collection Set: 18.0ms
[2023-09-26T22:43:14.121+0900][gc,phases     ] GC(118)   Post Evacuate Collection Set: 0.5ms
[2023-09-26T22:43:14.121+0900][gc,phases     ] GC(118)   Other: 2.5ms
[2023-09-26T22:43:14.121+0900][gc,heap       ] GC(118) Eden regions: 45->0(44)
[2023-09-26T22:43:14.121+0900][gc,heap       ] GC(118) Survivor regions: 6->7(7)
[2023-09-26T22:43:14.121+0900][gc,heap       ] GC(118) Old regions: 130->132
[2023-09-26T22:43:14.121+0900][gc,heap       ] GC(118) Humongous regions: 129->129
[2023-09-26T22:43:14.121+0900][gc,metaspace  ] GC(118) Metaspace: 52640K->52640K(1097728K)
[2023-09-26T22:43:14.121+0900][gc            ] GC(118) Pause Young (Normal) (G1 Evacuation Pause) 309M->267M(1024M) 21.331ms
[2023-09-26T22:43:14.121+0900][gc,cpu        ] GC(118) User=0.08s Sys=0.02s Real=0.02s
[2023-09-26T22:45:47.209+0900][gc,start      ] GC(119) Pause Young (Normal) (G1 Evacuation Pause)
[2023-09-26T22:45:47.211+0900][gc,task       ] GC(119) Using 8 workers of 8 for evacuation
[2023-09-26T22:45:47.245+0900][gc,mmu        ] GC(119) MMU target violated: 21.0ms (20.0ms/21.0ms)
[2023-09-26T22:45:47.245+0900][gc,phases     ] GC(119)   Pre Evacuate Collection Set: 1.0ms
[2023-09-26T22:45:47.245+0900][gc,phases     ] GC(119)   Evacuate Collection Set: 29.4ms
[2023-09-26T22:45:47.245+0900][gc,phases     ] GC(119)   Post Evacuate Collection Set: 1.2ms
[2023-09-26T22:45:47.245+0900][gc,phases     ] GC(119)   Other: 4.3ms
[2023-09-26T22:45:47.245+0900][gc,heap       ] GC(119) Eden regions: 44->0(47)
[2023-09-26T22:45:47.245+0900][gc,heap       ] GC(119) Survivor regions: 7->4(7)
[2023-09-26T22:45:47.245+0900][gc,heap       ] GC(119) Old regions: 132->138
[2023-09-26T22:45:47.245+0900][gc,heap       ] GC(119) Humongous regions: 129->129
[2023-09-26T22:45:47.245+0900][gc,metaspace  ] GC(119) Metaspace: 52641K->52641K(1097728K)
[2023-09-26T22:45:47.246+0900][gc            ] GC(119) Pause Young (Normal) (G1 Evacuation Pause) 311M->269M(1024M) 35.991ms
[2023-09-26T22:45:47.246+0900][gc,cpu        ] GC(119) User=0.08s Sys=0.05s Real=0.04s
[2023-09-26T22:48:32.238+0900][gc,start      ] GC(120) Pause Young (Normal) (G1 Evacuation Pause)
[2023-09-26T22:48:32.238+0900][gc,task       ] GC(120) Using 8 workers of 8 for evacuation
[2023-09-26T22:48:32.280+0900][gc,mmu        ] GC(120) MMU target violated: 21.0ms (20.0ms/21.0ms)
[2023-09-26T22:48:32.280+0900][gc,phases     ] GC(120)   Pre Evacuate Collection Set: 0.7ms
[2023-09-26T22:48:32.280+0900][gc,phases     ] GC(120)   Evacuate Collection Set: 38.1ms
[2023-09-26T22:48:32.280+0900][gc,phases     ] GC(120)   Post Evacuate Collection Set: 1.6ms
[2023-09-26T22:48:32.280+0900][gc,phases     ] GC(120)   Other: 2.3ms
[2023-09-26T22:48:32.280+0900][gc,heap       ] GC(120) Eden regions: 47->0(44)
[2023-09-26T22:48:32.280+0900][gc,heap       ] GC(120) Survivor regions: 4->7(7)
[2023-09-26T22:48:32.280+0900][gc,heap       ] GC(120) Old regions: 138->138
[2023-09-26T22:48:32.280+0900][gc,heap       ] GC(120) Humongous regions: 129->129
[2023-09-26T22:48:32.280+0900][gc,metaspace  ] GC(120) Metaspace: 52641K->52641K(1097728K)
[2023-09-26T22:48:32.280+0900][gc            ] GC(120) Pause Young (Normal) (G1 Evacuation Pause) 316M->273M(1024M) 42.657ms
[2023-09-26T22:48:32.280+0900][gc,cpu        ] GC(120) User=0.07s Sys=0.07s Real=0.05s
[2023-09-26T22:51:06.161+0900][gc,start      ] GC(121) Pause Young (Normal) (G1 Evacuation Pause)
[2023-09-26T22:51:06.162+0900][gc,task       ] GC(121) Using 8 workers of 8 for evacuation
[2023-09-26T22:51:06.175+0900][gc,phases     ] GC(121)   Pre Evacuate Collection Set: 0.3ms
[2023-09-26T22:51:06.175+0900][gc,phases     ] GC(121)   Evacuate Collection Set: 11.1ms
[2023-09-26T22:51:06.175+0900][gc,phases     ] GC(121)   Post Evacuate Collection Set: 0.4ms
[2023-09-26T22:51:06.175+0900][gc,phases     ] GC(121)   Other: 1.8ms
[2023-09-26T22:51:06.175+0900][gc,heap       ] GC(121) Eden regions: 44->0(47)
[2023-09-26T22:51:06.175+0900][gc,heap       ] GC(121) Survivor regions: 7->4(7)
[2023-09-26T22:51:06.175+0900][gc,heap       ] GC(121) Old regions: 138->143
[2023-09-26T22:51:06.175+0900][gc,heap       ] GC(121) Humongous regions: 129->129
[2023-09-26T22:51:06.175+0900][gc,metaspace  ] GC(121) Metaspace: 52643K->52643K(1097728K)
[2023-09-26T22:51:06.175+0900][gc            ] GC(121) Pause Young (Normal) (G1 Evacuation Pause) 317M->274M(1024M) 13.649ms
[2023-09-26T22:51:06.175+0900][gc,cpu        ] GC(121) User=0.03s Sys=0.03s Real=0.01s
[2023-09-26T22:53:51.670+0900][gc,start      ] GC(122) Pause Young (Normal) (G1 Evacuation Pause)
[2023-09-26T22:53:51.672+0900][gc,task       ] GC(122) Using 8 workers of 8 for evacuation
[2023-09-26T22:53:51.691+0900][gc,phases     ] GC(122)   Pre Evacuate Collection Set: 0.1ms
[2023-09-26T22:53:51.691+0900][gc,phases     ] GC(122)   Evacuate Collection Set: 19.1ms
[2023-09-26T22:53:51.691+0900][gc,phases     ] GC(122)   Post Evacuate Collection Set: 0.3ms
[2023-09-26T22:53:51.691+0900][gc,phases     ] GC(122)   Other: 2.2ms
[2023-09-26T22:53:51.691+0900][gc,heap       ] GC(122) Eden regions: 47->0(44)
[2023-09-26T22:53:51.691+0900][gc,heap       ] GC(122) Survivor regions: 4->7(7)
[2023-09-26T22:53:51.691+0900][gc,heap       ] GC(122) Old regions: 143->143
[2023-09-26T22:53:51.691+0900][gc,heap       ] GC(122) Humongous regions: 129->129
[2023-09-26T22:53:51.691+0900][gc,metaspace  ] GC(122) Metaspace: 52643K->52643K(1097728K)
[2023-09-26T22:53:51.691+0900][gc            ] GC(122) Pause Young (Normal) (G1 Evacuation Pause) 321M->278M(1024M) 21.597ms
[2023-09-26T22:53:51.692+0900][gc,cpu        ] GC(122) User=0.05s Sys=0.01s Real=0.02s
[2023-09-26T22:56:26.215+0900][gc,start      ] GC(123) Pause Young (Normal) (G1 Evacuation Pause)
[2023-09-26T22:56:26.217+0900][gc,task       ] GC(123) Using 8 workers of 8 for evacuation
[2023-09-26T22:56:26.246+0900][gc,mmu        ] GC(123) MMU target violated: 21.0ms (20.0ms/21.0ms)
[2023-09-26T22:56:26.246+0900][gc,phases     ] GC(123)   Pre Evacuate Collection Set: 0.8ms
[2023-09-26T22:56:26.246+0900][gc,phases     ] GC(123)   Evacuate Collection Set: 25.9ms
[2023-09-26T22:56:26.246+0900][gc,phases     ] GC(123)   Post Evacuate Collection Set: 1.1ms
[2023-09-26T22:56:26.246+0900][gc,phases     ] GC(123)   Other: 3.9ms
[2023-09-26T22:56:26.247+0900][gc,heap       ] GC(123) Eden regions: 44->0(47)
[2023-09-26T22:56:26.247+0900][gc,heap       ] GC(123) Survivor regions: 7->4(7)
[2023-09-26T22:56:26.247+0900][gc,heap       ] GC(123) Old regions: 143->148
[2023-09-26T22:56:26.247+0900][gc,heap       ] GC(123) Humongous regions: 129->129
[2023-09-26T22:56:26.247+0900][gc,metaspace  ] GC(123) Metaspace: 52643K->52643K(1097728K)
[2023-09-26T22:56:26.247+0900][gc            ] GC(123) Pause Young (Normal) (G1 Evacuation Pause) 322M->279M(1024M) 31.563ms
[2023-09-26T22:56:26.247+0900][gc,cpu        ] GC(123) User=0.07s Sys=0.06s Real=0.03s
[2023-09-26T22:59:10.858+0900][gc,start      ] GC(124) Pause Young (Normal) (G1 Evacuation Pause)
[2023-09-26T22:59:10.860+0900][gc,task       ] GC(124) Using 8 workers of 8 for evacuation
[2023-09-26T22:59:10.879+0900][gc,phases     ] GC(124)   Pre Evacuate Collection Set: 0.3ms
[2023-09-26T22:59:10.894+0900][gc,phases     ] GC(124)   Evacuate Collection Set: 17.6ms
[2023-09-26T22:59:10.894+0900][gc,phases     ] GC(124)   Post Evacuate Collection Set: 0.8ms
[2023-09-26T22:59:10.894+0900][gc,phases     ] GC(124)   Other: 2.7ms
[2023-09-26T22:59:10.894+0900][gc,heap       ] GC(124) Eden regions: 47->0(47)
[2023-09-26T22:59:10.894+0900][gc,heap       ] GC(124) Survivor regions: 4->6(7)
[2023-09-26T22:59:10.894+0900][gc,heap       ] GC(124) Old regions: 148->148
[2023-09-26T22:59:10.894+0900][gc,heap       ] GC(124) Humongous regions: 129->129
[2023-09-26T22:59:10.894+0900][gc,metaspace  ] GC(124) Metaspace: 52643K->52643K(1097728K)
[2023-09-26T22:59:10.894+0900][gc            ] GC(124) Pause Young (Normal) (G1 Evacuation Pause) 326M->281M(1024M) 36.208ms
[2023-09-26T22:59:10.894+0900][gc,cpu        ] GC(124) User=0.05s Sys=0.01s Real=0.04s
[2023-09-26T23:01:55.353+0900][gc,start      ] GC(125) Pause Young (Normal) (G1 Evacuation Pause)
[2023-09-26T23:01:55.355+0900][gc,task       ] GC(125) Using 8 workers of 8 for evacuation
[2023-09-26T23:01:55.384+0900][gc,mmu        ] GC(125) MMU target violated: 21.0ms (20.0ms/21.0ms)
[2023-09-26T23:01:55.384+0900][gc,phases     ] GC(125)   Pre Evacuate Collection Set: 1.1ms
[2023-09-26T23:01:55.384+0900][gc,phases     ] GC(125)   Evacuate Collection Set: 26.8ms
[2023-09-26T23:01:55.384+0900][gc,phases     ] GC(125)   Post Evacuate Collection Set: 0.5ms
[2023-09-26T23:01:55.385+0900][gc,phases     ] GC(125)   Other: 3.3ms
[2023-09-26T23:01:55.385+0900][gc,heap       ] GC(125) Eden regions: 47->0(44)
[2023-09-26T23:01:55.385+0900][gc,heap       ] GC(125) Survivor regions: 6->7(7)
[2023-09-26T23:01:55.385+0900][gc,heap       ] GC(125) Old regions: 148->150
[2023-09-26T23:01:55.385+0900][gc,heap       ] GC(125) Humongous regions: 129->129
[2023-09-26T23:01:55.385+0900][gc,metaspace  ] GC(125) Metaspace: 52643K->52643K(1097728K)
[2023-09-26T23:01:55.385+0900][gc            ] GC(125) Pause Young (Normal) (G1 Evacuation Pause) 328M->285M(1024M) 31.612ms
[2023-09-26T23:01:55.385+0900][gc,cpu        ] GC(125) User=0.05s Sys=0.04s Real=0.03s
[2023-09-26T23:04:29.351+0900][gc,start      ] GC(126) Pause Young (Normal) (G1 Evacuation Pause)
[2023-09-26T23:04:29.352+0900][gc,task       ] GC(126) Using 8 workers of 8 for evacuation
[2023-09-26T23:04:29.380+0900][gc,mmu        ] GC(126) MMU target violated: 21.0ms (20.0ms/21.0ms)
[2023-09-26T23:04:29.380+0900][gc,phases     ] GC(126)   Pre Evacuate Collection Set: 0.8ms
[2023-09-26T23:04:29.380+0900][gc,phases     ] GC(126)   Evacuate Collection Set: 25.0ms
[2023-09-26T23:04:29.380+0900][gc,phases     ] GC(126)   Post Evacuate Collection Set: 0.6ms
[2023-09-26T23:04:29.380+0900][gc,phases     ] GC(126)   Other: 2.9ms
[2023-09-26T23:04:29.380+0900][gc,heap       ] GC(126) Eden regions: 44->0(49)
[2023-09-26T23:04:29.380+0900][gc,heap       ] GC(126) Survivor regions: 7->4(7)
[2023-09-26T23:04:29.380+0900][gc,heap       ] GC(126) Old regions: 150->155
[2023-09-26T23:04:29.380+0900][gc,heap       ] GC(126) Humongous regions: 129->129
[2023-09-26T23:04:29.380+0900][gc,metaspace  ] GC(126) Metaspace: 52643K->52643K(1097728K)
[2023-09-26T23:04:29.380+0900][gc            ] GC(126) Pause Young (Normal) (G1 Evacuation Pause) 329M->287M(1024M) 29.289ms
[2023-09-26T23:04:29.380+0900][gc,cpu        ] GC(126) User=0.05s Sys=0.05s Real=0.03s
[2023-09-26T23:07:22.197+0900][gc,start      ] GC(127) Pause Young (Normal) (G1 Evacuation Pause)
[2023-09-26T23:07:22.198+0900][gc,task       ] GC(127) Using 8 workers of 8 for evacuation
[2023-09-26T23:07:22.217+0900][gc,phases     ] GC(127)   Pre Evacuate Collection Set: 0.3ms
[2023-09-26T23:07:22.217+0900][gc,phases     ] GC(127)   Evacuate Collection Set: 17.7ms
[2023-09-26T23:07:22.217+0900][gc,phases     ] GC(127)   Post Evacuate Collection Set: 0.7ms
[2023-09-26T23:07:22.218+0900][gc,phases     ] GC(127)   Other: 1.7ms
[2023-09-26T23:07:22.218+0900][gc,heap       ] GC(127) Eden regions: 49->0(46)
[2023-09-26T23:07:22.218+0900][gc,heap       ] GC(127) Survivor regions: 4->7(7)
[2023-09-26T23:07:22.218+0900][gc,heap       ] GC(127) Old regions: 155->155
[2023-09-26T23:07:22.218+0900][gc,heap       ] GC(127) Humongous regions: 129->129
[2023-09-26T23:07:22.218+0900][gc,metaspace  ] GC(127) Metaspace: 52643K->52643K(1097728K)
[2023-09-26T23:07:22.218+0900][gc            ] GC(127) Pause Young (Normal) (G1 Evacuation Pause) 336M->290M(1024M) 20.506ms
[2023-09-26T23:07:22.218+0900][gc,cpu        ] GC(127) User=0.06s Sys=0.02s Real=0.02s
[2023-09-26T23:10:02.908+0900][gc,start      ] GC(128) Pause Young (Normal) (G1 Evacuation Pause)
[2023-09-26T23:10:02.910+0900][gc,task       ] GC(128) Using 8 workers of 8 for evacuation
[2023-09-26T23:10:02.932+0900][gc,mmu        ] GC(128) MMU target violated: 21.0ms (20.0ms/21.0ms)
[2023-09-26T23:10:02.932+0900][gc,phases     ] GC(128)   Pre Evacuate Collection Set: 0.7ms
[2023-09-26T23:10:02.932+0900][gc,phases     ] GC(128)   Evacuate Collection Set: 20.7ms
[2023-09-26T23:10:02.932+0900][gc,phases     ] GC(128)   Post Evacuate Collection Set: 0.5ms
[2023-09-26T23:10:02.932+0900][gc,phases     ] GC(128)   Other: 2.7ms
[2023-09-26T23:10:02.932+0900][gc,heap       ] GC(128) Eden regions: 46->0(48)
[2023-09-26T23:10:02.932+0900][gc,heap       ] GC(128) Survivor regions: 7->4(7)
[2023-09-26T23:10:02.932+0900][gc,heap       ] GC(128) Old regions: 155->160
[2023-09-26T23:10:02.933+0900][gc,heap       ] GC(128) Humongous regions: 129->129
[2023-09-26T23:10:02.933+0900][gc,metaspace  ] GC(128) Metaspace: 52643K->52643K(1097728K)
[2023-09-26T23:10:02.933+0900][gc            ] GC(128) Pause Young (Normal) (G1 Evacuation Pause) 336M->292M(1024M) 24.510ms
[2023-09-26T23:10:02.933+0900][gc,cpu        ] GC(128) User=0.06s Sys=0.06s Real=0.03s
[2023-09-26T23:12:52.190+0900][gc,start      ] GC(129) Pause Young (Normal) (G1 Evacuation Pause)
[2023-09-26T23:12:52.191+0900][gc,task       ] GC(129) Using 8 workers of 8 for evacuation
[2023-09-26T23:12:52.213+0900][gc,mmu        ] GC(129) MMU target violated: 21.0ms (20.0ms/21.0ms)
[2023-09-26T23:12:52.213+0900][gc,phases     ] GC(129)   Pre Evacuate Collection Set: 0.3ms
[2023-09-26T23:12:52.213+0900][gc,phases     ] GC(129)   Evacuate Collection Set: 19.7ms
[2023-09-26T23:12:52.213+0900][gc,phases     ] GC(129)   Post Evacuate Collection Set: 0.5ms
[2023-09-26T23:12:52.213+0900][gc,phases     ] GC(129)   Other: 2.9ms
[2023-09-26T23:12:52.213+0900][gc,heap       ] GC(129) Eden regions: 48->0(49)
[2023-09-26T23:12:52.213+0900][gc,heap       ] GC(129) Survivor regions: 4->6(7)
[2023-09-26T23:12:52.213+0900][gc,heap       ] GC(129) Old regions: 160->160
[2023-09-26T23:12:52.213+0900][gc,heap       ] GC(129) Humongous regions: 129->129
[2023-09-26T23:12:52.213+0900][gc,metaspace  ] GC(129) Metaspace: 52644K->52644K(1097728K)
[2023-09-26T23:12:52.213+0900][gc            ] GC(129) Pause Young (Normal) (G1 Evacuation Pause) 340M->294M(1024M) 23.402ms
[2023-09-26T23:12:52.213+0900][gc,cpu        ] GC(129) User=0.05s Sys=0.01s Real=0.03s
[2023-09-26T23:15:44.647+0900][gc,start      ] GC(130) Pause Young (Normal) (G1 Evacuation Pause)
[2023-09-26T23:15:44.649+0900][gc,task       ] GC(130) Using 8 workers of 8 for evacuation
[2023-09-26T23:15:44.688+0900][gc,mmu        ] GC(130) MMU target violated: 21.0ms (20.0ms/21.0ms)
[2023-09-26T23:15:44.688+0900][gc,phases     ] GC(130)   Pre Evacuate Collection Set: 0.9ms
[2023-09-26T23:15:44.688+0900][gc,phases     ] GC(130)   Evacuate Collection Set: 36.7ms
[2023-09-26T23:15:44.688+0900][gc,phases     ] GC(130)   Post Evacuate Collection Set: 0.7ms
[2023-09-26T23:15:44.688+0900][gc,phases     ] GC(130)   Other: 2.9ms
[2023-09-26T23:15:44.688+0900][gc,heap       ] GC(130) Eden regions: 49->0(44)
[2023-09-26T23:15:44.688+0900][gc,heap       ] GC(130) Survivor regions: 6->7(7)
[2023-09-26T23:15:44.688+0900][gc,heap       ] GC(130) Old regions: 160->163
[2023-09-26T23:15:44.688+0900][gc,heap       ] GC(130) Humongous regions: 129->129
[2023-09-26T23:15:44.688+0900][gc,metaspace  ] GC(130) Metaspace: 52644K->52644K(1097728K)
[2023-09-26T23:15:44.688+0900][gc            ] GC(130) Pause Young (Normal) (G1 Evacuation Pause) 343M->298M(1024M) 41.094ms
[2023-09-26T23:15:44.688+0900][gc,cpu        ] GC(130) User=0.09s Sys=0.07s Real=0.04s
[2023-09-26T23:18:18.276+0900][gc,start      ] GC(131) Pause Young (Normal) (G1 Evacuation Pause)
[2023-09-26T23:18:18.278+0900][gc,task       ] GC(131) Using 8 workers of 8 for evacuation
[2023-09-26T23:18:18.303+0900][gc,mmu        ] GC(131) MMU target violated: 21.0ms (20.0ms/21.0ms)
[2023-09-26T23:18:18.303+0900][gc,phases     ] GC(131)   Pre Evacuate Collection Set: 0.3ms
[2023-09-26T23:18:18.303+0900][gc,phases     ] GC(131)   Evacuate Collection Set: 23.3ms
[2023-09-26T23:18:18.303+0900][gc,phases     ] GC(131)   Post Evacuate Collection Set: 0.9ms
[2023-09-26T23:18:18.303+0900][gc,phases     ] GC(131)   Other: 3.0ms
[2023-09-26T23:18:18.303+0900][gc,heap       ] GC(131) Eden regions: 44->0(47)
[2023-09-26T23:18:18.303+0900][gc,heap       ] GC(131) Survivor regions: 7->4(7)
[2023-09-26T23:18:18.303+0900][gc,heap       ] GC(131) Old regions: 163->168
[2023-09-26T23:18:18.304+0900][gc,heap       ] GC(131) Humongous regions: 129->129
[2023-09-26T23:18:18.304+0900][gc,metaspace  ] GC(131) Metaspace: 52644K->52644K(1097728K)
[2023-09-26T23:18:18.304+0900][gc            ] GC(131) Pause Young (Normal) (G1 Evacuation Pause) 342M->300M(1024M) 27.506ms
[2023-09-26T23:18:18.304+0900][gc,cpu        ] GC(131) User=0.07s Sys=0.02s Real=0.03s
[2023-09-26T23:21:02.898+0900][gc,start      ] GC(132) Pause Young (Normal) (G1 Evacuation Pause)
[2023-09-26T23:21:02.900+0900][gc,task       ] GC(132) Using 8 workers of 8 for evacuation
[2023-09-26T23:21:02.937+0900][gc,mmu        ] GC(132) MMU target violated: 21.0ms (20.0ms/21.0ms)
[2023-09-26T23:21:02.937+0900][gc,phases     ] GC(132)   Pre Evacuate Collection Set: 0.9ms
[2023-09-26T23:21:02.937+0900][gc,phases     ] GC(132)   Evacuate Collection Set: 32.9ms
[2023-09-26T23:21:02.937+0900][gc,phases     ] GC(132)   Post Evacuate Collection Set: 1.5ms
[2023-09-26T23:21:02.937+0900][gc,phases     ] GC(132)   Other: 3.3ms
[2023-09-26T23:21:02.937+0900][gc,heap       ] GC(132) Eden regions: 47->0(44)
[2023-09-26T23:21:02.937+0900][gc,heap       ] GC(132) Survivor regions: 4->7(7)
[2023-09-26T23:21:02.937+0900][gc,heap       ] GC(132) Old regions: 168->168
[2023-09-26T23:21:02.937+0900][gc,heap       ] GC(132) Humongous regions: 129->129
[2023-09-26T23:21:02.937+0900][gc,metaspace  ] GC(132) Metaspace: 52644K->52644K(1097728K)
[2023-09-26T23:21:02.937+0900][gc            ] GC(132) Pause Young (Normal) (G1 Evacuation Pause) 347M->303M(1024M) 38.599ms
[2023-09-26T23:21:02.937+0900][gc,cpu        ] GC(132) User=0.07s Sys=0.08s Real=0.04s
[2023-09-26T23:23:36.782+0900][gc,start      ] GC(133) Pause Young (Normal) (G1 Evacuation Pause)
[2023-09-26T23:23:36.784+0900][gc,task       ] GC(133) Using 8 workers of 8 for evacuation
[2023-09-26T23:23:36.795+0900][gc,phases     ] GC(133)   Pre Evacuate Collection Set: 0.1ms
[2023-09-26T23:23:36.795+0900][gc,phases     ] GC(133)   Evacuate Collection Set: 10.6ms
[2023-09-26T23:23:36.795+0900][gc,phases     ] GC(133)   Post Evacuate Collection Set: 0.3ms
[2023-09-26T23:23:36.795+0900][gc,phases     ] GC(133)   Other: 2.0ms
[2023-09-26T23:23:36.795+0900][gc,heap       ] GC(133) Eden regions: 44->0(47)
[2023-09-26T23:23:36.795+0900][gc,heap       ] GC(133) Survivor regions: 7->4(7)
[2023-09-26T23:23:36.795+0900][gc,heap       ] GC(133) Old regions: 168->173
[2023-09-26T23:23:36.795+0900][gc,heap       ] GC(133) Humongous regions: 129->129
[2023-09-26T23:23:36.795+0900][gc,metaspace  ] GC(133) Metaspace: 52644K->52644K(1097728K)
[2023-09-26T23:23:36.795+0900][gc            ] GC(133) Pause Young (Normal) (G1 Evacuation Pause) 347M->305M(1024M) 13.064ms
[2023-09-26T23:23:36.795+0900][gc,cpu        ] GC(133) User=0.05s Sys=0.01s Real=0.01s
[2023-09-26T23:26:08.620+0900][gc,start      ] GC(134) Pause Young (Normal) (G1 Evacuation Pause)
[2023-09-26T23:26:08.622+0900][gc,task       ] GC(134) Using 8 workers of 8 for evacuation
[2023-09-26T23:26:08.675+0900][gc,mmu        ] GC(134) MMU target violated: 21.0ms (20.0ms/21.0ms)
[2023-09-26T23:26:08.675+0900][gc,phases     ] GC(134)   Pre Evacuate Collection Set: 1.0ms
[2023-09-26T23:26:08.675+0900][gc,phases     ] GC(134)   Evacuate Collection Set: 27.1ms
[2023-09-26T23:26:08.675+0900][gc,phases     ] GC(134)   Post Evacuate Collection Set: 0.6ms
[2023-09-26T23:26:08.675+0900][gc,phases     ] GC(134)   Other: 26.5ms
[2023-09-26T23:26:08.675+0900][gc,heap       ] GC(134) Eden regions: 47->0(44)
[2023-09-26T23:26:08.675+0900][gc,heap       ] GC(134) Survivor regions: 4->7(7)
[2023-09-26T23:26:08.675+0900][gc,heap       ] GC(134) Old regions: 173->174
[2023-09-26T23:26:08.675+0900][gc,heap       ] GC(134) Humongous regions: 129->129
[2023-09-26T23:26:08.675+0900][gc,metaspace  ] GC(134) Metaspace: 52644K->52644K(1097728K)
[2023-09-26T23:26:08.675+0900][gc            ] GC(134) Pause Young (Normal) (G1 Evacuation Pause) 352M->309M(1024M) 54.999ms
[2023-09-26T23:26:08.675+0900][gc,cpu        ] GC(134) User=0.05s Sys=0.04s Real=0.05s
[2023-09-26T23:28:42.530+0900][gc,start      ] GC(135) Pause Young (Normal) (G1 Evacuation Pause)
[2023-09-26T23:28:42.531+0900][gc,task       ] GC(135) Using 8 workers of 8 for evacuation
[2023-09-26T23:28:42.555+0900][gc,mmu        ] GC(135) MMU target violated: 21.0ms (20.0ms/21.0ms)
[2023-09-26T23:28:42.555+0900][gc,phases     ] GC(135)   Pre Evacuate Collection Set: 0.5ms
[2023-09-26T23:28:42.555+0900][gc,phases     ] GC(135)   Evacuate Collection Set: 20.8ms
[2023-09-26T23:28:42.555+0900][gc,phases     ] GC(135)   Post Evacuate Collection Set: 1.6ms
[2023-09-26T23:28:42.555+0900][gc,phases     ] GC(135)   Other: 1.9ms
[2023-09-26T23:28:42.555+0900][gc,heap       ] GC(135) Eden regions: 44->0(48)
[2023-09-26T23:28:42.555+0900][gc,heap       ] GC(135) Survivor regions: 7->3(7)
[2023-09-26T23:28:42.555+0900][gc,heap       ] GC(135) Old regions: 174->179
[2023-09-26T23:28:42.555+0900][gc,heap       ] GC(135) Humongous regions: 129->129
[2023-09-26T23:28:42.555+0900][gc,metaspace  ] GC(135) Metaspace: 52644K->52644K(1097728K)
[2023-09-26T23:28:42.555+0900][gc            ] GC(135) Pause Young (Normal) (G1 Evacuation Pause) 353M->310M(1024M) 24.749ms
[2023-09-26T23:28:42.555+0900][gc,cpu        ] GC(135) User=0.06s Sys=0.05s Real=0.02s
[2023-09-26T23:31:29.738+0900][gc,start      ] GC(136) Pause Young (Normal) (G1 Evacuation Pause)
[2023-09-26T23:31:29.748+0900][gc,task       ] GC(136) Using 8 workers of 8 for evacuation
[2023-09-26T23:31:29.775+0900][gc,mmu        ] GC(136) MMU target violated: 21.0ms (20.0ms/21.0ms)
[2023-09-26T23:31:29.775+0900][gc,phases     ] GC(136)   Pre Evacuate Collection Set: 1.1ms
[2023-09-26T23:31:29.775+0900][gc,phases     ] GC(136)   Evacuate Collection Set: 24.6ms
[2023-09-26T23:31:29.775+0900][gc,phases     ] GC(136)   Post Evacuate Collection Set: 0.6ms
[2023-09-26T23:31:29.776+0900][gc,phases     ] GC(136)   Other: 11.7ms
[2023-09-26T23:31:29.776+0900][gc,heap       ] GC(136) Eden regions: 48->0(46)
[2023-09-26T23:31:29.776+0900][gc,heap       ] GC(136) Survivor regions: 3->5(7)
[2023-09-26T23:31:29.776+0900][gc,heap       ] GC(136) Old regions: 179->179
[2023-09-26T23:31:29.776+0900][gc,heap       ] GC(136) Humongous regions: 129->129
[2023-09-26T23:31:29.776+0900][gc,metaspace  ] GC(136) Metaspace: 52644K->52644K(1097728K)
[2023-09-26T23:31:29.776+0900][gc            ] GC(136) Pause Young (Normal) (G1 Evacuation Pause) 358M->311M(1024M) 37.888ms
[2023-09-26T23:31:29.776+0900][gc,cpu        ] GC(136) User=0.04s Sys=0.02s Real=0.04s
[2023-09-26T23:34:10.832+0900][gc,start      ] GC(137) Pause Young (Normal) (G1 Evacuation Pause)
[2023-09-26T23:34:10.834+0900][gc,task       ] GC(137) Using 8 workers of 8 for evacuation
[2023-09-26T23:34:10.856+0900][gc,mmu        ] GC(137) MMU target violated: 21.0ms (20.0ms/21.0ms)
[2023-09-26T23:34:10.857+0900][gc,phases     ] GC(137)   Pre Evacuate Collection Set: 0.3ms
[2023-09-26T23:34:10.857+0900][gc,phases     ] GC(137)   Evacuate Collection Set: 20.2ms
[2023-09-26T23:34:10.857+0900][gc,phases     ] GC(137)   Post Evacuate Collection Set: 0.8ms
[2023-09-26T23:34:10.857+0900][gc,phases     ] GC(137)   Other: 3.0ms
[2023-09-26T23:34:10.857+0900][gc,heap       ] GC(137) Eden regions: 46->0(44)
[2023-09-26T23:34:10.857+0900][gc,heap       ] GC(137) Survivor regions: 5->7(7)
[2023-09-26T23:34:10.857+0900][gc,heap       ] GC(137) Old regions: 179->180
[2023-09-26T23:34:10.857+0900][gc,heap       ] GC(137) Humongous regions: 129->129
[2023-09-26T23:34:10.857+0900][gc,metaspace  ] GC(137) Metaspace: 52644K->52644K(1097728K)
[2023-09-26T23:34:10.857+0900][gc            ] GC(137) Pause Young (Normal) (G1 Evacuation Pause) 357M->315M(1024M) 24.393ms
[2023-09-26T23:34:10.857+0900][gc,cpu        ] GC(137) User=0.07s Sys=0.01s Real=0.02s
[2023-09-26T23:36:44.679+0900][gc,start      ] GC(138) Pause Young (Normal) (G1 Evacuation Pause)
[2023-09-26T23:36:44.681+0900][gc,task       ] GC(138) Using 8 workers of 8 for evacuation
[2023-09-26T23:36:44.711+0900][gc,mmu        ] GC(138) MMU target violated: 21.0ms (20.0ms/21.0ms)
[2023-09-26T23:36:44.711+0900][gc,phases     ] GC(138)   Pre Evacuate Collection Set: 0.8ms
[2023-09-26T23:36:44.711+0900][gc,phases     ] GC(138)   Evacuate Collection Set: 26.6ms
[2023-09-26T23:36:44.711+0900][gc,phases     ] GC(138)   Post Evacuate Collection Set: 1.4ms
[2023-09-26T23:36:44.711+0900][gc,phases     ] GC(138)   Other: 3.3ms
[2023-09-26T23:36:44.711+0900][gc,heap       ] GC(138) Eden regions: 44->0(47)
[2023-09-26T23:36:44.711+0900][gc,heap       ] GC(138) Survivor regions: 7->4(7)
[2023-09-26T23:36:44.711+0900][gc,heap       ] GC(138) Old regions: 180->185
[2023-09-26T23:36:44.711+0900][gc,heap       ] GC(138) Humongous regions: 129->129
[2023-09-26T23:36:44.711+0900][gc,metaspace  ] GC(138) Metaspace: 52644K->52644K(1097728K)
[2023-09-26T23:36:44.711+0900][gc            ] GC(138) Pause Young (Normal) (G1 Evacuation Pause) 359M->316M(1024M) 32.105ms
[2023-09-26T23:36:44.712+0900][gc,cpu        ] GC(138) User=0.08s Sys=0.05s Real=0.04s
[2023-09-26T23:39:29.316+0900][gc,start      ] GC(139) Pause Young (Normal) (G1 Evacuation Pause)
[2023-09-26T23:39:29.317+0900][gc,task       ] GC(139) Using 8 workers of 8 for evacuation
[2023-09-26T23:39:29.346+0900][gc,mmu        ] GC(139) MMU target violated: 21.0ms (20.0ms/21.0ms)
[2023-09-26T23:39:29.362+0900][gc,phases     ] GC(139)   Pre Evacuate Collection Set: 0.8ms
[2023-09-26T23:39:29.362+0900][gc,phases     ] GC(139)   Evacuate Collection Set: 25.6ms
[2023-09-26T23:39:29.362+0900][gc,phases     ] GC(139)   Post Evacuate Collection Set: 1.6ms
[2023-09-26T23:39:29.362+0900][gc,phases     ] GC(139)   Other: 18.6ms
[2023-09-26T23:39:29.362+0900][gc,heap       ] GC(139) Eden regions: 47->0(44)
[2023-09-26T23:39:29.362+0900][gc,heap       ] GC(139) Survivor regions: 4->7(7)
[2023-09-26T23:39:29.362+0900][gc,heap       ] GC(139) Old regions: 185->185
[2023-09-26T23:39:29.362+0900][gc,heap       ] GC(139) Humongous regions: 129->129
[2023-09-26T23:39:29.362+0900][gc,metaspace  ] GC(139) Metaspace: 52644K->52644K(1097728K)
[2023-09-26T23:39:29.362+0900][gc            ] GC(139) Pause Young (Normal) (G1 Evacuation Pause) 363M->320M(1024M) 46.674ms
[2023-09-26T23:39:29.362+0900][gc,cpu        ] GC(139) User=0.07s Sys=0.07s Real=0.05s
[2023-09-26T23:42:02.431+0900][gc,start      ] GC(140) Pause Young (Normal) (G1 Evacuation Pause)
[2023-09-26T23:42:02.432+0900][gc,task       ] GC(140) Using 8 workers of 8 for evacuation
[2023-09-26T23:42:02.457+0900][gc,mmu        ] GC(140) MMU target violated: 21.0ms (20.0ms/21.0ms)
[2023-09-26T23:42:02.457+0900][gc,phases     ] GC(140)   Pre Evacuate Collection Set: 0.3ms
[2023-09-26T23:42:02.457+0900][gc,phases     ] GC(140)   Evacuate Collection Set: 23.1ms
[2023-09-26T23:42:02.457+0900][gc,phases     ] GC(140)   Post Evacuate Collection Set: 0.9ms
[2023-09-26T23:42:02.458+0900][gc,phases     ] GC(140)   Other: 2.0ms
[2023-09-26T23:42:02.458+0900][gc,heap       ] GC(140) Eden regions: 44->0(47)
[2023-09-26T23:42:02.458+0900][gc,heap       ] GC(140) Survivor regions: 7->4(7)
[2023-09-26T23:42:02.458+0900][gc,heap       ] GC(140) Old regions: 185->190
[2023-09-26T23:42:02.458+0900][gc,heap       ] GC(140) Humongous regions: 129->129
[2023-09-26T23:42:02.458+0900][gc,metaspace  ] GC(140) Metaspace: 52644K->52644K(1097728K)
[2023-09-26T23:42:02.458+0900][gc            ] GC(140) Pause Young (Normal) (G1 Evacuation Pause) 364M->322M(1024M) 26.357ms
[2023-09-26T23:42:02.458+0900][gc,cpu        ] GC(140) User=0.08s Sys=0.03s Real=0.02s
[2023-09-26T23:44:47.529+0900][gc,start      ] GC(141) Pause Young (Normal) (G1 Evacuation Pause)
[2023-09-26T23:44:47.530+0900][gc,task       ] GC(141) Using 8 workers of 8 for evacuation
[2023-09-26T23:44:47.598+0900][gc,mmu        ] GC(141) MMU target violated: 21.0ms (20.0ms/21.0ms)
[2023-09-26T23:44:47.598+0900][gc,phases     ] GC(141)   Pre Evacuate Collection Set: 0.7ms
[2023-09-26T23:44:47.598+0900][gc,phases     ] GC(141)   Evacuate Collection Set: 65.2ms
[2023-09-26T23:44:47.598+0900][gc,phases     ] GC(141)   Post Evacuate Collection Set: 0.6ms
[2023-09-26T23:44:47.598+0900][gc,phases     ] GC(141)   Other: 2.0ms
[2023-09-26T23:44:47.598+0900][gc,heap       ] GC(141) Eden regions: 47->0(44)
[2023-09-26T23:44:47.598+0900][gc,heap       ] GC(141) Survivor regions: 4->7(7)
[2023-09-26T23:44:47.598+0900][gc,heap       ] GC(141) Old regions: 190->190
[2023-09-26T23:44:47.598+0900][gc,heap       ] GC(141) Humongous regions: 129->129
[2023-09-26T23:44:47.598+0900][gc,metaspace  ] GC(141) Metaspace: 52644K->52644K(1097728K)
[2023-09-26T23:44:47.598+0900][gc            ] GC(141) Pause Young (Normal) (G1 Evacuation Pause) 369M->325M(1024M) 68.432ms
[2023-09-26T23:44:47.598+0900][gc,cpu        ] GC(141) User=0.07s Sys=0.14s Real=0.07s
[2023-09-26T23:47:21.980+0900][gc,start      ] GC(142) Pause Young (Normal) (G1 Evacuation Pause)
[2023-09-26T23:47:21.981+0900][gc,task       ] GC(142) Using 8 workers of 8 for evacuation
[2023-09-26T23:47:22.020+0900][gc,mmu        ] GC(142) MMU target violated: 21.0ms (20.0ms/21.0ms)
[2023-09-26T23:47:22.020+0900][gc,phases     ] GC(142)   Pre Evacuate Collection Set: 0.3ms
[2023-09-26T23:47:22.020+0900][gc,phases     ] GC(142)   Evacuate Collection Set: 37.6ms
[2023-09-26T23:47:22.020+0900][gc,phases     ] GC(142)   Post Evacuate Collection Set: 0.4ms
[2023-09-26T23:47:22.020+0900][gc,phases     ] GC(142)   Other: 1.8ms
[2023-09-26T23:47:22.020+0900][gc,heap       ] GC(142) Eden regions: 44->0(47)
[2023-09-26T23:47:22.020+0900][gc,heap       ] GC(142) Survivor regions: 7->4(7)
[2023-09-26T23:47:22.020+0900][gc,heap       ] GC(142) Old regions: 190->195
[2023-09-26T23:47:22.021+0900][gc,heap       ] GC(142) Humongous regions: 129->129
[2023-09-26T23:47:22.021+0900][gc,metaspace  ] GC(142) Metaspace: 52644K->52644K(1097728K)
[2023-09-26T23:47:22.021+0900][gc            ] GC(142) Pause Young (Normal) (G1 Evacuation Pause) 369M->327M(1024M) 40.107ms
[2023-09-26T23:47:22.021+0900][gc,cpu        ] GC(142) User=0.05s Sys=0.02s Real=0.04s
[2023-09-26T23:50:05.851+0900][gc,start      ] GC(143) Pause Young (Normal) (G1 Evacuation Pause)
[2023-09-26T23:50:05.853+0900][gc,task       ] GC(143) Using 8 workers of 8 for evacuation
[2023-09-26T23:50:05.877+0900][gc,mmu        ] GC(143) MMU target violated: 21.0ms (20.0ms/21.0ms)
[2023-09-26T23:50:05.878+0900][gc,phases     ] GC(143)   Pre Evacuate Collection Set: 0.9ms
[2023-09-26T23:50:05.878+0900][gc,phases     ] GC(143)   Evacuate Collection Set: 21.5ms
[2023-09-26T23:50:05.878+0900][gc,phases     ] GC(143)   Post Evacuate Collection Set: 1.4ms
[2023-09-26T23:50:05.878+0900][gc,phases     ] GC(143)   Other: 3.1ms
[2023-09-26T23:50:05.878+0900][gc,heap       ] GC(143) Eden regions: 47->0(45)
[2023-09-26T23:50:05.878+0900][gc,heap       ] GC(143) Survivor regions: 4->6(7)
[2023-09-26T23:50:05.878+0900][gc,heap       ] GC(143) Old regions: 195->195
[2023-09-26T23:50:05.878+0900][gc,heap       ] GC(143) Humongous regions: 129->129
[2023-09-26T23:50:05.878+0900][gc,metaspace  ] GC(143) Metaspace: 52651K->52651K(1097728K)
[2023-09-26T23:50:05.878+0900][gc            ] GC(143) Pause Young (Normal) (G1 Evacuation Pause) 374M->328M(1024M) 26.922ms
[2023-09-26T23:50:05.878+0900][gc,cpu        ] GC(143) User=0.06s Sys=0.04s Real=0.02s
[2023-09-26T23:52:43.694+0900][gc,start      ] GC(144) Pause Young (Normal) (G1 Evacuation Pause)
[2023-09-26T23:52:43.695+0900][gc,task       ] GC(144) Using 8 workers of 8 for evacuation
[2023-09-26T23:52:43.715+0900][gc,phases     ] GC(144)   Pre Evacuate Collection Set: 0.1ms
[2023-09-26T23:52:43.715+0900][gc,phases     ] GC(144)   Evacuate Collection Set: 18.6ms
[2023-09-26T23:52:43.715+0900][gc,phases     ] GC(144)   Post Evacuate Collection Set: 0.9ms
[2023-09-26T23:52:43.715+0900][gc,phases     ] GC(144)   Other: 1.1ms
[2023-09-26T23:52:43.715+0900][gc,heap       ] GC(144) Eden regions: 45->0(44)
[2023-09-26T23:52:43.715+0900][gc,heap       ] GC(144) Survivor regions: 6->7(7)
[2023-09-26T23:52:43.715+0900][gc,heap       ] GC(144) Old regions: 195->198
[2023-09-26T23:52:43.715+0900][gc,heap       ] GC(144) Humongous regions: 129->129
[2023-09-26T23:52:43.715+0900][gc,metaspace  ] GC(144) Metaspace: 52651K->52651K(1097728K)
[2023-09-26T23:52:43.715+0900][gc            ] GC(144) Pause Young (Normal) (G1 Evacuation Pause) 373M->332M(1024M) 20.853ms
[2023-09-26T23:52:43.715+0900][gc,cpu        ] GC(144) User=0.07s Sys=0.03s Real=0.02s
[2023-09-26T23:55:17.473+0900][gc,start      ] GC(145) Pause Young (Normal) (G1 Evacuation Pause)
[2023-09-26T23:55:17.475+0900][gc,task       ] GC(145) Using 8 workers of 8 for evacuation
[2023-09-26T23:55:17.485+0900][gc,phases     ] GC(145)   Pre Evacuate Collection Set: 0.3ms
[2023-09-26T23:55:17.485+0900][gc,phases     ] GC(145)   Evacuate Collection Set: 9.7ms
[2023-09-26T23:55:17.485+0900][gc,phases     ] GC(145)   Post Evacuate Collection Set: 0.4ms
[2023-09-26T23:55:17.485+0900][gc,phases     ] GC(145)   Other: 1.4ms
[2023-09-26T23:55:17.485+0900][gc,heap       ] GC(145) Eden regions: 44->0(48)
[2023-09-26T23:55:17.485+0900][gc,heap       ] GC(145) Survivor regions: 7->3(7)
[2023-09-26T23:55:17.485+0900][gc,heap       ] GC(145) Old regions: 198->203
[2023-09-26T23:55:17.485+0900][gc,heap       ] GC(145) Humongous regions: 129->129
[2023-09-26T23:55:17.485+0900][gc,metaspace  ] GC(145) Metaspace: 52651K->52651K(1097728K)
[2023-09-26T23:55:17.485+0900][gc            ] GC(145) Pause Young (Normal) (G1 Evacuation Pause) 376M->334M(1024M) 11.843ms
[2023-09-26T23:55:17.485+0900][gc,cpu        ] GC(145) User=0.02s Sys=0.02s Real=0.01s
[2023-09-26T23:58:05.557+0900][gc,start      ] GC(146) Pause Young (Normal) (G1 Evacuation Pause)
[2023-09-26T23:58:05.559+0900][gc,task       ] GC(146) Using 8 workers of 8 for evacuation
[2023-09-26T23:58:05.580+0900][gc,mmu        ] GC(146) MMU target violated: 21.0ms (20.0ms/21.0ms)
[2023-09-26T23:58:05.580+0900][gc,phases     ] GC(146)   Pre Evacuate Collection Set: 0.3ms
[2023-09-26T23:58:05.580+0900][gc,phases     ] GC(146)   Evacuate Collection Set: 20.0ms
[2023-09-26T23:58:05.580+0900][gc,phases     ] GC(146)   Post Evacuate Collection Set: 0.3ms
[2023-09-26T23:58:05.580+0900][gc,phases     ] GC(146)   Other: 2.9ms
[2023-09-26T23:58:05.580+0900][gc,heap       ] GC(146) Eden regions: 48->0(44)
[2023-09-26T23:58:05.580+0900][gc,heap       ] GC(146) Survivor regions: 3->7(7)
[2023-09-26T23:58:05.580+0900][gc,heap       ] GC(146) Old regions: 203->203
[2023-09-26T23:58:05.580+0900][gc,heap       ] GC(146) Humongous regions: 129->129
[2023-09-26T23:58:05.580+0900][gc,metaspace  ] GC(146) Metaspace: 52651K->52651K(1097728K)
[2023-09-26T23:58:05.580+0900][gc            ] GC(146) Pause Young (Normal) (G1 Evacuation Pause) 382M->337M(1024M) 23.290ms
[2023-09-26T23:58:05.580+0900][gc,cpu        ] GC(146) User=0.06s Sys=0.02s Real=0.03s
[2023-09-27T00:00:39.117+0900][gc,start      ] GC(147) Pause Young (Normal) (G1 Evacuation Pause)
[2023-09-27T00:00:39.120+0900][gc,task       ] GC(147) Using 8 workers of 8 for evacuation
[2023-09-27T00:00:39.152+0900][gc,mmu        ] GC(147) MMU target violated: 21.0ms (20.0ms/21.0ms)
[2023-09-27T00:00:39.152+0900][gc,phases     ] GC(147)   Pre Evacuate Collection Set: 0.8ms
[2023-09-27T00:00:39.152+0900][gc,phases     ] GC(147)   Evacuate Collection Set: 29.1ms
[2023-09-27T00:00:39.152+0900][gc,phases     ] GC(147)   Post Evacuate Collection Set: 1.4ms
[2023-09-27T00:00:39.152+0900][gc,phases     ] GC(147)   Other: 3.8ms
[2023-09-27T00:00:39.152+0900][gc,heap       ] GC(147) Eden regions: 44->0(47)
[2023-09-27T00:00:39.152+0900][gc,heap       ] GC(147) Survivor regions: 7->4(7)
[2023-09-27T00:00:39.152+0900][gc,heap       ] GC(147) Old regions: 203->207
[2023-09-27T00:00:39.152+0900][gc,heap       ] GC(147) Humongous regions: 129->129
[2023-09-27T00:00:39.152+0900][gc,metaspace  ] GC(147) Metaspace: 52653K->52653K(1097728K)
[2023-09-27T00:00:39.152+0900][gc            ] GC(147) Pause Young (Normal) (G1 Evacuation Pause) 381M->339M(1024M) 35.087ms
[2023-09-27T00:00:39.152+0900][gc,cpu        ] GC(147) User=0.07s Sys=0.06s Real=0.04s
[2023-09-27T00:03:25.200+0900][gc,start      ] GC(148) Pause Young (Normal) (G1 Evacuation Pause)
[2023-09-27T00:03:25.202+0900][gc,task       ] GC(148) Using 8 workers of 8 for evacuation
[2023-09-27T00:03:25.220+0900][gc,phases     ] GC(148)   Pre Evacuate Collection Set: 0.1ms
[2023-09-27T00:03:25.220+0900][gc,phases     ] GC(148)   Evacuate Collection Set: 16.5ms
[2023-09-27T00:03:25.220+0900][gc,phases     ] GC(148)   Post Evacuate Collection Set: 0.6ms
[2023-09-27T00:03:25.221+0900][gc,phases     ] GC(148)   Other: 3.0ms
[2023-09-27T00:03:25.221+0900][gc,heap       ] GC(148) Eden regions: 47->0(44)
[2023-09-27T00:03:25.221+0900][gc,heap       ] GC(148) Survivor regions: 4->7(7)
[2023-09-27T00:03:25.221+0900][gc,heap       ] GC(148) Old regions: 207->208
[2023-09-27T00:03:25.221+0900][gc,heap       ] GC(148) Humongous regions: 129->129
[2023-09-27T00:03:25.221+0900][gc,metaspace  ] GC(148) Metaspace: 52653K->52653K(1097728K)
[2023-09-27T00:03:25.221+0900][gc            ] GC(148) Pause Young (Normal) (G1 Evacuation Pause) 386M->343M(1024M) 20.399ms
[2023-09-27T00:03:25.221+0900][gc,cpu        ] GC(148) User=0.07s Sys=0.01s Real=0.02s
[2023-09-27T00:05:58.211+0900][gc,start      ] GC(149) Pause Young (Normal) (G1 Evacuation Pause)
[2023-09-27T00:05:58.213+0900][gc,task       ] GC(149) Using 8 workers of 8 for evacuation
[2023-09-27T00:05:58.257+0900][gc,mmu        ] GC(149) MMU target violated: 21.0ms (20.0ms/21.0ms)
[2023-09-27T00:05:58.257+0900][gc,phases     ] GC(149)   Pre Evacuate Collection Set: 0.8ms
[2023-09-27T00:05:58.257+0900][gc,phases     ] GC(149)   Evacuate Collection Set: 40.9ms
[2023-09-27T00:05:58.257+0900][gc,phases     ] GC(149)   Post Evacuate Collection Set: 1.0ms
[2023-09-27T00:05:58.257+0900][gc,phases     ] GC(149)   Other: 3.3ms
[2023-09-27T00:05:58.257+0900][gc,heap       ] GC(149) Eden regions: 44->0(47)
[2023-09-27T00:05:58.257+0900][gc,heap       ] GC(149) Survivor regions: 7->4(7)
[2023-09-27T00:05:58.257+0900][gc,heap       ] GC(149) Old regions: 208->212
[2023-09-27T00:05:58.257+0900][gc,heap       ] GC(149) Humongous regions: 129->129
[2023-09-27T00:05:58.257+0900][gc,metaspace  ] GC(149) Metaspace: 52653K->52653K(1097728K)
[2023-09-27T00:05:58.257+0900][gc            ] GC(149) Pause Young (Normal) (G1 Evacuation Pause) 387M->344M(1024M) 45.995ms
[2023-09-27T00:05:58.257+0900][gc,cpu        ] GC(149) User=0.06s Sys=0.08s Real=0.04s
[2023-09-27T00:08:42.216+0900][gc,start      ] GC(150) Pause Young (Normal) (G1 Evacuation Pause)
[2023-09-27T00:08:42.219+0900][gc,task       ] GC(150) Using 8 workers of 8 for evacuation
[2023-09-27T00:08:42.275+0900][gc,mmu        ] GC(150) MMU target violated: 21.0ms (20.0ms/21.0ms)
[2023-09-27T00:08:42.276+0900][gc,phases     ] GC(150)   Pre Evacuate Collection Set: 0.8ms
[2023-09-27T00:08:42.276+0900][gc,phases     ] GC(150)   Evacuate Collection Set: 53.0ms
[2023-09-27T00:08:42.276+0900][gc,phases     ] GC(150)   Post Evacuate Collection Set: 1.3ms
[2023-09-27T00:08:42.276+0900][gc,phases     ] GC(150)   Other: 4.3ms
[2023-09-27T00:08:42.276+0900][gc,heap       ] GC(150) Eden regions: 47->0(44)
[2023-09-27T00:08:42.276+0900][gc,heap       ] GC(150) Survivor regions: 4->7(7)
[2023-09-27T00:08:42.276+0900][gc,heap       ] GC(150) Old regions: 212->213
[2023-09-27T00:08:42.276+0900][gc,heap       ] GC(150) Humongous regions: 129->129
[2023-09-27T00:08:42.276+0900][gc,metaspace  ] GC(150) Metaspace: 52653K->52653K(1097728K)
[2023-09-27T00:08:42.276+0900][gc            ] GC(150) Pause Young (Normal) (G1 Evacuation Pause) 391M->348M(1024M) 59.328ms
[2023-09-27T00:08:42.276+0900][gc,cpu        ] GC(150) User=0.07s Sys=0.14s Real=0.06s
[2023-09-27T00:11:15.306+0900][gc,start      ] GC(151) Pause Young (Normal) (G1 Evacuation Pause)
[2023-09-27T00:11:15.307+0900][gc,task       ] GC(151) Using 8 workers of 8 for evacuation
[2023-09-27T00:11:15.326+0900][gc,phases     ] GC(151)   Pre Evacuate Collection Set: 0.6ms
[2023-09-27T00:11:15.326+0900][gc,phases     ] GC(151)   Evacuate Collection Set: 16.8ms
[2023-09-27T00:11:15.326+0900][gc,phases     ] GC(151)   Post Evacuate Collection Set: 0.6ms
[2023-09-27T00:11:15.326+0900][gc,phases     ] GC(151)   Other: 1.6ms
[2023-09-27T00:11:15.326+0900][gc,heap       ] GC(151) Eden regions: 44->0(47)
[2023-09-27T00:11:15.326+0900][gc,heap       ] GC(151) Survivor regions: 7->4(7)
[2023-09-27T00:11:15.326+0900][gc,heap       ] GC(151) Old regions: 213->218
[2023-09-27T00:11:15.326+0900][gc,heap       ] GC(151) Humongous regions: 129->129
[2023-09-27T00:11:15.326+0900][gc,metaspace  ] GC(151) Metaspace: 52653K->52653K(1097728K)
[2023-09-27T00:11:15.326+0900][gc            ] GC(151) Pause Young (Normal) (G1 Evacuation Pause) 392M->350M(1024M) 19.720ms
[2023-09-27T00:11:15.326+0900][gc,cpu        ] GC(151) User=0.05s Sys=0.05s Real=0.02s
[2023-09-27T00:14:00.321+0900][gc,start      ] GC(152) Pause Young (Normal) (G1 Evacuation Pause)
[2023-09-27T00:14:00.322+0900][gc,task       ] GC(152) Using 8 workers of 8 for evacuation
[2023-09-27T00:14:00.337+0900][gc,phases     ] GC(152)   Pre Evacuate Collection Set: 0.3ms
[2023-09-27T00:14:00.337+0900][gc,phases     ] GC(152)   Evacuate Collection Set: 13.6ms
[2023-09-27T00:14:00.337+0900][gc,phases     ] GC(152)   Post Evacuate Collection Set: 0.4ms
[2023-09-27T00:14:00.337+0900][gc,phases     ] GC(152)   Other: 2.8ms
[2023-09-27T00:14:00.337+0900][gc,heap       ] GC(152) Eden regions: 47->0(45)
[2023-09-27T00:14:00.337+0900][gc,heap       ] GC(152) Survivor regions: 4->6(7)
[2023-09-27T00:14:00.337+0900][gc,heap       ] GC(152) Old regions: 218->218
[2023-09-27T00:14:00.337+0900][gc,heap       ] GC(152) Humongous regions: 129->129
[2023-09-27T00:14:00.337+0900][gc,metaspace  ] GC(152) Metaspace: 52653K->52653K(1097728K)
[2023-09-27T00:14:00.338+0900][gc            ] GC(152) Pause Young (Normal) (G1 Evacuation Pause) 397M->351M(1024M) 17.011ms
[2023-09-27T00:14:00.338+0900][gc,cpu        ] GC(152) User=0.05s Sys=0.00s Real=0.01s
[2023-09-27T00:16:38.266+0900][gc,start      ] GC(153) Pause Young (Normal) (G1 Evacuation Pause)
[2023-09-27T00:16:38.268+0900][gc,task       ] GC(153) Using 8 workers of 8 for evacuation
[2023-09-27T00:16:38.296+0900][gc,mmu        ] GC(153) MMU target violated: 21.0ms (20.0ms/21.0ms)
[2023-09-27T00:16:38.296+0900][gc,phases     ] GC(153)   Pre Evacuate Collection Set: 0.7ms
[2023-09-27T00:16:38.296+0900][gc,phases     ] GC(153)   Evacuate Collection Set: 25.9ms
[2023-09-27T00:16:38.296+0900][gc,phases     ] GC(153)   Post Evacuate Collection Set: 0.8ms
[2023-09-27T00:16:38.296+0900][gc,phases     ] GC(153)   Other: 2.2ms
[2023-09-27T00:16:38.296+0900][gc,heap       ] GC(153) Eden regions: 45->0(44)
[2023-09-27T00:16:38.296+0900][gc,heap       ] GC(153) Survivor regions: 6->7(7)
[2023-09-27T00:16:38.296+0900][gc,heap       ] GC(153) Old regions: 218->220
[2023-09-27T00:16:38.296+0900][gc,heap       ] GC(153) Humongous regions: 129->129
[2023-09-27T00:16:38.296+0900][gc,metaspace  ] GC(153) Metaspace: 52653K->52653K(1097728K)
[2023-09-27T00:16:38.296+0900][gc            ] GC(153) Pause Young (Normal) (G1 Evacuation Pause) 396M->355M(1024M) 29.601ms
[2023-09-27T00:16:38.296+0900][gc,cpu        ] GC(153) User=0.06s Sys=0.05s Real=0.03s
[2023-09-27T00:19:12.292+0900][gc,start      ] GC(154) Pause Young (Normal) (G1 Evacuation Pause)
[2023-09-27T00:19:12.293+0900][gc,task       ] GC(154) Using 8 workers of 8 for evacuation
[2023-09-27T00:19:12.318+0900][gc,mmu        ] GC(154) MMU target violated: 21.0ms (20.0ms/21.0ms)
[2023-09-27T00:19:12.318+0900][gc,phases     ] GC(154)   Pre Evacuate Collection Set: 0.7ms
[2023-09-27T00:19:12.318+0900][gc,phases     ] GC(154)   Evacuate Collection Set: 22.7ms
[2023-09-27T00:19:12.318+0900][gc,phases     ] GC(154)   Post Evacuate Collection Set: 0.7ms
[2023-09-27T00:19:12.318+0900][gc,phases     ] GC(154)   Other: 1.9ms
[2023-09-27T00:19:12.318+0900][gc,heap       ] GC(154) Eden regions: 44->0(47)
[2023-09-27T00:19:12.318+0900][gc,heap       ] GC(154) Survivor regions: 7->4(7)
[2023-09-27T00:19:12.318+0900][gc,heap       ] GC(154) Old regions: 220->225
[2023-09-27T00:19:12.318+0900][gc,heap       ] GC(154) Humongous regions: 129->129
[2023-09-27T00:19:12.318+0900][gc,metaspace  ] GC(154) Metaspace: 52653K->52653K(1097728K)
[2023-09-27T00:19:12.318+0900][gc            ] GC(154) Pause Young (Normal) (G1 Evacuation Pause) 399M->357M(1024M) 25.983ms
[2023-09-27T00:19:12.319+0900][gc,cpu        ] GC(154) User=0.06s Sys=0.06s Real=0.02s
[2023-09-27T00:21:57.203+0900][gc,start      ] GC(155) Pause Young (Normal) (G1 Evacuation Pause)
[2023-09-27T00:21:57.205+0900][gc,task       ] GC(155) Using 8 workers of 8 for evacuation
[2023-09-27T00:21:57.214+0900][gc,phases     ] GC(155)   Pre Evacuate Collection Set: 0.1ms
[2023-09-27T00:21:57.214+0900][gc,phases     ] GC(155)   Evacuate Collection Set: 8.4ms
[2023-09-27T00:21:57.214+0900][gc,phases     ] GC(155)   Post Evacuate Collection Set: 0.3ms
[2023-09-27T00:21:57.214+0900][gc,phases     ] GC(155)   Other: 2.3ms
[2023-09-27T00:21:57.214+0900][gc,heap       ] GC(155) Eden regions: 47->0(44)
[2023-09-27T00:21:57.214+0900][gc,heap       ] GC(155) Survivor regions: 4->7(7)
[2023-09-27T00:21:57.214+0900][gc,heap       ] GC(155) Old regions: 225->225
[2023-09-27T00:21:57.214+0900][gc,heap       ] GC(155) Humongous regions: 129->129
[2023-09-27T00:21:57.214+0900][gc,metaspace  ] GC(155) Metaspace: 52653K->52653K(1097728K)
[2023-09-27T00:21:57.214+0900][gc            ] GC(155) Pause Young (Normal) (G1 Evacuation Pause) 404M->360M(1024M) 11.107ms
[2023-09-27T00:21:57.214+0900][gc,cpu        ] GC(155) User=0.05s Sys=0.01s Real=0.01s
[2023-09-27T00:24:20.706+0900][gc,start      ] GC(156) Pause Young (Normal) (G1 Evacuation Pause)
[2023-09-27T00:24:20.706+0900][gc,task       ] GC(156) Using 8 workers of 8 for evacuation
[2023-09-27T00:24:20.735+0900][gc,mmu        ] GC(156) MMU target violated: 21.0ms (20.0ms/21.0ms)
[2023-09-27T00:24:20.736+0900][gc,phases     ] GC(156)   Pre Evacuate Collection Set: 0.3ms
[2023-09-27T00:24:20.736+0900][gc,phases     ] GC(156)   Evacuate Collection Set: 27.0ms
[2023-09-27T00:24:20.736+0900][gc,phases     ] GC(156)   Post Evacuate Collection Set: 1.2ms
[2023-09-27T00:24:20.736+0900][gc,phases     ] GC(156)   Other: 1.8ms
[2023-09-27T00:24:20.736+0900][gc,heap       ] GC(156) Eden regions: 44->0(46)
[2023-09-27T00:24:20.736+0900][gc,heap       ] GC(156) Survivor regions: 7->5(7)
[2023-09-27T00:24:20.736+0900][gc,heap       ] GC(156) Old regions: 225->230
[2023-09-27T00:24:20.736+0900][gc,heap       ] GC(156) Humongous regions: 129->129
[2023-09-27T00:24:20.736+0900][gc,metaspace  ] GC(156) Metaspace: 52653K->52653K(1097728K)
[2023-09-27T00:24:20.736+0900][gc            ] GC(156) Pause Young (Normal) (G1 Evacuation Pause) 404M->363M(1024M) 30.284ms
[2023-09-27T00:24:20.736+0900][gc,cpu        ] GC(156) User=0.08s Sys=0.02s Real=0.03s
[2023-09-27T00:26:58.835+0900][gc,start      ] GC(157) Pause Young (Concurrent Start) (G1 Evacuation Pause)
[2023-09-27T00:26:58.836+0900][gc,task       ] GC(157) Using 8 workers of 8 for evacuation
[2023-09-27T00:26:58.863+0900][gc,mmu        ] GC(157) MMU target violated: 21.0ms (20.0ms/21.0ms)
[2023-09-27T00:26:58.863+0900][gc,phases     ] GC(157)   Pre Evacuate Collection Set: 0.8ms
[2023-09-27T00:26:58.863+0900][gc,phases     ] GC(157)   Evacuate Collection Set: 23.7ms
[2023-09-27T00:26:58.863+0900][gc,phases     ] GC(157)   Post Evacuate Collection Set: 0.5ms
[2023-09-27T00:26:58.863+0900][gc,phases     ] GC(157)   Other: 3.3ms
[2023-09-27T00:26:58.863+0900][gc,heap       ] GC(157) Eden regions: 46->0(47)
[2023-09-27T00:26:58.863+0900][gc,heap       ] GC(157) Survivor regions: 5->4(7)
[2023-09-27T00:26:58.863+0900][gc,heap       ] GC(157) Old regions: 230->233
[2023-09-27T00:26:58.863+0900][gc,heap       ] GC(157) Humongous regions: 129->129
[2023-09-27T00:26:58.863+0900][gc,metaspace  ] GC(157) Metaspace: 52653K->52653K(1097728K)
[2023-09-27T00:26:58.863+0900][gc            ] GC(157) Pause Young (Concurrent Start) (G1 Evacuation Pause) 409M->365M(1024M) 28.300ms
[2023-09-27T00:26:58.863+0900][gc,cpu        ] GC(157) User=0.06s Sys=0.04s Real=0.03s
[2023-09-27T00:26:58.864+0900][gc            ] GC(158) Concurrent Cycle
[2023-09-27T00:26:58.864+0900][gc,marking    ] GC(158) Concurrent Clear Claimed Marks
[2023-09-27T00:26:58.864+0900][gc,marking    ] GC(158) Concurrent Clear Claimed Marks 0.076ms
[2023-09-27T00:26:58.864+0900][gc,marking    ] GC(158) Concurrent Scan Root Regions
[2023-09-27T00:26:58.871+0900][gc,marking    ] GC(158) Concurrent Scan Root Regions 6.935ms
[2023-09-27T00:26:58.871+0900][gc,marking    ] GC(158) Concurrent Mark (25383.980s)
[2023-09-27T00:26:58.871+0900][gc,marking    ] GC(158) Concurrent Mark From Roots
[2023-09-27T00:26:58.871+0900][gc,task       ] GC(158) Using 2 workers of 2 for marking
[2023-09-27T00:26:58.899+0900][gc,marking    ] GC(158) Concurrent Mark From Roots 27.694ms
[2023-09-27T00:26:58.899+0900][gc,marking    ] GC(158) Concurrent Preclean
[2023-09-27T00:26:58.899+0900][gc,marking    ] GC(158) Concurrent Preclean 0.134ms
[2023-09-27T00:26:58.899+0900][gc,marking    ] GC(158) Concurrent Mark (25383.980s, 25384.008s) 27.918ms
[2023-09-27T00:26:58.899+0900][gc,start      ] GC(158) Pause Remark
[2023-09-27T00:26:58.967+0900][gc,stringtable] GC(158) Cleaned string and symbol table, strings: 18070 processed, 1 removed, symbols: 127678 processed, 151 removed
[2023-09-27T00:26:58.969+0900][gc,mmu        ] GC(158) MMU target violated: 21.0ms (20.0ms/21.0ms)
[2023-09-27T00:26:58.969+0900][gc            ] GC(158) Pause Remark 365M->298M(1024M) 69.343ms
[2023-09-27T00:26:58.969+0900][gc,cpu        ] GC(158) User=0.03s Sys=0.12s Real=0.07s
[2023-09-27T00:26:58.969+0900][gc,marking    ] GC(158) Concurrent Rebuild Remembered Sets
[2023-09-27T00:26:58.989+0900][gc,marking    ] GC(158) Concurrent Rebuild Remembered Sets 20.248ms
[2023-09-27T00:26:58.990+0900][gc,start      ] GC(158) Pause Cleanup
[2023-09-27T00:26:58.990+0900][gc            ] GC(158) Pause Cleanup 298M->298M(1024M) 0.214ms
[2023-09-27T00:26:58.990+0900][gc,cpu        ] GC(158) User=0.00s Sys=0.00s Real=0.00s
[2023-09-27T00:26:58.990+0900][gc,marking    ] GC(158) Concurrent Cleanup for Next Mark
[2023-09-27T00:26:58.995+0900][gc,marking    ] GC(158) Concurrent Cleanup for Next Mark 5.375ms
[2023-09-27T00:26:58.995+0900][gc            ] GC(158) Concurrent Cycle 131.535ms
[2023-09-27T00:29:42.313+0900][gc,start      ] GC(159) Pause Young (Prepare Mixed) (G1 Evacuation Pause)
[2023-09-27T00:29:42.316+0900][gc,task       ] GC(159) Using 8 workers of 8 for evacuation
[2023-09-27T00:29:42.341+0900][gc,mmu        ] GC(159) MMU target violated: 21.0ms (20.0ms/21.0ms)
[2023-09-27T00:29:42.341+0900][gc,phases     ] GC(159)   Pre Evacuate Collection Set: 0.7ms
[2023-09-27T00:29:42.341+0900][gc,phases     ] GC(159)   Evacuate Collection Set: 21.8ms
[2023-09-27T00:29:42.341+0900][gc,phases     ] GC(159)   Post Evacuate Collection Set: 1.4ms
[2023-09-27T00:29:42.341+0900][gc,phases     ] GC(159)   Other: 4.1ms
[2023-09-27T00:29:42.341+0900][gc,heap       ] GC(159) Eden regions: 47->0(45)
[2023-09-27T00:29:42.341+0900][gc,heap       ] GC(159) Survivor regions: 4->6(7)
[2023-09-27T00:29:42.341+0900][gc,heap       ] GC(159) Old regions: 166->166
[2023-09-27T00:29:42.341+0900][gc,heap       ] GC(159) Humongous regions: 129->129
[2023-09-27T00:29:42.341+0900][gc,metaspace  ] GC(159) Metaspace: 52656K->52656K(1097728K)
[2023-09-27T00:29:42.342+0900][gc            ] GC(159) Pause Young (Prepare Mixed) (G1 Evacuation Pause) 345M->300M(1024M) 28.089ms
[2023-09-27T00:29:42.342+0900][gc,cpu        ] GC(159) User=0.06s Sys=0.04s Real=0.03s
[2023-09-27T00:32:20.053+0900][gc,start      ] GC(160) Pause Young (Mixed) (G1 Evacuation Pause)
[2023-09-27T00:32:20.055+0900][gc,task       ] GC(160) Using 8 workers of 8 for evacuation
[2023-09-27T00:32:20.070+0900][gc,phases     ] GC(160)   Pre Evacuate Collection Set: 0.2ms
[2023-09-27T00:32:20.070+0900][gc,phases     ] GC(160)   Evacuate Collection Set: 13.6ms
[2023-09-27T00:32:20.070+0900][gc,phases     ] GC(160)   Post Evacuate Collection Set: 0.8ms
[2023-09-27T00:32:20.070+0900][gc,phases     ] GC(160)   Other: 2.4ms
[2023-09-27T00:32:20.070+0900][gc,heap       ] GC(160) Eden regions: 45->0(44)
[2023-09-27T00:32:20.070+0900][gc,heap       ] GC(160) Survivor regions: 6->7(7)
[2023-09-27T00:32:20.070+0900][gc,heap       ] GC(160) Old regions: 166->149
[2023-09-27T00:32:20.070+0900][gc,heap       ] GC(160) Humongous regions: 129->129
[2023-09-27T00:32:20.070+0900][gc,metaspace  ] GC(160) Metaspace: 52656K->52656K(1097728K)
[2023-09-27T00:32:20.070+0900][gc            ] GC(160) Pause Young (Mixed) (G1 Evacuation Pause) 345M->284M(1024M) 17.072ms
[2023-09-27T00:32:20.070+0900][gc,cpu        ] GC(160) User=0.07s Sys=0.03s Real=0.02s
[2023-09-27T00:34:53.266+0900][gc,start      ] GC(161) Pause Young (Mixed) (G1 Evacuation Pause)
[2023-09-27T00:34:53.267+0900][gc,task       ] GC(161) Using 8 workers of 8 for evacuation
[2023-09-27T00:34:53.303+0900][gc,mmu        ] GC(161) MMU target violated: 21.0ms (20.0ms/21.0ms)
[2023-09-27T00:34:53.303+0900][gc,phases     ] GC(161)   Pre Evacuate Collection Set: 1.1ms
[2023-09-27T00:34:53.303+0900][gc,phases     ] GC(161)   Evacuate Collection Set: 31.5ms
[2023-09-27T00:34:53.303+0900][gc,phases     ] GC(161)   Post Evacuate Collection Set: 1.6ms
[2023-09-27T00:34:53.303+0900][gc,phases     ] GC(161)   Other: 3.0ms
[2023-09-27T00:34:53.303+0900][gc,heap       ] GC(161) Eden regions: 44->0(47)
[2023-09-27T00:34:53.303+0900][gc,heap       ] GC(161) Survivor regions: 7->4(7)
[2023-09-27T00:34:53.303+0900][gc,heap       ] GC(161) Old regions: 149->135
[2023-09-27T00:34:53.303+0900][gc,heap       ] GC(161) Humongous regions: 129->129
[2023-09-27T00:34:53.303+0900][gc,metaspace  ] GC(161) Metaspace: 52660K->52660K(1097728K)
[2023-09-27T00:34:53.303+0900][gc            ] GC(161) Pause Young (Mixed) (G1 Evacuation Pause) 328M->267M(1024M) 37.240ms
[2023-09-27T00:34:53.303+0900][gc,cpu        ] GC(161) User=0.08s Sys=0.07s Real=0.04s
[2023-09-27T00:37:36.683+0900][gc,start      ] GC(162) Pause Young (Mixed) (G1 Evacuation Pause)
[2023-09-27T00:37:36.684+0900][gc,task       ] GC(162) Using 8 workers of 8 for evacuation
[2023-09-27T00:37:36.701+0900][gc,phases     ] GC(162)   Pre Evacuate Collection Set: 0.3ms
[2023-09-27T00:37:36.702+0900][gc,phases     ] GC(162)   Evacuate Collection Set: 15.6ms
[2023-09-27T00:37:36.702+0900][gc,phases     ] GC(162)   Post Evacuate Collection Set: 1.0ms
[2023-09-27T00:37:36.702+0900][gc,phases     ] GC(162)   Other: 1.9ms
[2023-09-27T00:37:36.702+0900][gc,heap       ] GC(162) Eden regions: 47->0(45)
[2023-09-27T00:37:36.702+0900][gc,heap       ] GC(162) Survivor regions: 4->6(7)
[2023-09-27T00:37:36.702+0900][gc,heap       ] GC(162) Old regions: 135->116
[2023-09-27T00:37:36.702+0900][gc,heap       ] GC(162) Humongous regions: 129->129
[2023-09-27T00:37:36.702+0900][gc,metaspace  ] GC(162) Metaspace: 52660K->52660K(1097728K)
[2023-09-27T00:37:36.702+0900][gc            ] GC(162) Pause Young (Mixed) (G1 Evacuation Pause) 314M->250M(1024M) 18.910ms
[2023-09-27T00:37:36.702+0900][gc,cpu        ] GC(162) User=0.06s Sys=0.01s Real=0.02s
[2023-09-27T00:40:14.506+0900][gc,start      ] GC(163) Pause Young (Mixed) (G1 Evacuation Pause)
[2023-09-27T00:40:14.508+0900][gc,task       ] GC(163) Using 8 workers of 8 for evacuation
[2023-09-27T00:40:14.537+0900][gc,mmu        ] GC(163) MMU target violated: 21.0ms (20.0ms/21.0ms)
[2023-09-27T00:40:14.537+0900][gc,phases     ] GC(163)   Pre Evacuate Collection Set: 0.9ms
[2023-09-27T00:40:14.537+0900][gc,phases     ] GC(163)   Evacuate Collection Set: 25.2ms
[2023-09-27T00:40:14.537+0900][gc,phases     ] GC(163)   Post Evacuate Collection Set: 1.2ms
[2023-09-27T00:40:14.537+0900][gc,phases     ] GC(163)   Other: 4.0ms
[2023-09-27T00:40:14.537+0900][gc,heap       ] GC(163) Eden regions: 45->0(44)
[2023-09-27T00:40:14.537+0900][gc,heap       ] GC(163) Survivor regions: 6->7(7)
[2023-09-27T00:40:14.537+0900][gc,heap       ] GC(163) Old regions: 116->100
[2023-09-27T00:40:14.537+0900][gc,heap       ] GC(163) Humongous regions: 129->129
[2023-09-27T00:40:14.537+0900][gc,metaspace  ] GC(163) Metaspace: 52660K->52660K(1097728K)
[2023-09-27T00:40:14.537+0900][gc            ] GC(163) Pause Young (Mixed) (G1 Evacuation Pause) 295M->234M(1024M) 31.279ms
[2023-09-27T00:40:14.537+0900][gc,cpu        ] GC(163) User=0.07s Sys=0.07s Real=0.03s
[2023-09-27T00:42:48.230+0900][gc,start      ] GC(164) Pause Young (Mixed) (G1 Evacuation Pause)
[2023-09-27T00:42:48.231+0900][gc,task       ] GC(164) Using 8 workers of 8 for evacuation
[2023-09-27T00:42:48.260+0900][gc,mmu        ] GC(164) MMU target violated: 21.0ms (20.0ms/21.0ms)
[2023-09-27T00:42:48.260+0900][gc,phases     ] GC(164)   Pre Evacuate Collection Set: 0.5ms
[2023-09-27T00:42:48.260+0900][gc,phases     ] GC(164)   Evacuate Collection Set: 25.5ms
[2023-09-27T00:42:48.260+0900][gc,phases     ] GC(164)   Post Evacuate Collection Set: 1.3ms
[2023-09-27T00:42:48.260+0900][gc,phases     ] GC(164)   Other: 2.2ms
[2023-09-27T00:42:48.260+0900][gc,heap       ] GC(164) Eden regions: 44->0(48)
[2023-09-27T00:42:48.260+0900][gc,heap       ] GC(164) Survivor regions: 7->3(7)
[2023-09-27T00:42:48.260+0900][gc,heap       ] GC(164) Old regions: 100->86
[2023-09-27T00:42:48.260+0900][gc,heap       ] GC(164) Humongous regions: 129->129
[2023-09-27T00:42:48.260+0900][gc,metaspace  ] GC(164) Metaspace: 52660K->52660K(1097728K)
[2023-09-27T00:42:48.260+0900][gc            ] GC(164) Pause Young (Mixed) (G1 Evacuation Pause) 278M->217M(1024M) 29.532ms
[2023-09-27T00:42:48.260+0900][gc,cpu        ] GC(164) User=0.07s Sys=0.04s Real=0.03s
[2023-09-27T00:45:36.403+0900][gc,start      ] GC(165) Pause Young (Mixed) (G1 Evacuation Pause)
[2023-09-27T00:45:36.406+0900][gc,task       ] GC(165) Using 8 workers of 8 for evacuation
[2023-09-27T00:45:36.436+0900][gc,mmu        ] GC(165) MMU target violated: 21.0ms (20.0ms/21.0ms)
[2023-09-27T00:45:36.436+0900][gc,phases     ] GC(165)   Pre Evacuate Collection Set: 1.1ms
[2023-09-27T00:45:36.436+0900][gc,phases     ] GC(165)   Evacuate Collection Set: 26.9ms
[2023-09-27T00:45:36.436+0900][gc,phases     ] GC(165)   Post Evacuate Collection Set: 0.5ms
[2023-09-27T00:45:36.436+0900][gc,phases     ] GC(165)   Other: 4.4ms
[2023-09-27T00:45:36.436+0900][gc,heap       ] GC(165) Eden regions: 48->0(44)
[2023-09-27T00:45:36.436+0900][gc,heap       ] GC(165) Survivor regions: 3->7(7)
[2023-09-27T00:45:36.436+0900][gc,heap       ] GC(165) Old regions: 86->84
[2023-09-27T00:45:36.436+0900][gc,heap       ] GC(165) Humongous regions: 129->129
[2023-09-27T00:45:36.436+0900][gc,metaspace  ] GC(165) Metaspace: 52660K->52660K(1097728K)
[2023-09-27T00:45:36.436+0900][gc            ] GC(165) Pause Young (Mixed) (G1 Evacuation Pause) 265M->219M(1024M) 32.785ms
[2023-09-27T00:45:36.436+0900][gc,cpu        ] GC(165) User=0.06s Sys=0.05s Real=0.03s
[2023-09-27T00:48:11.829+0900][gc,start      ] GC(166) Pause Young (Normal) (G1 Evacuation Pause)
[2023-09-27T00:48:11.831+0900][gc,task       ] GC(166) Using 8 workers of 8 for evacuation
[2023-09-27T00:48:11.866+0900][gc,mmu        ] GC(166) MMU target violated: 21.0ms (20.0ms/21.0ms)
[2023-09-27T00:48:11.867+0900][gc,phases     ] GC(166)   Pre Evacuate Collection Set: 0.3ms
[2023-09-27T00:48:11.867+0900][gc,phases     ] GC(166)   Evacuate Collection Set: 33.2ms
[2023-09-27T00:48:11.867+0900][gc,phases     ] GC(166)   Post Evacuate Collection Set: 1.0ms
[2023-09-27T00:48:11.867+0900][gc,phases     ] GC(166)   Other: 2.7ms
[2023-09-27T00:48:11.867+0900][gc,heap       ] GC(166) Eden regions: 44->0(47)
[2023-09-27T00:48:11.867+0900][gc,heap       ] GC(166) Survivor regions: 7->4(7)
[2023-09-27T00:48:11.867+0900][gc,heap       ] GC(166) Old regions: 84->89
[2023-09-27T00:48:11.867+0900][gc,heap       ] GC(166) Humongous regions: 129->129
[2023-09-27T00:48:11.867+0900][gc,metaspace  ] GC(166) Metaspace: 52660K->52660K(1097728K)
[2023-09-27T00:48:11.867+0900][gc            ] GC(166) Pause Young (Normal) (G1 Evacuation Pause) 263M->221M(1024M) 37.251ms
[2023-09-27T00:48:11.867+0900][gc,cpu        ] GC(166) User=0.06s Sys=0.04s Real=0.04s
[2023-09-27T00:50:56.736+0900][gc,start      ] GC(167) Pause Young (Normal) (G1 Evacuation Pause)
[2023-09-27T00:50:56.738+0900][gc,task       ] GC(167) Using 8 workers of 8 for evacuation
[2023-09-27T00:50:56.783+0900][gc,mmu        ] GC(167) MMU target violated: 21.0ms (20.0ms/21.0ms)
[2023-09-27T00:50:56.783+0900][gc,phases     ] GC(167)   Pre Evacuate Collection Set: 0.9ms
[2023-09-27T00:50:56.783+0900][gc,phases     ] GC(167)   Evacuate Collection Set: 40.6ms
[2023-09-27T00:50:56.783+0900][gc,phases     ] GC(167)   Post Evacuate Collection Set: 1.6ms
[2023-09-27T00:50:56.783+0900][gc,phases     ] GC(167)   Other: 4.4ms
[2023-09-27T00:50:56.783+0900][gc,heap       ] GC(167) Eden regions: 47->0(44)
[2023-09-27T00:50:56.783+0900][gc,heap       ] GC(167) Survivor regions: 4->7(7)
[2023-09-27T00:50:56.783+0900][gc,heap       ] GC(167) Old regions: 89->89
[2023-09-27T00:50:56.783+0900][gc,heap       ] GC(167) Humongous regions: 129->129
[2023-09-27T00:50:56.783+0900][gc,metaspace  ] GC(167) Metaspace: 52660K->52660K(1097728K)
[2023-09-27T00:50:56.783+0900][gc            ] GC(167) Pause Young (Normal) (G1 Evacuation Pause) 268M->224M(1024M) 47.440ms
[2023-09-27T00:50:56.783+0900][gc,cpu        ] GC(167) User=0.07s Sys=0.11s Real=0.05s
[2023-09-27T00:53:30.775+0900][gc,start      ] GC(168) Pause Young (Normal) (G1 Evacuation Pause)
[2023-09-27T00:53:30.777+0900][gc,task       ] GC(168) Using 8 workers of 8 for evacuation
[2023-09-27T00:53:30.810+0900][gc,mmu        ] GC(168) MMU target violated: 21.0ms (20.0ms/21.0ms)
[2023-09-27T00:53:30.810+0900][gc,phases     ] GC(168)   Pre Evacuate Collection Set: 0.3ms
[2023-09-27T00:53:30.810+0900][gc,phases     ] GC(168)   Evacuate Collection Set: 31.0ms
[2023-09-27T00:53:30.810+0900][gc,phases     ] GC(168)   Post Evacuate Collection Set: 1.0ms
[2023-09-27T00:53:30.810+0900][gc,phases     ] GC(168)   Other: 3.0ms
[2023-09-27T00:53:30.810+0900][gc,heap       ] GC(168) Eden regions: 44->0(47)
[2023-09-27T00:53:30.810+0900][gc,heap       ] GC(168) Survivor regions: 7->4(7)
[2023-09-27T00:53:30.810+0900][gc,heap       ] GC(168) Old regions: 89->94
[2023-09-27T00:53:30.810+0900][gc,heap       ] GC(168) Humongous regions: 129->129
[2023-09-27T00:53:30.810+0900][gc,metaspace  ] GC(168) Metaspace: 52660K->52660K(1097728K)
[2023-09-27T00:53:30.811+0900][gc            ] GC(168) Pause Young (Normal) (G1 Evacuation Pause) 268M->226M(1024M) 35.379ms
[2023-09-27T00:53:30.811+0900][gc,cpu        ] GC(168) User=0.08s Sys=0.03s Real=0.04s
[2023-09-27T00:56:14.618+0900][gc,start      ] GC(169) Pause Young (Normal) (G1 Evacuation Pause)
[2023-09-27T00:56:14.620+0900][gc,task       ] GC(169) Using 8 workers of 8 for evacuation
[2023-09-27T00:56:14.648+0900][gc,mmu        ] GC(169) MMU target violated: 21.0ms (20.0ms/21.0ms)
[2023-09-27T00:56:14.648+0900][gc,phases     ] GC(169)   Pre Evacuate Collection Set: 0.8ms
[2023-09-27T00:56:14.648+0900][gc,phases     ] GC(169)   Evacuate Collection Set: 25.1ms
[2023-09-27T00:56:14.648+0900][gc,phases     ] GC(169)   Post Evacuate Collection Set: 1.3ms
[2023-09-27T00:56:14.648+0900][gc,phases     ] GC(169)   Other: 3.5ms
[2023-09-27T00:56:14.648+0900][gc,heap       ] GC(169) Eden regions: 47->0(44)
[2023-09-27T00:56:14.648+0900][gc,heap       ] GC(169) Survivor regions: 4->7(7)
[2023-09-27T00:56:14.648+0900][gc,heap       ] GC(169) Old regions: 94->94
[2023-09-27T00:56:14.648+0900][gc,heap       ] GC(169) Humongous regions: 129->129
[2023-09-27T00:56:14.648+0900][gc,metaspace  ] GC(169) Metaspace: 52660K->52660K(1097728K)
[2023-09-27T00:56:14.649+0900][gc            ] GC(169) Pause Young (Normal) (G1 Evacuation Pause) 273M->230M(1024M) 30.760ms
[2023-09-27T00:56:14.649+0900][gc,cpu        ] GC(169) User=0.06s Sys=0.04s Real=0.03s
[2023-09-27T00:58:48.670+0900][gc,start      ] GC(170) Pause Young (Normal) (G1 Evacuation Pause)
[2023-09-27T00:58:48.673+0900][gc,task       ] GC(170) Using 8 workers of 8 for evacuation
[2023-09-27T00:58:48.712+0900][gc,mmu        ] GC(170) MMU target violated: 21.0ms (20.0ms/21.0ms)
[2023-09-27T00:58:48.712+0900][gc,phases     ] GC(170)   Pre Evacuate Collection Set: 0.7ms
[2023-09-27T00:58:48.712+0900][gc,phases     ] GC(170)   Evacuate Collection Set: 36.9ms
[2023-09-27T00:58:48.712+0900][gc,phases     ] GC(170)   Post Evacuate Collection Set: 1.0ms
[2023-09-27T00:58:48.712+0900][gc,phases     ] GC(170)   Other: 3.6ms
[2023-09-27T00:58:48.712+0900][gc,heap       ] GC(170) Eden regions: 44->0(47)
[2023-09-27T00:58:48.712+0900][gc,heap       ] GC(170) Survivor regions: 7->4(7)
[2023-09-27T00:58:48.712+0900][gc,heap       ] GC(170) Old regions: 94->99
[2023-09-27T00:58:48.712+0900][gc,heap       ] GC(170) Humongous regions: 129->129
[2023-09-27T00:58:48.712+0900][gc,metaspace  ] GC(170) Metaspace: 52660K->52660K(1097728K)
[2023-09-27T00:58:48.712+0900][gc            ] GC(170) Pause Young (Normal) (G1 Evacuation Pause) 274M->231M(1024M) 42.084ms
[2023-09-27T00:58:48.713+0900][gc,cpu        ] GC(170) User=0.07s Sys=0.09s Real=0.04s
[2023-09-27T01:01:32.481+0900][gc,start      ] GC(171) Pause Young (Normal) (G1 Evacuation Pause)
[2023-09-27T01:01:32.483+0900][gc,task       ] GC(171) Using 8 workers of 8 for evacuation
[2023-09-27T01:01:32.517+0900][gc,mmu        ] GC(171) MMU target violated: 21.0ms (20.0ms/21.0ms)
[2023-09-27T01:01:32.517+0900][gc,phases     ] GC(171)   Pre Evacuate Collection Set: 1.1ms
[2023-09-27T01:01:32.517+0900][gc,phases     ] GC(171)   Evacuate Collection Set: 29.5ms
[2023-09-27T01:01:32.517+0900][gc,phases     ] GC(171)   Post Evacuate Collection Set: 1.5ms
[2023-09-27T01:01:32.517+0900][gc,phases     ] GC(171)   Other: 4.5ms
[2023-09-27T01:01:32.517+0900][gc,heap       ] GC(171) Eden regions: 47->0(47)
[2023-09-27T01:01:32.517+0900][gc,heap       ] GC(171) Survivor regions: 4->4(7)
[2023-09-27T01:01:32.517+0900][gc,heap       ] GC(171) Old regions: 99->102
[2023-09-27T01:01:32.517+0900][gc,heap       ] GC(171) Humongous regions: 129->129
[2023-09-27T01:01:32.517+0900][gc,metaspace  ] GC(171) Metaspace: 52660K->52660K(1097728K)
[2023-09-27T01:01:32.517+0900][gc            ] GC(171) Pause Young (Normal) (G1 Evacuation Pause) 278M->233M(1024M) 36.634ms
[2023-09-27T01:01:32.518+0900][gc,cpu        ] GC(171) User=0.07s Sys=0.05s Real=0.03s
[2023-09-27T01:04:17.473+0900][gc,start      ] GC(172) Pause Young (Normal) (G1 Evacuation Pause)
[2023-09-27T01:04:17.475+0900][gc,task       ] GC(172) Using 8 workers of 8 for evacuation
[2023-09-27T01:04:17.497+0900][gc,mmu        ] GC(172) MMU target violated: 21.0ms (20.0ms/21.0ms)
[2023-09-27T01:04:17.497+0900][gc,phases     ] GC(172)   Pre Evacuate Collection Set: 0.2ms
[2023-09-27T01:04:17.497+0900][gc,phases     ] GC(172)   Evacuate Collection Set: 19.8ms
[2023-09-27T01:04:17.497+0900][gc,phases     ] GC(172)   Post Evacuate Collection Set: 0.4ms
[2023-09-27T01:04:17.497+0900][gc,phases     ] GC(172)   Other: 3.8ms
[2023-09-27T01:04:17.497+0900][gc,heap       ] GC(172) Eden regions: 47->0(44)
[2023-09-27T01:04:17.497+0900][gc,heap       ] GC(172) Survivor regions: 4->7(7)
[2023-09-27T01:04:17.497+0900][gc,heap       ] GC(172) Old regions: 102->102
[2023-09-27T01:04:17.497+0900][gc,heap       ] GC(172) Humongous regions: 129->129
[2023-09-27T01:04:17.497+0900][gc,metaspace  ] GC(172) Metaspace: 52660K->52660K(1097728K)
[2023-09-27T01:04:17.497+0900][gc            ] GC(172) Pause Young (Normal) (G1 Evacuation Pause) 280M->237M(1024M) 24.169ms
[2023-09-27T01:04:17.497+0900][gc,cpu        ] GC(172) User=0.06s Sys=0.01s Real=0.02s
[2023-09-27T01:06:51.758+0900][gc,start      ] GC(173) Pause Young (Normal) (G1 Evacuation Pause)
[2023-09-27T01:06:51.760+0900][gc,task       ] GC(173) Using 8 workers of 8 for evacuation
[2023-09-27T01:06:51.799+0900][gc,mmu        ] GC(173) MMU target violated: 21.0ms (20.0ms/21.0ms)
[2023-09-27T01:06:51.799+0900][gc,phases     ] GC(173)   Pre Evacuate Collection Set: 1.1ms
[2023-09-27T01:06:51.799+0900][gc,phases     ] GC(173)   Evacuate Collection Set: 35.2ms
[2023-09-27T01:06:51.799+0900][gc,phases     ] GC(173)   Post Evacuate Collection Set: 1.5ms
[2023-09-27T01:06:51.799+0900][gc,phases     ] GC(173)   Other: 3.6ms
[2023-09-27T01:06:51.799+0900][gc,heap       ] GC(173) Eden regions: 44->0(47)
[2023-09-27T01:06:51.799+0900][gc,heap       ] GC(173) Survivor regions: 7->4(7)
[2023-09-27T01:06:51.799+0900][gc,heap       ] GC(173) Old regions: 102->107
[2023-09-27T01:06:51.799+0900][gc,heap       ] GC(173) Humongous regions: 129->129
[2023-09-27T01:06:51.799+0900][gc,metaspace  ] GC(173) Metaspace: 52660K->52660K(1097728K)
[2023-09-27T01:06:51.799+0900][gc            ] GC(173) Pause Young (Normal) (G1 Evacuation Pause) 281M->239M(1024M) 41.406ms
[2023-09-27T01:06:51.799+0900][gc,cpu        ] GC(173) User=0.07s Sys=0.06s Real=0.04s
[2023-09-27T01:09:37.080+0900][gc,start      ] GC(174) Pause Young (Normal) (G1 Evacuation Pause)
[2023-09-27T01:09:37.082+0900][gc,task       ] GC(174) Using 8 workers of 8 for evacuation
[2023-09-27T01:09:37.113+0900][gc,mmu        ] GC(174) MMU target violated: 21.0ms (20.0ms/21.0ms)
[2023-09-27T01:09:37.113+0900][gc,phases     ] GC(174)   Pre Evacuate Collection Set: 1.0ms
[2023-09-27T01:09:37.113+0900][gc,phases     ] GC(174)   Evacuate Collection Set: 27.4ms
[2023-09-27T01:09:37.113+0900][gc,phases     ] GC(174)   Post Evacuate Collection Set: 0.9ms
[2023-09-27T01:09:37.113+0900][gc,phases     ] GC(174)   Other: 3.8ms
[2023-09-27T01:09:37.113+0900][gc,heap       ] GC(174) Eden regions: 47->0(44)
[2023-09-27T01:09:37.113+0900][gc,heap       ] GC(174) Survivor regions: 4->7(7)
[2023-09-27T01:09:37.113+0900][gc,heap       ] GC(174) Old regions: 107->107
[2023-09-27T01:09:37.113+0900][gc,heap       ] GC(174) Humongous regions: 129->129
[2023-09-27T01:09:37.113+0900][gc,metaspace  ] GC(174) Metaspace: 52660K->52660K(1097728K)
[2023-09-27T01:09:37.113+0900][gc            ] GC(174) Pause Young (Normal) (G1 Evacuation Pause) 286M->242M(1024M) 33.015ms
[2023-09-27T01:09:37.113+0900][gc,cpu        ] GC(174) User=0.06s Sys=0.05s Real=0.03s
[2023-09-27T01:12:11.318+0900][gc,start      ] GC(175) Pause Young (Normal) (G1 Evacuation Pause)
[2023-09-27T01:12:11.319+0900][gc,task       ] GC(175) Using 8 workers of 8 for evacuation
[2023-09-27T01:12:11.345+0900][gc,mmu        ] GC(175) MMU target violated: 21.0ms (20.0ms/21.0ms)
[2023-09-27T01:12:11.345+0900][gc,phases     ] GC(175)   Pre Evacuate Collection Set: 0.2ms
[2023-09-27T01:12:11.345+0900][gc,phases     ] GC(175)   Evacuate Collection Set: 23.4ms
[2023-09-27T01:12:11.345+0900][gc,phases     ] GC(175)   Post Evacuate Collection Set: 0.9ms
[2023-09-27T01:12:11.345+0900][gc,phases     ] GC(175)   Other: 2.5ms
[2023-09-27T01:12:11.345+0900][gc,heap       ] GC(175) Eden regions: 44->0(47)
[2023-09-27T01:12:11.345+0900][gc,heap       ] GC(175) Survivor regions: 7->4(7)
[2023-09-27T01:12:11.345+0900][gc,heap       ] GC(175) Old regions: 107->112
[2023-09-27T01:12:11.345+0900][gc,heap       ] GC(175) Humongous regions: 129->129
[2023-09-27T01:12:11.345+0900][gc,metaspace  ] GC(175) Metaspace: 52660K->52660K(1097728K)
[2023-09-27T01:12:11.345+0900][gc            ] GC(175) Pause Young (Normal) (G1 Evacuation Pause) 286M->244M(1024M) 27.130ms
[2023-09-27T01:12:11.345+0900][gc,cpu        ] GC(175) User=0.07s Sys=0.03s Real=0.03s
[2023-09-27T01:14:54.841+0900][gc,start      ] GC(176) Pause Young (Normal) (G1 Evacuation Pause)
[2023-09-27T01:14:54.842+0900][gc,task       ] GC(176) Using 8 workers of 8 for evacuation
[2023-09-27T01:14:54.872+0900][gc,mmu        ] GC(176) MMU target violated: 21.0ms (20.0ms/21.0ms)
[2023-09-27T01:14:54.873+0900][gc,phases     ] GC(176)   Pre Evacuate Collection Set: 0.5ms
[2023-09-27T01:14:54.873+0900][gc,phases     ] GC(176)   Evacuate Collection Set: 27.4ms
[2023-09-27T01:14:54.873+0900][gc,phases     ] GC(176)   Post Evacuate Collection Set: 1.5ms
[2023-09-27T01:14:54.873+0900][gc,phases     ] GC(176)   Other: 1.9ms
[2023-09-27T01:14:54.873+0900][gc,heap       ] GC(176) Eden regions: 47->0(44)
[2023-09-27T01:14:54.873+0900][gc,heap       ] GC(176) Survivor regions: 4->7(7)
[2023-09-27T01:14:54.873+0900][gc,heap       ] GC(176) Old regions: 112->112
[2023-09-27T01:14:54.873+0900][gc,heap       ] GC(176) Humongous regions: 129->129
[2023-09-27T01:14:54.873+0900][gc,metaspace  ] GC(176) Metaspace: 52662K->52662K(1097728K)
[2023-09-27T01:14:54.873+0900][gc            ] GC(176) Pause Young (Normal) (G1 Evacuation Pause) 291M->247M(1024M) 31.524ms
[2023-09-27T01:14:54.873+0900][gc,cpu        ] GC(176) User=0.07s Sys=0.09s Real=0.03s
[2023-09-27T01:17:29.131+0900][gc,start      ] GC(177) Pause Young (Normal) (G1 Evacuation Pause)
[2023-09-27T01:17:29.133+0900][gc,task       ] GC(177) Using 8 workers of 8 for evacuation
[2023-09-27T01:17:29.160+0900][gc,mmu        ] GC(177) MMU target violated: 21.0ms (20.0ms/21.0ms)
[2023-09-27T01:17:29.167+0900][gc,phases     ] GC(177)   Pre Evacuate Collection Set: 0.2ms
[2023-09-27T01:17:29.167+0900][gc,phases     ] GC(177)   Evacuate Collection Set: 25.6ms
[2023-09-27T01:17:29.167+0900][gc,phases     ] GC(177)   Post Evacuate Collection Set: 0.6ms
[2023-09-27T01:17:29.167+0900][gc,phases     ] GC(177)   Other: 9.6ms
[2023-09-27T01:17:29.167+0900][gc,heap       ] GC(177) Eden regions: 44->0(46)
[2023-09-27T01:17:29.167+0900][gc,heap       ] GC(177) Survivor regions: 7->5(7)
[2023-09-27T01:17:29.167+0900][gc,heap       ] GC(177) Old regions: 112->117
[2023-09-27T01:17:29.167+0900][gc,heap       ] GC(177) Humongous regions: 129->129
[2023-09-27T01:17:29.167+0900][gc,metaspace  ] GC(177) Metaspace: 52662K->52662K(1097728K)
[2023-09-27T01:17:29.167+0900][gc            ] GC(177) Pause Young (Normal) (G1 Evacuation Pause) 291M->249M(1024M) 36.120ms
[2023-09-27T01:17:29.167+0900][gc,cpu        ] GC(177) User=0.08s Sys=0.03s Real=0.03s
[2023-09-27T01:20:10.816+0900][gc,start      ] GC(178) Pause Young (Normal) (G1 Evacuation Pause)
[2023-09-27T01:20:10.818+0900][gc,task       ] GC(178) Using 8 workers of 8 for evacuation
[2023-09-27T01:20:10.849+0900][gc,mmu        ] GC(178) MMU target violated: 21.0ms (20.0ms/21.0ms)
[2023-09-27T01:20:10.849+0900][gc,phases     ] GC(178)   Pre Evacuate Collection Set: 1.1ms
[2023-09-27T01:20:10.849+0900][gc,phases     ] GC(178)   Evacuate Collection Set: 27.1ms
[2023-09-27T01:20:10.849+0900][gc,phases     ] GC(178)   Post Evacuate Collection Set: 1.5ms
[2023-09-27T01:20:10.849+0900][gc,phases     ] GC(178)   Other: 4.3ms
[2023-09-27T01:20:10.849+0900][gc,heap       ] GC(178) Eden regions: 46->0(48)
[2023-09-27T01:20:10.849+0900][gc,heap       ] GC(178) Survivor regions: 5->3(7)
[2023-09-27T01:20:10.849+0900][gc,heap       ] GC(178) Old regions: 117->120
[2023-09-27T01:20:10.849+0900][gc,heap       ] GC(178) Humongous regions: 129->129
[2023-09-27T01:20:10.849+0900][gc,metaspace  ] GC(178) Metaspace: 52662K->52662K(1097728K)
[2023-09-27T01:20:10.850+0900][gc            ] GC(178) Pause Young (Normal) (G1 Evacuation Pause) 295M->251M(1024M) 33.956ms
[2023-09-27T01:20:10.850+0900][gc,cpu        ] GC(178) User=0.06s Sys=0.05s Real=0.04s
[2023-09-27T01:22:59.684+0900][gc,start      ] GC(179) Pause Young (Normal) (G1 Evacuation Pause)
[2023-09-27T01:22:59.687+0900][gc,task       ] GC(179) Using 8 workers of 8 for evacuation
[2023-09-27T01:22:59.711+0900][gc,mmu        ] GC(179) MMU target violated: 21.0ms (20.0ms/21.0ms)
[2023-09-27T01:22:59.711+0900][gc,phases     ] GC(179)   Pre Evacuate Collection Set: 0.2ms
[2023-09-27T01:22:59.711+0900][gc,phases     ] GC(179)   Evacuate Collection Set: 21.5ms
[2023-09-27T01:22:59.711+0900][gc,phases     ] GC(179)   Post Evacuate Collection Set: 1.2ms
[2023-09-27T01:22:59.711+0900][gc,phases     ] GC(179)   Other: 4.0ms
[2023-09-27T01:22:59.711+0900][gc,heap       ] GC(179) Eden regions: 48->0(44)
[2023-09-27T01:22:59.711+0900][gc,heap       ] GC(179) Survivor regions: 3->7(7)
[2023-09-27T01:22:59.711+0900][gc,heap       ] GC(179) Old regions: 120->120
[2023-09-27T01:22:59.711+0900][gc,heap       ] GC(179) Humongous regions: 129->129
[2023-09-27T01:22:59.711+0900][gc,metaspace  ] GC(179) Metaspace: 52662K->52662K(1097728K)
[2023-09-27T01:22:59.711+0900][gc            ] GC(179) Pause Young (Normal) (G1 Evacuation Pause) 299M->255M(1024M) 27.036ms
[2023-09-27T01:22:59.711+0900][gc,cpu        ] GC(179) User=0.07s Sys=0.02s Real=0.03s
[2023-09-27T01:25:24.056+0900][gc,start      ] GC(180) Pause Young (Normal) (G1 Evacuation Pause)
[2023-09-27T01:25:24.057+0900][gc,task       ] GC(180) Using 8 workers of 8 for evacuation
[2023-09-27T01:25:24.074+0900][gc,phases     ] GC(180)   Pre Evacuate Collection Set: 0.3ms
[2023-09-27T01:25:24.074+0900][gc,phases     ] GC(180)   Evacuate Collection Set: 15.7ms
[2023-09-27T01:25:24.074+0900][gc,phases     ] GC(180)   Post Evacuate Collection Set: 0.5ms
[2023-09-27T01:25:24.074+0900][gc,phases     ] GC(180)   Other: 2.0ms
[2023-09-27T01:25:24.074+0900][gc,heap       ] GC(180) Eden regions: 44->0(47)
[2023-09-27T01:25:24.074+0900][gc,heap       ] GC(180) Survivor regions: 7->4(7)
[2023-09-27T01:25:24.074+0900][gc,heap       ] GC(180) Old regions: 120->125
[2023-09-27T01:25:24.074+0900][gc,heap       ] GC(180) Humongous regions: 129->129
[2023-09-27T01:25:24.074+0900][gc,metaspace  ] GC(180) Metaspace: 52662K->52662K(1097728K)
[2023-09-27T01:25:24.074+0900][gc            ] GC(180) Pause Young (Normal) (G1 Evacuation Pause) 299M->257M(1024M) 18.577ms
[2023-09-27T01:25:24.074+0900][gc,cpu        ] GC(180) User=0.04s Sys=0.05s Real=0.02s
[2023-09-27T01:28:06.648+0900][gc,start      ] GC(181) Pause Young (Normal) (G1 Evacuation Pause)
[2023-09-27T01:28:06.651+0900][gc,task       ] GC(181) Using 8 workers of 8 for evacuation
[2023-09-27T01:28:06.676+0900][gc,mmu        ] GC(181) MMU target violated: 21.0ms (20.0ms/21.0ms)
[2023-09-27T01:28:06.676+0900][gc,phases     ] GC(181)   Pre Evacuate Collection Set: 0.3ms
[2023-09-27T01:28:06.676+0900][gc,phases     ] GC(181)   Evacuate Collection Set: 23.5ms
[2023-09-27T01:28:06.676+0900][gc,phases     ] GC(181)   Post Evacuate Collection Set: 0.9ms
[2023-09-27T01:28:06.676+0900][gc,phases     ] GC(181)   Other: 3.5ms
[2023-09-27T01:28:06.676+0900][gc,heap       ] GC(181) Eden regions: 47->0(47)
[2023-09-27T01:28:06.677+0900][gc,heap       ] GC(181) Survivor regions: 4->4(7)
[2023-09-27T01:28:06.677+0900][gc,heap       ] GC(181) Old regions: 125->127
[2023-09-27T01:28:06.677+0900][gc,heap       ] GC(181) Humongous regions: 129->129
[2023-09-27T01:28:06.677+0900][gc,metaspace  ] GC(181) Metaspace: 52662K->52662K(1097728K)
[2023-09-27T01:28:06.677+0900][gc            ] GC(181) Pause Young (Normal) (G1 Evacuation Pause) 304M->259M(1024M) 28.172ms
[2023-09-27T01:28:06.677+0900][gc,cpu        ] GC(181) User=0.06s Sys=0.02s Real=0.03s
[2023-09-27T01:30:50.310+0900][gc,start      ] GC(182) Pause Young (Normal) (G1 Evacuation Pause)
[2023-09-27T01:30:50.312+0900][gc,task       ] GC(182) Using 8 workers of 8 for evacuation
[2023-09-27T01:30:50.338+0900][gc,mmu        ] GC(182) MMU target violated: 21.0ms (20.0ms/21.0ms)
[2023-09-27T01:30:50.338+0900][gc,phases     ] GC(182)   Pre Evacuate Collection Set: 0.8ms
[2023-09-27T01:30:50.338+0900][gc,phases     ] GC(182)   Evacuate Collection Set: 22.4ms
[2023-09-27T01:30:50.338+0900][gc,phases     ] GC(182)   Post Evacuate Collection Set: 1.5ms
[2023-09-27T01:30:50.339+0900][gc,phases     ] GC(182)   Other: 3.8ms
[2023-09-27T01:30:50.339+0900][gc,heap       ] GC(182) Eden regions: 47->0(47)
[2023-09-27T01:30:50.339+0900][gc,heap       ] GC(182) Survivor regions: 4->4(7)
[2023-09-27T01:30:50.339+0900][gc,heap       ] GC(182) Old regions: 127->129
[2023-09-27T01:30:50.339+0900][gc,heap       ] GC(182) Humongous regions: 129->129
[2023-09-27T01:30:50.339+0900][gc,metaspace  ] GC(182) Metaspace: 52662K->52662K(1097728K)
[2023-09-27T01:30:50.339+0900][gc            ] GC(182) Pause Young (Normal) (G1 Evacuation Pause) 306M->261M(1024M) 28.686ms
[2023-09-27T01:30:50.339+0900][gc,cpu        ] GC(182) User=0.06s Sys=0.05s Real=0.02s
[2023-09-27T01:33:35.050+0900][gc,start      ] GC(183) Pause Young (Normal) (G1 Evacuation Pause)
[2023-09-27T01:33:35.052+0900][gc,task       ] GC(183) Using 8 workers of 8 for evacuation
[2023-09-27T01:33:35.074+0900][gc,mmu        ] GC(183) MMU target violated: 21.0ms (20.0ms/21.0ms)
[2023-09-27T01:33:35.074+0900][gc,phases     ] GC(183)   Pre Evacuate Collection Set: 0.2ms
[2023-09-27T01:33:35.074+0900][gc,phases     ] GC(183)   Evacuate Collection Set: 19.5ms
[2023-09-27T01:33:35.074+0900][gc,phases     ] GC(183)   Post Evacuate Collection Set: 0.9ms
[2023-09-27T01:33:35.074+0900][gc,phases     ] GC(183)   Other: 3.3ms
[2023-09-27T01:33:35.074+0900][gc,heap       ] GC(183) Eden regions: 47->0(44)
[2023-09-27T01:33:35.074+0900][gc,heap       ] GC(183) Survivor regions: 4->7(7)
[2023-09-27T01:33:35.074+0900][gc,heap       ] GC(183) Old regions: 129->130
[2023-09-27T01:33:35.074+0900][gc,heap       ] GC(183) Humongous regions: 129->129
[2023-09-27T01:33:35.074+0900][gc,metaspace  ] GC(183) Metaspace: 52662K->52662K(1097728K)
[2023-09-27T01:33:35.074+0900][gc            ] GC(183) Pause Young (Normal) (G1 Evacuation Pause) 308M->265M(1024M) 23.953ms
[2023-09-27T01:33:35.074+0900][gc,cpu        ] GC(183) User=0.07s Sys=0.02s Real=0.02s
[2023-09-27T01:36:09.007+0900][gc,start      ] GC(184) Pause Young (Normal) (G1 Evacuation Pause)
[2023-09-27T01:36:09.008+0900][gc,task       ] GC(184) Using 8 workers of 8 for evacuation
[2023-09-27T01:36:09.023+0900][gc,phases     ] GC(184)   Pre Evacuate Collection Set: 0.4ms
[2023-09-27T01:36:09.023+0900][gc,phases     ] GC(184)   Evacuate Collection Set: 14.5ms
[2023-09-27T01:36:09.023+0900][gc,phases     ] GC(184)   Post Evacuate Collection Set: 0.5ms
[2023-09-27T01:36:09.023+0900][gc,phases     ] GC(184)   Other: 1.4ms
[2023-09-27T01:36:09.023+0900][gc,heap       ] GC(184) Eden regions: 44->0(47)
[2023-09-27T01:36:09.023+0900][gc,heap       ] GC(184) Survivor regions: 7->4(7)
[2023-09-27T01:36:09.023+0900][gc,heap       ] GC(184) Old regions: 130->134
[2023-09-27T01:36:09.023+0900][gc,heap       ] GC(184) Humongous regions: 129->129
[2023-09-27T01:36:09.024+0900][gc,metaspace  ] GC(184) Metaspace: 52662K->52662K(1097728K)
[2023-09-27T01:36:09.024+0900][gc            ] GC(184) Pause Young (Normal) (G1 Evacuation Pause) 309M->266M(1024M) 16.840ms
[2023-09-27T01:36:09.024+0900][gc,cpu        ] GC(184) User=0.04s Sys=0.03s Real=0.02s
[2023-09-27T01:38:53.568+0900][gc,start      ] GC(185) Pause Young (Normal) (G1 Evacuation Pause)
[2023-09-27T01:38:53.569+0900][gc,task       ] GC(185) Using 8 workers of 8 for evacuation
[2023-09-27T01:38:53.603+0900][gc,mmu        ] GC(185) MMU target violated: 21.0ms (20.0ms/21.0ms)
[2023-09-27T01:38:53.604+0900][gc,phases     ] GC(185)   Pre Evacuate Collection Set: 0.9ms
[2023-09-27T01:38:53.604+0900][gc,phases     ] GC(185)   Evacuate Collection Set: 31.7ms
[2023-09-27T01:38:53.604+0900][gc,phases     ] GC(185)   Post Evacuate Collection Set: 0.9ms
[2023-09-27T01:38:53.604+0900][gc,phases     ] GC(185)   Other: 2.2ms
[2023-09-27T01:38:53.604+0900][gc,heap       ] GC(185) Eden regions: 47->0(45)
[2023-09-27T01:38:53.604+0900][gc,heap       ] GC(185) Survivor regions: 4->6(7)
[2023-09-27T01:38:53.604+0900][gc,heap       ] GC(185) Old regions: 134->134
[2023-09-27T01:38:53.604+0900][gc,heap       ] GC(185) Humongous regions: 129->129
[2023-09-27T01:38:53.604+0900][gc,metaspace  ] GC(185) Metaspace: 52662K->52662K(1097728K)
[2023-09-27T01:38:53.604+0900][gc            ] GC(185) Pause Young (Normal) (G1 Evacuation Pause) 313M->268M(1024M) 35.706ms
[2023-09-27T01:38:53.604+0900][gc,cpu        ] GC(185) User=0.05s Sys=0.08s Real=0.04s
[2023-09-27T01:41:30.960+0900][gc,start      ] GC(186) Pause Young (Normal) (G1 Evacuation Pause)
[2023-09-27T01:41:30.962+0900][gc,task       ] GC(186) Using 8 workers of 8 for evacuation
[2023-09-27T01:41:30.987+0900][gc,mmu        ] GC(186) MMU target violated: 21.0ms (20.0ms/21.0ms)
[2023-09-27T01:41:30.987+0900][gc,phases     ] GC(186)   Pre Evacuate Collection Set: 0.3ms
[2023-09-27T01:41:30.987+0900][gc,phases     ] GC(186)   Evacuate Collection Set: 22.8ms
[2023-09-27T01:41:30.987+0900][gc,phases     ] GC(186)   Post Evacuate Collection Set: 1.0ms
[2023-09-27T01:41:30.987+0900][gc,phases     ] GC(186)   Other: 3.5ms
[2023-09-27T01:41:30.987+0900][gc,heap       ] GC(186) Eden regions: 45->0(44)
[2023-09-27T01:41:30.987+0900][gc,heap       ] GC(186) Survivor regions: 6->7(7)
[2023-09-27T01:41:30.987+0900][gc,heap       ] GC(186) Old regions: 134->137
[2023-09-27T01:41:30.987+0900][gc,heap       ] GC(186) Humongous regions: 129->129
[2023-09-27T01:41:30.987+0900][gc,metaspace  ] GC(186) Metaspace: 52665K->52665K(1097728K)
[2023-09-27T01:41:30.987+0900][gc            ] GC(186) Pause Young (Normal) (G1 Evacuation Pause) 313M->272M(1024M) 27.626ms
[2023-09-27T01:41:30.987+0900][gc,cpu        ] GC(186) User=0.08s Sys=0.03s Real=0.03s
[2023-09-27T01:44:05.446+0900][gc,start      ] GC(187) Pause Young (Normal) (G1 Evacuation Pause)
[2023-09-27T01:44:05.447+0900][gc,task       ] GC(187) Using 8 workers of 8 for evacuation
[2023-09-27T01:44:05.475+0900][gc,mmu        ] GC(187) MMU target violated: 21.0ms (20.0ms/21.0ms)
[2023-09-27T01:44:05.475+0900][gc,phases     ] GC(187)   Pre Evacuate Collection Set: 0.2ms
[2023-09-27T01:44:05.475+0900][gc,phases     ] GC(187)   Evacuate Collection Set: 26.3ms
[2023-09-27T01:44:05.475+0900][gc,phases     ] GC(187)   Post Evacuate Collection Set: 0.6ms
[2023-09-27T01:44:05.475+0900][gc,phases     ] GC(187)   Other: 1.7ms
[2023-09-27T01:44:05.475+0900][gc,heap       ] GC(187) Eden regions: 44->0(48)
[2023-09-27T01:44:05.475+0900][gc,heap       ] GC(187) Survivor regions: 7->4(7)
[2023-09-27T01:44:05.475+0900][gc,heap       ] GC(187) Old regions: 137->142
[2023-09-27T01:44:05.475+0900][gc,heap       ] GC(187) Humongous regions: 129->129
[2023-09-27T01:44:05.475+0900][gc,metaspace  ] GC(187) Metaspace: 52665K->52665K(1097728K)
[2023-09-27T01:44:05.475+0900][gc            ] GC(187) Pause Young (Normal) (G1 Evacuation Pause) 316M->273M(1024M) 28.869ms
[2023-09-27T01:44:05.475+0900][gc,cpu        ] GC(187) User=0.06s Sys=0.02s Real=0.03s
[2023-09-27T01:46:52.979+0900][gc,start      ] GC(188) Pause Young (Normal) (G1 Evacuation Pause)
[2023-09-27T01:46:52.981+0900][gc,task       ] GC(188) Using 8 workers of 8 for evacuation
[2023-09-27T01:46:52.995+0900][gc,phases     ] GC(188)   Pre Evacuate Collection Set: 0.5ms
[2023-09-27T01:46:52.995+0900][gc,phases     ] GC(188)   Evacuate Collection Set: 12.2ms
[2023-09-27T01:46:52.995+0900][gc,phases     ] GC(188)   Post Evacuate Collection Set: 0.6ms
[2023-09-27T01:46:52.995+0900][gc,phases     ] GC(188)   Other: 2.6ms
[2023-09-27T01:46:52.995+0900][gc,heap       ] GC(188) Eden regions: 48->0(47)
[2023-09-27T01:46:52.995+0900][gc,heap       ] GC(188) Survivor regions: 4->7(7)
[2023-09-27T01:46:52.995+0900][gc,heap       ] GC(188) Old regions: 142->142
[2023-09-27T01:46:52.995+0900][gc,heap       ] GC(188) Humongous regions: 129->129
[2023-09-27T01:46:52.995+0900][gc,metaspace  ] GC(188) Metaspace: 52665K->52665K(1097728K)
[2023-09-27T01:46:52.995+0900][gc            ] GC(188) Pause Young (Normal) (G1 Evacuation Pause) 321M->277M(1024M) 15.957ms
[2023-09-27T01:46:52.995+0900][gc,cpu        ] GC(188) User=0.04s Sys=0.04s Real=0.02s
[2023-09-27T01:49:36.318+0900][gc,start      ] GC(189) Pause Young (Normal) (G1 Evacuation Pause)
[2023-09-27T01:49:36.320+0900][gc,task       ] GC(189) Using 8 workers of 8 for evacuation
[2023-09-27T01:49:36.354+0900][gc,mmu        ] GC(189) MMU target violated: 21.0ms (20.0ms/21.0ms)
[2023-09-27T01:49:36.354+0900][gc,phases     ] GC(189)   Pre Evacuate Collection Set: 1.3ms
[2023-09-27T01:49:36.354+0900][gc,phases     ] GC(189)   Evacuate Collection Set: 30.7ms
[2023-09-27T01:49:36.354+0900][gc,phases     ] GC(189)   Post Evacuate Collection Set: 0.9ms
[2023-09-27T01:49:36.354+0900][gc,phases     ] GC(189)   Other: 3.6ms
[2023-09-27T01:49:36.354+0900][gc,heap       ] GC(189) Eden regions: 47->0(46)
[2023-09-27T01:49:36.354+0900][gc,heap       ] GC(189) Survivor regions: 7->5(7)
[2023-09-27T01:49:36.354+0900][gc,heap       ] GC(189) Old regions: 142->147
[2023-09-27T01:49:36.354+0900][gc,heap       ] GC(189) Humongous regions: 129->129
[2023-09-27T01:49:36.354+0900][gc,metaspace  ] GC(189) Metaspace: 52670K->52670K(1097728K)
[2023-09-27T01:49:36.354+0900][gc            ] GC(189) Pause Young (Normal) (G1 Evacuation Pause) 324M->279M(1024M) 36.476ms
[2023-09-27T01:49:36.354+0900][gc,cpu        ] GC(189) User=0.07s Sys=0.07s Real=0.04s
[2023-09-27T01:52:17.191+0900][gc,start      ] GC(190) Pause Young (Normal) (G1 Evacuation Pause)
[2023-09-27T01:52:17.193+0900][gc,task       ] GC(190) Using 8 workers of 8 for evacuation
[2023-09-27T01:52:17.216+0900][gc,mmu        ] GC(190) MMU target violated: 21.0ms (20.0ms/21.0ms)
[2023-09-27T01:52:17.216+0900][gc,phases     ] GC(190)   Pre Evacuate Collection Set: 0.3ms
[2023-09-27T01:52:17.216+0900][gc,phases     ] GC(190)   Evacuate Collection Set: 20.2ms
[2023-09-27T01:52:17.216+0900][gc,phases     ] GC(190)   Post Evacuate Collection Set: 1.0ms
[2023-09-27T01:52:17.216+0900][gc,phases     ] GC(190)   Other: 3.4ms
[2023-09-27T01:52:17.216+0900][gc,heap       ] GC(190) Eden regions: 46->0(48)
[2023-09-27T01:52:17.216+0900][gc,heap       ] GC(190) Survivor regions: 5->3(7)
[2023-09-27T01:52:17.216+0900][gc,heap       ] GC(190) Old regions: 147->149
[2023-09-27T01:52:17.216+0900][gc,heap       ] GC(190) Humongous regions: 129->129
[2023-09-27T01:52:17.216+0900][gc,metaspace  ] GC(190) Metaspace: 52670K->52670K(1097728K)
[2023-09-27T01:52:17.216+0900][gc            ] GC(190) Pause Young (Normal) (G1 Evacuation Pause) 325M->280M(1024M) 24.960ms
[2023-09-27T01:52:17.216+0900][gc,cpu        ] GC(190) User=0.06s Sys=0.01s Real=0.02s
[2023-09-27T01:55:05.697+0900][gc,start      ] GC(191) Pause Young (Normal) (G1 Evacuation Pause)
[2023-09-27T01:55:05.699+0900][gc,task       ] GC(191) Using 8 workers of 8 for evacuation
[2023-09-27T01:55:05.723+0900][gc,mmu        ] GC(191) MMU target violated: 21.0ms (20.0ms/21.0ms)
[2023-09-27T01:55:05.723+0900][gc,phases     ] GC(191)   Pre Evacuate Collection Set: 0.7ms
[2023-09-27T01:55:05.723+0900][gc,phases     ] GC(191)   Evacuate Collection Set: 22.4ms
[2023-09-27T01:55:05.723+0900][gc,phases     ] GC(191)   Post Evacuate Collection Set: 0.6ms
[2023-09-27T01:55:05.723+0900][gc,phases     ] GC(191)   Other: 3.1ms
[2023-09-27T01:55:05.723+0900][gc,heap       ] GC(191) Eden regions: 48->0(44)
[2023-09-27T01:55:05.723+0900][gc,heap       ] GC(191) Survivor regions: 3->7(7)
[2023-09-27T01:55:05.723+0900][gc,heap       ] GC(191) Old regions: 149->149
[2023-09-27T01:55:05.724+0900][gc,heap       ] GC(191) Humongous regions: 129->129
[2023-09-27T01:55:05.724+0900][gc,metaspace  ] GC(191) Metaspace: 52671K->52671K(1097728K)
[2023-09-27T01:55:05.724+0900][gc            ] GC(191) Pause Young (Normal) (G1 Evacuation Pause) 328M->284M(1024M) 26.794ms
[2023-09-27T01:55:05.724+0900][gc,cpu        ] GC(191) User=0.04s Sys=0.05s Real=0.03s
[2023-09-27T01:57:38.788+0900][gc,start      ] GC(192) Pause Young (Normal) (G1 Evacuation Pause)
[2023-09-27T01:57:38.789+0900][gc,task       ] GC(192) Using 8 workers of 8 for evacuation
[2023-09-27T01:57:38.817+0900][gc,mmu        ] GC(192) MMU target violated: 21.0ms (20.0ms/21.0ms)
[2023-09-27T01:57:38.818+0900][gc,phases     ] GC(192)   Pre Evacuate Collection Set: 0.3ms
[2023-09-27T01:57:38.818+0900][gc,phases     ] GC(192)   Evacuate Collection Set: 26.2ms
[2023-09-27T01:57:38.818+0900][gc,phases     ] GC(192)   Post Evacuate Collection Set: 1.2ms
[2023-09-27T01:57:38.818+0900][gc,phases     ] GC(192)   Other: 2.6ms
[2023-09-27T01:57:38.818+0900][gc,heap       ] GC(192) Eden regions: 44->0(47)
[2023-09-27T01:57:38.818+0900][gc,heap       ] GC(192) Survivor regions: 7->4(7)
[2023-09-27T01:57:38.818+0900][gc,heap       ] GC(192) Old regions: 149->154
[2023-09-27T01:57:38.818+0900][gc,heap       ] GC(192) Humongous regions: 129->129
[2023-09-27T01:57:38.818+0900][gc,metaspace  ] GC(192) Metaspace: 52679K->52679K(1097728K)
[2023-09-27T01:57:38.818+0900][gc            ] GC(192) Pause Young (Normal) (G1 Evacuation Pause) 328M->286M(1024M) 30.389ms
[2023-09-27T01:57:38.818+0900][gc,cpu        ] GC(192) User=0.07s Sys=0.03s Real=0.03s
[2023-09-27T02:00:23.335+0900][gc,start      ] GC(193) Pause Young (Normal) (G1 Evacuation Pause)
[2023-09-27T02:00:23.335+0900][gc,task       ] GC(193) Using 8 workers of 8 for evacuation
[2023-09-27T02:00:23.352+0900][gc,phases     ] GC(193)   Pre Evacuate Collection Set: 0.5ms
[2023-09-27T02:00:23.352+0900][gc,phases     ] GC(193)   Evacuate Collection Set: 15.6ms
[2023-09-27T02:00:23.353+0900][gc,phases     ] GC(193)   Post Evacuate Collection Set: 0.5ms
[2023-09-27T02:00:23.353+0900][gc,phases     ] GC(193)   Other: 1.3ms
[2023-09-27T02:00:23.353+0900][gc,heap       ] GC(193) Eden regions: 47->0(44)
[2023-09-27T02:00:23.353+0900][gc,heap       ] GC(193) Survivor regions: 4->7(7)
[2023-09-27T02:00:23.353+0900][gc,heap       ] GC(193) Old regions: 154->154
[2023-09-27T02:00:23.353+0900][gc,heap       ] GC(193) Humongous regions: 129->129
[2023-09-27T02:00:23.353+0900][gc,metaspace  ] GC(193) Metaspace: 52682K->52682K(1097728K)
[2023-09-27T02:00:23.353+0900][gc            ] GC(193) Pause Young (Normal) (G1 Evacuation Pause) 333M->289M(1024M) 17.970ms
[2023-09-27T02:00:23.353+0900][gc,cpu        ] GC(193) User=0.04s Sys=0.02s Real=0.02s
[2023-09-27T02:02:57.187+0900][gc,start      ] GC(194) Pause Young (Normal) (G1 Evacuation Pause)
[2023-09-27T02:02:57.189+0900][gc,task       ] GC(194) Using 8 workers of 8 for evacuation
[2023-09-27T02:02:57.221+0900][gc,mmu        ] GC(194) MMU target violated: 21.0ms (20.0ms/21.0ms)
[2023-09-27T02:02:57.221+0900][gc,phases     ] GC(194)   Pre Evacuate Collection Set: 0.4ms
[2023-09-27T02:02:57.221+0900][gc,phases     ] GC(194)   Evacuate Collection Set: 29.8ms
[2023-09-27T02:02:57.221+0900][gc,phases     ] GC(194)   Post Evacuate Collection Set: 1.1ms
[2023-09-27T02:02:57.221+0900][gc,phases     ] GC(194)   Other: 3.4ms
[2023-09-27T02:02:57.221+0900][gc,heap       ] GC(194) Eden regions: 44->0(47)
[2023-09-27T02:02:57.221+0900][gc,heap       ] GC(194) Survivor regions: 7->4(7)
[2023-09-27T02:02:57.221+0900][gc,heap       ] GC(194) Old regions: 154->159
[2023-09-27T02:02:57.221+0900][gc,heap       ] GC(194) Humongous regions: 129->129
[2023-09-27T02:02:57.221+0900][gc,metaspace  ] GC(194) Metaspace: 52682K->52682K(1097728K)
[2023-09-27T02:02:57.221+0900][gc            ] GC(194) Pause Young (Normal) (G1 Evacuation Pause) 333M->291M(1024M) 34.758ms
[2023-09-27T02:02:57.221+0900][gc,cpu        ] GC(194) User=0.08s Sys=0.03s Real=0.04s
[2023-09-27T02:05:41.007+0900][gc,start      ] GC(195) Pause Young (Normal) (G1 Evacuation Pause)
[2023-09-27T02:05:41.008+0900][gc,task       ] GC(195) Using 8 workers of 8 for evacuation
[2023-09-27T02:05:41.029+0900][gc,mmu        ] GC(195) MMU target violated: 20.5ms (20.0ms/21.0ms)
[2023-09-27T02:05:41.029+0900][gc,phases     ] GC(195)   Pre Evacuate Collection Set: 0.6ms
[2023-09-27T02:05:41.029+0900][gc,phases     ] GC(195)   Evacuate Collection Set: 19.0ms
[2023-09-27T02:05:41.029+0900][gc,phases     ] GC(195)   Post Evacuate Collection Set: 0.5ms
[2023-09-27T02:05:41.029+0900][gc,phases     ] GC(195)   Other: 2.3ms
[2023-09-27T02:05:41.029+0900][gc,heap       ] GC(195) Eden regions: 47->0(44)
[2023-09-27T02:05:41.029+0900][gc,heap       ] GC(195) Survivor regions: 4->7(7)
[2023-09-27T02:05:41.029+0900][gc,heap       ] GC(195) Old regions: 159->159
[2023-09-27T02:05:41.029+0900][gc,heap       ] GC(195) Humongous regions: 129->129
[2023-09-27T02:05:41.029+0900][gc,metaspace  ] GC(195) Metaspace: 52682K->52682K(1097728K)
[2023-09-27T02:05:41.029+0900][gc            ] GC(195) Pause Young (Normal) (G1 Evacuation Pause) 338M->295M(1024M) 22.185ms
[2023-09-27T02:05:41.029+0900][gc,cpu        ] GC(195) User=0.05s Sys=0.06s Real=0.02s
[2023-09-27T02:08:15.803+0900][gc,start      ] GC(196) Pause Young (Normal) (G1 Evacuation Pause)
[2023-09-27T02:08:15.804+0900][gc,task       ] GC(196) Using 8 workers of 8 for evacuation
[2023-09-27T02:08:15.827+0900][gc,mmu        ] GC(196) MMU target violated: 21.0ms (20.0ms/21.0ms)
[2023-09-27T02:08:15.827+0900][gc,phases     ] GC(196)   Pre Evacuate Collection Set: 0.2ms
[2023-09-27T02:08:15.827+0900][gc,phases     ] GC(196)   Evacuate Collection Set: 21.8ms
[2023-09-27T02:08:15.827+0900][gc,phases     ] GC(196)   Post Evacuate Collection Set: 0.6ms
[2023-09-27T02:08:15.827+0900][gc,phases     ] GC(196)   Other: 1.9ms
[2023-09-27T02:08:15.827+0900][gc,heap       ] GC(196) Eden regions: 44->0(47)
[2023-09-27T02:08:15.827+0900][gc,heap       ] GC(196) Survivor regions: 7->4(7)
[2023-09-27T02:08:15.827+0900][gc,heap       ] GC(196) Old regions: 159->164
[2023-09-27T02:08:15.827+0900][gc,heap       ] GC(196) Humongous regions: 129->129
[2023-09-27T02:08:15.827+0900][gc,metaspace  ] GC(196) Metaspace: 52682K->52682K(1097728K)
[2023-09-27T02:08:15.828+0900][gc            ] GC(196) Pause Young (Normal) (G1 Evacuation Pause) 339M->296M(1024M) 24.610ms
[2023-09-27T02:08:15.828+0900][gc,cpu        ] GC(196) User=0.07s Sys=0.03s Real=0.02s
[2023-09-27T02:11:00.647+0900][gc,start      ] GC(197) Pause Young (Normal) (G1 Evacuation Pause)
[2023-09-27T02:11:00.650+0900][gc,task       ] GC(197) Using 8 workers of 8 for evacuation
[2023-09-27T02:11:00.676+0900][gc,mmu        ] GC(197) MMU target violated: 21.0ms (20.0ms/21.0ms)
[2023-09-27T02:11:00.676+0900][gc,phases     ] GC(197)   Pre Evacuate Collection Set: 1.1ms
[2023-09-27T02:11:00.676+0900][gc,phases     ] GC(197)   Evacuate Collection Set: 23.0ms
[2023-09-27T02:11:00.676+0900][gc,phases     ] GC(197)   Post Evacuate Collection Set: 0.7ms
[2023-09-27T02:11:00.676+0900][gc,phases     ] GC(197)   Other: 4.9ms
[2023-09-27T02:11:00.676+0900][gc,heap       ] GC(197) Eden regions: 47->0(45)
[2023-09-27T02:11:00.676+0900][gc,heap       ] GC(197) Survivor regions: 4->6(7)
[2023-09-27T02:11:00.676+0900][gc,heap       ] GC(197) Old regions: 164->164
[2023-09-27T02:11:00.676+0900][gc,heap       ] GC(197) Humongous regions: 129->129
[2023-09-27T02:11:00.676+0900][gc,metaspace  ] GC(197) Metaspace: 52682K->52682K(1097728K)
[2023-09-27T02:11:00.676+0900][gc            ] GC(197) Pause Young (Normal) (G1 Evacuation Pause) 343M->298M(1024M) 29.458ms
[2023-09-27T02:11:00.676+0900][gc,cpu        ] GC(197) User=0.04s Sys=0.04s Real=0.03s
[2023-09-27T02:13:39.144+0900][gc,start      ] GC(198) Pause Young (Normal) (G1 Evacuation Pause)
[2023-09-27T02:13:39.146+0900][gc,task       ] GC(198) Using 8 workers of 8 for evacuation
[2023-09-27T02:13:39.173+0900][gc,mmu        ] GC(198) MMU target violated: 21.0ms (20.0ms/21.0ms)
[2023-09-27T02:13:39.173+0900][gc,phases     ] GC(198)   Pre Evacuate Collection Set: 0.3ms
[2023-09-27T02:13:39.173+0900][gc,phases     ] GC(198)   Evacuate Collection Set: 25.1ms
[2023-09-27T02:13:39.173+0900][gc,phases     ] GC(198)   Post Evacuate Collection Set: 0.6ms
[2023-09-27T02:13:39.173+0900][gc,phases     ] GC(198)   Other: 3.5ms
[2023-09-27T02:13:39.173+0900][gc,heap       ] GC(198) Eden regions: 45->0(44)
[2023-09-27T02:13:39.173+0900][gc,heap       ] GC(198) Survivor regions: 6->7(7)
[2023-09-27T02:13:39.173+0900][gc,heap       ] GC(198) Old regions: 164->167
[2023-09-27T02:13:39.173+0900][gc,heap       ] GC(198) Humongous regions: 129->129
[2023-09-27T02:13:39.173+0900][gc,metaspace  ] GC(198) Metaspace: 52682K->52682K(1097728K)
[2023-09-27T02:13:39.173+0900][gc            ] GC(198) Pause Young (Normal) (G1 Evacuation Pause) 343M->301M(1024M) 29.441ms
[2023-09-27T02:13:39.173+0900][gc,cpu        ] GC(198) User=0.08s Sys=0.02s Real=0.03s
[2023-09-27T02:16:12.571+0900][gc,start      ] GC(199) Pause Young (Normal) (G1 Evacuation Pause)
[2023-09-27T02:16:12.573+0900][gc,task       ] GC(199) Using 8 workers of 8 for evacuation
[2023-09-27T02:16:12.609+0900][gc,mmu        ] GC(199) MMU target violated: 21.0ms (20.0ms/21.0ms)
[2023-09-27T02:16:12.609+0900][gc,phases     ] GC(199)   Pre Evacuate Collection Set: 0.9ms
[2023-09-27T02:16:12.609+0900][gc,phases     ] GC(199)   Evacuate Collection Set: 32.4ms
[2023-09-27T02:16:12.609+0900][gc,phases     ] GC(199)   Post Evacuate Collection Set: 1.4ms
[2023-09-27T02:16:12.609+0900][gc,phases     ] GC(199)   Other: 3.0ms
[2023-09-27T02:16:12.609+0900][gc,heap       ] GC(199) Eden regions: 44->0(47)
[2023-09-27T02:16:12.609+0900][gc,heap       ] GC(199) Survivor regions: 7->4(7)
[2023-09-27T02:16:12.609+0900][gc,heap       ] GC(199) Old regions: 167->172
[2023-09-27T02:16:12.609+0900][gc,heap       ] GC(199) Humongous regions: 129->129
[2023-09-27T02:16:12.609+0900][gc,metaspace  ] GC(199) Metaspace: 52682K->52682K(1097728K)
[2023-09-27T02:16:12.609+0900][gc            ] GC(199) Pause Young (Normal) (G1 Evacuation Pause) 345M->303M(1024M) 37.758ms
[2023-09-27T02:16:12.609+0900][gc,cpu        ] GC(199) User=0.07s Sys=0.06s Real=0.03s
[2023-09-27T02:18:57.831+0900][gc,start      ] GC(200) Pause Young (Normal) (G1 Evacuation Pause)
[2023-09-27T02:18:57.833+0900][gc,task       ] GC(200) Using 8 workers of 8 for evacuation
[2023-09-27T02:18:57.879+0900][gc,mmu        ] GC(200) MMU target violated: 21.0ms (20.0ms/21.0ms)
[2023-09-27T02:18:57.880+0900][gc,phases     ] GC(200)   Pre Evacuate Collection Set: 1.0ms
[2023-09-27T02:18:57.880+0900][gc,phases     ] GC(200)   Evacuate Collection Set: 42.4ms
[2023-09-27T02:18:57.880+0900][gc,phases     ] GC(200)   Post Evacuate Collection Set: 1.4ms
[2023-09-27T02:18:57.880+0900][gc,phases     ] GC(200)   Other: 4.4ms
[2023-09-27T02:18:57.880+0900][gc,heap       ] GC(200) Eden regions: 47->0(44)
[2023-09-27T02:18:57.880+0900][gc,heap       ] GC(200) Survivor regions: 4->7(7)
[2023-09-27T02:18:57.880+0900][gc,heap       ] GC(200) Old regions: 172->172
[2023-09-27T02:18:57.880+0900][gc,heap       ] GC(200) Humongous regions: 129->129
[2023-09-27T02:18:57.880+0900][gc,metaspace  ] GC(200) Metaspace: 52682K->52682K(1097728K)
[2023-09-27T02:18:57.880+0900][gc            ] GC(200) Pause Young (Normal) (G1 Evacuation Pause) 350M->307M(1024M) 49.211ms
[2023-09-27T02:18:57.880+0900][gc,cpu        ] GC(200) User=0.07s Sys=0.11s Real=0.05s
[2023-09-27T02:21:31.627+0900][gc,start      ] GC(201) Pause Young (Normal) (G1 Evacuation Pause)
[2023-09-27T02:21:31.628+0900][gc,task       ] GC(201) Using 8 workers of 8 for evacuation
[2023-09-27T02:21:31.661+0900][gc,mmu        ] GC(201) MMU target violated: 21.0ms (20.0ms/21.0ms)
[2023-09-27T02:21:31.661+0900][gc,phases     ] GC(201)   Pre Evacuate Collection Set: 0.8ms
[2023-09-27T02:21:31.661+0900][gc,phases     ] GC(201)   Evacuate Collection Set: 29.3ms
[2023-09-27T02:21:31.661+0900][gc,phases     ] GC(201)   Post Evacuate Collection Set: 1.5ms
[2023-09-27T02:21:31.661+0900][gc,phases     ] GC(201)   Other: 2.7ms
[2023-09-27T02:21:31.661+0900][gc,heap       ] GC(201) Eden regions: 44->0(47)
[2023-09-27T02:21:31.661+0900][gc,heap       ] GC(201) Survivor regions: 7->4(7)
[2023-09-27T02:21:31.661+0900][gc,heap       ] GC(201) Old regions: 172->177
[2023-09-27T02:21:31.661+0900][gc,heap       ] GC(201) Humongous regions: 129->129
[2023-09-27T02:21:31.661+0900][gc,metaspace  ] GC(201) Metaspace: 52682K->52682K(1097728K)
[2023-09-27T02:21:31.661+0900][gc            ] GC(201) Pause Young (Normal) (G1 Evacuation Pause) 351M->308M(1024M) 34.351ms
[2023-09-27T02:21:31.661+0900][gc,cpu        ] GC(201) User=0.07s Sys=0.08s Real=0.04s
[2023-09-27T02:24:08.683+0900][gc,start      ] GC(202) Pause Young (Normal) (G1 Evacuation Pause)
[2023-09-27T02:24:08.684+0900][gc,task       ] GC(202) Using 8 workers of 8 for evacuation
[2023-09-27T02:24:08.701+0900][gc,phases     ] GC(202)   Pre Evacuate Collection Set: 0.1ms
[2023-09-27T02:24:08.701+0900][gc,phases     ] GC(202)   Evacuate Collection Set: 15.6ms
[2023-09-27T02:24:08.701+0900][gc,phases     ] GC(202)   Post Evacuate Collection Set: 0.4ms
[2023-09-27T02:24:08.701+0900][gc,phases     ] GC(202)   Other: 2.2ms
[2023-09-27T02:24:08.701+0900][gc,heap       ] GC(202) Eden regions: 47->0(44)
[2023-09-27T02:24:08.701+0900][gc,heap       ] GC(202) Survivor regions: 4->7(7)
[2023-09-27T02:24:08.701+0900][gc,heap       ] GC(202) Old regions: 177->178
[2023-09-27T02:24:08.701+0900][gc,heap       ] GC(202) Humongous regions: 129->129
[2023-09-27T02:24:08.701+0900][gc,metaspace  ] GC(202) Metaspace: 52682K->52682K(1097728K)
[2023-09-27T02:24:08.701+0900][gc            ] GC(202) Pause Young (Normal) (G1 Evacuation Pause) 355M->313M(1024M) 18.281ms
[2023-09-27T02:24:08.701+0900][gc,cpu        ] GC(202) User=0.07s Sys=0.03s Real=0.02s
[2023-09-27T02:26:38.704+0900][gc,start      ] GC(203) Pause Young (Normal) (G1 Evacuation Pause)
[2023-09-27T02:26:38.705+0900][gc,task       ] GC(203) Using 8 workers of 8 for evacuation
[2023-09-27T02:26:38.742+0900][gc,mmu        ] GC(203) MMU target violated: 21.0ms (20.0ms/21.0ms)
[2023-09-27T02:26:38.743+0900][gc,phases     ] GC(203)   Pre Evacuate Collection Set: 0.7ms
[2023-09-27T02:26:38.743+0900][gc,phases     ] GC(203)   Evacuate Collection Set: 33.9ms
[2023-09-27T02:26:38.743+0900][gc,phases     ] GC(203)   Post Evacuate Collection Set: 1.7ms
[2023-09-27T02:26:38.743+0900][gc,phases     ] GC(203)   Other: 2.3ms
[2023-09-27T02:26:38.743+0900][gc,heap       ] GC(203) Eden regions: 44->0(46)
[2023-09-27T02:26:38.743+0900][gc,heap       ] GC(203) Survivor regions: 7->5(7)
[2023-09-27T02:26:38.743+0900][gc,heap       ] GC(203) Old regions: 178->184
[2023-09-27T02:26:38.743+0900][gc,heap       ] GC(203) Humongous regions: 129->129
[2023-09-27T02:26:38.743+0900][gc,metaspace  ] GC(203) Metaspace: 52682K->52682K(1097728K)
[2023-09-27T02:26:38.743+0900][gc            ] GC(203) Pause Young (Normal) (G1 Evacuation Pause) 357M->316M(1024M) 38.607ms
[2023-09-27T02:26:38.743+0900][gc,cpu        ] GC(203) User=0.08s Sys=0.07s Real=0.04s
[2023-09-27T02:29:20.820+0900][gc,start      ] GC(204) Pause Young (Normal) (G1 Evacuation Pause)
[2023-09-27T02:29:20.821+0900][gc,task       ] GC(204) Using 8 workers of 8 for evacuation
[2023-09-27T02:29:20.851+0900][gc,mmu        ] GC(204) MMU target violated: 21.0ms (20.0ms/21.0ms)
[2023-09-27T02:29:20.851+0900][gc,phases     ] GC(204)   Pre Evacuate Collection Set: 0.6ms
[2023-09-27T02:29:20.851+0900][gc,phases     ] GC(204)   Evacuate Collection Set: 28.2ms
[2023-09-27T02:29:20.851+0900][gc,phases     ] GC(204)   Post Evacuate Collection Set: 0.7ms
[2023-09-27T02:29:20.851+0900][gc,phases     ] GC(204)   Other: 1.9ms
[2023-09-27T02:29:20.851+0900][gc,heap       ] GC(204) Eden regions: 46->0(44)
[2023-09-27T02:29:20.851+0900][gc,heap       ] GC(204) Survivor regions: 5->7(7)
[2023-09-27T02:29:20.851+0900][gc,heap       ] GC(204) Old regions: 184->184
[2023-09-27T02:29:20.851+0900][gc,heap       ] GC(204) Humongous regions: 129->129
[2023-09-27T02:29:20.851+0900][gc,metaspace  ] GC(204) Metaspace: 52682K->52682K(1097728K)
[2023-09-27T02:29:20.851+0900][gc            ] GC(204) Pause Young (Normal) (G1 Evacuation Pause) 362M->320M(1024M) 31.249ms
[2023-09-27T02:29:20.851+0900][gc,cpu        ] GC(204) User=0.05s Sys=0.10s Real=0.03s
[2023-09-27T02:31:54.740+0900][gc,start      ] GC(205) Pause Young (Normal) (G1 Evacuation Pause)
[2023-09-27T02:31:54.741+0900][gc,task       ] GC(205) Using 8 workers of 8 for evacuation
[2023-09-27T02:31:54.769+0900][gc,mmu        ] GC(205) MMU target violated: 21.0ms (20.0ms/21.0ms)
[2023-09-27T02:31:54.786+0900][gc,phases     ] GC(205)   Pre Evacuate Collection Set: 0.3ms
[2023-09-27T02:31:54.786+0900][gc,phases     ] GC(205)   Evacuate Collection Set: 26.8ms
[2023-09-27T02:31:54.786+0900][gc,phases     ] GC(205)   Post Evacuate Collection Set: 0.6ms
[2023-09-27T02:31:54.786+0900][gc,phases     ] GC(205)   Other: 18.7ms
[2023-09-27T02:31:54.786+0900][gc,heap       ] GC(205) Eden regions: 44->0(47)
[2023-09-27T02:31:54.786+0900][gc,heap       ] GC(205) Survivor regions: 7->4(7)
[2023-09-27T02:31:54.786+0900][gc,heap       ] GC(205) Old regions: 184->190
[2023-09-27T02:31:54.786+0900][gc,heap       ] GC(205) Humongous regions: 129->129
[2023-09-27T02:31:54.786+0900][gc,metaspace  ] GC(205) Metaspace: 52682K->52682K(1097728K)
[2023-09-27T02:31:54.786+0900][gc            ] GC(205) Pause Young (Normal) (G1 Evacuation Pause) 364M->321M(1024M) 46.662ms
[2023-09-27T02:31:54.786+0900][gc,cpu        ] GC(205) User=0.07s Sys=0.03s Real=0.04s
[2023-09-27T02:34:39.456+0900][gc,start      ] GC(206) Pause Young (Normal) (G1 Evacuation Pause)
[2023-09-27T02:34:39.458+0900][gc,task       ] GC(206) Using 8 workers of 8 for evacuation
[2023-09-27T02:34:39.490+0900][gc,mmu        ] GC(206) MMU target violated: 21.0ms (20.0ms/21.0ms)
[2023-09-27T02:34:39.490+0900][gc,phases     ] GC(206)   Pre Evacuate Collection Set: 0.7ms
[2023-09-27T02:34:39.490+0900][gc,phases     ] GC(206)   Evacuate Collection Set: 30.4ms
[2023-09-27T02:34:39.490+0900][gc,phases     ] GC(206)   Post Evacuate Collection Set: 0.6ms
[2023-09-27T02:34:39.490+0900][gc,phases     ] GC(206)   Other: 2.3ms
[2023-09-27T02:34:39.490+0900][gc,heap       ] GC(206) Eden regions: 47->0(44)
[2023-09-27T02:34:39.490+0900][gc,heap       ] GC(206) Survivor regions: 4->7(7)
[2023-09-27T02:34:39.490+0900][gc,heap       ] GC(206) Old regions: 190->190
[2023-09-27T02:34:39.490+0900][gc,heap       ] GC(206) Humongous regions: 129->129
[2023-09-27T02:34:39.490+0900][gc,metaspace  ] GC(206) Metaspace: 52682K->52682K(1097728K)
[2023-09-27T02:34:39.490+0900][gc            ] GC(206) Pause Young (Normal) (G1 Evacuation Pause) 368M->325M(1024M) 34.010ms
[2023-09-27T02:34:39.491+0900][gc,cpu        ] GC(206) User=0.04s Sys=0.07s Real=0.04s
[2023-09-27T02:37:13.043+0900][gc,start      ] GC(207) Pause Young (Normal) (G1 Evacuation Pause)
[2023-09-27T02:37:13.044+0900][gc,task       ] GC(207) Using 8 workers of 8 for evacuation
[2023-09-27T02:37:13.056+0900][gc,phases     ] GC(207)   Pre Evacuate Collection Set: 0.1ms
[2023-09-27T02:37:13.056+0900][gc,phases     ] GC(207)   Evacuate Collection Set: 11.1ms
[2023-09-27T02:37:13.056+0900][gc,phases     ] GC(207)   Post Evacuate Collection Set: 0.3ms
[2023-09-27T02:37:13.056+0900][gc,phases     ] GC(207)   Other: 1.0ms
[2023-09-27T02:37:13.056+0900][gc,heap       ] GC(207) Eden regions: 44->0(46)
[2023-09-27T02:37:13.056+0900][gc,heap       ] GC(207) Survivor regions: 7->5(7)
[2023-09-27T02:37:13.056+0900][gc,heap       ] GC(207) Old regions: 190->195
[2023-09-27T02:37:13.056+0900][gc,heap       ] GC(207) Humongous regions: 129->129
[2023-09-27T02:37:13.056+0900][gc,metaspace  ] GC(207) Metaspace: 52682K->52682K(1097728K)
[2023-09-27T02:37:13.056+0900][gc            ] GC(207) Pause Young (Normal) (G1 Evacuation Pause) 369M->327M(1024M) 12.536ms
[2023-09-27T02:37:13.056+0900][gc,cpu        ] GC(207) User=0.04s Sys=0.02s Real=0.01s
[2023-09-27T02:39:55.082+0900][gc,start      ] GC(208) Pause Young (Normal) (G1 Evacuation Pause)
[2023-09-27T02:39:55.083+0900][gc,task       ] GC(208) Using 8 workers of 8 for evacuation
[2023-09-27T02:39:55.115+0900][gc,mmu        ] GC(208) MMU target violated: 21.0ms (20.0ms/21.0ms)
[2023-09-27T02:39:55.115+0900][gc,phases     ] GC(208)   Pre Evacuate Collection Set: 2.3ms
[2023-09-27T02:39:55.115+0900][gc,phases     ] GC(208)   Evacuate Collection Set: 26.7ms
[2023-09-27T02:39:55.115+0900][gc,phases     ] GC(208)   Post Evacuate Collection Set: 1.2ms
[2023-09-27T02:39:55.115+0900][gc,phases     ] GC(208)   Other: 2.8ms
[2023-09-27T02:39:55.115+0900][gc,heap       ] GC(208) Eden regions: 46->0(48)
[2023-09-27T02:39:55.115+0900][gc,heap       ] GC(208) Survivor regions: 5->3(7)
[2023-09-27T02:39:55.115+0900][gc,heap       ] GC(208) Old regions: 195->198
[2023-09-27T02:39:55.115+0900][gc,heap       ] GC(208) Humongous regions: 129->129
[2023-09-27T02:39:55.115+0900][gc,metaspace  ] GC(208) Metaspace: 52682K->52682K(1097728K)
[2023-09-27T02:39:55.115+0900][gc            ] GC(208) Pause Young (Normal) (G1 Evacuation Pause) 373M->329M(1024M) 33.062ms
[2023-09-27T02:39:55.116+0900][gc,cpu        ] GC(208) User=0.06s Sys=0.05s Real=0.03s
[2023-09-27T02:42:43.500+0900][gc,start      ] GC(209) Pause Young (Normal) (G1 Evacuation Pause)
[2023-09-27T02:42:43.501+0900][gc,task       ] GC(209) Using 8 workers of 8 for evacuation
[2023-09-27T02:42:43.523+0900][gc,mmu        ] GC(209) MMU target violated: 21.0ms (20.0ms/21.0ms)
[2023-09-27T02:42:43.524+0900][gc,phases     ] GC(209)   Pre Evacuate Collection Set: 0.3ms
[2023-09-27T02:42:43.524+0900][gc,phases     ] GC(209)   Evacuate Collection Set: 20.0ms
[2023-09-27T02:42:43.524+0900][gc,phases     ] GC(209)   Post Evacuate Collection Set: 1.1ms
[2023-09-27T02:42:43.524+0900][gc,phases     ] GC(209)   Other: 2.9ms
[2023-09-27T02:42:43.524+0900][gc,heap       ] GC(209) Eden regions: 48->0(44)
[2023-09-27T02:42:43.524+0900][gc,heap       ] GC(209) Survivor regions: 3->7(7)
[2023-09-27T02:42:43.524+0900][gc,heap       ] GC(209) Old regions: 198->198
[2023-09-27T02:42:43.524+0900][gc,heap       ] GC(209) Humongous regions: 129->129
[2023-09-27T02:42:43.524+0900][gc,metaspace  ] GC(209) Metaspace: 52682K->52682K(1097728K)
[2023-09-27T02:42:43.524+0900][gc            ] GC(209) Pause Young (Normal) (G1 Evacuation Pause) 377M->333M(1024M) 24.198ms
[2023-09-27T02:42:43.524+0900][gc,cpu        ] GC(209) User=0.07s Sys=0.03s Real=0.02s
[2023-09-27T02:45:17.855+0900][gc,start      ] GC(210) Pause Young (Normal) (G1 Evacuation Pause)
[2023-09-27T02:45:17.856+0900][gc,task       ] GC(210) Using 8 workers of 8 for evacuation
[2023-09-27T02:45:17.877+0900][gc,mmu        ] GC(210) MMU target violated: 20.7ms (20.0ms/21.0ms)
[2023-09-27T02:45:17.877+0900][gc,phases     ] GC(210)   Pre Evacuate Collection Set: 0.6ms
[2023-09-27T02:45:17.877+0900][gc,phases     ] GC(210)   Evacuate Collection Set: 19.1ms
[2023-09-27T02:45:17.877+0900][gc,phases     ] GC(210)   Post Evacuate Collection Set: 0.6ms
[2023-09-27T02:45:17.877+0900][gc,phases     ] GC(210)   Other: 1.5ms
[2023-09-27T02:45:17.877+0900][gc,heap       ] GC(210) Eden regions: 44->0(47)
[2023-09-27T02:45:17.877+0900][gc,heap       ] GC(210) Survivor regions: 7->4(7)
[2023-09-27T02:45:17.877+0900][gc,heap       ] GC(210) Old regions: 198->203
[2023-09-27T02:45:17.877+0900][gc,heap       ] GC(210) Humongous regions: 129->129
[2023-09-27T02:45:17.877+0900][gc,metaspace  ] GC(210) Metaspace: 52682K->52682K(1097728K)
[2023-09-27T02:45:17.877+0900][gc            ] GC(210) Pause Young (Normal) (G1 Evacuation Pause) 377M->334M(1024M) 21.808ms
[2023-09-27T02:45:17.877+0900][gc,cpu        ] GC(210) User=0.05s Sys=0.05s Real=0.02s
[2023-09-27T02:48:03.455+0900][gc,start      ] GC(211) Pause Young (Normal) (G1 Evacuation Pause)
[2023-09-27T02:48:03.456+0900][gc,task       ] GC(211) Using 8 workers of 8 for evacuation
[2023-09-27T02:48:03.465+0900][gc,phases     ] GC(211)   Pre Evacuate Collection Set: 0.1ms
[2023-09-27T02:48:03.465+0900][gc,phases     ] GC(211)   Evacuate Collection Set: 8.5ms
[2023-09-27T02:48:03.465+0900][gc,phases     ] GC(211)   Post Evacuate Collection Set: 0.4ms
[2023-09-27T02:48:03.465+0900][gc,phases     ] GC(211)   Other: 1.0ms
[2023-09-27T02:48:03.465+0900][gc,heap       ] GC(211) Eden regions: 47->0(45)
[2023-09-27T02:48:03.465+0900][gc,heap       ] GC(211) Survivor regions: 4->7(7)
[2023-09-27T02:48:03.465+0900][gc,heap       ] GC(211) Old regions: 203->203
[2023-09-27T02:48:03.465+0900][gc,heap       ] GC(211) Humongous regions: 129->129
[2023-09-27T02:48:03.465+0900][gc,metaspace  ] GC(211) Metaspace: 52682K->52682K(1097728K)
[2023-09-27T02:48:03.465+0900][gc            ] GC(211) Pause Young (Normal) (G1 Evacuation Pause) 381M->338M(1024M) 9.996ms
[2023-09-27T02:48:03.465+0900][gc,cpu        ] GC(211) User=0.05s Sys=0.01s Real=0.01s
[2023-09-27T02:50:41.165+0900][gc,start      ] GC(212) Pause Young (Normal) (G1 Evacuation Pause)
[2023-09-27T02:50:41.166+0900][gc,task       ] GC(212) Using 8 workers of 8 for evacuation
[2023-09-27T02:50:41.196+0900][gc,mmu        ] GC(212) MMU target violated: 21.0ms (20.0ms/21.0ms)
[2023-09-27T02:50:41.196+0900][gc,phases     ] GC(212)   Pre Evacuate Collection Set: 0.6ms
[2023-09-27T02:50:41.196+0900][gc,phases     ] GC(212)   Evacuate Collection Set: 26.3ms
[2023-09-27T02:50:41.196+0900][gc,phases     ] GC(212)   Post Evacuate Collection Set: 0.9ms
[2023-09-27T02:50:41.196+0900][gc,phases     ] GC(212)   Other: 3.4ms
[2023-09-27T02:50:41.196+0900][gc,heap       ] GC(212) Eden regions: 45->0(47)
[2023-09-27T02:50:41.196+0900][gc,heap       ] GC(212) Survivor regions: 7->4(7)
[2023-09-27T02:50:41.196+0900][gc,heap       ] GC(212) Old regions: 203->208
[2023-09-27T02:50:41.196+0900][gc,heap       ] GC(212) Humongous regions: 129->129
[2023-09-27T02:50:41.197+0900][gc,metaspace  ] GC(212) Metaspace: 52682K->52682K(1097728K)
[2023-09-27T02:50:41.197+0900][gc            ] GC(212) Pause Young (Normal) (G1 Evacuation Pause) 383M->340M(1024M) 31.382ms
[2023-09-27T02:50:41.197+0900][gc,cpu        ] GC(212) User=0.06s Sys=0.05s Real=0.03s
[2023-09-27T02:53:26.308+0900][gc,start      ] GC(213) Pause Young (Normal) (G1 Evacuation Pause)
[2023-09-27T02:53:26.311+0900][gc,task       ] GC(213) Using 8 workers of 8 for evacuation
[2023-09-27T02:53:26.329+0900][gc,phases     ] GC(213)   Pre Evacuate Collection Set: 0.3ms
[2023-09-27T02:53:26.329+0900][gc,phases     ] GC(213)   Evacuate Collection Set: 16.3ms
[2023-09-27T02:53:26.329+0900][gc,phases     ] GC(213)   Post Evacuate Collection Set: 0.7ms
[2023-09-27T02:53:26.329+0900][gc,phases     ] GC(213)   Other: 3.2ms
[2023-09-27T02:53:26.329+0900][gc,heap       ] GC(213) Eden regions: 47->0(49)
[2023-09-27T02:53:26.329+0900][gc,heap       ] GC(213) Survivor regions: 4->6(7)
[2023-09-27T02:53:26.329+0900][gc,heap       ] GC(213) Old regions: 208->208
[2023-09-27T02:53:26.329+0900][gc,heap       ] GC(213) Humongous regions: 129->129
[2023-09-27T02:53:26.329+0900][gc,metaspace  ] GC(213) Metaspace: 52682K->52682K(1097728K)
[2023-09-27T02:53:26.329+0900][gc            ] GC(213) Pause Young (Normal) (G1 Evacuation Pause) 387M->341M(1024M) 20.584ms
[2023-09-27T02:53:26.329+0900][gc,cpu        ] GC(213) User=0.06s Sys=0.00s Real=0.02s
[2023-09-27T02:56:17.315+0900][gc,start      ] GC(214) Pause Young (Normal) (G1 Evacuation Pause)
[2023-09-27T02:56:17.317+0900][gc,task       ] GC(214) Using 8 workers of 8 for evacuation
[2023-09-27T02:56:17.357+0900][gc,mmu        ] GC(214) MMU target violated: 21.0ms (20.0ms/21.0ms)
[2023-09-27T02:56:17.357+0900][gc,phases     ] GC(214)   Pre Evacuate Collection Set: 1.0ms
[2023-09-27T02:56:17.357+0900][gc,phases     ] GC(214)   Evacuate Collection Set: 36.4ms
[2023-09-27T02:56:17.357+0900][gc,phases     ] GC(214)   Post Evacuate Collection Set: 1.4ms
[2023-09-27T02:56:17.357+0900][gc,phases     ] GC(214)   Other: 3.7ms
[2023-09-27T02:56:17.358+0900][gc,heap       ] GC(214) Eden regions: 49->0(44)
[2023-09-27T02:56:17.358+0900][gc,heap       ] GC(214) Survivor regions: 6->7(7)
[2023-09-27T02:56:17.358+0900][gc,heap       ] GC(214) Old regions: 208->210
[2023-09-27T02:56:17.358+0900][gc,heap       ] GC(214) Humongous regions: 129->129
[2023-09-27T02:56:17.358+0900][gc,metaspace  ] GC(214) Metaspace: 52682K->52682K(1097728K)
[2023-09-27T02:56:17.358+0900][gc            ] GC(214) Pause Young (Normal) (G1 Evacuation Pause) 390M->345M(1024M) 42.527ms
[2023-09-27T02:56:17.358+0900][gc,cpu        ] GC(214) User=0.08s Sys=0.07s Real=0.04s
[2023-09-27T02:58:52.210+0900][gc,start      ] GC(215) Pause Young (Normal) (G1 Evacuation Pause)
[2023-09-27T02:58:52.212+0900][gc,task       ] GC(215) Using 8 workers of 8 for evacuation
[2023-09-27T02:58:52.257+0900][gc,mmu        ] GC(215) MMU target violated: 21.0ms (20.0ms/21.0ms)
[2023-09-27T02:58:52.257+0900][gc,phases     ] GC(215)   Pre Evacuate Collection Set: 0.7ms
[2023-09-27T02:58:52.257+0900][gc,phases     ] GC(215)   Evacuate Collection Set: 42.2ms
[2023-09-27T02:58:52.257+0900][gc,phases     ] GC(215)   Post Evacuate Collection Set: 0.8ms
[2023-09-27T02:58:52.257+0900][gc,phases     ] GC(215)   Other: 3.8ms
[2023-09-27T02:58:52.257+0900][gc,heap       ] GC(215) Eden regions: 44->0(47)
[2023-09-27T02:58:52.257+0900][gc,heap       ] GC(215) Survivor regions: 7->4(7)
[2023-09-27T02:58:52.257+0900][gc,heap       ] GC(215) Old regions: 210->215
[2023-09-27T02:58:52.257+0900][gc,heap       ] GC(215) Humongous regions: 129->129
[2023-09-27T02:58:52.257+0900][gc,metaspace  ] GC(215) Metaspace: 52682K->52682K(1097728K)
[2023-09-27T02:58:52.257+0900][gc            ] GC(215) Pause Young (Normal) (G1 Evacuation Pause) 389M->347M(1024M) 47.542ms
[2023-09-27T02:58:52.257+0900][gc,cpu        ] GC(215) User=0.07s Sys=0.08s Real=0.04s
[2023-09-27T03:01:37.210+0900][gc,start      ] GC(216) Pause Young (Normal) (G1 Evacuation Pause)
[2023-09-27T03:01:37.210+0900][gc,task       ] GC(216) Using 8 workers of 8 for evacuation
[2023-09-27T03:01:37.236+0900][gc,mmu        ] GC(216) MMU target violated: 21.0ms (20.0ms/21.0ms)
[2023-09-27T03:01:37.236+0900][gc,phases     ] GC(216)   Pre Evacuate Collection Set: 0.7ms
[2023-09-27T03:01:37.237+0900][gc,phases     ] GC(216)   Evacuate Collection Set: 23.6ms
[2023-09-27T03:01:37.237+0900][gc,phases     ] GC(216)   Post Evacuate Collection Set: 1.0ms
[2023-09-27T03:01:37.237+0900][gc,phases     ] GC(216)   Other: 1.8ms
[2023-09-27T03:01:37.237+0900][gc,heap       ] GC(216) Eden regions: 47->0(44)
[2023-09-27T03:01:37.237+0900][gc,heap       ] GC(216) Survivor regions: 4->7(7)
[2023-09-27T03:01:37.237+0900][gc,heap       ] GC(216) Old regions: 215->216
[2023-09-27T03:01:37.237+0900][gc,heap       ] GC(216) Humongous regions: 129->129
[2023-09-27T03:01:37.237+0900][gc,metaspace  ] GC(216) Metaspace: 52682K->52682K(1097728K)
[2023-09-27T03:01:37.237+0900][gc            ] GC(216) Pause Young (Normal) (G1 Evacuation Pause) 394M->351M(1024M) 27.113ms
[2023-09-27T03:01:37.237+0900][gc,cpu        ] GC(216) User=0.07s Sys=0.04s Real=0.02s
[2023-09-27T03:04:11.088+0900][gc,start      ] GC(217) Pause Young (Normal) (G1 Evacuation Pause)
[2023-09-27T03:04:11.090+0900][gc,task       ] GC(217) Using 8 workers of 8 for evacuation
[2023-09-27T03:04:11.115+0900][gc,mmu        ] GC(217) MMU target violated: 21.0ms (20.0ms/21.0ms)
[2023-09-27T03:04:11.115+0900][gc,phases     ] GC(217)   Pre Evacuate Collection Set: 0.2ms
[2023-09-27T03:04:11.115+0900][gc,phases     ] GC(217)   Evacuate Collection Set: 22.5ms
[2023-09-27T03:04:11.115+0900][gc,phases     ] GC(217)   Post Evacuate Collection Set: 1.0ms
[2023-09-27T03:04:11.115+0900][gc,phases     ] GC(217)   Other: 3.3ms
[2023-09-27T03:04:11.115+0900][gc,heap       ] GC(217) Eden regions: 44->0(47)
[2023-09-27T03:04:11.115+0900][gc,heap       ] GC(217) Survivor regions: 7->4(7)
[2023-09-27T03:04:11.115+0900][gc,heap       ] GC(217) Old regions: 216->221
[2023-09-27T03:04:11.115+0900][gc,heap       ] GC(217) Humongous regions: 129->129
[2023-09-27T03:04:11.115+0900][gc,metaspace  ] GC(217) Metaspace: 52682K->52682K(1097728K)
[2023-09-27T03:04:11.115+0900][gc            ] GC(217) Pause Young (Normal) (G1 Evacuation Pause) 395M->352M(1024M) 27.009ms
[2023-09-27T03:04:11.115+0900][gc,cpu        ] GC(217) User=0.08s Sys=0.03s Real=0.03s
[2023-09-27T03:06:54.235+0900][gc,start      ] GC(218) Pause Young (Normal) (G1 Evacuation Pause)
[2023-09-27T03:06:54.235+0900][gc,task       ] GC(218) Using 8 workers of 8 for evacuation
[2023-09-27T03:06:54.253+0900][gc,phases     ] GC(218)   Pre Evacuate Collection Set: 0.6ms
[2023-09-27T03:06:54.253+0900][gc,phases     ] GC(218)   Evacuate Collection Set: 15.4ms
[2023-09-27T03:06:54.253+0900][gc,phases     ] GC(218)   Post Evacuate Collection Set: 0.6ms
[2023-09-27T03:06:54.253+0900][gc,phases     ] GC(218)   Other: 2.5ms
[2023-09-27T03:06:54.253+0900][gc,heap       ] GC(218) Eden regions: 47->0(44)
[2023-09-27T03:06:54.253+0900][gc,heap       ] GC(218) Survivor regions: 4->7(7)
[2023-09-27T03:06:54.253+0900][gc,heap       ] GC(218) Old regions: 221->221
[2023-09-27T03:06:54.253+0900][gc,heap       ] GC(218) Humongous regions: 129->129
[2023-09-27T03:06:54.253+0900][gc,metaspace  ] GC(218) Metaspace: 52682K->52682K(1097728K)
[2023-09-27T03:06:54.253+0900][gc            ] GC(218) Pause Young (Normal) (G1 Evacuation Pause) 399M->356M(1024M) 18.192ms
[2023-09-27T03:06:54.253+0900][gc,cpu        ] GC(218) User=0.05s Sys=0.05s Real=0.02s
[2023-09-27T03:09:27.940+0900][gc,start      ] GC(219) Pause Young (Normal) (G1 Evacuation Pause)
[2023-09-27T03:09:27.941+0900][gc,task       ] GC(219) Using 8 workers of 8 for evacuation
[2023-09-27T03:09:27.975+0900][gc,mmu        ] GC(219) MMU target violated: 21.0ms (20.0ms/21.0ms)
[2023-09-27T03:09:27.975+0900][gc,phases     ] GC(219)   Pre Evacuate Collection Set: 0.9ms
[2023-09-27T03:09:27.975+0900][gc,phases     ] GC(219)   Evacuate Collection Set: 31.3ms
[2023-09-27T03:09:27.976+0900][gc,phases     ] GC(219)   Post Evacuate Collection Set: 1.3ms
[2023-09-27T03:09:27.976+0900][gc,phases     ] GC(219)   Other: 2.2ms
[2023-09-27T03:09:27.976+0900][gc,heap       ] GC(219) Eden regions: 44->0(47)
[2023-09-27T03:09:27.976+0900][gc,heap       ] GC(219) Survivor regions: 7->4(7)
[2023-09-27T03:09:27.976+0900][gc,heap       ] GC(219) Old regions: 221->226
[2023-09-27T03:09:27.976+0900][gc,heap       ] GC(219) Humongous regions: 129->129
[2023-09-27T03:09:27.976+0900][gc,metaspace  ] GC(219) Metaspace: 52682K->52682K(1097728K)
[2023-09-27T03:09:27.976+0900][gc            ] GC(219) Pause Young (Normal) (G1 Evacuation Pause) 400M->358M(1024M) 35.690ms
[2023-09-27T03:09:27.976+0900][gc,cpu        ] GC(219) User=0.07s Sys=0.08s Real=0.03s
[2023-09-27T03:12:13.093+0900][gc,start      ] GC(220) Pause Young (Normal) (G1 Evacuation Pause)
[2023-09-27T03:12:13.093+0900][gc,task       ] GC(220) Using 8 workers of 8 for evacuation
[2023-09-27T03:12:13.114+0900][gc,mmu        ] GC(220) MMU target violated: 20.5ms (20.0ms/21.0ms)
[2023-09-27T03:12:13.114+0900][gc,phases     ] GC(220)   Pre Evacuate Collection Set: 0.2ms
[2023-09-27T03:12:13.114+0900][gc,phases     ] GC(220)   Evacuate Collection Set: 19.6ms
[2023-09-27T03:12:13.114+0900][gc,phases     ] GC(220)   Post Evacuate Collection Set: 0.5ms
[2023-09-27T03:12:13.114+0900][gc,phases     ] GC(220)   Other: 1.2ms
[2023-09-27T03:12:13.114+0900][gc,heap       ] GC(220) Eden regions: 47->0(45)
[2023-09-27T03:12:13.114+0900][gc,heap       ] GC(220) Survivor regions: 4->6(7)
[2023-09-27T03:12:13.114+0900][gc,heap       ] GC(220) Old regions: 226->226
[2023-09-27T03:12:13.114+0900][gc,heap       ] GC(220) Humongous regions: 129->129
[2023-09-27T03:12:13.114+0900][gc,metaspace  ] GC(220) Metaspace: 52682K->52682K(1097728K)
[2023-09-27T03:12:13.114+0900][gc            ] GC(220) Pause Young (Normal) (G1 Evacuation Pause) 405M->359M(1024M) 21.545ms
[2023-09-27T03:12:13.114+0900][gc,cpu        ] GC(220) User=0.04s Sys=0.02s Real=0.02s
[2023-09-27T03:14:51.243+0900][gc,start      ] GC(221) Pause Young (Normal) (G1 Evacuation Pause)
[2023-09-27T03:14:51.244+0900][gc,task       ] GC(221) Using 8 workers of 8 for evacuation
[2023-09-27T03:14:51.287+0900][gc,mmu        ] GC(221) MMU target violated: 21.0ms (20.0ms/21.0ms)
[2023-09-27T03:14:51.288+0900][gc,phases     ] GC(221)   Pre Evacuate Collection Set: 0.8ms
[2023-09-27T03:14:51.288+0900][gc,phases     ] GC(221)   Evacuate Collection Set: 39.6ms
[2023-09-27T03:14:51.288+0900][gc,phases     ] GC(221)   Post Evacuate Collection Set: 1.3ms
[2023-09-27T03:14:51.288+0900][gc,phases     ] GC(221)   Other: 2.7ms
[2023-09-27T03:14:51.288+0900][gc,heap       ] GC(221) Eden regions: 45->0(44)
[2023-09-27T03:14:51.288+0900][gc,heap       ] GC(221) Survivor regions: 6->7(7)
[2023-09-27T03:14:51.288+0900][gc,heap       ] GC(221) Old regions: 226->228
[2023-09-27T03:14:51.288+0900][gc,heap       ] GC(221) Humongous regions: 129->129
[2023-09-27T03:14:51.288+0900][gc,metaspace  ] GC(221) Metaspace: 52682K->52682K(1097728K)
[2023-09-27T03:14:51.288+0900][gc            ] GC(221) Pause Young (Normal) (G1 Evacuation Pause) 404M->363M(1024M) 44.370ms
[2023-09-27T03:14:51.288+0900][gc,cpu        ] GC(221) User=0.08s Sys=0.11s Real=0.04s
[2023-09-27T03:17:26.047+0900][gc,start      ] GC(222) Pause Young (Normal) (G1 Evacuation Pause)
[2023-09-27T03:17:26.048+0900][gc,task       ] GC(222) Using 8 workers of 8 for evacuation
[2023-09-27T03:17:26.079+0900][gc,mmu        ] GC(222) MMU target violated: 21.0ms (20.0ms/21.0ms)
[2023-09-27T03:17:26.080+0900][gc,phases     ] GC(222)   Pre Evacuate Collection Set: 0.3ms
[2023-09-27T03:17:26.080+0900][gc,phases     ] GC(222)   Evacuate Collection Set: 29.1ms
[2023-09-27T03:17:26.080+0900][gc,phases     ] GC(222)   Post Evacuate Collection Set: 0.9ms
[2023-09-27T03:17:26.080+0900][gc,phases     ] GC(222)   Other: 2.4ms
[2023-09-27T03:17:26.080+0900][gc,heap       ] GC(222) Eden regions: 44->0(47)
[2023-09-27T03:17:26.080+0900][gc,heap       ] GC(222) Survivor regions: 7->4(7)
[2023-09-27T03:17:26.080+0900][gc,heap       ] GC(222) Old regions: 228->233
[2023-09-27T03:17:26.080+0900][gc,heap       ] GC(222) Humongous regions: 129->129
[2023-09-27T03:17:26.080+0900][gc,metaspace  ] GC(222) Metaspace: 52682K->52682K(1097728K)
[2023-09-27T03:17:26.080+0900][gc            ] GC(222) Pause Young (Normal) (G1 Evacuation Pause) 407M->365M(1024M) 32.759ms
[2023-09-27T03:17:26.080+0900][gc,cpu        ] GC(222) User=0.07s Sys=0.02s Real=0.04s
[2023-09-27T03:20:11.781+0900][gc,start      ] GC(223) Pause Young (Concurrent Start) (G1 Evacuation Pause)
[2023-09-27T03:20:11.783+0900][gc,task       ] GC(223) Using 8 workers of 8 for evacuation
[2023-09-27T03:20:11.832+0900][gc,mmu        ] GC(223) MMU target violated: 21.0ms (20.0ms/21.0ms)
[2023-09-27T03:20:11.832+0900][gc,phases     ] GC(223)   Pre Evacuate Collection Set: 1.0ms
[2023-09-27T03:20:11.832+0900][gc,phases     ] GC(223)   Evacuate Collection Set: 43.5ms
[2023-09-27T03:20:11.832+0900][gc,phases     ] GC(223)   Post Evacuate Collection Set: 0.8ms
[2023-09-27T03:20:11.832+0900][gc,phases     ] GC(223)   Other: 6.3ms
[2023-09-27T03:20:11.832+0900][gc,heap       ] GC(223) Eden regions: 47->0(44)
[2023-09-27T03:20:11.832+0900][gc,heap       ] GC(223) Survivor regions: 4->7(7)
[2023-09-27T03:20:11.832+0900][gc,heap       ] GC(223) Old regions: 233->233
[2023-09-27T03:20:11.832+0900][gc,heap       ] GC(223) Humongous regions: 129->129
[2023-09-27T03:20:11.832+0900][gc,metaspace  ] GC(223) Metaspace: 52682K->52682K(1097728K)
[2023-09-27T03:20:11.832+0900][gc            ] GC(223) Pause Young (Concurrent Start) (G1 Evacuation Pause) 412M->368M(1024M) 51.498ms
[2023-09-27T03:20:11.832+0900][gc,cpu        ] GC(223) User=0.06s Sys=0.07s Real=0.05s
[2023-09-27T03:20:11.833+0900][gc            ] GC(224) Concurrent Cycle
[2023-09-27T03:20:11.833+0900][gc,marking    ] GC(224) Concurrent Clear Claimed Marks
[2023-09-27T03:20:11.833+0900][gc,marking    ] GC(224) Concurrent Clear Claimed Marks 0.095ms
[2023-09-27T03:20:11.833+0900][gc,marking    ] GC(224) Concurrent Scan Root Regions
[2023-09-27T03:20:11.843+0900][gc,marking    ] GC(224) Concurrent Scan Root Regions 9.729ms
[2023-09-27T03:20:11.843+0900][gc,marking    ] GC(224) Concurrent Mark (35776.944s)
[2023-09-27T03:20:11.843+0900][gc,marking    ] GC(224) Concurrent Mark From Roots
[2023-09-27T03:20:11.843+0900][gc,task       ] GC(224) Using 2 workers of 2 for marking
[2023-09-27T03:20:11.882+0900][gc,marking    ] GC(224) Concurrent Mark From Roots 38.352ms
[2023-09-27T03:20:11.882+0900][gc,marking    ] GC(224) Concurrent Preclean
[2023-09-27T03:20:11.882+0900][gc,marking    ] GC(224) Concurrent Preclean 0.145ms
[2023-09-27T03:20:11.882+0900][gc,marking    ] GC(224) Concurrent Mark (35776.944s, 35776.983s) 38.566ms
[2023-09-27T03:20:11.882+0900][gc,start      ] GC(224) Pause Remark
[2023-09-27T03:20:11.998+0900][gc,stringtable] GC(224) Cleaned string and symbol table, strings: 18103 processed, 2 removed, symbols: 127530 processed, 0 removed
[2023-09-27T03:20:12.000+0900][gc,mmu        ] GC(224) MMU target violated: 21.0ms (20.0ms/21.0ms)
[2023-09-27T03:20:12.000+0900][gc            ] GC(224) Pause Remark 369M->299M(1024M) 117.930ms
[2023-09-27T03:20:12.000+0900][gc,cpu        ] GC(224) User=0.04s Sys=0.13s Real=0.12s
[2023-09-27T03:20:12.000+0900][gc,marking    ] GC(224) Concurrent Rebuild Remembered Sets
[2023-09-27T03:20:12.029+0900][gc,marking    ] GC(224) Concurrent Rebuild Remembered Sets 28.875ms
[2023-09-27T03:20:12.030+0900][gc,start      ] GC(224) Pause Cleanup
[2023-09-27T03:20:12.030+0900][gc            ] GC(224) Pause Cleanup 299M->299M(1024M) 0.197ms
[2023-09-27T03:20:12.030+0900][gc,cpu        ] GC(224) User=0.00s Sys=0.00s Real=0.00s
[2023-09-27T03:20:12.030+0900][gc,marking    ] GC(224) Concurrent Cleanup for Next Mark
[2023-09-27T03:20:12.034+0900][gc,marking    ] GC(224) Concurrent Cleanup for Next Mark 4.652ms
[2023-09-27T03:20:12.035+0900][gc            ] GC(224) Concurrent Cycle 201.218ms
[2023-09-27T03:22:45.908+0900][gc,start      ] GC(225) Pause Young (Prepare Mixed) (G1 Evacuation Pause)
[2023-09-27T03:22:45.911+0900][gc,task       ] GC(225) Using 8 workers of 8 for evacuation
[2023-09-27T03:22:45.943+0900][gc,mmu        ] GC(225) MMU target violated: 21.0ms (20.0ms/21.0ms)
[2023-09-27T03:22:45.944+0900][gc,phases     ] GC(225)   Pre Evacuate Collection Set: 0.8ms
[2023-09-27T03:22:45.944+0900][gc,phases     ] GC(225)   Evacuate Collection Set: 29.1ms
[2023-09-27T03:22:45.944+0900][gc,phases     ] GC(225)   Post Evacuate Collection Set: 1.5ms
[2023-09-27T03:22:45.944+0900][gc,phases     ] GC(225)   Other: 4.2ms
[2023-09-27T03:22:45.944+0900][gc,heap       ] GC(225) Eden regions: 44->0(47)
[2023-09-27T03:22:45.944+0900][gc,heap       ] GC(225) Survivor regions: 7->4(7)
[2023-09-27T03:22:45.944+0900][gc,heap       ] GC(225) Old regions: 163->168
[2023-09-27T03:22:45.944+0900][gc,heap       ] GC(225) Humongous regions: 129->129
[2023-09-27T03:22:45.944+0900][gc,metaspace  ] GC(225) Metaspace: 52682K->52682K(1097728K)
[2023-09-27T03:22:45.944+0900][gc            ] GC(225) Pause Young (Prepare Mixed) (G1 Evacuation Pause) 342M->300M(1024M) 35.623ms
[2023-09-27T03:22:45.944+0900][gc,cpu        ] GC(225) User=0.07s Sys=0.06s Real=0.04s
[2023-09-27T03:25:21.790+0900][gc,start      ] GC(226) Pause Young (Mixed) (G1 Evacuation Pause)
[2023-09-27T03:25:21.791+0900][gc,task       ] GC(226) Using 8 workers of 8 for evacuation
[2023-09-27T03:25:21.825+0900][gc,mmu        ] GC(226) MMU target violated: 21.0ms (20.0ms/21.0ms)
[2023-09-27T03:25:21.825+0900][gc,phases     ] GC(226)   Pre Evacuate Collection Set: 0.7ms
[2023-09-27T03:25:21.825+0900][gc,phases     ] GC(226)   Evacuate Collection Set: 30.1ms
[2023-09-27T03:25:21.825+0900][gc,phases     ] GC(226)   Post Evacuate Collection Set: 1.8ms
[2023-09-27T03:25:21.825+0900][gc,phases     ] GC(226)   Other: 3.1ms
[2023-09-27T03:25:21.825+0900][gc,heap       ] GC(226) Eden regions: 47->0(44)
[2023-09-27T03:25:21.825+0900][gc,heap       ] GC(226) Survivor regions: 4->7(7)
[2023-09-27T03:25:21.825+0900][gc,heap       ] GC(226) Old regions: 168->150
[2023-09-27T03:25:21.825+0900][gc,heap       ] GC(226) Humongous regions: 129->129
[2023-09-27T03:25:21.825+0900][gc,metaspace  ] GC(226) Metaspace: 52682K->52682K(1097728K)
[2023-09-27T03:25:21.825+0900][gc            ] GC(226) Pause Young (Mixed) (G1 Evacuation Pause) 347M->285M(1024M) 35.558ms
[2023-09-27T03:25:21.825+0900][gc,cpu        ] GC(226) User=0.06s Sys=0.08s Real=0.03s
[2023-09-27T03:27:52.151+0900][gc,start      ] GC(227) Pause Young (Mixed) (G1 Evacuation Pause)
[2023-09-27T03:27:52.152+0900][gc,task       ] GC(227) Using 8 workers of 8 for evacuation
[2023-09-27T03:27:52.167+0900][gc,phases     ] GC(227)   Pre Evacuate Collection Set: 0.1ms
[2023-09-27T03:27:52.167+0900][gc,phases     ] GC(227)   Evacuate Collection Set: 13.2ms
[2023-09-27T03:27:52.167+0900][gc,phases     ] GC(227)   Post Evacuate Collection Set: 1.2ms
[2023-09-27T03:27:52.167+0900][gc,phases     ] GC(227)   Other: 1.0ms
[2023-09-27T03:27:52.167+0900][gc,heap       ] GC(227) Eden regions: 44->0(47)
[2023-09-27T03:27:52.167+0900][gc,heap       ] GC(227) Survivor regions: 7->4(7)
[2023-09-27T03:27:52.167+0900][gc,heap       ] GC(227) Old regions: 150->136
[2023-09-27T03:27:52.167+0900][gc,heap       ] GC(227) Humongous regions: 129->129
[2023-09-27T03:27:52.167+0900][gc,metaspace  ] GC(227) Metaspace: 52682K->52682K(1097728K)
[2023-09-27T03:27:52.167+0900][gc            ] GC(227) Pause Young (Mixed) (G1 Evacuation Pause) 329M->268M(1024M) 15.629ms
[2023-09-27T03:27:52.167+0900][gc,cpu        ] GC(227) User=0.05s Sys=0.02s Real=0.01s
[2023-09-27T03:30:37.673+0900][gc,start      ] GC(228) Pause Young (Mixed) (G1 Evacuation Pause)
[2023-09-27T03:30:37.674+0900][gc,task       ] GC(228) Using 8 workers of 8 for evacuation
[2023-09-27T03:30:37.710+0900][gc,mmu        ] GC(228) MMU target violated: 21.0ms (20.0ms/21.0ms)
[2023-09-27T03:30:37.710+0900][gc,phases     ] GC(228)   Pre Evacuate Collection Set: 1.2ms
[2023-09-27T03:30:37.710+0900][gc,phases     ] GC(228)   Evacuate Collection Set: 31.8ms
[2023-09-27T03:30:37.710+0900][gc,phases     ] GC(228)   Post Evacuate Collection Set: 1.5ms
[2023-09-27T03:30:37.710+0900][gc,phases     ] GC(228)   Other: 3.1ms
[2023-09-27T03:30:37.710+0900][gc,heap       ] GC(228) Eden regions: 47->0(44)
[2023-09-27T03:30:37.710+0900][gc,heap       ] GC(228) Survivor regions: 4->7(7)
[2023-09-27T03:30:37.710+0900][gc,heap       ] GC(228) Old regions: 136->118
[2023-09-27T03:30:37.710+0900][gc,heap       ] GC(228) Humongous regions: 129->129
[2023-09-27T03:30:37.710+0900][gc,metaspace  ] GC(228) Metaspace: 52682K->52682K(1097728K)
[2023-09-27T03:30:37.711+0900][gc            ] GC(228) Pause Young (Mixed) (G1 Evacuation Pause) 315M->253M(1024M) 37.618ms
[2023-09-27T03:30:37.711+0900][gc,cpu        ] GC(228) User=0.08s Sys=0.07s Real=0.04s
[2023-09-27T03:33:11.730+0900][gc,start      ] GC(229) Pause Young (Mixed) (G1 Evacuation Pause)
[2023-09-27T03:33:11.731+0900][gc,task       ] GC(229) Using 8 workers of 8 for evacuation
[2023-09-27T03:33:11.754+0900][gc,mmu        ] GC(229) MMU target violated: 21.0ms (20.0ms/21.0ms)
[2023-09-27T03:33:11.754+0900][gc,phases     ] GC(229)   Pre Evacuate Collection Set: 0.1ms
[2023-09-27T03:33:11.754+0900][gc,phases     ] GC(229)   Evacuate Collection Set: 22.9ms
[2023-09-27T03:33:11.754+0900][gc,phases     ] GC(229)   Post Evacuate Collection Set: 0.4ms
[2023-09-27T03:33:11.754+0900][gc,phases     ] GC(229)   Other: 0.8ms
[2023-09-27T03:33:11.754+0900][gc,heap       ] GC(229) Eden regions: 44->0(47)
[2023-09-27T03:33:11.754+0900][gc,heap       ] GC(229) Survivor regions: 7->4(7)
[2023-09-27T03:33:11.754+0900][gc,heap       ] GC(229) Old regions: 118->104
[2023-09-27T03:33:11.754+0900][gc,heap       ] GC(229) Humongous regions: 129->129
[2023-09-27T03:33:11.754+0900][gc,metaspace  ] GC(229) Metaspace: 52682K->52682K(1097728K)
[2023-09-27T03:33:11.754+0900][gc            ] GC(229) Pause Young (Mixed) (G1 Evacuation Pause) 297M->236M(1024M) 24.246ms
[2023-09-27T03:33:11.755+0900][gc,cpu        ] GC(229) User=0.05s Sys=0.02s Real=0.02s
[2023-09-27T03:35:55.762+0900][gc,start      ] GC(230) Pause Young (Mixed) (G1 Evacuation Pause)
[2023-09-27T03:35:55.763+0900][gc,task       ] GC(230) Using 8 workers of 8 for evacuation
[2023-09-27T03:35:55.793+0900][gc,mmu        ] GC(230) MMU target violated: 21.0ms (20.0ms/21.0ms)
[2023-09-27T03:35:55.794+0900][gc,phases     ] GC(230)   Pre Evacuate Collection Set: 1.0ms
[2023-09-27T03:35:55.794+0900][gc,phases     ] GC(230)   Evacuate Collection Set: 26.5ms
[2023-09-27T03:35:55.794+0900][gc,phases     ] GC(230)   Post Evacuate Collection Set: 1.4ms
[2023-09-27T03:35:55.794+0900][gc,phases     ] GC(230)   Other: 4.5ms
[2023-09-27T03:35:55.794+0900][gc,heap       ] GC(230) Eden regions: 47->0(45)
[2023-09-27T03:35:55.794+0900][gc,heap       ] GC(230) Survivor regions: 4->6(7)
[2023-09-27T03:35:55.794+0900][gc,heap       ] GC(230) Old regions: 104->87
[2023-09-27T03:35:55.794+0900][gc,heap       ] GC(230) Humongous regions: 129->129
[2023-09-27T03:35:55.794+0900][gc,metaspace  ] GC(230) Metaspace: 52683K->52683K(1097728K)
[2023-09-27T03:35:55.794+0900][gc            ] GC(230) Pause Young (Mixed) (G1 Evacuation Pause) 283M->221M(1024M) 31.726ms
[2023-09-27T03:35:55.794+0900][gc,cpu        ] GC(230) User=0.06s Sys=0.06s Real=0.03s
[2023-09-27T03:38:32.957+0900][gc,start      ] GC(231) Pause Young (Normal) (G1 Evacuation Pause)
[2023-09-27T03:38:32.958+0900][gc,task       ] GC(231) Using 8 workers of 8 for evacuation
[2023-09-27T03:38:32.999+0900][gc,mmu        ] GC(231) MMU target violated: 21.0ms (20.0ms/21.0ms)
[2023-09-27T03:38:33.000+0900][gc,phases     ] GC(231)   Pre Evacuate Collection Set: 0.7ms
[2023-09-27T03:38:33.000+0900][gc,phases     ] GC(231)   Evacuate Collection Set: 38.7ms
[2023-09-27T03:38:33.000+0900][gc,phases     ] GC(231)   Post Evacuate Collection Set: 0.9ms
[2023-09-27T03:38:33.000+0900][gc,phases     ] GC(231)   Other: 2.8ms
[2023-09-27T03:38:33.000+0900][gc,heap       ] GC(231) Eden regions: 45->0(44)
[2023-09-27T03:38:33.000+0900][gc,heap       ] GC(231) Survivor regions: 6->7(7)
[2023-09-27T03:38:33.000+0900][gc,heap       ] GC(231) Old regions: 87->90
[2023-09-27T03:38:33.000+0900][gc,heap       ] GC(231) Humongous regions: 129->129
[2023-09-27T03:38:33.000+0900][gc,metaspace  ] GC(231) Metaspace: 52683K->52683K(1097728K)
[2023-09-27T03:38:33.000+0900][gc            ] GC(231) Pause Young (Normal) (G1 Evacuation Pause) 266M->225M(1024M) 43.010ms
[2023-09-27T03:38:33.000+0900][gc,cpu        ] GC(231) User=0.05s Sys=0.09s Real=0.05s
[2023-09-27T03:41:06.803+0900][gc,start      ] GC(232) Pause Young (Normal) (G1 Evacuation Pause)
[2023-09-27T03:41:06.805+0900][gc,task       ] GC(232) Using 8 workers of 8 for evacuation
[2023-09-27T03:41:06.844+0900][gc,mmu        ] GC(232) MMU target violated: 21.0ms (20.0ms/21.0ms)
[2023-09-27T03:41:06.844+0900][gc,phases     ] GC(232)   Pre Evacuate Collection Set: 0.7ms
[2023-09-27T03:41:06.844+0900][gc,phases     ] GC(232)   Evacuate Collection Set: 35.6ms
[2023-09-27T03:41:06.844+0900][gc,phases     ] GC(232)   Post Evacuate Collection Set: 1.3ms
[2023-09-27T03:41:06.844+0900][gc,phases     ] GC(232)   Other: 3.1ms
[2023-09-27T03:41:06.844+0900][gc,heap       ] GC(232) Eden regions: 44->0(47)
[2023-09-27T03:41:06.844+0900][gc,heap       ] GC(232) Survivor regions: 7->4(7)
[2023-09-27T03:41:06.844+0900][gc,heap       ] GC(232) Old regions: 90->95
[2023-09-27T03:41:06.844+0900][gc,heap       ] GC(232) Humongous regions: 129->129
[2023-09-27T03:41:06.844+0900][gc,metaspace  ] GC(232) Metaspace: 52684K->52684K(1097728K)
[2023-09-27T03:41:06.844+0900][gc            ] GC(232) Pause Young (Normal) (G1 Evacuation Pause) 269M->226M(1024M) 40.734ms
[2023-09-27T03:41:06.844+0900][gc,cpu        ] GC(232) User=0.06s Sys=0.07s Real=0.04s
[2023-09-27T03:43:52.086+0900][gc,start      ] GC(233) Pause Young (Normal) (G1 Evacuation Pause)
[2023-09-27T03:43:52.087+0900][gc,task       ] GC(233) Using 8 workers of 8 for evacuation
[2023-09-27T03:43:52.108+0900][gc,mmu        ] GC(233) MMU target violated: 21.0ms (20.0ms/21.0ms)
[2023-09-27T03:43:52.108+0900][gc,phases     ] GC(233)   Pre Evacuate Collection Set: 0.2ms
[2023-09-27T03:43:52.108+0900][gc,phases     ] GC(233)   Evacuate Collection Set: 20.3ms
[2023-09-27T03:43:52.108+0900][gc,phases     ] GC(233)   Post Evacuate Collection Set: 0.4ms
[2023-09-27T03:43:52.108+0900][gc,phases     ] GC(233)   Other: 1.8ms
[2023-09-27T03:43:52.108+0900][gc,heap       ] GC(233) Eden regions: 47->0(44)
[2023-09-27T03:43:52.108+0900][gc,heap       ] GC(233) Survivor regions: 4->7(7)
[2023-09-27T03:43:52.108+0900][gc,heap       ] GC(233) Old regions: 95->95
[2023-09-27T03:43:52.108+0900][gc,heap       ] GC(233) Humongous regions: 129->129
[2023-09-27T03:43:52.108+0900][gc,metaspace  ] GC(233) Metaspace: 52684K->52684K(1097728K)
[2023-09-27T03:43:52.108+0900][gc            ] GC(233) Pause Young (Normal) (G1 Evacuation Pause) 273M->230M(1024M) 22.591ms
[2023-09-27T03:43:52.109+0900][gc,cpu        ] GC(233) User=0.06s Sys=0.01s Real=0.02s
[2023-09-27T03:46:26.172+0900][gc,start      ] GC(234) Pause Young (Normal) (G1 Evacuation Pause)
[2023-09-27T03:46:26.174+0900][gc,task       ] GC(234) Using 8 workers of 8 for evacuation
[2023-09-27T03:46:26.206+0900][gc,mmu        ] GC(234) MMU target violated: 21.0ms (20.0ms/21.0ms)
[2023-09-27T03:46:26.206+0900][gc,phases     ] GC(234)   Pre Evacuate Collection Set: 0.8ms
[2023-09-27T03:46:26.206+0900][gc,phases     ] GC(234)   Evacuate Collection Set: 28.2ms
[2023-09-27T03:46:26.206+0900][gc,phases     ] GC(234)   Post Evacuate Collection Set: 1.5ms
[2023-09-27T03:46:26.206+0900][gc,phases     ] GC(234)   Other: 3.5ms
[2023-09-27T03:46:26.206+0900][gc,heap       ] GC(234) Eden regions: 44->0(47)
[2023-09-27T03:46:26.206+0900][gc,heap       ] GC(234) Survivor regions: 7->4(7)
[2023-09-27T03:46:26.206+0900][gc,heap       ] GC(234) Old regions: 95->100
[2023-09-27T03:46:26.206+0900][gc,heap       ] GC(234) Humongous regions: 129->129
[2023-09-27T03:46:26.206+0900][gc,metaspace  ] GC(234) Metaspace: 52684K->52684K(1097728K)
[2023-09-27T03:46:26.206+0900][gc            ] GC(234) Pause Young (Normal) (G1 Evacuation Pause) 274M->231M(1024M) 33.962ms
[2023-09-27T03:46:26.206+0900][gc,cpu        ] GC(234) User=0.07s Sys=0.06s Real=0.03s
[2023-09-27T03:49:12.201+0900][gc,start      ] GC(235) Pause Young (Normal) (G1 Evacuation Pause)
[2023-09-27T03:49:12.203+0900][gc,task       ] GC(235) Using 8 workers of 8 for evacuation
[2023-09-27T03:49:12.239+0900][gc,mmu        ] GC(235) MMU target violated: 21.0ms (20.0ms/21.0ms)
[2023-09-27T03:49:12.239+0900][gc,phases     ] GC(235)   Pre Evacuate Collection Set: 0.8ms
[2023-09-27T03:49:12.239+0900][gc,phases     ] GC(235)   Evacuate Collection Set: 33.3ms
[2023-09-27T03:49:12.239+0900][gc,phases     ] GC(235)   Post Evacuate Collection Set: 0.9ms
[2023-09-27T03:49:12.239+0900][gc,phases     ] GC(235)   Other: 3.4ms
[2023-09-27T03:49:12.239+0900][gc,heap       ] GC(235) Eden regions: 47->0(44)
[2023-09-27T03:49:12.240+0900][gc,heap       ] GC(235) Survivor regions: 4->7(7)
[2023-09-27T03:49:12.240+0900][gc,heap       ] GC(235) Old regions: 100->100
[2023-09-27T03:49:12.240+0900][gc,heap       ] GC(235) Humongous regions: 129->129
[2023-09-27T03:49:12.240+0900][gc,metaspace  ] GC(235) Metaspace: 52685K->52685K(1097728K)
[2023-09-27T03:49:12.240+0900][gc            ] GC(235) Pause Young (Normal) (G1 Evacuation Pause) 278M->235M(1024M) 38.423ms
[2023-09-27T03:49:12.240+0900][gc,cpu        ] GC(235) User=0.07s Sys=0.11s Real=0.04s
[2023-09-27T03:51:46.373+0900][gc,start      ] GC(236) Pause Young (Normal) (G1 Evacuation Pause)
[2023-09-27T03:51:46.373+0900][gc,task       ] GC(236) Using 8 workers of 8 for evacuation
[2023-09-27T03:51:46.394+0900][gc,mmu        ] GC(236) MMU target violated: 20.2ms (20.0ms/21.0ms)
[2023-09-27T03:51:46.394+0900][gc,phases     ] GC(236)   Pre Evacuate Collection Set: 0.4ms
[2023-09-27T03:51:46.394+0900][gc,phases     ] GC(236)   Evacuate Collection Set: 18.7ms
[2023-09-27T03:51:46.394+0900][gc,phases     ] GC(236)   Post Evacuate Collection Set: 0.8ms
[2023-09-27T03:51:46.394+0900][gc,phases     ] GC(236)   Other: 1.2ms
[2023-09-27T03:51:46.394+0900][gc,heap       ] GC(236) Eden regions: 44->0(47)
[2023-09-27T03:51:46.394+0900][gc,heap       ] GC(236) Survivor regions: 7->4(7)
[2023-09-27T03:51:46.394+0900][gc,heap       ] GC(236) Old regions: 100->105
[2023-09-27T03:51:46.394+0900][gc,heap       ] GC(236) Humongous regions: 129->129
[2023-09-27T03:51:46.394+0900][gc,metaspace  ] GC(236) Metaspace: 52686K->52686K(1097728K)
[2023-09-27T03:51:46.394+0900][gc            ] GC(236) Pause Young (Normal) (G1 Evacuation Pause) 279M->237M(1024M) 21.224ms
[2023-09-27T03:51:46.394+0900][gc,cpu        ] GC(236) User=0.05s Sys=0.05s Real=0.02s
[2023-09-27T03:54:31.463+0900][gc,start      ] GC(237) Pause Young (Normal) (G1 Evacuation Pause)
[2023-09-27T03:54:31.463+0900][gc,task       ] GC(237) Using 8 workers of 8 for evacuation
[2023-09-27T03:54:31.483+0900][gc,phases     ] GC(237)   Pre Evacuate Collection Set: 0.5ms
[2023-09-27T03:54:31.483+0900][gc,phases     ] GC(237)   Evacuate Collection Set: 17.8ms
[2023-09-27T03:54:31.483+0900][gc,phases     ] GC(237)   Post Evacuate Collection Set: 0.5ms
[2023-09-27T03:54:31.483+0900][gc,phases     ] GC(237)   Other: 1.0ms
[2023-09-27T03:54:31.483+0900][gc,heap       ] GC(237) Eden regions: 47->0(44)
[2023-09-27T03:54:31.483+0900][gc,heap       ] GC(237) Survivor regions: 4->7(7)
[2023-09-27T03:54:31.483+0900][gc,heap       ] GC(237) Old regions: 105->105
[2023-09-27T03:54:31.483+0900][gc,heap       ] GC(237) Humongous regions: 129->129
[2023-09-27T03:54:31.483+0900][gc,metaspace  ] GC(237) Metaspace: 52686K->52686K(1097728K)
[2023-09-27T03:54:31.483+0900][gc            ] GC(237) Pause Young (Normal) (G1 Evacuation Pause) 284M->240M(1024M) 20.213ms
[2023-09-27T03:54:31.483+0900][gc,cpu        ] GC(237) User=0.03s Sys=0.06s Real=0.02s
[2023-09-27T03:57:05.907+0900][gc,start      ] GC(238) Pause Young (Normal) (G1 Evacuation Pause)
[2023-09-27T03:57:05.908+0900][gc,task       ] GC(238) Using 8 workers of 8 for evacuation
[2023-09-27T03:57:05.934+0900][gc,mmu        ] GC(238) MMU target violated: 21.0ms (20.0ms/21.0ms)
[2023-09-27T03:57:05.934+0900][gc,phases     ] GC(238)   Pre Evacuate Collection Set: 0.1ms
[2023-09-27T03:57:05.934+0900][gc,phases     ] GC(238)   Evacuate Collection Set: 24.6ms
[2023-09-27T03:57:05.934+0900][gc,phases     ] GC(238)   Post Evacuate Collection Set: 0.5ms
[2023-09-27T03:57:05.934+0900][gc,phases     ] GC(238)   Other: 1.7ms
[2023-09-27T03:57:05.934+0900][gc,heap       ] GC(238) Eden regions: 44->0(46)
[2023-09-27T03:57:05.934+0900][gc,heap       ] GC(238) Survivor regions: 7->5(7)
[2023-09-27T03:57:05.934+0900][gc,heap       ] GC(238) Old regions: 105->109
[2023-09-27T03:57:05.934+0900][gc,heap       ] GC(238) Humongous regions: 129->129
[2023-09-27T03:57:05.934+0900][gc,metaspace  ] GC(238) Metaspace: 52686K->52686K(1097728K)
[2023-09-27T03:57:05.934+0900][gc            ] GC(238) Pause Young (Normal) (G1 Evacuation Pause) 284M->242M(1024M) 26.935ms
[2023-09-27T03:57:05.934+0900][gc,cpu        ] GC(238) User=0.07s Sys=0.03s Real=0.03s
[2023-09-27T03:59:47.219+0900][gc,start      ] GC(239) Pause Young (Normal) (G1 Evacuation Pause)
[2023-09-27T03:59:47.219+0900][gc,task       ] GC(239) Using 8 workers of 8 for evacuation
[2023-09-27T03:59:47.228+0900][gc,phases     ] GC(239)   Pre Evacuate Collection Set: 0.2ms
[2023-09-27T03:59:47.228+0900][gc,phases     ] GC(239)   Evacuate Collection Set: 7.6ms
[2023-09-27T03:59:47.228+0900][gc,phases     ] GC(239)   Post Evacuate Collection Set: 0.5ms
[2023-09-27T03:59:47.228+0900][gc,phases     ] GC(239)   Other: 0.8ms
[2023-09-27T03:59:47.228+0900][gc,heap       ] GC(239) Eden regions: 46->0(53)
[2023-09-27T03:59:47.228+0900][gc,heap       ] GC(239) Survivor regions: 5->4(7)
[2023-09-27T03:59:47.228+0900][gc,heap       ] GC(239) Old regions: 109->112
[2023-09-27T03:59:47.228+0900][gc,heap       ] GC(239) Humongous regions: 129->129
[2023-09-27T03:59:47.228+0900][gc,metaspace  ] GC(239) Metaspace: 52696K->52696K(1097728K)
[2023-09-27T03:59:47.228+0900][gc            ] GC(239) Pause Young (Normal) (G1 Evacuation Pause) 288M->243M(1024M) 9.194ms
[2023-09-27T03:59:47.228+0900][gc,cpu        ] GC(239) User=0.02s Sys=0.02s Real=0.01s
[2023-09-27T04:02:53.503+0900][gc,start      ] GC(240) Pause Young (Normal) (G1 Evacuation Pause)
[2023-09-27T04:02:53.503+0900][gc,task       ] GC(240) Using 8 workers of 8 for evacuation
[2023-09-27T04:02:53.528+0900][gc,mmu        ] GC(240) MMU target violated: 21.0ms (20.0ms/21.0ms)
[2023-09-27T04:02:53.528+0900][gc,phases     ] GC(240)   Pre Evacuate Collection Set: 0.3ms
[2023-09-27T04:02:53.528+0900][gc,phases     ] GC(240)   Evacuate Collection Set: 23.2ms
[2023-09-27T04:02:53.528+0900][gc,phases     ] GC(240)   Post Evacuate Collection Set: 0.4ms
[2023-09-27T04:02:53.528+0900][gc,phases     ] GC(240)   Other: 2.1ms
[2023-09-27T04:02:53.528+0900][gc,heap       ] GC(240) Eden regions: 53->0(46)
[2023-09-27T04:02:53.528+0900][gc,heap       ] GC(240) Survivor regions: 4->8(8)
[2023-09-27T04:02:53.528+0900][gc,heap       ] GC(240) Old regions: 112->112
[2023-09-27T04:02:53.528+0900][gc,heap       ] GC(240) Humongous regions: 129->129
[2023-09-27T04:02:53.528+0900][gc,metaspace  ] GC(240) Metaspace: 52696K->52696K(1097728K)
[2023-09-27T04:02:53.528+0900][gc            ] GC(240) Pause Young (Normal) (G1 Evacuation Pause) 296M->248M(1024M) 25.885ms
[2023-09-27T04:02:53.528+0900][gc,cpu        ] GC(240) User=0.05s Sys=0.03s Real=0.02s
[2023-09-27T04:05:33.963+0900][gc,start      ] GC(241) Pause Young (Normal) (G1 Evacuation Pause)
[2023-09-27T04:05:33.964+0900][gc,task       ] GC(241) Using 8 workers of 8 for evacuation
[2023-09-27T04:05:33.999+0900][gc,mmu        ] GC(241) MMU target violated: 21.0ms (20.0ms/21.0ms)
[2023-09-27T04:05:34.000+0900][gc,phases     ] GC(241)   Pre Evacuate Collection Set: 0.8ms
[2023-09-27T04:05:34.000+0900][gc,phases     ] GC(241)   Evacuate Collection Set: 32.2ms
[2023-09-27T04:05:34.000+0900][gc,phases     ] GC(241)   Post Evacuate Collection Set: 1.1ms
[2023-09-27T04:05:34.000+0900][gc,phases     ] GC(241)   Other: 2.5ms
[2023-09-27T04:05:34.000+0900][gc,heap       ] GC(241) Eden regions: 46->0(46)
[2023-09-27T04:05:34.000+0900][gc,heap       ] GC(241) Survivor regions: 8->5(7)
[2023-09-27T04:05:34.000+0900][gc,heap       ] GC(241) Old regions: 112->117
[2023-09-27T04:05:34.000+0900][gc,heap       ] GC(241) Humongous regions: 129->129
[2023-09-27T04:05:34.000+0900][gc,metaspace  ] GC(241) Metaspace: 52698K->52698K(1097728K)
[2023-09-27T04:05:34.000+0900][gc            ] GC(241) Pause Young (Normal) (G1 Evacuation Pause) 294M->250M(1024M) 36.536ms
[2023-09-27T04:05:34.000+0900][gc,cpu        ] GC(241) User=0.07s Sys=0.07s Real=0.04s
[2023-09-27T04:08:17.137+0900][gc,start      ] GC(242) Pause Young (Normal) (G1 Evacuation Pause)
[2023-09-27T04:08:17.138+0900][gc,task       ] GC(242) Using 8 workers of 8 for evacuation
[2023-09-27T04:08:17.159+0900][gc,mmu        ] GC(242) MMU target violated: 20.9ms (20.0ms/21.0ms)
[2023-09-27T04:08:17.159+0900][gc,phases     ] GC(242)   Pre Evacuate Collection Set: 0.3ms
[2023-09-27T04:08:17.159+0900][gc,phases     ] GC(242)   Evacuate Collection Set: 19.1ms
[2023-09-27T04:08:17.159+0900][gc,phases     ] GC(242)   Post Evacuate Collection Set: 0.9ms
[2023-09-27T04:08:17.159+0900][gc,phases     ] GC(242)   Other: 2.0ms
[2023-09-27T04:08:17.159+0900][gc,heap       ] GC(242) Eden regions: 46->0(55)
[2023-09-27T04:08:17.159+0900][gc,heap       ] GC(242) Survivor regions: 5->4(7)
[2023-09-27T04:08:17.159+0900][gc,heap       ] GC(242) Old regions: 117->120
[2023-09-27T04:08:17.159+0900][gc,heap       ] GC(242) Humongous regions: 129->129
[2023-09-27T04:08:17.159+0900][gc,metaspace  ] GC(242) Metaspace: 52698K->52698K(1097728K)
[2023-09-27T04:08:17.159+0900][gc            ] GC(242) Pause Young (Normal) (G1 Evacuation Pause) 296M->251M(1024M) 22.330ms
[2023-09-27T04:08:17.160+0900][gc,cpu        ] GC(242) User=0.06s Sys=0.02s Real=0.03s
[2023-09-27T04:11:29.594+0900][gc,start      ] GC(243) Pause Young (Normal) (G1 Evacuation Pause)
[2023-09-27T04:11:29.596+0900][gc,task       ] GC(243) Using 8 workers of 8 for evacuation
[2023-09-27T04:11:29.625+0900][gc,mmu        ] GC(243) MMU target violated: 21.0ms (20.0ms/21.0ms)
[2023-09-27T04:11:29.625+0900][gc,phases     ] GC(243)   Pre Evacuate Collection Set: 0.8ms
[2023-09-27T04:11:29.625+0900][gc,phases     ] GC(243)   Evacuate Collection Set: 27.0ms
[2023-09-27T04:11:29.625+0900][gc,phases     ] GC(243)   Post Evacuate Collection Set: 0.6ms
[2023-09-27T04:11:29.625+0900][gc,phases     ] GC(243)   Other: 2.8ms
[2023-09-27T04:11:29.625+0900][gc,heap       ] GC(243) Eden regions: 55->0(43)
[2023-09-27T04:11:29.625+0900][gc,heap       ] GC(243) Survivor regions: 4->8(8)
[2023-09-27T04:11:29.625+0900][gc,heap       ] GC(243) Old regions: 120->120
[2023-09-27T04:11:29.625+0900][gc,heap       ] GC(243) Humongous regions: 129->129
[2023-09-27T04:11:29.625+0900][gc,metaspace  ] GC(243) Metaspace: 52698K->52698K(1097728K)
[2023-09-27T04:11:29.625+0900][gc            ] GC(243) Pause Young (Normal) (G1 Evacuation Pause) 306M->256M(1024M) 31.044ms
[2023-09-27T04:11:29.626+0900][gc,cpu        ] GC(243) User=0.05s Sys=0.04s Real=0.03s
[2023-09-27T04:13:59.920+0900][gc,start      ] GC(244) Pause Young (Normal) (G1 Evacuation Pause)
[2023-09-27T04:13:59.921+0900][gc,task       ] GC(244) Using 8 workers of 8 for evacuation
[2023-09-27T04:13:59.954+0900][gc,mmu        ] GC(244) MMU target violated: 21.0ms (20.0ms/21.0ms)
[2023-09-27T04:13:59.954+0900][gc,phases     ] GC(244)   Pre Evacuate Collection Set: 0.3ms
[2023-09-27T04:13:59.954+0900][gc,phases     ] GC(244)   Evacuate Collection Set: 29.8ms
[2023-09-27T04:13:59.954+0900][gc,phases     ] GC(244)   Post Evacuate Collection Set: 1.5ms
[2023-09-27T04:13:59.954+0900][gc,phases     ] GC(244)   Other: 2.4ms
[2023-09-27T04:13:59.954+0900][gc,heap       ] GC(244) Eden regions: 43->0(47)
[2023-09-27T04:13:59.954+0900][gc,heap       ] GC(244) Survivor regions: 8->4(7)
[2023-09-27T04:13:59.954+0900][gc,heap       ] GC(244) Old regions: 120->126
[2023-09-27T04:13:59.954+0900][gc,heap       ] GC(244) Humongous regions: 129->129
[2023-09-27T04:13:59.954+0900][gc,metaspace  ] GC(244) Metaspace: 52698K->52698K(1097728K)
[2023-09-27T04:13:59.954+0900][gc            ] GC(244) Pause Young (Normal) (G1 Evacuation Pause) 299M->257M(1024M) 34.033ms
[2023-09-27T04:13:59.954+0900][gc,cpu        ] GC(244) User=0.08s Sys=0.04s Real=0.03s
[2023-09-27T04:16:43.035+0900][gc,start      ] GC(245) Pause Young (Normal) (G1 Evacuation Pause)
[2023-09-27T04:16:43.036+0900][gc,task       ] GC(245) Using 8 workers of 8 for evacuation
[2023-09-27T04:16:43.064+0900][gc,mmu        ] GC(245) MMU target violated: 21.0ms (20.0ms/21.0ms)
[2023-09-27T04:16:43.064+0900][gc,phases     ] GC(245)   Pre Evacuate Collection Set: 1.0ms
[2023-09-27T04:16:43.064+0900][gc,phases     ] GC(245)   Evacuate Collection Set: 24.1ms
[2023-09-27T04:16:43.064+0900][gc,phases     ] GC(245)   Post Evacuate Collection Set: 1.4ms
[2023-09-27T04:16:43.064+0900][gc,phases     ] GC(245)   Other: 2.8ms
[2023-09-27T04:16:43.064+0900][gc,heap       ] GC(245) Eden regions: 47->0(45)
[2023-09-27T04:16:43.064+0900][gc,heap       ] GC(245) Survivor regions: 4->6(7)
[2023-09-27T04:16:43.064+0900][gc,heap       ] GC(245) Old regions: 126->126
[2023-09-27T04:16:43.064+0900][gc,heap       ] GC(245) Humongous regions: 129->129
[2023-09-27T04:16:43.064+0900][gc,metaspace  ] GC(245) Metaspace: 52698K->52698K(1097728K)
[2023-09-27T04:16:43.064+0900][gc            ] GC(245) Pause Young (Normal) (G1 Evacuation Pause) 304M->259M(1024M) 29.268ms
[2023-09-27T04:16:43.064+0900][gc,cpu        ] GC(245) User=0.06s Sys=0.04s Real=0.03s
[2023-09-27T04:19:21.488+0900][gc,start      ] GC(246) Pause Young (Normal) (G1 Evacuation Pause)
[2023-09-27T04:19:21.489+0900][gc,task       ] GC(246) Using 8 workers of 8 for evacuation
[2023-09-27T04:19:21.538+0900][gc,mmu        ] GC(246) MMU target violated: 21.0ms (20.0ms/21.0ms)
[2023-09-27T04:19:21.538+0900][gc,phases     ] GC(246)   Pre Evacuate Collection Set: 1.0ms
[2023-09-27T04:19:21.538+0900][gc,phases     ] GC(246)   Evacuate Collection Set: 46.1ms
[2023-09-27T04:19:21.538+0900][gc,phases     ] GC(246)   Post Evacuate Collection Set: 0.9ms
[2023-09-27T04:19:21.538+0900][gc,phases     ] GC(246)   Other: 2.9ms
[2023-09-27T04:19:21.538+0900][gc,heap       ] GC(246) Eden regions: 45->0(44)
[2023-09-27T04:19:21.538+0900][gc,heap       ] GC(246) Survivor regions: 6->7(7)
[2023-09-27T04:19:21.538+0900][gc,heap       ] GC(246) Old regions: 126->128
[2023-09-27T04:19:21.538+0900][gc,heap       ] GC(246) Humongous regions: 129->129
[2023-09-27T04:19:21.538+0900][gc,metaspace  ] GC(246) Metaspace: 52698K->52698K(1097728K)
[2023-09-27T04:19:21.538+0900][gc            ] GC(246) Pause Young (Normal) (G1 Evacuation Pause) 304M->263M(1024M) 50.813ms
[2023-09-27T04:19:21.539+0900][gc,cpu        ] GC(246) User=0.07s Sys=0.09s Real=0.05s
[2023-09-27T04:21:55.737+0900][gc,start      ] GC(247) Pause Young (Normal) (G1 Evacuation Pause)
[2023-09-27T04:21:55.738+0900][gc,task       ] GC(247) Using 8 workers of 8 for evacuation
[2023-09-27T04:21:55.770+0900][gc,mmu        ] GC(247) MMU target violated: 21.0ms (20.0ms/21.0ms)
[2023-09-27T04:21:55.771+0900][gc,phases     ] GC(247)   Pre Evacuate Collection Set: 0.8ms
[2023-09-27T04:21:55.771+0900][gc,phases     ] GC(247)   Evacuate Collection Set: 28.8ms
[2023-09-27T04:21:55.771+0900][gc,phases     ] GC(247)   Post Evacuate Collection Set: 1.7ms
[2023-09-27T04:21:55.771+0900][gc,phases     ] GC(247)   Other: 2.3ms
[2023-09-27T04:21:55.771+0900][gc,heap       ] GC(247) Eden regions: 44->0(47)
[2023-09-27T04:21:55.771+0900][gc,heap       ] GC(247) Survivor regions: 7->4(7)
[2023-09-27T04:21:55.771+0900][gc,heap       ] GC(247) Old regions: 128->133
[2023-09-27T04:21:55.771+0900][gc,heap       ] GC(247) Humongous regions: 129->129
[2023-09-27T04:21:55.771+0900][gc,metaspace  ] GC(247) Metaspace: 52698K->52698K(1097728K)
[2023-09-27T04:21:55.771+0900][gc            ] GC(247) Pause Young (Normal) (G1 Evacuation Pause) 307M->264M(1024M) 33.657ms
[2023-09-27T04:21:55.771+0900][gc,cpu        ] GC(247) User=0.07s Sys=0.06s Real=0.04s
[2023-09-27T04:24:31.725+0900][gc,start      ] GC(248) Pause Young (Normal) (G1 Evacuation Pause)
[2023-09-27T04:24:31.726+0900][gc,task       ] GC(248) Using 8 workers of 8 for evacuation
[2023-09-27T04:24:31.751+0900][gc,mmu        ] GC(248) MMU target violated: 21.0ms (20.0ms/21.0ms)
[2023-09-27T04:24:31.751+0900][gc,phases     ] GC(248)   Pre Evacuate Collection Set: 0.4ms
[2023-09-27T04:24:31.751+0900][gc,phases     ] GC(248)   Evacuate Collection Set: 23.6ms
[2023-09-27T04:24:31.751+0900][gc,phases     ] GC(248)   Post Evacuate Collection Set: 0.6ms
[2023-09-27T04:24:31.751+0900][gc,phases     ] GC(248)   Other: 1.7ms
[2023-09-27T04:24:31.751+0900][gc,heap       ] GC(248) Eden regions: 47->0(44)
[2023-09-27T04:24:31.751+0900][gc,heap       ] GC(248) Survivor regions: 4->7(7)
[2023-09-27T04:24:31.751+0900][gc,heap       ] GC(248) Old regions: 133->134
[2023-09-27T04:24:31.751+0900][gc,heap       ] GC(248) Humongous regions: 129->129
[2023-09-27T04:24:31.751+0900][gc,metaspace  ] GC(248) Metaspace: 52700K->52700K(1097728K)
[2023-09-27T04:24:31.751+0900][gc            ] GC(248) Pause Young (Normal) (G1 Evacuation Pause) 311M->269M(1024M) 26.191ms
[2023-09-27T04:24:31.752+0900][gc,cpu        ] GC(248) User=0.04s Sys=0.08s Real=0.03s
[2023-09-27T04:27:02.559+0900][gc,start      ] GC(249) Pause Young (Normal) (G1 Evacuation Pause)
[2023-09-27T04:27:02.560+0900][gc,task       ] GC(249) Using 8 workers of 8 for evacuation
[2023-09-27T04:27:02.589+0900][gc,mmu        ] GC(249) MMU target violated: 21.0ms (20.0ms/21.0ms)
[2023-09-27T04:27:02.589+0900][gc,phases     ] GC(249)   Pre Evacuate Collection Set: 0.3ms
[2023-09-27T04:27:02.589+0900][gc,phases     ] GC(249)   Evacuate Collection Set: 27.4ms
[2023-09-27T04:27:02.589+0900][gc,phases     ] GC(249)   Post Evacuate Collection Set: 0.8ms
[2023-09-27T04:27:02.589+0900][gc,phases     ] GC(249)   Other: 1.6ms
[2023-09-27T04:27:02.589+0900][gc,heap       ] GC(249) Eden regions: 44->0(47)
[2023-09-27T04:27:02.589+0900][gc,heap       ] GC(249) Survivor regions: 7->4(7)
[2023-09-27T04:27:02.589+0900][gc,heap       ] GC(249) Old regions: 134->140
[2023-09-27T04:27:02.589+0900][gc,heap       ] GC(249) Humongous regions: 129->129
[2023-09-27T04:27:02.589+0900][gc,metaspace  ] GC(249) Metaspace: 52700K->52700K(1097728K)
[2023-09-27T04:27:02.589+0900][gc            ] GC(249) Pause Young (Normal) (G1 Evacuation Pause) 313M->272M(1024M) 30.147ms
[2023-09-27T04:27:02.589+0900][gc,cpu        ] GC(249) User=0.08s Sys=0.03s Real=0.03s
[2023-09-27T04:29:47.857+0900][gc,start      ] GC(250) Pause Young (Normal) (G1 Evacuation Pause)
[2023-09-27T04:29:47.858+0900][gc,task       ] GC(250) Using 8 workers of 8 for evacuation
[2023-09-27T04:29:47.885+0900][gc,mmu        ] GC(250) MMU target violated: 21.0ms (20.0ms/21.0ms)
[2023-09-27T04:29:47.885+0900][gc,phases     ] GC(250)   Pre Evacuate Collection Set: 0.8ms
[2023-09-27T04:29:47.885+0900][gc,phases     ] GC(250)   Evacuate Collection Set: 23.5ms
[2023-09-27T04:29:47.886+0900][gc,phases     ] GC(250)   Post Evacuate Collection Set: 1.7ms
[2023-09-27T04:29:47.886+0900][gc,phases     ] GC(250)   Other: 2.9ms
[2023-09-27T04:29:47.886+0900][gc,heap       ] GC(250) Eden regions: 47->0(44)
[2023-09-27T04:29:47.886+0900][gc,heap       ] GC(250) Survivor regions: 4->7(7)
[2023-09-27T04:29:47.886+0900][gc,heap       ] GC(250) Old regions: 140->140
[2023-09-27T04:29:47.886+0900][gc,heap       ] GC(250) Humongous regions: 129->129
[2023-09-27T04:29:47.886+0900][gc,metaspace  ] GC(250) Metaspace: 52700K->52700K(1097728K)
[2023-09-27T04:29:47.886+0900][gc            ] GC(250) Pause Young (Normal) (G1 Evacuation Pause) 319M->275M(1024M) 28.622ms
[2023-09-27T04:29:47.886+0900][gc,cpu        ] GC(250) User=0.06s Sys=0.08s Real=0.03s
[2023-09-27T04:32:20.935+0900][gc,start      ] GC(251) Pause Young (Normal) (G1 Evacuation Pause)
[2023-09-27T04:32:20.938+0900][gc,task       ] GC(251) Using 8 workers of 8 for evacuation
[2023-09-27T04:32:20.974+0900][gc,mmu        ] GC(251) MMU target violated: 21.0ms (20.0ms/21.0ms)
[2023-09-27T04:32:20.975+0900][gc,phases     ] GC(251)   Pre Evacuate Collection Set: 1.0ms
[2023-09-27T04:32:20.975+0900][gc,phases     ] GC(251)   Evacuate Collection Set: 33.1ms
[2023-09-27T04:32:20.975+0900][gc,phases     ] GC(251)   Post Evacuate Collection Set: 1.5ms
[2023-09-27T04:32:20.975+0900][gc,phases     ] GC(251)   Other: 3.8ms
[2023-09-27T04:32:20.975+0900][gc,heap       ] GC(251) Eden regions: 44->0(47)
[2023-09-27T04:32:20.975+0900][gc,heap       ] GC(251) Survivor regions: 7->4(7)
[2023-09-27T04:32:20.975+0900][gc,heap       ] GC(251) Old regions: 140->146
[2023-09-27T04:32:20.975+0900][gc,heap       ] GC(251) Humongous regions: 129->129
[2023-09-27T04:32:20.975+0900][gc,metaspace  ] GC(251) Metaspace: 52700K->52700K(1097728K)
[2023-09-27T04:32:20.975+0900][gc            ] GC(251) Pause Young (Normal) (G1 Evacuation Pause) 319M->277M(1024M) 39.317ms
[2023-09-27T04:32:20.975+0900][gc,cpu        ] GC(251) User=0.07s Sys=0.07s Real=0.04s
[2023-09-27T04:35:04.959+0900][gc,start      ] GC(252) Pause Young (Normal) (G1 Evacuation Pause)
[2023-09-27T04:35:04.960+0900][gc,task       ] GC(252) Using 8 workers of 8 for evacuation
[2023-09-27T04:35:05.006+0900][gc,mmu        ] GC(252) MMU target violated: 21.0ms (20.0ms/21.0ms)
[2023-09-27T04:35:05.007+0900][gc,phases     ] GC(252)   Pre Evacuate Collection Set: 1.0ms
[2023-09-27T04:35:05.007+0900][gc,phases     ] GC(252)   Evacuate Collection Set: 42.6ms
[2023-09-27T04:35:05.007+0900][gc,phases     ] GC(252)   Post Evacuate Collection Set: 1.5ms
[2023-09-27T04:35:05.007+0900][gc,phases     ] GC(252)   Other: 3.5ms
[2023-09-27T04:35:05.007+0900][gc,heap       ] GC(252) Eden regions: 47->0(44)
[2023-09-27T04:35:05.007+0900][gc,heap       ] GC(252) Survivor regions: 4->7(7)
[2023-09-27T04:35:05.007+0900][gc,heap       ] GC(252) Old regions: 146->146
[2023-09-27T04:35:05.007+0900][gc,heap       ] GC(252) Humongous regions: 129->129
[2023-09-27T04:35:05.007+0900][gc,metaspace  ] GC(252) Metaspace: 52700K->52700K(1097728K)
[2023-09-27T04:35:05.007+0900][gc            ] GC(252) Pause Young (Normal) (G1 Evacuation Pause) 324M->281M(1024M) 48.458ms
[2023-09-27T04:35:05.007+0900][gc,cpu        ] GC(252) User=0.07s Sys=0.12s Real=0.05s
[2023-09-27T04:37:39.319+0900][gc,start      ] GC(253) Pause Young (Normal) (G1 Evacuation Pause)
[2023-09-27T04:37:39.319+0900][gc,task       ] GC(253) Using 8 workers of 8 for evacuation
[2023-09-27T04:37:39.347+0900][gc,mmu        ] GC(253) MMU target violated: 21.0ms (20.0ms/21.0ms)
[2023-09-27T04:37:39.347+0900][gc,phases     ] GC(253)   Pre Evacuate Collection Set: 0.2ms
[2023-09-27T04:37:39.347+0900][gc,phases     ] GC(253)   Evacuate Collection Set: 25.6ms
[2023-09-27T04:37:39.347+0900][gc,phases     ] GC(253)   Post Evacuate Collection Set: 1.0ms
[2023-09-27T04:37:39.347+0900][gc,phases     ] GC(253)   Other: 1.9ms
[2023-09-27T04:37:39.347+0900][gc,heap       ] GC(253) Eden regions: 44->0(47)
[2023-09-27T04:37:39.347+0900][gc,heap       ] GC(253) Survivor regions: 7->4(7)
[2023-09-27T04:37:39.347+0900][gc,heap       ] GC(253) Old regions: 146->151
[2023-09-27T04:37:39.347+0900][gc,heap       ] GC(253) Humongous regions: 129->129
[2023-09-27T04:37:39.347+0900][gc,metaspace  ] GC(253) Metaspace: 52700K->52700K(1097728K)
[2023-09-27T04:37:39.347+0900][gc            ] GC(253) Pause Young (Normal) (G1 Evacuation Pause) 325M->283M(1024M) 28.853ms
[2023-09-27T04:37:39.347+0900][gc,cpu        ] GC(253) User=0.07s Sys=0.03s Real=0.03s
[2023-09-27T04:40:25.833+0900][gc,start      ] GC(254) Pause Young (Normal) (G1 Evacuation Pause)
[2023-09-27T04:40:25.833+0900][gc,task       ] GC(254) Using 8 workers of 8 for evacuation
[2023-09-27T04:40:25.855+0900][gc,mmu        ] GC(254) MMU target violated: 21.0ms (20.0ms/21.0ms)
[2023-09-27T04:40:25.855+0900][gc,phases     ] GC(254)   Pre Evacuate Collection Set: 0.3ms
[2023-09-27T04:40:25.855+0900][gc,phases     ] GC(254)   Evacuate Collection Set: 21.0ms
[2023-09-27T04:40:25.855+0900][gc,phases     ] GC(254)   Post Evacuate Collection Set: 0.8ms
[2023-09-27T04:40:25.855+0900][gc,phases     ] GC(254)   Other: 0.8ms
[2023-09-27T04:40:25.856+0900][gc,heap       ] GC(254) Eden regions: 47->0(45)
[2023-09-27T04:40:25.856+0900][gc,heap       ] GC(254) Survivor regions: 4->6(7)
[2023-09-27T04:40:25.856+0900][gc,heap       ] GC(254) Old regions: 151->151
[2023-09-27T04:40:25.856+0900][gc,heap       ] GC(254) Humongous regions: 129->129
[2023-09-27T04:40:25.856+0900][gc,metaspace  ] GC(254) Metaspace: 52700K->52700K(1097728K)
[2023-09-27T04:40:25.856+0900][gc            ] GC(254) Pause Young (Normal) (G1 Evacuation Pause) 330M->284M(1024M) 22.948ms
[2023-09-27T04:40:25.856+0900][gc,cpu        ] GC(254) User=0.03s Sys=0.03s Real=0.02s
[2023-09-27T04:43:04.445+0900][gc,start      ] GC(255) Pause Young (Normal) (G1 Evacuation Pause)
[2023-09-27T04:43:04.445+0900][gc,task       ] GC(255) Using 8 workers of 8 for evacuation
[2023-09-27T04:43:04.468+0900][gc,mmu        ] GC(255) MMU target violated: 21.0ms (20.0ms/21.0ms)
[2023-09-27T04:43:04.468+0900][gc,phases     ] GC(255)   Pre Evacuate Collection Set: 0.2ms
[2023-09-27T04:43:04.468+0900][gc,phases     ] GC(255)   Evacuate Collection Set: 20.4ms
[2023-09-27T04:43:04.468+0900][gc,phases     ] GC(255)   Post Evacuate Collection Set: 0.8ms
[2023-09-27T04:43:04.468+0900][gc,phases     ] GC(255)   Other: 1.7ms
[2023-09-27T04:43:04.468+0900][gc,heap       ] GC(255) Eden regions: 45->0(44)
[2023-09-27T04:43:04.468+0900][gc,heap       ] GC(255) Survivor regions: 6->7(7)
[2023-09-27T04:43:04.468+0900][gc,heap       ] GC(255) Old regions: 151->153
[2023-09-27T04:43:04.468+0900][gc,heap       ] GC(255) Humongous regions: 129->129
[2023-09-27T04:43:04.468+0900][gc,metaspace  ] GC(255) Metaspace: 52700K->52700K(1097728K)
[2023-09-27T04:43:04.468+0900][gc            ] GC(255) Pause Young (Normal) (G1 Evacuation Pause) 329M->288M(1024M) 23.240ms
[2023-09-27T04:43:04.468+0900][gc,cpu        ] GC(255) User=0.07s Sys=0.02s Real=0.02s
[2023-09-27T04:45:38.138+0900][gc,start      ] GC(256) Pause Young (Normal) (G1 Evacuation Pause)
[2023-09-27T04:45:38.139+0900][gc,task       ] GC(256) Using 8 workers of 8 for evacuation
[2023-09-27T04:45:38.166+0900][gc,mmu        ] GC(256) MMU target violated: 21.0ms (20.0ms/21.0ms)
[2023-09-27T04:45:38.166+0900][gc,phases     ] GC(256)   Pre Evacuate Collection Set: 0.7ms
[2023-09-27T04:45:38.166+0900][gc,phases     ] GC(256)   Evacuate Collection Set: 24.0ms
[2023-09-27T04:45:38.166+0900][gc,phases     ] GC(256)   Post Evacuate Collection Set: 0.8ms
[2023-09-27T04:45:38.166+0900][gc,phases     ] GC(256)   Other: 3.1ms
[2023-09-27T04:45:38.166+0900][gc,heap       ] GC(256) Eden regions: 44->0(47)
[2023-09-27T04:45:38.166+0900][gc,heap       ] GC(256) Survivor regions: 7->4(7)
[2023-09-27T04:45:38.166+0900][gc,heap       ] GC(256) Old regions: 153->158
[2023-09-27T04:45:38.166+0900][gc,heap       ] GC(256) Humongous regions: 129->129
[2023-09-27T04:45:38.166+0900][gc,metaspace  ] GC(256) Metaspace: 52700K->52700K(1097728K)
[2023-09-27T04:45:38.166+0900][gc            ] GC(256) Pause Young (Normal) (G1 Evacuation Pause) 332M->290M(1024M) 28.480ms
[2023-09-27T04:45:38.166+0900][gc,cpu        ] GC(256) User=0.07s Sys=0.08s Real=0.03s
[2023-09-27T04:48:25.192+0900][gc,start      ] GC(257) Pause Young (Normal) (G1 Evacuation Pause)
[2023-09-27T04:48:25.193+0900][gc,task       ] GC(257) Using 8 workers of 8 for evacuation
[2023-09-27T04:48:25.217+0900][gc,mmu        ] GC(257) MMU target violated: 21.0ms (20.0ms/21.0ms)
[2023-09-27T04:48:25.217+0900][gc,phases     ] GC(257)   Pre Evacuate Collection Set: 0.4ms
[2023-09-27T04:48:25.217+0900][gc,phases     ] GC(257)   Evacuate Collection Set: 23.0ms
[2023-09-27T04:48:25.217+0900][gc,phases     ] GC(257)   Post Evacuate Collection Set: 0.6ms
[2023-09-27T04:48:25.217+0900][gc,phases     ] GC(257)   Other: 1.7ms
[2023-09-27T04:48:25.217+0900][gc,heap       ] GC(257) Eden regions: 47->0(44)
[2023-09-27T04:48:25.217+0900][gc,heap       ] GC(257) Survivor regions: 4->7(7)
[2023-09-27T04:48:25.217+0900][gc,heap       ] GC(257) Old regions: 158->158
[2023-09-27T04:48:25.217+0900][gc,heap       ] GC(257) Humongous regions: 129->129
[2023-09-27T04:48:25.217+0900][gc,metaspace  ] GC(257) Metaspace: 52700K->52700K(1097728K)
[2023-09-27T04:48:25.217+0900][gc            ] GC(257) Pause Young (Normal) (G1 Evacuation Pause) 337M->293M(1024M) 25.621ms
[2023-09-27T04:48:25.217+0900][gc,cpu        ] GC(257) User=0.04s Sys=0.06s Real=0.02s
[2023-09-27T04:50:58.393+0900][gc,start      ] GC(258) Pause Young (Normal) (G1 Evacuation Pause)
[2023-09-27T04:50:58.394+0900][gc,task       ] GC(258) Using 8 workers of 8 for evacuation
[2023-09-27T04:50:58.420+0900][gc,mmu        ] GC(258) MMU target violated: 21.0ms (20.0ms/21.0ms)
[2023-09-27T04:50:58.420+0900][gc,phases     ] GC(258)   Pre Evacuate Collection Set: 0.7ms
[2023-09-27T04:50:58.420+0900][gc,phases     ] GC(258)   Evacuate Collection Set: 23.4ms
[2023-09-27T04:50:58.420+0900][gc,phases     ] GC(258)   Post Evacuate Collection Set: 0.7ms
[2023-09-27T04:50:58.420+0900][gc,phases     ] GC(258)   Other: 2.3ms
[2023-09-27T04:50:58.420+0900][gc,heap       ] GC(258) Eden regions: 44->0(47)
[2023-09-27T04:50:58.420+0900][gc,heap       ] GC(258) Survivor regions: 7->4(7)
[2023-09-27T04:50:58.420+0900][gc,heap       ] GC(258) Old regions: 158->163
[2023-09-27T04:50:58.420+0900][gc,heap       ] GC(258) Humongous regions: 129->129
[2023-09-27T04:50:58.420+0900][gc,metaspace  ] GC(258) Metaspace: 52700K->52700K(1097728K)
[2023-09-27T04:50:58.420+0900][gc            ] GC(258) Pause Young (Normal) (G1 Evacuation Pause) 337M->295M(1024M) 27.078ms
[2023-09-27T04:50:58.420+0900][gc,cpu        ] GC(258) User=0.07s Sys=0.07s Real=0.03s
[2023-09-27T04:53:43.353+0900][gc,start      ] GC(259) Pause Young (Normal) (G1 Evacuation Pause)
[2023-09-27T04:53:43.355+0900][gc,task       ] GC(259) Using 8 workers of 8 for evacuation
[2023-09-27T04:53:43.378+0900][gc,mmu        ] GC(259) MMU target violated: 21.0ms (20.0ms/21.0ms)
[2023-09-27T04:53:43.378+0900][gc,phases     ] GC(259)   Pre Evacuate Collection Set: 0.3ms
[2023-09-27T04:53:43.378+0900][gc,phases     ] GC(259)   Evacuate Collection Set: 20.7ms
[2023-09-27T04:53:43.378+0900][gc,phases     ] GC(259)   Post Evacuate Collection Set: 0.8ms
[2023-09-27T04:53:43.378+0900][gc,phases     ] GC(259)   Other: 3.4ms
[2023-09-27T04:53:43.378+0900][gc,heap       ] GC(259) Eden regions: 47->0(44)
[2023-09-27T04:53:43.378+0900][gc,heap       ] GC(259) Survivor regions: 4->7(7)
[2023-09-27T04:53:43.378+0900][gc,heap       ] GC(259) Old regions: 163->163
[2023-09-27T04:53:43.378+0900][gc,heap       ] GC(259) Humongous regions: 129->129
[2023-09-27T04:53:43.378+0900][gc,metaspace  ] GC(259) Metaspace: 52700K->52700K(1097728K)
[2023-09-27T04:53:43.378+0900][gc            ] GC(259) Pause Young (Normal) (G1 Evacuation Pause) 342M->298M(1024M) 25.095ms
[2023-09-27T04:53:43.378+0900][gc,cpu        ] GC(259) User=0.06s Sys=0.01s Real=0.02s
[2023-09-27T04:56:17.235+0900][gc,start      ] GC(260) Pause Young (Normal) (G1 Evacuation Pause)
[2023-09-27T04:56:17.236+0900][gc,task       ] GC(260) Using 8 workers of 8 for evacuation
[2023-09-27T04:56:17.262+0900][gc,mmu        ] GC(260) MMU target violated: 21.0ms (20.0ms/21.0ms)
[2023-09-27T04:56:17.263+0900][gc,phases     ] GC(260)   Pre Evacuate Collection Set: 0.7ms
[2023-09-27T04:56:17.263+0900][gc,phases     ] GC(260)   Evacuate Collection Set: 24.5ms
[2023-09-27T04:56:17.263+0900][gc,phases     ] GC(260)   Post Evacuate Collection Set: 0.7ms
[2023-09-27T04:56:17.263+0900][gc,phases     ] GC(260)   Other: 2.1ms
[2023-09-27T04:56:17.263+0900][gc,heap       ] GC(260) Eden regions: 44->0(47)
[2023-09-27T04:56:17.263+0900][gc,heap       ] GC(260) Survivor regions: 7->4(7)
[2023-09-27T04:56:17.263+0900][gc,heap       ] GC(260) Old regions: 163->168
[2023-09-27T04:56:17.263+0900][gc,heap       ] GC(260) Humongous regions: 129->129
[2023-09-27T04:56:17.263+0900][gc,metaspace  ] GC(260) Metaspace: 52700K->52700K(1097728K)
[2023-09-27T04:56:17.263+0900][gc            ] GC(260) Pause Young (Normal) (G1 Evacuation Pause) 342M->300M(1024M) 27.956ms
[2023-09-27T04:56:17.263+0900][gc,cpu        ] GC(260) User=0.06s Sys=0.07s Real=0.03s
[2023-09-27T04:59:02.289+0900][gc,start      ] GC(261) Pause Young (Normal) (G1 Evacuation Pause)
[2023-09-27T04:59:02.290+0900][gc,task       ] GC(261) Using 8 workers of 8 for evacuation
[2023-09-27T04:59:02.356+0900][gc,mmu        ] GC(261) MMU target violated: 21.0ms (20.0ms/21.0ms)
[2023-09-27T04:59:02.356+0900][gc,phases     ] GC(261)   Pre Evacuate Collection Set: 0.7ms
[2023-09-27T04:59:02.356+0900][gc,phases     ] GC(261)   Evacuate Collection Set: 62.7ms
[2023-09-27T04:59:02.356+0900][gc,phases     ] GC(261)   Post Evacuate Collection Set: 0.7ms
[2023-09-27T04:59:02.356+0900][gc,phases     ] GC(261)   Other: 2.8ms
[2023-09-27T04:59:02.356+0900][gc,heap       ] GC(261) Eden regions: 47->0(44)
[2023-09-27T04:59:02.356+0900][gc,heap       ] GC(261) Survivor regions: 4->7(7)
[2023-09-27T04:59:02.356+0900][gc,heap       ] GC(261) Old regions: 168->169
[2023-09-27T04:59:02.356+0900][gc,heap       ] GC(261) Humongous regions: 129->129
[2023-09-27T04:59:02.356+0900][gc,metaspace  ] GC(261) Metaspace: 52700K->52700K(1097728K)
[2023-09-27T04:59:02.356+0900][gc            ] GC(261) Pause Young (Normal) (G1 Evacuation Pause) 347M->304M(1024M) 66.795ms
[2023-09-27T04:59:02.356+0900][gc,cpu        ] GC(261) User=0.09s Sys=0.13s Real=0.07s
[2023-09-27T05:01:35.455+0900][gc,start      ] GC(262) Pause Young (Normal) (G1 Evacuation Pause)
[2023-09-27T05:01:35.456+0900][gc,task       ] GC(262) Using 8 workers of 8 for evacuation
[2023-09-27T05:01:35.486+0900][gc,mmu        ] GC(262) MMU target violated: 21.0ms (20.0ms/21.0ms)
[2023-09-27T05:01:35.487+0900][gc,phases     ] GC(262)   Pre Evacuate Collection Set: 0.8ms
[2023-09-27T05:01:35.487+0900][gc,phases     ] GC(262)   Evacuate Collection Set: 27.7ms
[2023-09-27T05:01:35.487+0900][gc,phases     ] GC(262)   Post Evacuate Collection Set: 1.2ms
[2023-09-27T05:01:35.487+0900][gc,phases     ] GC(262)   Other: 2.3ms
[2023-09-27T05:01:35.487+0900][gc,heap       ] GC(262) Eden regions: 44->0(47)
[2023-09-27T05:01:35.487+0900][gc,heap       ] GC(262) Survivor regions: 7->4(7)
[2023-09-27T05:01:35.487+0900][gc,heap       ] GC(262) Old regions: 169->174
[2023-09-27T05:01:35.487+0900][gc,heap       ] GC(262) Humongous regions: 129->129
[2023-09-27T05:01:35.487+0900][gc,metaspace  ] GC(262) Metaspace: 52700K->52700K(1097728K)
[2023-09-27T05:01:35.487+0900][gc            ] GC(262) Pause Young (Normal) (G1 Evacuation Pause) 348M->306M(1024M) 31.858ms
[2023-09-27T05:01:35.487+0900][gc,cpu        ] GC(262) User=0.08s Sys=0.07s Real=0.03s
[2023-09-27T05:04:19.400+0900][gc,start      ] GC(263) Pause Young (Normal) (G1 Evacuation Pause)
[2023-09-27T05:04:19.401+0900][gc,task       ] GC(263) Using 8 workers of 8 for evacuation
[2023-09-27T05:04:19.422+0900][gc,mmu        ] GC(263) MMU target violated: 21.0ms (20.0ms/21.0ms)
[2023-09-27T05:04:19.422+0900][gc,phases     ] GC(263)   Pre Evacuate Collection Set: 0.4ms
[2023-09-27T05:04:19.422+0900][gc,phases     ] GC(263)   Evacuate Collection Set: 19.9ms
[2023-09-27T05:04:19.422+0900][gc,phases     ] GC(263)   Post Evacuate Collection Set: 0.3ms
[2023-09-27T05:04:19.422+0900][gc,phases     ] GC(263)   Other: 1.7ms
[2023-09-27T05:04:19.422+0900][gc,heap       ] GC(263) Eden regions: 47->0(45)
[2023-09-27T05:04:19.422+0900][gc,heap       ] GC(263) Survivor regions: 4->6(7)
[2023-09-27T05:04:19.422+0900][gc,heap       ] GC(263) Old regions: 174->174
[2023-09-27T05:04:19.422+0900][gc,heap       ] GC(263) Humongous regions: 129->129
[2023-09-27T05:04:19.422+0900][gc,metaspace  ] GC(263) Metaspace: 52700K->52700K(1097728K)
[2023-09-27T05:04:19.422+0900][gc            ] GC(263) Pause Young (Normal) (G1 Evacuation Pause) 353M->307M(1024M) 22.258ms
[2023-09-27T05:04:19.422+0900][gc,cpu        ] GC(263) User=0.05s Sys=0.00s Real=0.02s
[2023-09-27T05:06:56.714+0900][gc,start      ] GC(264) Pause Young (Normal) (G1 Evacuation Pause)
[2023-09-27T05:06:56.716+0900][gc,task       ] GC(264) Using 8 workers of 8 for evacuation
[2023-09-27T05:06:56.751+0900][gc,mmu        ] GC(264) MMU target violated: 21.0ms (20.0ms/21.0ms)
[2023-09-27T05:06:56.751+0900][gc,phases     ] GC(264)   Pre Evacuate Collection Set: 0.8ms
[2023-09-27T05:06:56.751+0900][gc,phases     ] GC(264)   Evacuate Collection Set: 31.1ms
[2023-09-27T05:06:56.751+0900][gc,phases     ] GC(264)   Post Evacuate Collection Set: 1.5ms
[2023-09-27T05:06:56.751+0900][gc,phases     ] GC(264)   Other: 3.8ms
[2023-09-27T05:06:56.751+0900][gc,heap       ] GC(264) Eden regions: 45->0(44)
[2023-09-27T05:06:56.751+0900][gc,heap       ] GC(264) Survivor regions: 6->7(7)
[2023-09-27T05:06:56.751+0900][gc,heap       ] GC(264) Old regions: 174->176
[2023-09-27T05:06:56.751+0900][gc,heap       ] GC(264) Humongous regions: 129->129
[2023-09-27T05:06:56.751+0900][gc,metaspace  ] GC(264) Metaspace: 52700K->52700K(1097728K)
[2023-09-27T05:06:56.751+0900][gc            ] GC(264) Pause Young (Normal) (G1 Evacuation Pause) 352M->311M(1024M) 37.236ms
[2023-09-27T05:06:56.751+0900][gc,cpu        ] GC(264) User=0.08s Sys=0.07s Real=0.04s
[2023-09-27T05:09:30.788+0900][gc,start      ] GC(265) Pause Young (Normal) (G1 Evacuation Pause)
[2023-09-27T05:09:30.788+0900][gc,task       ] GC(265) Using 8 workers of 8 for evacuation
[2023-09-27T05:09:30.811+0900][gc,mmu        ] GC(265) MMU target violated: 21.0ms (20.0ms/21.0ms)
[2023-09-27T05:09:30.811+0900][gc,phases     ] GC(265)   Pre Evacuate Collection Set: 0.7ms
[2023-09-27T05:09:30.811+0900][gc,phases     ] GC(265)   Evacuate Collection Set: 21.1ms
[2023-09-27T05:09:30.811+0900][gc,phases     ] GC(265)   Post Evacuate Collection Set: 0.6ms
[2023-09-27T05:09:30.811+0900][gc,phases     ] GC(265)   Other: 1.5ms
[2023-09-27T05:09:30.811+0900][gc,heap       ] GC(265) Eden regions: 44->0(47)
[2023-09-27T05:09:30.811+0900][gc,heap       ] GC(265) Survivor regions: 7->4(7)
[2023-09-27T05:09:30.811+0900][gc,heap       ] GC(265) Old regions: 176->181
[2023-09-27T05:09:30.811+0900][gc,heap       ] GC(265) Humongous regions: 129->129
[2023-09-27T05:09:30.811+0900][gc,metaspace  ] GC(265) Metaspace: 52700K->52700K(1097728K)
[2023-09-27T05:09:30.811+0900][gc            ] GC(265) Pause Young (Normal) (G1 Evacuation Pause) 355M->312M(1024M) 23.784ms
[2023-09-27T05:09:30.811+0900][gc,cpu        ] GC(265) User=0.03s Sys=0.03s Real=0.03s
[2023-09-27T05:12:15.585+0900][gc,start      ] GC(266) Pause Young (Normal) (G1 Evacuation Pause)
[2023-09-27T05:12:15.586+0900][gc,task       ] GC(266) Using 8 workers of 8 for evacuation
[2023-09-27T05:12:15.608+0900][gc,mmu        ] GC(266) MMU target violated: 21.0ms (20.0ms/21.0ms)
[2023-09-27T05:12:15.608+0900][gc,phases     ] GC(266)   Pre Evacuate Collection Set: 0.3ms
[2023-09-27T05:12:15.608+0900][gc,phases     ] GC(266)   Evacuate Collection Set: 20.7ms
[2023-09-27T05:12:15.608+0900][gc,phases     ] GC(266)   Post Evacuate Collection Set: 0.5ms
[2023-09-27T05:12:15.608+0900][gc,phases     ] GC(266)   Other: 2.1ms
[2023-09-27T05:12:15.608+0900][gc,heap       ] GC(266) Eden regions: 47->0(44)
[2023-09-27T05:12:15.608+0900][gc,heap       ] GC(266) Survivor regions: 4->7(7)
[2023-09-27T05:12:15.608+0900][gc,heap       ] GC(266) Old regions: 181->181
[2023-09-27T05:12:15.608+0900][gc,heap       ] GC(266) Humongous regions: 129->129
[2023-09-27T05:12:15.608+0900][gc,metaspace  ] GC(266) Metaspace: 52700K->52700K(1097728K)
[2023-09-27T05:12:15.608+0900][gc            ] GC(266) Pause Young (Normal) (G1 Evacuation Pause) 359M->316M(1024M) 23.469ms
[2023-09-27T05:12:15.609+0900][gc,cpu        ] GC(266) User=0.06s Sys=0.02s Real=0.02s
[2023-09-27T05:14:49.557+0900][gc,start      ] GC(267) Pause Young (Normal) (G1 Evacuation Pause)
[2023-09-27T05:14:49.559+0900][gc,task       ] GC(267) Using 8 workers of 8 for evacuation
[2023-09-27T05:14:49.591+0900][gc,mmu        ] GC(267) MMU target violated: 21.0ms (20.0ms/21.0ms)
[2023-09-27T05:14:49.591+0900][gc,phases     ] GC(267)   Pre Evacuate Collection Set: 0.9ms
[2023-09-27T05:14:49.591+0900][gc,phases     ] GC(267)   Evacuate Collection Set: 26.0ms
[2023-09-27T05:14:49.591+0900][gc,phases     ] GC(267)   Post Evacuate Collection Set: 1.5ms
[2023-09-27T05:14:49.591+0900][gc,phases     ] GC(267)   Other: 7.8ms
[2023-09-27T05:14:49.591+0900][gc,heap       ] GC(267) Eden regions: 44->0(47)
[2023-09-27T05:14:49.591+0900][gc,heap       ] GC(267) Survivor regions: 7->4(7)
[2023-09-27T05:14:49.591+0900][gc,heap       ] GC(267) Old regions: 181->186
[2023-09-27T05:14:49.591+0900][gc,heap       ] GC(267) Humongous regions: 129->129
[2023-09-27T05:14:49.591+0900][gc,metaspace  ] GC(267) Metaspace: 52700K->52700K(1097728K)
[2023-09-27T05:14:49.592+0900][gc            ] GC(267) Pause Young (Normal) (G1 Evacuation Pause) 360M->318M(1024M) 35.695ms
[2023-09-27T05:14:49.592+0900][gc,cpu        ] GC(267) User=0.05s Sys=0.07s Real=0.04s
[2023-09-27T05:17:34.080+0900][gc,start      ] GC(268) Pause Young (Normal) (G1 Evacuation Pause)
[2023-09-27T05:17:34.082+0900][gc,task       ] GC(268) Using 8 workers of 8 for evacuation
[2023-09-27T05:17:34.103+0900][gc,mmu        ] GC(268) MMU target violated: 20.6ms (20.0ms/21.0ms)
[2023-09-27T05:17:34.103+0900][gc,phases     ] GC(268)   Pre Evacuate Collection Set: 0.3ms
[2023-09-27T05:17:34.103+0900][gc,phases     ] GC(268)   Evacuate Collection Set: 19.5ms
[2023-09-27T05:17:34.103+0900][gc,phases     ] GC(268)   Post Evacuate Collection Set: 0.4ms
[2023-09-27T05:17:34.103+0900][gc,phases     ] GC(268)   Other: 3.1ms
[2023-09-27T05:17:34.103+0900][gc,heap       ] GC(268) Eden regions: 47->0(44)
[2023-09-27T05:17:34.103+0900][gc,heap       ] GC(268) Survivor regions: 4->7(7)
[2023-09-27T05:17:34.103+0900][gc,heap       ] GC(268) Old regions: 186->186
[2023-09-27T05:17:34.103+0900][gc,heap       ] GC(268) Humongous regions: 129->129
[2023-09-27T05:17:34.103+0900][gc,metaspace  ] GC(268) Metaspace: 52700K->52700K(1097728K)
[2023-09-27T05:17:34.103+0900][gc            ] GC(268) Pause Young (Normal) (G1 Evacuation Pause) 365M->321M(1024M) 23.220ms
[2023-09-27T05:17:34.103+0900][gc,cpu        ] GC(268) User=0.06s Sys=0.01s Real=0.02s
[2023-09-27T05:20:07.934+0900][gc,start      ] GC(269) Pause Young (Normal) (G1 Evacuation Pause)
[2023-09-27T05:20:07.934+0900][gc,task       ] GC(269) Using 8 workers of 8 for evacuation
[2023-09-27T05:20:07.946+0900][gc,phases     ] GC(269)   Pre Evacuate Collection Set: 0.2ms
[2023-09-27T05:20:07.946+0900][gc,phases     ] GC(269)   Evacuate Collection Set: 11.0ms
[2023-09-27T05:20:07.946+0900][gc,phases     ] GC(269)   Post Evacuate Collection Set: 0.5ms
[2023-09-27T05:20:07.946+0900][gc,phases     ] GC(269)   Other: 0.7ms
[2023-09-27T05:20:07.946+0900][gc,heap       ] GC(269) Eden regions: 44->0(47)
[2023-09-27T05:20:07.946+0900][gc,heap       ] GC(269) Survivor regions: 7->4(7)
[2023-09-27T05:20:07.946+0900][gc,heap       ] GC(269) Old regions: 186->191
[2023-09-27T05:20:07.946+0900][gc,heap       ] GC(269) Humongous regions: 129->129
[2023-09-27T05:20:07.946+0900][gc,metaspace  ] GC(269) Metaspace: 52701K->52701K(1097728K)
[2023-09-27T05:20:07.946+0900][gc            ] GC(269) Pause Young (Normal) (G1 Evacuation Pause) 365M->323M(1024M) 12.449ms
[2023-09-27T05:20:07.946+0900][gc,cpu        ] GC(269) User=0.03s Sys=0.02s Real=0.01s
[2023-09-27T05:22:52.526+0900][gc,start      ] GC(270) Pause Young (Normal) (G1 Evacuation Pause)
[2023-09-27T05:22:52.527+0900][gc,task       ] GC(270) Using 8 workers of 8 for evacuation
[2023-09-27T05:22:52.552+0900][gc,mmu        ] GC(270) MMU target violated: 21.0ms (20.0ms/21.0ms)
[2023-09-27T05:22:52.552+0900][gc,phases     ] GC(270)   Pre Evacuate Collection Set: 0.9ms
[2023-09-27T05:22:52.552+0900][gc,phases     ] GC(270)   Evacuate Collection Set: 21.5ms
[2023-09-27T05:22:52.552+0900][gc,phases     ] GC(270)   Post Evacuate Collection Set: 1.3ms
[2023-09-27T05:22:52.552+0900][gc,phases     ] GC(270)   Other: 2.5ms
[2023-09-27T05:22:52.552+0900][gc,heap       ] GC(270) Eden regions: 47->0(45)
[2023-09-27T05:22:52.552+0900][gc,heap       ] GC(270) Survivor regions: 4->6(7)
[2023-09-27T05:22:52.552+0900][gc,heap       ] GC(270) Old regions: 191->191
[2023-09-27T05:22:52.552+0900][gc,heap       ] GC(270) Humongous regions: 129->129
[2023-09-27T05:22:52.552+0900][gc,metaspace  ] GC(270) Metaspace: 52701K->52701K(1097728K)
[2023-09-27T05:22:52.552+0900][gc            ] GC(270) Pause Young (Normal) (G1 Evacuation Pause) 370M->324M(1024M) 26.147ms
[2023-09-27T05:22:52.552+0900][gc,cpu        ] GC(270) User=0.07s Sys=0.04s Real=0.03s
[2023-09-27T05:25:21.786+0900][gc,start      ] GC(271) Pause Young (Normal) (G1 Evacuation Pause)
[2023-09-27T05:25:21.787+0900][gc,task       ] GC(271) Using 8 workers of 8 for evacuation
[2023-09-27T05:25:21.830+0900][gc,mmu        ] GC(271) MMU target violated: 21.0ms (20.0ms/21.0ms)
[2023-09-27T05:25:21.830+0900][gc,phases     ] GC(271)   Pre Evacuate Collection Set: 1.0ms
[2023-09-27T05:25:21.830+0900][gc,phases     ] GC(271)   Evacuate Collection Set: 37.0ms
[2023-09-27T05:25:21.830+0900][gc,phases     ] GC(271)   Post Evacuate Collection Set: 1.7ms
[2023-09-27T05:25:21.830+0900][gc,phases     ] GC(271)   Other: 7.6ms
[2023-09-27T05:25:21.831+0900][gc,heap       ] GC(271) Eden regions: 45->0(44)
[2023-09-27T05:25:21.831+0900][gc,heap       ] GC(271) Survivor regions: 6->7(7)
[2023-09-27T05:25:21.831+0900][gc,heap       ] GC(271) Old regions: 191->193
[2023-09-27T05:25:21.831+0900][gc,heap       ] GC(271) Humongous regions: 129->129
[2023-09-27T05:25:21.831+0900][gc,metaspace  ] GC(271) Metaspace: 52701K->52701K(1097728K)
[2023-09-27T05:25:21.831+0900][gc            ] GC(271) Pause Young (Normal) (G1 Evacuation Pause) 369M->328M(1024M) 46.405ms
[2023-09-27T05:25:21.831+0900][gc,cpu        ] GC(271) User=0.07s Sys=0.12s Real=0.05s
[2023-09-27T05:27:51.978+0900][gc,start      ] GC(272) Pause Young (Normal) (G1 Evacuation Pause)
[2023-09-27T05:27:51.978+0900][gc,task       ] GC(272) Using 8 workers of 8 for evacuation
[2023-09-27T05:27:52.017+0900][gc,mmu        ] GC(272) MMU target violated: 21.0ms (20.0ms/21.0ms)
[2023-09-27T05:27:52.017+0900][gc,phases     ] GC(272)   Pre Evacuate Collection Set: 0.2ms
[2023-09-27T05:27:52.017+0900][gc,phases     ] GC(272)   Evacuate Collection Set: 36.9ms
[2023-09-27T05:27:52.017+0900][gc,phases     ] GC(272)   Post Evacuate Collection Set: 1.0ms
[2023-09-27T05:27:52.017+0900][gc,phases     ] GC(272)   Other: 1.4ms
[2023-09-27T05:27:52.017+0900][gc,heap       ] GC(272) Eden regions: 44->0(46)
[2023-09-27T05:27:52.017+0900][gc,heap       ] GC(272) Survivor regions: 7->5(7)
[2023-09-27T05:27:52.017+0900][gc,heap       ] GC(272) Old regions: 193->198
[2023-09-27T05:27:52.017+0900][gc,heap       ] GC(272) Humongous regions: 129->129
[2023-09-27T05:27:52.017+0900][gc,metaspace  ] GC(272) Metaspace: 52701K->52701K(1097728K)
[2023-09-27T05:27:52.017+0900][gc            ] GC(272) Pause Young (Normal) (G1 Evacuation Pause) 372M->331M(1024M) 39.573ms
[2023-09-27T05:27:52.017+0900][gc,cpu        ] GC(272) User=0.07s Sys=0.03s Real=0.04s
[2023-09-27T05:30:33.024+0900][gc,start      ] GC(273) Pause Young (Normal) (G1 Evacuation Pause)
[2023-09-27T05:30:33.025+0900][gc,task       ] GC(273) Using 8 workers of 8 for evacuation
[2023-09-27T05:30:33.042+0900][gc,phases     ] GC(273)   Pre Evacuate Collection Set: 0.6ms
[2023-09-27T05:30:33.042+0900][gc,phases     ] GC(273)   Evacuate Collection Set: 14.5ms
[2023-09-27T05:30:33.042+0900][gc,phases     ] GC(273)   Post Evacuate Collection Set: 0.8ms
[2023-09-27T05:30:33.042+0900][gc,phases     ] GC(273)   Other: 2.2ms
[2023-09-27T05:30:33.042+0900][gc,heap       ] GC(273) Eden regions: 46->0(46)
[2023-09-27T05:30:33.042+0900][gc,heap       ] GC(273) Survivor regions: 5->5(7)
[2023-09-27T05:30:33.042+0900][gc,heap       ] GC(273) Old regions: 198->200
[2023-09-27T05:30:33.042+0900][gc,heap       ] GC(273) Humongous regions: 129->129
[2023-09-27T05:30:33.042+0900][gc,metaspace  ] GC(273) Metaspace: 52701K->52701K(1097728K)
[2023-09-27T05:30:33.042+0900][gc            ] GC(273) Pause Young (Normal) (G1 Evacuation Pause) 377M->333M(1024M) 18.002ms
[2023-09-27T05:30:33.042+0900][gc,cpu        ] GC(273) User=0.05s Sys=0.04s Real=0.02s
[2023-09-27T05:33:14.489+0900][gc,start      ] GC(274) Pause Young (Normal) (G1 Evacuation Pause)
[2023-09-27T05:33:14.490+0900][gc,task       ] GC(274) Using 8 workers of 8 for evacuation
[2023-09-27T05:33:14.521+0900][gc,mmu        ] GC(274) MMU target violated: 21.0ms (20.0ms/21.0ms)
[2023-09-27T05:33:14.521+0900][gc,phases     ] GC(274)   Pre Evacuate Collection Set: 0.3ms
[2023-09-27T05:33:14.521+0900][gc,phases     ] GC(274)   Evacuate Collection Set: 28.2ms
[2023-09-27T05:33:14.521+0900][gc,phases     ] GC(274)   Post Evacuate Collection Set: 1.2ms
[2023-09-27T05:33:14.521+0900][gc,phases     ] GC(274)   Other: 2.2ms
[2023-09-27T05:33:14.521+0900][gc,heap       ] GC(274) Eden regions: 46->0(47)
[2023-09-27T05:33:14.521+0900][gc,heap       ] GC(274) Survivor regions: 5->4(7)
[2023-09-27T05:33:14.521+0900][gc,heap       ] GC(274) Old regions: 200->203
[2023-09-27T05:33:14.521+0900][gc,heap       ] GC(274) Humongous regions: 129->129
[2023-09-27T05:33:14.521+0900][gc,metaspace  ] GC(274) Metaspace: 52701K->52701K(1097728K)
[2023-09-27T05:33:14.521+0900][gc            ] GC(274) Pause Young (Normal) (G1 Evacuation Pause) 379M->334M(1024M) 31.942ms
[2023-09-27T05:33:14.521+0900][gc,cpu        ] GC(274) User=0.06s Sys=0.02s Real=0.04s
[2023-09-27T05:35:59.399+0900][gc,start      ] GC(275) Pause Young (Normal) (G1 Evacuation Pause)
[2023-09-27T05:35:59.401+0900][gc,task       ] GC(275) Using 8 workers of 8 for evacuation
[2023-09-27T05:35:59.438+0900][gc,mmu        ] GC(275) MMU target violated: 21.0ms (20.0ms/21.0ms)
[2023-09-27T05:35:59.438+0900][gc,phases     ] GC(275)   Pre Evacuate Collection Set: 0.8ms
[2023-09-27T05:35:59.438+0900][gc,phases     ] GC(275)   Evacuate Collection Set: 28.8ms
[2023-09-27T05:35:59.438+0900][gc,phases     ] GC(275)   Post Evacuate Collection Set: 1.3ms
[2023-09-27T05:35:59.438+0900][gc,phases     ] GC(275)   Other: 12.5ms
[2023-09-27T05:35:59.438+0900][gc,heap       ] GC(275) Eden regions: 47->0(44)
[2023-09-27T05:35:59.438+0900][gc,heap       ] GC(275) Survivor regions: 4->7(7)
[2023-09-27T05:35:59.438+0900][gc,heap       ] GC(275) Old regions: 203->203
[2023-09-27T05:35:59.438+0900][gc,heap       ] GC(275) Humongous regions: 129->129
[2023-09-27T05:35:59.439+0900][gc,metaspace  ] GC(275) Metaspace: 52701K->52701K(1097728K)
[2023-09-27T05:35:59.439+0900][gc            ] GC(275) Pause Young (Normal) (G1 Evacuation Pause) 381M->338M(1024M) 41.980ms
[2023-09-27T05:35:59.439+0900][gc,cpu        ] GC(275) User=0.06s Sys=0.06s Real=0.04s
[2023-09-27T05:38:33.588+0900][gc,start      ] GC(276) Pause Young (Normal) (G1 Evacuation Pause)
[2023-09-27T05:38:33.589+0900][gc,task       ] GC(276) Using 8 workers of 8 for evacuation
[2023-09-27T05:38:33.618+0900][gc,mmu        ] GC(276) MMU target violated: 21.0ms (20.0ms/21.0ms)
[2023-09-27T05:38:33.618+0900][gc,phases     ] GC(276)   Pre Evacuate Collection Set: 0.7ms
[2023-09-27T05:38:33.618+0900][gc,phases     ] GC(276)   Evacuate Collection Set: 26.5ms
[2023-09-27T05:38:33.618+0900][gc,phases     ] GC(276)   Post Evacuate Collection Set: 0.6ms
[2023-09-27T05:38:33.618+0900][gc,phases     ] GC(276)   Other: 2.1ms
[2023-09-27T05:38:33.618+0900][gc,heap       ] GC(276) Eden regions: 44->0(47)
[2023-09-27T05:38:33.618+0900][gc,heap       ] GC(276) Survivor regions: 7->4(7)
[2023-09-27T05:38:33.618+0900][gc,heap       ] GC(276) Old regions: 203->208
[2023-09-27T05:38:33.618+0900][gc,heap       ] GC(276) Humongous regions: 129->129
[2023-09-27T05:38:33.618+0900][gc,metaspace  ] GC(276) Metaspace: 52701K->52701K(1097728K)
[2023-09-27T05:38:33.618+0900][gc            ] GC(276) Pause Young (Normal) (G1 Evacuation Pause) 382M->339M(1024M) 29.750ms
[2023-09-27T05:38:33.618+0900][gc,cpu        ] GC(276) User=0.05s Sys=0.06s Real=0.03s
[2023-09-27T05:41:17.568+0900][gc,start      ] GC(277) Pause Young (Normal) (G1 Evacuation Pause)
[2023-09-27T05:41:17.569+0900][gc,task       ] GC(277) Using 8 workers of 8 for evacuation
[2023-09-27T05:41:17.597+0900][gc,mmu        ] GC(277) MMU target violated: 21.0ms (20.0ms/21.0ms)
[2023-09-27T05:41:17.597+0900][gc,phases     ] GC(277)   Pre Evacuate Collection Set: 0.8ms
[2023-09-27T05:41:17.597+0900][gc,phases     ] GC(277)   Evacuate Collection Set: 25.0ms
[2023-09-27T05:41:17.597+0900][gc,phases     ] GC(277)   Post Evacuate Collection Set: 1.4ms
[2023-09-27T05:41:17.597+0900][gc,phases     ] GC(277)   Other: 2.4ms
[2023-09-27T05:41:17.597+0900][gc,heap       ] GC(277) Eden regions: 47->0(44)
[2023-09-27T05:41:17.597+0900][gc,heap       ] GC(277) Survivor regions: 4->7(7)
[2023-09-27T05:41:17.597+0900][gc,heap       ] GC(277) Old regions: 208->208
[2023-09-27T05:41:17.597+0900][gc,heap       ] GC(277) Humongous regions: 129->129
[2023-09-27T05:41:17.597+0900][gc,metaspace  ] GC(277) Metaspace: 52701K->52701K(1097728K)
[2023-09-27T05:41:17.597+0900][gc            ] GC(277) Pause Young (Normal) (G1 Evacuation Pause) 386M->343M(1024M) 29.435ms
[2023-09-27T05:41:17.597+0900][gc,cpu        ] GC(277) User=0.07s Sys=0.07s Real=0.03s
[2023-09-27T05:43:51.942+0900][gc,start      ] GC(278) Pause Young (Normal) (G1 Evacuation Pause)
[2023-09-27T05:43:51.943+0900][gc,task       ] GC(278) Using 8 workers of 8 for evacuation
[2023-09-27T05:43:51.979+0900][gc,mmu        ] GC(278) MMU target violated: 21.0ms (20.0ms/21.0ms)
[2023-09-27T05:43:51.979+0900][gc,phases     ] GC(278)   Pre Evacuate Collection Set: 0.2ms
[2023-09-27T05:43:51.979+0900][gc,phases     ] GC(278)   Evacuate Collection Set: 35.4ms
[2023-09-27T05:43:51.979+0900][gc,phases     ] GC(278)   Post Evacuate Collection Set: 0.5ms
[2023-09-27T05:43:51.979+0900][gc,phases     ] GC(278)   Other: 1.2ms
[2023-09-27T05:43:51.979+0900][gc,heap       ] GC(278) Eden regions: 44->0(47)
[2023-09-27T05:43:51.979+0900][gc,heap       ] GC(278) Survivor regions: 7->4(7)
[2023-09-27T05:43:51.979+0900][gc,heap       ] GC(278) Old regions: 208->213
[2023-09-27T05:43:51.980+0900][gc,heap       ] GC(278) Humongous regions: 129->129
[2023-09-27T05:43:51.980+0900][gc,metaspace  ] GC(278) Metaspace: 52701K->52701K(1097728K)
[2023-09-27T05:43:51.980+0900][gc            ] GC(278) Pause Young (Normal) (G1 Evacuation Pause) 387M->345M(1024M) 37.360ms
[2023-09-27T05:43:51.980+0900][gc,cpu        ] GC(278) User=0.07s Sys=0.02s Real=0.04s
[2023-09-27T05:46:35.922+0900][gc,start      ] GC(279) Pause Young (Normal) (G1 Evacuation Pause)
[2023-09-27T05:46:35.923+0900][gc,task       ] GC(279) Using 8 workers of 8 for evacuation
[2023-09-27T05:46:35.950+0900][gc,mmu        ] GC(279) MMU target violated: 21.0ms (20.0ms/21.0ms)
[2023-09-27T05:46:35.951+0900][gc,phases     ] GC(279)   Pre Evacuate Collection Set: 0.7ms
[2023-09-27T05:46:35.951+0900][gc,phases     ] GC(279)   Evacuate Collection Set: 24.1ms
[2023-09-27T05:46:35.951+0900][gc,phases     ] GC(279)   Post Evacuate Collection Set: 1.4ms
[2023-09-27T05:46:35.951+0900][gc,phases     ] GC(279)   Other: 2.3ms
[2023-09-27T05:46:35.951+0900][gc,heap       ] GC(279) Eden regions: 47->0(44)
[2023-09-27T05:46:35.951+0900][gc,heap       ] GC(279) Survivor regions: 4->7(7)
[2023-09-27T05:46:35.951+0900][gc,heap       ] GC(279) Old regions: 213->213
[2023-09-27T05:46:35.951+0900][gc,heap       ] GC(279) Humongous regions: 129->129
[2023-09-27T05:46:35.951+0900][gc,metaspace  ] GC(279) Metaspace: 52701K->52701K(1097728K)
[2023-09-27T05:46:35.951+0900][gc            ] GC(279) Pause Young (Normal) (G1 Evacuation Pause) 392M->348M(1024M) 28.592ms
[2023-09-27T05:46:35.951+0900][gc,cpu        ] GC(279) User=0.07s Sys=0.05s Real=0.03s
[2023-09-27T05:49:08.504+0900][gc,start      ] GC(280) Pause Young (Normal) (G1 Evacuation Pause)
[2023-09-27T05:49:08.505+0900][gc,task       ] GC(280) Using 8 workers of 8 for evacuation
[2023-09-27T05:49:08.544+0900][gc,mmu        ] GC(280) MMU target violated: 21.0ms (20.0ms/21.0ms)
[2023-09-27T05:49:08.545+0900][gc,phases     ] GC(280)   Pre Evacuate Collection Set: 0.8ms
[2023-09-27T05:49:08.545+0900][gc,phases     ] GC(280)   Evacuate Collection Set: 33.1ms
[2023-09-27T05:49:08.545+0900][gc,phases     ] GC(280)   Post Evacuate Collection Set: 1.6ms
[2023-09-27T05:49:08.545+0900][gc,phases     ] GC(280)   Other: 8.1ms
[2023-09-27T05:49:08.545+0900][gc,heap       ] GC(280) Eden regions: 44->0(47)
[2023-09-27T05:49:08.545+0900][gc,heap       ] GC(280) Survivor regions: 7->4(7)
[2023-09-27T05:49:08.545+0900][gc,heap       ] GC(280) Old regions: 213->218
[2023-09-27T05:49:08.545+0900][gc,heap       ] GC(280) Humongous regions: 129->129
[2023-09-27T05:49:08.545+0900][gc,metaspace  ] GC(280) Metaspace: 52701K->52701K(1097728K)
[2023-09-27T05:49:08.546+0900][gc            ] GC(280) Pause Young (Normal) (G1 Evacuation Pause) 392M->350M(1024M) 42.192ms
[2023-09-27T05:49:08.546+0900][gc,cpu        ] GC(280) User=0.07s Sys=0.09s Real=0.04s
[2023-09-27T05:51:52.810+0900][gc,start      ] GC(281) Pause Young (Normal) (G1 Evacuation Pause)
[2023-09-27T05:51:52.811+0900][gc,task       ] GC(281) Using 8 workers of 8 for evacuation
[2023-09-27T05:51:52.839+0900][gc,mmu        ] GC(281) MMU target violated: 21.0ms (20.0ms/21.0ms)
[2023-09-27T05:51:52.839+0900][gc,phases     ] GC(281)   Pre Evacuate Collection Set: 1.1ms
[2023-09-27T05:51:52.839+0900][gc,phases     ] GC(281)   Evacuate Collection Set: 24.8ms
[2023-09-27T05:51:52.839+0900][gc,phases     ] GC(281)   Post Evacuate Collection Set: 0.8ms
[2023-09-27T05:51:52.839+0900][gc,phases     ] GC(281)   Other: 2.8ms
[2023-09-27T05:51:52.839+0900][gc,heap       ] GC(281) Eden regions: 47->0(45)
[2023-09-27T05:51:52.839+0900][gc,heap       ] GC(281) Survivor regions: 4->6(7)
[2023-09-27T05:51:52.839+0900][gc,heap       ] GC(281) Old regions: 218->218
[2023-09-27T05:51:52.839+0900][gc,heap       ] GC(281) Humongous regions: 129->129
[2023-09-27T05:51:52.839+0900][gc,metaspace  ] GC(281) Metaspace: 52702K->52702K(1097728K)
[2023-09-27T05:51:52.839+0900][gc            ] GC(281) Pause Young (Normal) (G1 Evacuation Pause) 397M->352M(1024M) 29.407ms
[2023-09-27T05:51:52.839+0900][gc,cpu        ] GC(281) User=0.06s Sys=0.04s Real=0.02s
[2023-09-27T05:54:29.732+0900][gc,start      ] GC(282) Pause Young (Normal) (G1 Evacuation Pause)
[2023-09-27T05:54:29.738+0900][gc,task       ] GC(282) Using 8 workers of 8 for evacuation
[2023-09-27T05:54:29.774+0900][gc,mmu        ] GC(282) MMU target violated: 21.0ms (20.0ms/21.0ms)
[2023-09-27T05:54:29.775+0900][gc,phases     ] GC(282)   Pre Evacuate Collection Set: 2.6ms
[2023-09-27T05:54:29.775+0900][gc,phases     ] GC(282)   Evacuate Collection Set: 31.8ms
[2023-09-27T05:54:29.775+0900][gc,phases     ] GC(282)   Post Evacuate Collection Set: 0.6ms
[2023-09-27T05:54:29.775+0900][gc,phases     ] GC(282)   Other: 7.9ms
[2023-09-27T05:54:29.775+0900][gc,heap       ] GC(282) Eden regions: 45->0(44)
[2023-09-27T05:54:29.775+0900][gc,heap       ] GC(282) Survivor regions: 6->7(7)
[2023-09-27T05:54:29.775+0900][gc,heap       ] GC(282) Old regions: 218->221
[2023-09-27T05:54:29.775+0900][gc,heap       ] GC(282) Humongous regions: 129->129
[2023-09-27T05:54:29.775+0900][gc,metaspace  ] GC(282) Metaspace: 52702K->52702K(1097728K)
[2023-09-27T05:54:29.775+0900][gc            ] GC(282) Pause Young (Normal) (G1 Evacuation Pause) 397M->355M(1024M) 42.916ms
[2023-09-27T05:54:29.775+0900][gc,cpu        ] GC(282) User=0.04s Sys=0.08s Real=0.04s
[2023-09-27T05:57:03.538+0900][gc,start      ] GC(283) Pause Young (Normal) (G1 Evacuation Pause)
[2023-09-27T05:57:03.539+0900][gc,task       ] GC(283) Using 8 workers of 8 for evacuation
[2023-09-27T05:57:03.567+0900][gc,mmu        ] GC(283) MMU target violated: 21.0ms (20.0ms/21.0ms)
[2023-09-27T05:57:03.567+0900][gc,phases     ] GC(283)   Pre Evacuate Collection Set: 0.5ms
[2023-09-27T05:57:03.567+0900][gc,phases     ] GC(283)   Evacuate Collection Set: 25.4ms
[2023-09-27T05:57:03.567+0900][gc,phases     ] GC(283)   Post Evacuate Collection Set: 0.9ms
[2023-09-27T05:57:03.567+0900][gc,phases     ] GC(283)   Other: 2.4ms
[2023-09-27T05:57:03.567+0900][gc,heap       ] GC(283) Eden regions: 44->0(47)
[2023-09-27T05:57:03.567+0900][gc,heap       ] GC(283) Survivor regions: 7->4(7)
[2023-09-27T05:57:03.567+0900][gc,heap       ] GC(283) Old regions: 221->226
[2023-09-27T05:57:03.567+0900][gc,heap       ] GC(283) Humongous regions: 129->129
[2023-09-27T05:57:03.567+0900][gc,metaspace  ] GC(283) Metaspace: 52702K->52702K(1097728K)
[2023-09-27T05:57:03.567+0900][gc            ] GC(283) Pause Young (Normal) (G1 Evacuation Pause) 399M->357M(1024M) 29.192ms
[2023-09-27T05:57:03.567+0900][gc,cpu        ] GC(283) User=0.07s Sys=0.03s Real=0.03s
[2023-09-27T05:59:48.185+0900][gc,start      ] GC(284) Pause Young (Normal) (G1 Evacuation Pause)
[2023-09-27T05:59:48.185+0900][gc,task       ] GC(284) Using 8 workers of 8 for evacuation
[2023-09-27T05:59:48.212+0900][gc,mmu        ] GC(284) MMU target violated: 21.0ms (20.0ms/21.0ms)
[2023-09-27T05:59:48.212+0900][gc,phases     ] GC(284)   Pre Evacuate Collection Set: 0.7ms
[2023-09-27T05:59:48.212+0900][gc,phases     ] GC(284)   Evacuate Collection Set: 24.1ms
[2023-09-27T05:59:48.212+0900][gc,phases     ] GC(284)   Post Evacuate Collection Set: 0.7ms
[2023-09-27T05:59:48.212+0900][gc,phases     ] GC(284)   Other: 1.8ms
[2023-09-27T05:59:48.212+0900][gc,heap       ] GC(284) Eden regions: 47->0(44)
[2023-09-27T05:59:48.212+0900][gc,heap       ] GC(284) Survivor regions: 4->7(7)
[2023-09-27T05:59:48.212+0900][gc,heap       ] GC(284) Old regions: 226->226
[2023-09-27T05:59:48.212+0900][gc,heap       ] GC(284) Humongous regions: 129->129
[2023-09-27T05:59:48.212+0900][gc,metaspace  ] GC(284) Metaspace: 52702K->52702K(1097728K)
[2023-09-27T05:59:48.212+0900][gc            ] GC(284) Pause Young (Normal) (G1 Evacuation Pause) 404M->360M(1024M) 27.192ms
[2023-09-27T05:59:48.212+0900][gc,cpu        ] GC(284) User=0.05s Sys=0.06s Real=0.03s
[2023-09-27T06:02:22.358+0900][gc,start      ] GC(285) Pause Young (Normal) (G1 Evacuation Pause)
[2023-09-27T06:02:22.359+0900][gc,task       ] GC(285) Using 8 workers of 8 for evacuation
[2023-09-27T06:02:22.390+0900][gc,mmu        ] GC(285) MMU target violated: 21.0ms (20.0ms/21.0ms)
[2023-09-27T06:02:22.391+0900][gc,phases     ] GC(285)   Pre Evacuate Collection Set: 0.2ms
[2023-09-27T06:02:22.391+0900][gc,phases     ] GC(285)   Evacuate Collection Set: 29.3ms
[2023-09-27T06:02:22.391+0900][gc,phases     ] GC(285)   Post Evacuate Collection Set: 1.1ms
[2023-09-27T06:02:22.391+0900][gc,phases     ] GC(285)   Other: 2.0ms
[2023-09-27T06:02:22.391+0900][gc,heap       ] GC(285) Eden regions: 44->0(47)
[2023-09-27T06:02:22.391+0900][gc,heap       ] GC(285) Survivor regions: 7->4(7)
[2023-09-27T06:02:22.391+0900][gc,heap       ] GC(285) Old regions: 226->230
[2023-09-27T06:02:22.391+0900][gc,heap       ] GC(285) Humongous regions: 129->129
[2023-09-27T06:02:22.391+0900][gc,metaspace  ] GC(285) Metaspace: 52702K->52702K(1097728K)
[2023-09-27T06:02:22.391+0900][gc            ] GC(285) Pause Young (Normal) (G1 Evacuation Pause) 404M->362M(1024M) 32.679ms
[2023-09-27T06:02:22.391+0900][gc,cpu        ] GC(285) User=0.08s Sys=0.04s Real=0.04s
[2023-09-27T06:05:07.246+0900][gc,start      ] GC(286) Pause Young (Normal) (G1 Evacuation Pause)
[2023-09-27T06:05:07.248+0900][gc,task       ] GC(286) Using 8 workers of 8 for evacuation
[2023-09-27T06:05:07.299+0900][gc,mmu        ] GC(286) MMU target violated: 21.0ms (20.0ms/21.0ms)
[2023-09-27T06:05:07.299+0900][gc,phases     ] GC(286)   Pre Evacuate Collection Set: 0.9ms
[2023-09-27T06:05:07.299+0900][gc,phases     ] GC(286)   Evacuate Collection Set: 43.5ms
[2023-09-27T06:05:07.299+0900][gc,phases     ] GC(286)   Post Evacuate Collection Set: 2.1ms
[2023-09-27T06:05:07.300+0900][gc,phases     ] GC(286)   Other: 10.4ms
[2023-09-27T06:05:07.300+0900][gc,heap       ] GC(286) Eden regions: 47->0(44)
[2023-09-27T06:05:07.300+0900][gc,heap       ] GC(286) Survivor regions: 4->7(7)
[2023-09-27T06:05:07.300+0900][gc,heap       ] GC(286) Old regions: 230->231
[2023-09-27T06:05:07.300+0900][gc,heap       ] GC(286) Humongous regions: 129->129
[2023-09-27T06:05:07.300+0900][gc,metaspace  ] GC(286) Metaspace: 52702K->52702K(1097728K)
[2023-09-27T06:05:07.301+0900][gc            ] GC(286) Pause Young (Normal) (G1 Evacuation Pause) 409M->366M(1024M) 55.308ms
[2023-09-27T06:05:07.301+0900][gc,cpu        ] GC(286) User=0.07s Sys=0.14s Real=0.06s
[2023-09-27T06:07:40.875+0900][gc,start      ] GC(287) Pause Young (Normal) (G1 Evacuation Pause)
[2023-09-27T06:07:40.875+0900][gc,task       ] GC(287) Using 8 workers of 8 for evacuation
[2023-09-27T06:07:40.888+0900][gc,phases     ] GC(287)   Pre Evacuate Collection Set: 0.1ms
[2023-09-27T06:07:40.888+0900][gc,phases     ] GC(287)   Evacuate Collection Set: 11.8ms
[2023-09-27T06:07:40.888+0900][gc,phases     ] GC(287)   Post Evacuate Collection Set: 0.3ms
[2023-09-27T06:07:40.888+0900][gc,phases     ] GC(287)   Other: 0.9ms
[2023-09-27T06:07:40.888+0900][gc,heap       ] GC(287) Eden regions: 44->0(47)
[2023-09-27T06:07:40.888+0900][gc,heap       ] GC(287) Survivor regions: 7->4(7)
[2023-09-27T06:07:40.888+0900][gc,heap       ] GC(287) Old regions: 231->236
[2023-09-27T06:07:40.888+0900][gc,heap       ] GC(287) Humongous regions: 129->129
[2023-09-27T06:07:40.888+0900][gc,metaspace  ] GC(287) Metaspace: 52702K->52702K(1097728K)
[2023-09-27T06:07:40.888+0900][gc            ] GC(287) Pause Young (Normal) (G1 Evacuation Pause) 410M->367M(1024M) 13.152ms
[2023-09-27T06:07:40.888+0900][gc,cpu        ] GC(287) User=0.05s Sys=0.02s Real=0.01s
[2023-09-27T06:10:25.002+0900][gc,start      ] GC(288) Pause Young (Normal) (G1 Evacuation Pause)
[2023-09-27T06:10:25.003+0900][gc,task       ] GC(288) Using 8 workers of 8 for evacuation
[2023-09-27T06:10:25.038+0900][gc,mmu        ] GC(288) MMU target violated: 21.0ms (20.0ms/21.0ms)
[2023-09-27T06:10:25.038+0900][gc,phases     ] GC(288)   Pre Evacuate Collection Set: 0.3ms
[2023-09-27T06:10:25.038+0900][gc,phases     ] GC(288)   Evacuate Collection Set: 33.7ms
[2023-09-27T06:10:25.038+0900][gc,phases     ] GC(288)   Post Evacuate Collection Set: 0.9ms
[2023-09-27T06:10:25.038+0900][gc,phases     ] GC(288)   Other: 1.2ms
[2023-09-27T06:10:25.038+0900][gc,heap       ] GC(288) Eden regions: 47->0(45)
[2023-09-27T06:10:25.038+0900][gc,heap       ] GC(288) Survivor regions: 4->6(7)
[2023-09-27T06:10:25.038+0900][gc,heap       ] GC(288) Old regions: 236->236
[2023-09-27T06:10:25.038+0900][gc,heap       ] GC(288) Humongous regions: 129->129
[2023-09-27T06:10:25.038+0900][gc,metaspace  ] GC(288) Metaspace: 52702K->52702K(1097728K)
[2023-09-27T06:10:25.038+0900][gc            ] GC(288) Pause Young (Normal) (G1 Evacuation Pause) 414M->369M(1024M) 36.106ms
[2023-09-27T06:10:25.038+0900][gc,cpu        ] GC(288) User=0.02s Sys=0.03s Real=0.03s
[2023-09-27T06:13:03.647+0900][gc,start      ] GC(289) Pause Young (Normal) (G1 Evacuation Pause)
[2023-09-27T06:13:03.650+0900][gc,task       ] GC(289) Using 8 workers of 8 for evacuation
[2023-09-27T06:13:03.673+0900][gc,mmu        ] GC(289) MMU target violated: 21.0ms (20.0ms/21.0ms)
[2023-09-27T06:13:03.673+0900][gc,phases     ] GC(289)   Pre Evacuate Collection Set: 0.3ms
[2023-09-27T06:13:03.673+0900][gc,phases     ] GC(289)   Evacuate Collection Set: 22.2ms
[2023-09-27T06:13:03.673+0900][gc,phases     ] GC(289)   Post Evacuate Collection Set: 0.4ms
[2023-09-27T06:13:03.673+0900][gc,phases     ] GC(289)   Other: 3.3ms
[2023-09-27T06:13:03.673+0900][gc,heap       ] GC(289) Eden regions: 45->0(44)
[2023-09-27T06:13:03.673+0900][gc,heap       ] GC(289) Survivor regions: 6->7(7)
[2023-09-27T06:13:03.673+0900][gc,heap       ] GC(289) Old regions: 236->238
[2023-09-27T06:13:03.673+0900][gc,heap       ] GC(289) Humongous regions: 129->129
[2023-09-27T06:13:03.673+0900][gc,metaspace  ] GC(289) Metaspace: 52702K->52702K(1097728K)
[2023-09-27T06:13:03.673+0900][gc            ] GC(289) Pause Young (Normal) (G1 Evacuation Pause) 414M->373M(1024M) 26.048ms
[2023-09-27T06:13:03.673+0900][gc,cpu        ] GC(289) User=0.06s Sys=0.00s Real=0.03s
[2023-09-27T06:15:36.836+0900][gc,start      ] GC(290) Pause Young (Normal) (G1 Evacuation Pause)
[2023-09-27T06:15:36.838+0900][gc,task       ] GC(290) Using 8 workers of 8 for evacuation
[2023-09-27T06:15:36.870+0900][gc,mmu        ] GC(290) MMU target violated: 21.0ms (20.0ms/21.0ms)
[2023-09-27T06:15:36.870+0900][gc,phases     ] GC(290)   Pre Evacuate Collection Set: 0.9ms
[2023-09-27T06:15:36.870+0900][gc,phases     ] GC(290)   Evacuate Collection Set: 25.2ms
[2023-09-27T06:15:36.870+0900][gc,phases     ] GC(290)   Post Evacuate Collection Set: 1.9ms
[2023-09-27T06:15:36.870+0900][gc,phases     ] GC(290)   Other: 9.4ms
[2023-09-27T06:15:36.871+0900][gc,heap       ] GC(290) Eden regions: 44->0(48)
[2023-09-27T06:15:36.871+0900][gc,heap       ] GC(290) Survivor regions: 7->3(7)
[2023-09-27T06:15:36.871+0900][gc,heap       ] GC(290) Old regions: 238->243
[2023-09-27T06:15:36.871+0900][gc,heap       ] GC(290) Humongous regions: 129->129
[2023-09-27T06:15:36.871+0900][gc,metaspace  ] GC(290) Metaspace: 52702K->52702K(1097728K)
[2023-09-27T06:15:36.871+0900][gc            ] GC(290) Pause Young (Normal) (G1 Evacuation Pause) 417M->374M(1024M) 36.060ms
[2023-09-27T06:15:36.872+0900][gc,cpu        ] GC(290) User=0.07s Sys=0.08s Real=0.04s
[2023-09-27T06:18:25.815+0900][gc,start      ] GC(291) Pause Young (Normal) (G1 Evacuation Pause)
[2023-09-27T06:18:25.816+0900][gc,task       ] GC(291) Using 8 workers of 8 for evacuation
[2023-09-27T06:18:25.856+0900][gc,mmu        ] GC(291) MMU target violated: 21.0ms (20.0ms/21.0ms)
[2023-09-27T06:18:25.856+0900][gc,phases     ] GC(291)   Pre Evacuate Collection Set: 0.5ms
[2023-09-27T06:18:25.856+0900][gc,phases     ] GC(291)   Evacuate Collection Set: 38.5ms
[2023-09-27T06:18:25.856+0900][gc,phases     ] GC(291)   Post Evacuate Collection Set: 0.5ms
[2023-09-27T06:18:25.856+0900][gc,phases     ] GC(291)   Other: 1.7ms
[2023-09-27T06:18:25.856+0900][gc,heap       ] GC(291) Eden regions: 48->0(44)
[2023-09-27T06:18:25.856+0900][gc,heap       ] GC(291) Survivor regions: 3->7(7)
[2023-09-27T06:18:25.856+0900][gc,heap       ] GC(291) Old regions: 243->243
[2023-09-27T06:18:25.856+0900][gc,heap       ] GC(291) Humongous regions: 129->129
[2023-09-27T06:18:25.856+0900][gc,metaspace  ] GC(291) Metaspace: 52702K->52702K(1097728K)
[2023-09-27T06:18:25.856+0900][gc            ] GC(291) Pause Young (Normal) (G1 Evacuation Pause) 422M->378M(1024M) 41.115ms
[2023-09-27T06:18:25.856+0900][gc,cpu        ] GC(291) User=0.05s Sys=0.13s Real=0.04s
[2023-09-27T06:20:59.148+0900][gc,start      ] GC(292) Pause Young (Normal) (G1 Evacuation Pause)
[2023-09-27T06:20:59.149+0900][gc,task       ] GC(292) Using 8 workers of 8 for evacuation
[2023-09-27T06:20:59.174+0900][gc,mmu        ] GC(292) MMU target violated: 21.0ms (20.0ms/21.0ms)
[2023-09-27T06:20:59.174+0900][gc,phases     ] GC(292)   Pre Evacuate Collection Set: 0.7ms
[2023-09-27T06:20:59.175+0900][gc,phases     ] GC(292)   Evacuate Collection Set: 23.0ms
[2023-09-27T06:20:59.175+0900][gc,phases     ] GC(292)   Post Evacuate Collection Set: 1.0ms
[2023-09-27T06:20:59.175+0900][gc,phases     ] GC(292)   Other: 1.8ms
[2023-09-27T06:20:59.175+0900][gc,heap       ] GC(292) Eden regions: 44->0(47)
[2023-09-27T06:20:59.175+0900][gc,heap       ] GC(292) Survivor regions: 7->4(7)
[2023-09-27T06:20:59.175+0900][gc,heap       ] GC(292) Old regions: 243->248
[2023-09-27T06:20:59.175+0900][gc,heap       ] GC(292) Humongous regions: 129->129
[2023-09-27T06:20:59.175+0900][gc,metaspace  ] GC(292) Metaspace: 52702K->52702K(1097728K)
[2023-09-27T06:20:59.175+0900][gc            ] GC(292) Pause Young (Normal) (G1 Evacuation Pause) 422M->379M(1024M) 26.565ms
[2023-09-27T06:20:59.175+0900][gc,cpu        ] GC(292) User=0.06s Sys=0.07s Real=0.03s
[2023-09-27T06:23:44.943+0900][gc,start      ] GC(293) Pause Young (Normal) (G1 Evacuation Pause)
[2023-09-27T06:23:44.944+0900][gc,task       ] GC(293) Using 8 workers of 8 for evacuation
[2023-09-27T06:23:44.963+0900][gc,phases     ] GC(293)   Pre Evacuate Collection Set: 0.2ms
[2023-09-27T06:23:44.963+0900][gc,phases     ] GC(293)   Evacuate Collection Set: 17.1ms
[2023-09-27T06:23:44.963+0900][gc,phases     ] GC(293)   Post Evacuate Collection Set: 0.8ms
[2023-09-27T06:23:44.963+0900][gc,phases     ] GC(293)   Other: 1.8ms
[2023-09-27T06:23:44.963+0900][gc,heap       ] GC(293) Eden regions: 47->0(44)
[2023-09-27T06:23:44.963+0900][gc,heap       ] GC(293) Survivor regions: 4->7(7)
[2023-09-27T06:23:44.963+0900][gc,heap       ] GC(293) Old regions: 248->248
[2023-09-27T06:23:44.963+0900][gc,heap       ] GC(293) Humongous regions: 129->129
[2023-09-27T06:23:44.963+0900][gc,metaspace  ] GC(293) Metaspace: 52702K->52702K(1097728K)
[2023-09-27T06:23:44.963+0900][gc            ] GC(293) Pause Young (Normal) (G1 Evacuation Pause) 426M->383M(1024M) 20.127ms
[2023-09-27T06:23:44.963+0900][gc,cpu        ] GC(293) User=0.07s Sys=0.01s Real=0.02s
[2023-09-27T06:26:06.657+0900][gc,start      ] GC(294) Pause Young (Normal) (G1 Evacuation Pause)
[2023-09-27T06:26:06.659+0900][gc,task       ] GC(294) Using 8 workers of 8 for evacuation
[2023-09-27T06:26:06.700+0900][gc,mmu        ] GC(294) MMU target violated: 21.0ms (20.0ms/21.0ms)
[2023-09-27T06:26:06.701+0900][gc,phases     ] GC(294)   Pre Evacuate Collection Set: 0.9ms
[2023-09-27T06:26:06.701+0900][gc,phases     ] GC(294)   Evacuate Collection Set: 36.9ms
[2023-09-27T06:26:06.701+0900][gc,phases     ] GC(294)   Post Evacuate Collection Set: 1.5ms
[2023-09-27T06:26:06.701+0900][gc,phases     ] GC(294)   Other: 6.3ms
[2023-09-27T06:26:06.701+0900][gc,heap       ] GC(294) Eden regions: 44->0(46)
[2023-09-27T06:26:06.701+0900][gc,heap       ] GC(294) Survivor regions: 7->5(7)
[2023-09-27T06:26:06.701+0900][gc,heap       ] GC(294) Old regions: 248->253
[2023-09-27T06:26:06.701+0900][gc,heap       ] GC(294) Humongous regions: 129->129
[2023-09-27T06:26:06.701+0900][gc,metaspace  ] GC(294) Metaspace: 52702K->52702K(1097728K)
[2023-09-27T06:26:06.702+0900][gc            ] GC(294) Pause Young (Normal) (G1 Evacuation Pause) 427M->385M(1024M) 44.988ms
[2023-09-27T06:26:06.702+0900][gc,cpu        ] GC(294) User=0.07s Sys=0.10s Real=0.05s
[2023-09-27T06:28:48.553+0900][gc,start      ] GC(295) Pause Young (Normal) (G1 Evacuation Pause)
[2023-09-27T06:28:48.555+0900][gc,task       ] GC(295) Using 8 workers of 8 for evacuation
[2023-09-27T06:28:48.595+0900][gc,mmu        ] GC(295) MMU target violated: 21.0ms (20.0ms/21.0ms)
[2023-09-27T06:28:48.595+0900][gc,phases     ] GC(295)   Pre Evacuate Collection Set: 0.7ms
[2023-09-27T06:28:48.595+0900][gc,phases     ] GC(295)   Evacuate Collection Set: 37.3ms
[2023-09-27T06:28:48.595+0900][gc,phases     ] GC(295)   Post Evacuate Collection Set: 1.5ms
[2023-09-27T06:28:48.595+0900][gc,phases     ] GC(295)   Other: 2.8ms
[2023-09-27T06:28:48.595+0900][gc,heap       ] GC(295) Eden regions: 46->0(47)
[2023-09-27T06:28:48.595+0900][gc,heap       ] GC(295) Survivor regions: 5->4(7)
[2023-09-27T06:28:48.596+0900][gc,heap       ] GC(295) Old regions: 253->255
[2023-09-27T06:28:48.596+0900][gc,heap       ] GC(295) Humongous regions: 129->129
[2023-09-27T06:28:48.596+0900][gc,metaspace  ] GC(295) Metaspace: 52702K->52702K(1097728K)
[2023-09-27T06:28:48.596+0900][gc            ] GC(295) Pause Young (Normal) (G1 Evacuation Pause) 431M->387M(1024M) 42.305ms
[2023-09-27T06:28:48.596+0900][gc,cpu        ] GC(295) User=0.06s Sys=0.14s Real=0.04s
[2023-09-27T06:31:32.240+0900][gc,start      ] GC(296) Pause Young (Normal) (G1 Evacuation Pause)
[2023-09-27T06:31:32.241+0900][gc,task       ] GC(296) Using 8 workers of 8 for evacuation
[2023-09-27T06:31:32.260+0900][gc,phases     ] GC(296)   Pre Evacuate Collection Set: 0.9ms
[2023-09-27T06:31:32.260+0900][gc,phases     ] GC(296)   Evacuate Collection Set: 15.5ms
[2023-09-27T06:31:32.260+0900][gc,phases     ] GC(296)   Post Evacuate Collection Set: 0.8ms
[2023-09-27T06:31:32.260+0900][gc,phases     ] GC(296)   Other: 2.6ms
[2023-09-27T06:31:32.260+0900][gc,heap       ] GC(296) Eden regions: 47->0(46)
[2023-09-27T06:31:32.260+0900][gc,heap       ] GC(296) Survivor regions: 4->5(7)
[2023-09-27T06:31:32.260+0900][gc,heap       ] GC(296) Old regions: 255->255
[2023-09-27T06:31:32.260+0900][gc,heap       ] GC(296) Humongous regions: 129->129
[2023-09-27T06:31:32.260+0900][gc,metaspace  ] GC(296) Metaspace: 52702K->52702K(1097728K)
[2023-09-27T06:31:32.260+0900][gc            ] GC(296) Pause Young (Normal) (G1 Evacuation Pause) 434M->388M(1024M) 19.713ms
[2023-09-27T06:31:32.260+0900][gc,cpu        ] GC(296) User=0.04s Sys=0.03s Real=0.02s
[2023-09-27T06:34:13.200+0900][gc,start      ] GC(297) Pause Young (Normal) (G1 Evacuation Pause)
[2023-09-27T06:34:13.201+0900][gc,task       ] GC(297) Using 8 workers of 8 for evacuation
[2023-09-27T06:34:13.220+0900][gc,phases     ] GC(297)   Pre Evacuate Collection Set: 0.2ms
[2023-09-27T06:34:13.220+0900][gc,phases     ] GC(297)   Evacuate Collection Set: 17.7ms
[2023-09-27T06:34:13.220+0900][gc,phases     ] GC(297)   Post Evacuate Collection Set: 0.7ms
[2023-09-27T06:34:13.220+0900][gc,phases     ] GC(297)   Other: 1.5ms
[2023-09-27T06:34:13.220+0900][gc,heap       ] GC(297) Eden regions: 46->0(48)
[2023-09-27T06:34:13.220+0900][gc,heap       ] GC(297) Survivor regions: 5->3(7)
[2023-09-27T06:34:13.220+0900][gc,heap       ] GC(297) Old regions: 255->259
[2023-09-27T06:34:13.220+0900][gc,heap       ] GC(297) Humongous regions: 129->129
[2023-09-27T06:34:13.220+0900][gc,metaspace  ] GC(297) Metaspace: 52703K->52703K(1097728K)
[2023-09-27T06:34:13.220+0900][gc            ] GC(297) Pause Young (Normal) (G1 Evacuation Pause) 434M->390M(1024M) 20.274ms
[2023-09-27T06:34:13.220+0900][gc,cpu        ] GC(297) User=0.06s Sys=0.01s Real=0.02s
[2023-09-27T06:37:02.581+0900][gc,start      ] GC(298) Pause Young (Normal) (G1 Evacuation Pause)
[2023-09-27T06:37:02.582+0900][gc,task       ] GC(298) Using 8 workers of 8 for evacuation
[2023-09-27T06:37:02.611+0900][gc,mmu        ] GC(298) MMU target violated: 21.0ms (20.0ms/21.0ms)
[2023-09-27T06:37:02.611+0900][gc,phases     ] GC(298)   Pre Evacuate Collection Set: 1.0ms
[2023-09-27T06:37:02.611+0900][gc,phases     ] GC(298)   Evacuate Collection Set: 24.7ms
[2023-09-27T06:37:02.611+0900][gc,phases     ] GC(298)   Post Evacuate Collection Set: 1.5ms
[2023-09-27T06:37:02.611+0900][gc,phases     ] GC(298)   Other: 2.8ms
[2023-09-27T06:37:02.611+0900][gc,heap       ] GC(298) Eden regions: 48->0(44)
[2023-09-27T06:37:02.611+0900][gc,heap       ] GC(298) Survivor regions: 3->7(7)
[2023-09-27T06:37:02.611+0900][gc,heap       ] GC(298) Old regions: 259->259
[2023-09-27T06:37:02.611+0900][gc,heap       ] GC(298) Humongous regions: 129->129
[2023-09-27T06:37:02.611+0900][gc,metaspace  ] GC(298) Metaspace: 52703K->52703K(1097728K)
[2023-09-27T06:37:02.611+0900][gc            ] GC(298) Pause Young (Normal) (G1 Evacuation Pause) 438M->394M(1024M) 29.905ms
[2023-09-27T06:37:02.611+0900][gc,cpu        ] GC(298) User=0.07s Sys=0.05s Real=0.03s
[2023-09-27T06:39:37.199+0900][gc,start      ] GC(299) Pause Young (Normal) (G1 Evacuation Pause)
[2023-09-27T06:39:37.199+0900][gc,task       ] GC(299) Using 8 workers of 8 for evacuation
[2023-09-27T06:39:37.217+0900][gc,phases     ] GC(299)   Pre Evacuate Collection Set: 0.5ms
[2023-09-27T06:39:37.217+0900][gc,phases     ] GC(299)   Evacuate Collection Set: 15.4ms
[2023-09-27T06:39:37.217+0900][gc,phases     ] GC(299)   Post Evacuate Collection Set: 0.6ms
[2023-09-27T06:39:37.217+0900][gc,phases     ] GC(299)   Other: 1.6ms
[2023-09-27T06:39:37.217+0900][gc,heap       ] GC(299) Eden regions: 44->0(47)
[2023-09-27T06:39:37.217+0900][gc,heap       ] GC(299) Survivor regions: 7->4(7)
[2023-09-27T06:39:37.217+0900][gc,heap       ] GC(299) Old regions: 259->264
[2023-09-27T06:39:37.217+0900][gc,heap       ] GC(299) Humongous regions: 129->129
[2023-09-27T06:39:37.217+0900][gc,metaspace  ] GC(299) Metaspace: 52704K->52704K(1097728K)
[2023-09-27T06:39:37.217+0900][gc            ] GC(299) Pause Young (Normal) (G1 Evacuation Pause) 438M->395M(1024M) 18.062ms
[2023-09-27T06:39:37.217+0900][gc,cpu        ] GC(299) User=0.05s Sys=0.04s Real=0.02s
[2023-09-27T06:42:22.906+0900][gc,start      ] GC(300) Pause Young (Normal) (G1 Evacuation Pause)
[2023-09-27T06:42:22.907+0900][gc,task       ] GC(300) Using 8 workers of 8 for evacuation
[2023-09-27T06:42:22.930+0900][gc,mmu        ] GC(300) MMU target violated: 21.0ms (20.0ms/21.0ms)
[2023-09-27T06:42:22.930+0900][gc,phases     ] GC(300)   Pre Evacuate Collection Set: 0.8ms
[2023-09-27T06:42:22.930+0900][gc,phases     ] GC(300)   Evacuate Collection Set: 19.8ms
[2023-09-27T06:42:22.930+0900][gc,phases     ] GC(300)   Post Evacuate Collection Set: 0.7ms
[2023-09-27T06:42:22.930+0900][gc,phases     ] GC(300)   Other: 2.8ms
[2023-09-27T06:42:22.930+0900][gc,heap       ] GC(300) Eden regions: 47->0(44)
[2023-09-27T06:42:22.930+0900][gc,heap       ] GC(300) Survivor regions: 4->7(7)
[2023-09-27T06:42:22.930+0900][gc,heap       ] GC(300) Old regions: 264->264
[2023-09-27T06:42:22.930+0900][gc,heap       ] GC(300) Humongous regions: 129->129
[2023-09-27T06:42:22.930+0900][gc,metaspace  ] GC(300) Metaspace: 52704K->52704K(1097728K)
[2023-09-27T06:42:22.930+0900][gc            ] GC(300) Pause Young (Normal) (G1 Evacuation Pause) 442M->399M(1024M) 24.178ms
[2023-09-27T06:42:22.930+0900][gc,cpu        ] GC(300) User=0.06s Sys=0.06s Real=0.03s
[2023-09-27T06:44:56.783+0900][gc,start      ] GC(301) Pause Young (Normal) (G1 Evacuation Pause)
[2023-09-27T06:44:56.784+0900][gc,task       ] GC(301) Using 8 workers of 8 for evacuation
[2023-09-27T06:44:56.826+0900][gc,mmu        ] GC(301) MMU target violated: 21.0ms (20.0ms/21.0ms)
[2023-09-27T06:44:56.826+0900][gc,phases     ] GC(301)   Pre Evacuate Collection Set: 0.8ms
[2023-09-27T06:44:56.826+0900][gc,phases     ] GC(301)   Evacuate Collection Set: 38.2ms
[2023-09-27T06:44:56.826+0900][gc,phases     ] GC(301)   Post Evacuate Collection Set: 1.6ms
[2023-09-27T06:44:56.826+0900][gc,phases     ] GC(301)   Other: 2.8ms
[2023-09-27T06:44:56.826+0900][gc,heap       ] GC(301) Eden regions: 44->0(47)
[2023-09-27T06:44:56.826+0900][gc,heap       ] GC(301) Survivor regions: 7->4(7)
[2023-09-27T06:44:56.826+0900][gc,heap       ] GC(301) Old regions: 264->269
[2023-09-27T06:44:56.826+0900][gc,heap       ] GC(301) Humongous regions: 129->129
[2023-09-27T06:44:56.826+0900][gc,metaspace  ] GC(301) Metaspace: 52704K->52704K(1097728K)
[2023-09-27T06:44:56.826+0900][gc            ] GC(301) Pause Young (Normal) (G1 Evacuation Pause) 443M->401M(1024M) 43.388ms
[2023-09-27T06:44:56.826+0900][gc,cpu        ] GC(301) User=0.07s Sys=0.10s Real=0.04s
[2023-09-27T06:47:41.560+0900][gc,start      ] GC(302) Pause Young (Normal) (G1 Evacuation Pause)
[2023-09-27T06:47:41.561+0900][gc,task       ] GC(302) Using 8 workers of 8 for evacuation
[2023-09-27T06:47:41.580+0900][gc,phases     ] GC(302)   Pre Evacuate Collection Set: 0.3ms
[2023-09-27T06:47:41.580+0900][gc,phases     ] GC(302)   Evacuate Collection Set: 17.0ms
[2023-09-27T06:47:41.580+0900][gc,phases     ] GC(302)   Post Evacuate Collection Set: 0.8ms
[2023-09-27T06:47:41.580+0900][gc,phases     ] GC(302)   Other: 1.8ms
[2023-09-27T06:47:41.580+0900][gc,heap       ] GC(302) Eden regions: 47->0(44)
[2023-09-27T06:47:41.580+0900][gc,heap       ] GC(302) Survivor regions: 4->7(7)
[2023-09-27T06:47:41.580+0900][gc,heap       ] GC(302) Old regions: 269->269
[2023-09-27T06:47:41.580+0900][gc,heap       ] GC(302) Humongous regions: 129->129
[2023-09-27T06:47:41.580+0900][gc,metaspace  ] GC(302) Metaspace: 52704K->52704K(1097728K)
[2023-09-27T06:47:41.580+0900][gc            ] GC(302) Pause Young (Normal) (G1 Evacuation Pause) 448M->404M(1024M) 20.059ms
[2023-09-27T06:47:41.580+0900][gc,cpu        ] GC(302) User=0.06s Sys=0.01s Real=0.02s
[2023-09-27T06:50:15.613+0900][gc,start      ] GC(303) Pause Young (Normal) (G1 Evacuation Pause)
[2023-09-27T06:50:15.614+0900][gc,task       ] GC(303) Using 8 workers of 8 for evacuation
[2023-09-27T06:50:15.633+0900][gc,phases     ] GC(303)   Pre Evacuate Collection Set: 0.8ms
[2023-09-27T06:50:15.633+0900][gc,phases     ] GC(303)   Evacuate Collection Set: 16.1ms
[2023-09-27T06:50:15.633+0900][gc,phases     ] GC(303)   Post Evacuate Collection Set: 0.5ms
[2023-09-27T06:50:15.633+0900][gc,phases     ] GC(303)   Other: 2.0ms
[2023-09-27T06:50:15.633+0900][gc,heap       ] GC(303) Eden regions: 44->0(47)
[2023-09-27T06:50:15.633+0900][gc,heap       ] GC(303) Survivor regions: 7->4(7)
[2023-09-27T06:50:15.633+0900][gc,heap       ] GC(303) Old regions: 269->274
[2023-09-27T06:50:15.633+0900][gc,heap       ] GC(303) Humongous regions: 129->129
[2023-09-27T06:50:15.633+0900][gc,metaspace  ] GC(303) Metaspace: 52705K->52705K(1097728K)
[2023-09-27T06:50:15.633+0900][gc            ] GC(303) Pause Young (Normal) (G1 Evacuation Pause) 448M->406M(1024M) 19.331ms
[2023-09-27T06:50:15.633+0900][gc,cpu        ] GC(303) User=0.04s Sys=0.02s Real=0.02s
[2023-09-27T06:53:00.178+0900][gc,start      ] GC(304) Pause Young (Normal) (G1 Evacuation Pause)
[2023-09-27T06:53:00.179+0900][gc,task       ] GC(304) Using 8 workers of 8 for evacuation
[2023-09-27T06:53:00.199+0900][gc,phases     ] GC(304)   Pre Evacuate Collection Set: 0.3ms
[2023-09-27T06:53:00.199+0900][gc,phases     ] GC(304)   Evacuate Collection Set: 18.0ms
[2023-09-27T06:53:00.199+0900][gc,phases     ] GC(304)   Post Evacuate Collection Set: 1.0ms
[2023-09-27T06:53:00.199+0900][gc,phases     ] GC(304)   Other: 2.2ms
[2023-09-27T06:53:00.199+0900][gc,heap       ] GC(304) Eden regions: 47->0(45)
[2023-09-27T06:53:00.199+0900][gc,heap       ] GC(304) Survivor regions: 4->6(7)
[2023-09-27T06:53:00.199+0900][gc,heap       ] GC(304) Old regions: 274->274
[2023-09-27T06:53:00.199+0900][gc,heap       ] GC(304) Humongous regions: 129->129
[2023-09-27T06:53:00.199+0900][gc,metaspace  ] GC(304) Metaspace: 52705K->52705K(1097728K)
[2023-09-27T06:53:00.199+0900][gc            ] GC(304) Pause Young (Normal) (G1 Evacuation Pause) 453M->408M(1024M) 21.701ms
[2023-09-27T06:53:00.200+0900][gc,cpu        ] GC(304) User=0.07s Sys=0.02s Real=0.03s
[2023-09-27T06:55:37.889+0900][gc,start      ] GC(305) Pause Young (Normal) (G1 Evacuation Pause)
[2023-09-27T06:55:37.890+0900][gc,task       ] GC(305) Using 8 workers of 8 for evacuation
[2023-09-27T06:55:37.923+0900][gc,mmu        ] GC(305) MMU target violated: 21.0ms (20.0ms/21.0ms)
[2023-09-27T06:55:37.923+0900][gc,phases     ] GC(305)   Pre Evacuate Collection Set: 0.8ms
[2023-09-27T06:55:37.923+0900][gc,phases     ] GC(305)   Evacuate Collection Set: 25.7ms
[2023-09-27T06:55:37.923+0900][gc,phases     ] GC(305)   Post Evacuate Collection Set: 1.5ms
[2023-09-27T06:55:37.923+0900][gc,phases     ] GC(305)   Other: 9.4ms
[2023-09-27T06:55:37.923+0900][gc,heap       ] GC(305) Eden regions: 45->0(44)
[2023-09-27T06:55:37.923+0900][gc,heap       ] GC(305) Survivor regions: 6->7(7)
[2023-09-27T06:55:37.923+0900][gc,heap       ] GC(305) Old regions: 274->276
[2023-09-27T06:55:37.923+0900][gc,heap       ] GC(305) Humongous regions: 129->129
[2023-09-27T06:55:37.924+0900][gc,metaspace  ] GC(305) Metaspace: 52707K->52707K(1097728K)
[2023-09-27T06:55:37.924+0900][gc            ] GC(305) Pause Young (Normal) (G1 Evacuation Pause) 453M->411M(1024M) 36.141ms
[2023-09-27T06:55:37.924+0900][gc,cpu        ] GC(305) User=0.07s Sys=0.09s Real=0.04s
[2023-09-27T06:58:12.433+0900][gc,start      ] GC(306) Pause Young (Normal) (G1 Evacuation Pause)
[2023-09-27T06:58:12.433+0900][gc,task       ] GC(306) Using 8 workers of 8 for evacuation
[2023-09-27T06:58:12.442+0900][gc,phases     ] GC(306)   Pre Evacuate Collection Set: 0.1ms
[2023-09-27T06:58:12.442+0900][gc,phases     ] GC(306)   Evacuate Collection Set: 8.1ms
[2023-09-27T06:58:12.442+0900][gc,phases     ] GC(306)   Post Evacuate Collection Set: 0.3ms
[2023-09-27T06:58:12.442+0900][gc,phases     ] GC(306)   Other: 1.1ms
[2023-09-27T06:58:12.442+0900][gc,heap       ] GC(306) Eden regions: 44->0(48)
[2023-09-27T06:58:12.442+0900][gc,heap       ] GC(306) Survivor regions: 7->4(7)
[2023-09-27T06:58:12.442+0900][gc,heap       ] GC(306) Old regions: 276->281
[2023-09-27T06:58:12.442+0900][gc,heap       ] GC(306) Humongous regions: 129->129
[2023-09-27T06:58:12.442+0900][gc,metaspace  ] GC(306) Metaspace: 52707K->52707K(1097728K)
[2023-09-27T06:58:12.442+0900][gc            ] GC(306) Pause Young (Normal) (G1 Evacuation Pause) 455M->413M(1024M) 9.621ms
[2023-09-27T06:58:12.442+0900][gc,cpu        ] GC(306) User=0.06s Sys=0.00s Real=0.01s
[2023-09-27T07:01:01.719+0900][gc,start      ] GC(307) Pause Young (Normal) (G1 Evacuation Pause)
[2023-09-27T07:01:01.720+0900][gc,task       ] GC(307) Using 8 workers of 8 for evacuation
[2023-09-27T07:01:01.767+0900][gc,mmu        ] GC(307) MMU target violated: 21.0ms (20.0ms/21.0ms)
[2023-09-27T07:01:01.767+0900][gc,phases     ] GC(307)   Pre Evacuate Collection Set: 1.0ms
[2023-09-27T07:01:01.767+0900][gc,phases     ] GC(307)   Evacuate Collection Set: 44.9ms
[2023-09-27T07:01:01.767+0900][gc,phases     ] GC(307)   Post Evacuate Collection Set: 0.8ms
[2023-09-27T07:01:01.768+0900][gc,phases     ] GC(307)   Other: 2.3ms
[2023-09-27T07:01:01.768+0900][gc,heap       ] GC(307) Eden regions: 48->0(44)
[2023-09-27T07:01:01.768+0900][gc,heap       ] GC(307) Survivor regions: 4->7(7)
[2023-09-27T07:01:01.768+0900][gc,heap       ] GC(307) Old regions: 281->282
[2023-09-27T07:01:01.768+0900][gc,heap       ] GC(307) Humongous regions: 129->129
[2023-09-27T07:01:01.768+0900][gc,metaspace  ] GC(307) Metaspace: 52707K->52707K(1097728K)
[2023-09-27T07:01:01.768+0900][gc            ] GC(307) Pause Young (Normal) (G1 Evacuation Pause) 461M->417M(1024M) 48.953ms
[2023-09-27T07:01:01.768+0900][gc,cpu        ] GC(307) User=0.07s Sys=0.10s Real=0.05s
[2023-09-27T07:03:36.056+0900][gc,start      ] GC(308) Pause Young (Normal) (G1 Evacuation Pause)
[2023-09-27T07:03:36.056+0900][gc,task       ] GC(308) Using 8 workers of 8 for evacuation
[2023-09-27T07:03:36.061+0900][gc,phases     ] GC(308)   Pre Evacuate Collection Set: 0.0ms
[2023-09-27T07:03:36.061+0900][gc,phases     ] GC(308)   Evacuate Collection Set: 4.5ms
[2023-09-27T07:03:36.061+0900][gc,phases     ] GC(308)   Post Evacuate Collection Set: 0.2ms
[2023-09-27T07:03:36.061+0900][gc,phases     ] GC(308)   Other: 0.5ms
[2023-09-27T07:03:36.061+0900][gc,heap       ] GC(308) Eden regions: 44->0(47)
[2023-09-27T07:03:36.061+0900][gc,heap       ] GC(308) Survivor regions: 7->4(7)
[2023-09-27T07:03:36.061+0900][gc,heap       ] GC(308) Old regions: 282->286
[2023-09-27T07:03:36.061+0900][gc,heap       ] GC(308) Humongous regions: 129->129
[2023-09-27T07:03:36.061+0900][gc,metaspace  ] GC(308) Metaspace: 52707K->52707K(1097728K)
[2023-09-27T07:03:36.061+0900][gc            ] GC(308) Pause Young (Normal) (G1 Evacuation Pause) 461M->418M(1024M) 5.345ms
[2023-09-27T07:03:36.061+0900][gc,cpu        ] GC(308) User=0.03s Sys=0.01s Real=0.01s
[2023-09-27T07:06:21.041+0900][gc,start      ] GC(309) Pause Young (Normal) (G1 Evacuation Pause)
[2023-09-27T07:06:21.042+0900][gc,task       ] GC(309) Using 8 workers of 8 for evacuation
[2023-09-27T07:06:21.068+0900][gc,mmu        ] GC(309) MMU target violated: 21.0ms (20.0ms/21.0ms)
[2023-09-27T07:06:21.068+0900][gc,phases     ] GC(309)   Pre Evacuate Collection Set: 0.9ms
[2023-09-27T07:06:21.068+0900][gc,phases     ] GC(309)   Evacuate Collection Set: 23.0ms
[2023-09-27T07:06:21.068+0900][gc,phases     ] GC(309)   Post Evacuate Collection Set: 0.7ms
[2023-09-27T07:06:21.068+0900][gc,phases     ] GC(309)   Other: 2.5ms
[2023-09-27T07:06:21.068+0900][gc,heap       ] GC(309) Eden regions: 47->0(44)
[2023-09-27T07:06:21.068+0900][gc,heap       ] GC(309) Survivor regions: 4->7(7)
[2023-09-27T07:06:21.068+0900][gc,heap       ] GC(309) Old regions: 286->287
[2023-09-27T07:06:21.068+0900][gc,heap       ] GC(309) Humongous regions: 129->129
[2023-09-27T07:06:21.068+0900][gc,metaspace  ] GC(309) Metaspace: 52708K->52708K(1097728K)
[2023-09-27T07:06:21.068+0900][gc            ] GC(309) Pause Young (Normal) (G1 Evacuation Pause) 465M->422M(1024M) 27.042ms
[2023-09-27T07:06:21.068+0900][gc,cpu        ] GC(309) User=0.06s Sys=0.04s Real=0.02s
[2023-09-27T07:08:55.324+0900][gc,start      ] GC(310) Pause Young (Normal) (G1 Evacuation Pause)
[2023-09-27T07:08:55.325+0900][gc,task       ] GC(310) Using 8 workers of 8 for evacuation
[2023-09-27T07:08:55.362+0900][gc,mmu        ] GC(310) MMU target violated: 21.0ms (20.0ms/21.0ms)
[2023-09-27T07:08:55.362+0900][gc,phases     ] GC(310)   Pre Evacuate Collection Set: 0.7ms
[2023-09-27T07:08:55.362+0900][gc,phases     ] GC(310)   Evacuate Collection Set: 34.7ms
[2023-09-27T07:08:55.362+0900][gc,phases     ] GC(310)   Post Evacuate Collection Set: 1.1ms
[2023-09-27T07:08:55.362+0900][gc,phases     ] GC(310)   Other: 2.3ms
[2023-09-27T07:08:55.362+0900][gc,heap       ] GC(310) Eden regions: 44->0(47)
[2023-09-27T07:08:55.362+0900][gc,heap       ] GC(310) Survivor regions: 7->4(7)
[2023-09-27T07:08:55.362+0900][gc,heap       ] GC(310) Old regions: 287->292
[2023-09-27T07:08:55.363+0900][gc,heap       ] GC(310) Humongous regions: 129->129
[2023-09-27T07:08:55.363+0900][gc,metaspace  ] GC(310) Metaspace: 52708K->52708K(1097728K)
[2023-09-27T07:08:55.363+0900][gc            ] GC(310) Pause Young (Normal) (G1 Evacuation Pause) 466M->424M(1024M) 38.423ms
[2023-09-27T07:08:55.363+0900][gc,cpu        ] GC(310) User=0.07s Sys=0.09s Real=0.04s
[2023-09-27T07:11:39.721+0900][gc,start      ] GC(311) Pause Young (Normal) (G1 Evacuation Pause)
[2023-09-27T07:11:39.722+0900][gc,task       ] GC(311) Using 8 workers of 8 for evacuation
[2023-09-27T07:11:39.755+0900][gc,mmu        ] GC(311) MMU target violated: 21.0ms (20.0ms/21.0ms)
[2023-09-27T07:11:39.755+0900][gc,phases     ] GC(311)   Pre Evacuate Collection Set: 0.9ms
[2023-09-27T07:11:39.755+0900][gc,phases     ] GC(311)   Evacuate Collection Set: 29.5ms
[2023-09-27T07:11:39.755+0900][gc,phases     ] GC(311)   Post Evacuate Collection Set: 1.4ms
[2023-09-27T07:11:39.755+0900][gc,phases     ] GC(311)   Other: 2.8ms
[2023-09-27T07:11:39.755+0900][gc,heap       ] GC(311) Eden regions: 47->0(45)
[2023-09-27T07:11:39.755+0900][gc,heap       ] GC(311) Survivor regions: 4->6(7)
[2023-09-27T07:11:39.755+0900][gc,heap       ] GC(311) Old regions: 292->292
[2023-09-27T07:11:39.755+0900][gc,heap       ] GC(311) Humongous regions: 129->129
[2023-09-27T07:11:39.755+0900][gc,metaspace  ] GC(311) Metaspace: 52708K->52708K(1097728K)
[2023-09-27T07:11:39.755+0900][gc            ] GC(311) Pause Young (Normal) (G1 Evacuation Pause) 471M->425M(1024M) 34.620ms
[2023-09-27T07:11:39.755+0900][gc,cpu        ] GC(311) User=0.06s Sys=0.05s Real=0.03s
[2023-09-27T07:14:17.357+0900][gc,start      ] GC(312) Pause Young (Normal) (G1 Evacuation Pause)
[2023-09-27T07:14:17.359+0900][gc,task       ] GC(312) Using 8 workers of 8 for evacuation
[2023-09-27T07:14:17.376+0900][gc,phases     ] GC(312)   Pre Evacuate Collection Set: 0.3ms
[2023-09-27T07:14:17.376+0900][gc,phases     ] GC(312)   Evacuate Collection Set: 16.0ms
[2023-09-27T07:14:17.376+0900][gc,phases     ] GC(312)   Post Evacuate Collection Set: 0.3ms
[2023-09-27T07:14:17.376+0900][gc,phases     ] GC(312)   Other: 2.8ms
[2023-09-27T07:14:17.376+0900][gc,heap       ] GC(312) Eden regions: 45->0(44)
[2023-09-27T07:14:17.376+0900][gc,heap       ] GC(312) Survivor regions: 6->7(7)
[2023-09-27T07:14:17.376+0900][gc,heap       ] GC(312) Old regions: 292->294
[2023-09-27T07:14:17.376+0900][gc,heap       ] GC(312) Humongous regions: 129->129
[2023-09-27T07:14:17.376+0900][gc,metaspace  ] GC(312) Metaspace: 52708K->52708K(1097728K)
[2023-09-27T07:14:17.376+0900][gc            ] GC(312) Pause Young (Normal) (G1 Evacuation Pause) 470M->429M(1024M) 19.410ms
[2023-09-27T07:14:17.376+0900][gc,cpu        ] GC(312) User=0.06s Sys=0.01s Real=0.02s
[2023-09-27T07:16:51.397+0900][gc,start      ] GC(313) Pause Young (Normal) (G1 Evacuation Pause)
[2023-09-27T07:16:51.399+0900][gc,task       ] GC(313) Using 8 workers of 8 for evacuation
[2023-09-27T07:16:51.431+0900][gc,mmu        ] GC(313) MMU target violated: 21.0ms (20.0ms/21.0ms)
[2023-09-27T07:16:51.431+0900][gc,phases     ] GC(313)   Pre Evacuate Collection Set: 1.1ms
[2023-09-27T07:16:51.431+0900][gc,phases     ] GC(313)   Evacuate Collection Set: 25.1ms
[2023-09-27T07:16:51.431+0900][gc,phases     ] GC(313)   Post Evacuate Collection Set: 2.3ms
[2023-09-27T07:16:51.432+0900][gc,phases     ] GC(313)   Other: 8.9ms
[2023-09-27T07:16:51.432+0900][gc,heap       ] GC(313) Eden regions: 44->0(47)
[2023-09-27T07:16:51.432+0900][gc,heap       ] GC(313) Survivor regions: 7->4(7)
[2023-09-27T07:16:51.432+0900][gc,heap       ] GC(313) Old regions: 294->299
[2023-09-27T07:16:51.432+0900][gc,heap       ] GC(313) Humongous regions: 129->129
[2023-09-27T07:16:51.432+0900][gc,metaspace  ] GC(313) Metaspace: 52709K->52709K(1097728K)
[2023-09-27T07:16:51.432+0900][gc            ] GC(313) Pause Young (Normal) (G1 Evacuation Pause) 473M->430M(1024M) 35.852ms
[2023-09-27T07:16:51.432+0900][gc,cpu        ] GC(313) User=0.07s Sys=0.06s Real=0.04s
[2023-09-27T07:19:36.217+0900][gc,start      ] GC(314) Pause Young (Normal) (G1 Evacuation Pause)
[2023-09-27T07:19:36.218+0900][gc,task       ] GC(314) Using 8 workers of 8 for evacuation
[2023-09-27T07:19:36.242+0900][gc,mmu        ] GC(314) MMU target violated: 21.0ms (20.0ms/21.0ms)
[2023-09-27T07:19:36.242+0900][gc,phases     ] GC(314)   Pre Evacuate Collection Set: 0.7ms
[2023-09-27T07:19:36.242+0900][gc,phases     ] GC(314)   Evacuate Collection Set: 21.1ms
[2023-09-27T07:19:36.242+0900][gc,phases     ] GC(314)   Post Evacuate Collection Set: 0.7ms
[2023-09-27T07:19:36.242+0900][gc,phases     ] GC(314)   Other: 2.0ms
[2023-09-27T07:19:36.242+0900][gc,heap       ] GC(314) Eden regions: 47->0(44)
[2023-09-27T07:19:36.242+0900][gc,heap       ] GC(314) Survivor regions: 4->7(7)
[2023-09-27T07:19:36.242+0900][gc,heap       ] GC(314) Old regions: 299->299
[2023-09-27T07:19:36.242+0900][gc,heap       ] GC(314) Humongous regions: 129->129
[2023-09-27T07:19:36.242+0900][gc,metaspace  ] GC(314) Metaspace: 52709K->52709K(1097728K)
[2023-09-27T07:19:36.242+0900][gc            ] GC(314) Pause Young (Normal) (G1 Evacuation Pause) 477M->434M(1024M) 24.618ms
[2023-09-27T07:19:36.242+0900][gc,cpu        ] GC(314) User=0.05s Sys=0.04s Real=0.03s
[2023-09-27T07:22:09.401+0900][gc,start      ] GC(315) Pause Young (Normal) (G1 Evacuation Pause)
[2023-09-27T07:22:09.402+0900][gc,task       ] GC(315) Using 8 workers of 8 for evacuation
[2023-09-27T07:22:09.430+0900][gc,mmu        ] GC(315) MMU target violated: 21.0ms (20.0ms/21.0ms)
[2023-09-27T07:22:09.430+0900][gc,phases     ] GC(315)   Pre Evacuate Collection Set: 0.8ms
[2023-09-27T07:22:09.431+0900][gc,phases     ] GC(315)   Evacuate Collection Set: 25.2ms
[2023-09-27T07:22:09.431+0900][gc,phases     ] GC(315)   Post Evacuate Collection Set: 1.5ms
[2023-09-27T07:22:09.431+0900][gc,phases     ] GC(315)   Other: 2.4ms
[2023-09-27T07:22:09.431+0900][gc,heap       ] GC(315) Eden regions: 44->0(47)
[2023-09-27T07:22:09.431+0900][gc,heap       ] GC(315) Survivor regions: 7->4(7)
[2023-09-27T07:22:09.431+0900][gc,heap       ] GC(315) Old regions: 299->304
[2023-09-27T07:22:09.431+0900][gc,heap       ] GC(315) Humongous regions: 129->129
[2023-09-27T07:22:09.431+0900][gc,metaspace  ] GC(315) Metaspace: 52709K->52709K(1097728K)
[2023-09-27T07:22:09.431+0900][gc            ] GC(315) Pause Young (Normal) (G1 Evacuation Pause) 478M->436M(1024M) 29.775ms
[2023-09-27T07:22:09.431+0900][gc,cpu        ] GC(315) User=0.07s Sys=0.06s Real=0.03s
[2023-09-27T07:24:43.993+0900][gc,start      ] GC(316) Pause Young (Normal) (G1 Evacuation Pause)
[2023-09-27T07:24:43.994+0900][gc,task       ] GC(316) Using 8 workers of 8 for evacuation
[2023-09-27T07:24:44.044+0900][gc,mmu        ] GC(316) MMU target violated: 21.0ms (20.0ms/21.0ms)
[2023-09-27T07:24:44.045+0900][gc,phases     ] GC(316)   Pre Evacuate Collection Set: 0.8ms
[2023-09-27T07:24:44.045+0900][gc,phases     ] GC(316)   Evacuate Collection Set: 44.1ms
[2023-09-27T07:24:44.045+0900][gc,phases     ] GC(316)   Post Evacuate Collection Set: 1.1ms
[2023-09-27T07:24:44.045+0900][gc,phases     ] GC(316)   Other: 8.3ms
[2023-09-27T07:24:44.045+0900][gc,heap       ] GC(316) Eden regions: 47->0(44)
[2023-09-27T07:24:44.045+0900][gc,heap       ] GC(316) Survivor regions: 4->7(7)
[2023-09-27T07:24:44.045+0900][gc,heap       ] GC(316) Old regions: 304->305
[2023-09-27T07:24:44.045+0900][gc,heap       ] GC(316) Humongous regions: 129->129
[2023-09-27T07:24:44.045+0900][gc,metaspace  ] GC(316) Metaspace: 52710K->52710K(1097728K)
[2023-09-27T07:24:44.046+0900][gc            ] GC(316) Pause Young (Normal) (G1 Evacuation Pause) 483M->440M(1024M) 53.617ms
[2023-09-27T07:24:44.046+0900][gc,cpu        ] GC(316) User=0.06s Sys=0.16s Real=0.05s
[2023-09-27T07:27:14.415+0900][gc,start      ] GC(317) Pause Young (Normal) (G1 Evacuation Pause)
[2023-09-27T07:27:14.416+0900][gc,task       ] GC(317) Using 8 workers of 8 for evacuation
[2023-09-27T07:27:14.439+0900][gc,mmu        ] GC(317) MMU target violated: 21.0ms (20.0ms/21.0ms)
[2023-09-27T07:27:14.439+0900][gc,phases     ] GC(317)   Pre Evacuate Collection Set: 0.2ms
[2023-09-27T07:27:14.439+0900][gc,phases     ] GC(317)   Evacuate Collection Set: 22.1ms
[2023-09-27T07:27:14.439+0900][gc,phases     ] GC(317)   Post Evacuate Collection Set: 0.5ms
[2023-09-27T07:27:14.439+0900][gc,phases     ] GC(317)   Other: 1.6ms
[2023-09-27T07:27:14.439+0900][gc,heap       ] GC(317) Eden regions: 44->0(47)
[2023-09-27T07:27:14.439+0900][gc,heap       ] GC(317) Survivor regions: 7->4(7)
[2023-09-27T07:27:14.439+0900][gc,heap       ] GC(317) Old regions: 305->311
[2023-09-27T07:27:14.439+0900][gc,heap       ] GC(317) Humongous regions: 129->129
[2023-09-27T07:27:14.439+0900][gc,metaspace  ] GC(317) Metaspace: 52710K->52710K(1097728K)
[2023-09-27T07:27:14.439+0900][gc            ] GC(317) Pause Young (Normal) (G1 Evacuation Pause) 484M->443M(1024M) 24.526ms
[2023-09-27T07:27:14.439+0900][gc,cpu        ] GC(317) User=0.06s Sys=0.02s Real=0.02s
[2023-09-27T07:29:58.971+0900][gc,start      ] GC(318) Pause Young (Normal) (G1 Evacuation Pause)
[2023-09-27T07:29:58.972+0900][gc,task       ] GC(318) Using 8 workers of 8 for evacuation
[2023-09-27T07:29:58.994+0900][gc,mmu        ] GC(318) MMU target violated: 21.0ms (20.0ms/21.0ms)
[2023-09-27T07:29:58.994+0900][gc,phases     ] GC(318)   Pre Evacuate Collection Set: 0.6ms
[2023-09-27T07:29:58.994+0900][gc,phases     ] GC(318)   Evacuate Collection Set: 19.6ms
[2023-09-27T07:29:58.994+0900][gc,phases     ] GC(318)   Post Evacuate Collection Set: 1.1ms
[2023-09-27T07:29:58.994+0900][gc,phases     ] GC(318)   Other: 2.2ms
[2023-09-27T07:29:58.994+0900][gc,heap       ] GC(318) Eden regions: 47->0(45)
[2023-09-27T07:29:58.994+0900][gc,heap       ] GC(318) Survivor regions: 4->6(7)
[2023-09-27T07:29:58.994+0900][gc,heap       ] GC(318) Old regions: 311->314
[2023-09-27T07:29:58.994+0900][gc,heap       ] GC(318) Humongous regions: 129->129
[2023-09-27T07:29:58.994+0900][gc,metaspace  ] GC(318) Metaspace: 52710K->52710K(1097728K)
[2023-09-27T07:29:58.994+0900][gc            ] GC(318) Pause Young (Normal) (G1 Evacuation Pause) 490M->448M(1024M) 23.451ms
[2023-09-27T07:29:58.994+0900][gc,cpu        ] GC(318) User=0.07s Sys=0.05s Real=0.02s
[2023-09-27T07:32:35.881+0900][gc,start      ] GC(319) Pause Young (Normal) (G1 Evacuation Pause)
[2023-09-27T07:32:35.881+0900][gc,task       ] GC(319) Using 8 workers of 8 for evacuation
[2023-09-27T07:32:35.897+0900][gc,phases     ] GC(319)   Pre Evacuate Collection Set: 0.1ms
[2023-09-27T07:32:35.897+0900][gc,phases     ] GC(319)   Evacuate Collection Set: 14.2ms
[2023-09-27T07:32:35.897+0900][gc,phases     ] GC(319)   Post Evacuate Collection Set: 0.6ms
[2023-09-27T07:32:35.897+0900][gc,phases     ] GC(319)   Other: 1.0ms
[2023-09-27T07:32:35.897+0900][gc,heap       ] GC(319) Eden regions: 45->0(47)
[2023-09-27T07:32:35.897+0900][gc,heap       ] GC(319) Survivor regions: 6->4(7)
[2023-09-27T07:32:35.897+0900][gc,heap       ] GC(319) Old regions: 314->317
[2023-09-27T07:32:35.897+0900][gc,heap       ] GC(319) Humongous regions: 129->129
[2023-09-27T07:32:35.897+0900][gc,metaspace  ] GC(319) Metaspace: 52710K->52710K(1097728K)
[2023-09-27T07:32:35.897+0900][gc            ] GC(319) Pause Young (Normal) (G1 Evacuation Pause) 493M->449M(1024M) 16.094ms
[2023-09-27T07:32:35.897+0900][gc,cpu        ] GC(319) User=0.06s Sys=0.02s Real=0.01s
[2023-09-27T07:35:20.879+0900][gc,start      ] GC(320) Pause Young (Normal) (G1 Evacuation Pause)
[2023-09-27T07:35:20.880+0900][gc,task       ] GC(320) Using 8 workers of 8 for evacuation
[2023-09-27T07:35:20.892+0900][gc,phases     ] GC(320)   Pre Evacuate Collection Set: 0.2ms
[2023-09-27T07:35:20.892+0900][gc,phases     ] GC(320)   Evacuate Collection Set: 8.3ms
[2023-09-27T07:35:20.892+0900][gc,phases     ] GC(320)   Post Evacuate Collection Set: 1.0ms
[2023-09-27T07:35:20.892+0900][gc,phases     ] GC(320)   Other: 4.7ms
[2023-09-27T07:35:20.892+0900][gc,heap       ] GC(320) Eden regions: 47->0(46)
[2023-09-27T07:35:20.892+0900][gc,heap       ] GC(320) Survivor regions: 4->6(7)
[2023-09-27T07:35:20.892+0900][gc,heap       ] GC(320) Old regions: 317->317
[2023-09-27T07:35:20.892+0900][gc,heap       ] GC(320) Humongous regions: 129->129
[2023-09-27T07:35:20.892+0900][gc,metaspace  ] GC(320) Metaspace: 52717K->52717K(1097728K)
[2023-09-27T07:35:20.893+0900][gc            ] GC(320) Pause Young (Normal) (G1 Evacuation Pause) 496M->451M(1024M) 13.948ms
[2023-09-27T07:35:20.893+0900][gc,cpu        ] GC(320) User=0.03s Sys=0.03s Real=0.02s
[2023-09-27T07:38:02.251+0900][gc,start      ] GC(321) Pause Young (Normal) (G1 Evacuation Pause)
[2023-09-27T07:38:02.252+0900][gc,task       ] GC(321) Using 8 workers of 8 for evacuation
[2023-09-27T07:38:02.272+0900][gc,phases     ] GC(321)   Pre Evacuate Collection Set: 0.2ms
[2023-09-27T07:38:02.272+0900][gc,phases     ] GC(321)   Evacuate Collection Set: 18.5ms
[2023-09-27T07:38:02.272+0900][gc,phases     ] GC(321)   Post Evacuate Collection Set: 0.5ms
[2023-09-27T07:38:02.272+0900][gc,phases     ] GC(321)   Other: 1.8ms
[2023-09-27T07:38:02.272+0900][gc,heap       ] GC(321) Eden regions: 46->0(48)
[2023-09-27T07:38:02.272+0900][gc,heap       ] GC(321) Survivor regions: 6->7(7)
[2023-09-27T07:38:02.272+0900][gc,heap       ] GC(321) Old regions: 317->320
[2023-09-27T07:38:02.272+0900][gc,heap       ] GC(321) Humongous regions: 129->129
[2023-09-27T07:38:02.272+0900][gc,metaspace  ] GC(321) Metaspace: 52717K->52717K(1097728K)
[2023-09-27T07:38:02.272+0900][gc            ] GC(321) Pause Young (Normal) (G1 Evacuation Pause) 497M->455M(1024M) 20.963ms
[2023-09-27T07:38:02.272+0900][gc,cpu        ] GC(321) User=0.06s Sys=0.02s Real=0.02s
[2023-09-27T07:40:51.259+0900][gc,start      ] GC(322) Pause Young (Normal) (G1 Evacuation Pause)
[2023-09-27T07:40:51.261+0900][gc,task       ] GC(322) Using 8 workers of 8 for evacuation
[2023-09-27T07:40:51.306+0900][gc,mmu        ] GC(322) MMU target violated: 21.0ms (20.0ms/21.0ms)
[2023-09-27T07:40:51.306+0900][gc,phases     ] GC(322)   Pre Evacuate Collection Set: 1.0ms
[2023-09-27T07:40:51.306+0900][gc,phases     ] GC(322)   Evacuate Collection Set: 40.3ms
[2023-09-27T07:40:51.306+0900][gc,phases     ] GC(322)   Post Evacuate Collection Set: 1.4ms
[2023-09-27T07:40:51.306+0900][gc,phases     ] GC(322)   Other: 5.1ms
[2023-09-27T07:40:51.306+0900][gc,heap       ] GC(322) Eden regions: 48->0(47)
[2023-09-27T07:40:51.306+0900][gc,heap       ] GC(322) Survivor regions: 7->4(7)
[2023-09-27T07:40:51.306+0900][gc,heap       ] GC(322) Old regions: 320->325
[2023-09-27T07:40:51.306+0900][gc,heap       ] GC(322) Humongous regions: 129->129
[2023-09-27T07:40:51.306+0900][gc,metaspace  ] GC(322) Metaspace: 52717K->52717K(1097728K)
[2023-09-27T07:40:51.306+0900][gc            ] GC(322) Pause Young (Normal) (G1 Evacuation Pause) 503M->457M(1024M) 46.735ms
[2023-09-27T07:40:51.306+0900][gc,cpu        ] GC(322) User=0.07s Sys=0.10s Real=0.05s
[2023-09-27T07:43:35.724+0900][gc,start      ] GC(323) Pause Young (Normal) (G1 Evacuation Pause)
[2023-09-27T07:43:35.726+0900][gc,task       ] GC(323) Using 8 workers of 8 for evacuation
[2023-09-27T07:43:35.742+0900][gc,phases     ] GC(323)   Pre Evacuate Collection Set: 0.3ms
[2023-09-27T07:43:35.742+0900][gc,phases     ] GC(323)   Evacuate Collection Set: 14.2ms
[2023-09-27T07:43:35.742+0900][gc,phases     ] GC(323)   Post Evacuate Collection Set: 0.5ms
[2023-09-27T07:43:35.742+0900][gc,phases     ] GC(323)   Other: 2.7ms
[2023-09-27T07:43:35.742+0900][gc,heap       ] GC(323) Eden regions: 47->0(46)
[2023-09-27T07:43:35.742+0900][gc,heap       ] GC(323) Survivor regions: 4->7(7)
[2023-09-27T07:43:35.742+0900][gc,heap       ] GC(323) Old regions: 325->325
[2023-09-27T07:43:35.742+0900][gc,heap       ] GC(323) Humongous regions: 129->129
[2023-09-27T07:43:35.742+0900][gc,metaspace  ] GC(323) Metaspace: 52717K->52717K(1097728K)
[2023-09-27T07:43:35.742+0900][gc            ] GC(323) Pause Young (Normal) (G1 Evacuation Pause) 504M->460M(1024M) 17.815ms
[2023-09-27T07:43:35.742+0900][gc,cpu        ] GC(323) User=0.07s Sys=0.00s Real=0.02s
[2023-09-27T07:46:16.051+0900][gc,start      ] GC(324) Pause Young (Normal) (G1 Evacuation Pause)
[2023-09-27T07:46:16.052+0900][gc,task       ] GC(324) Using 8 workers of 8 for evacuation
[2023-09-27T07:46:16.079+0900][gc,mmu        ] GC(324) MMU target violated: 21.0ms (20.0ms/21.0ms)
[2023-09-27T07:46:16.080+0900][gc,phases     ] GC(324)   Pre Evacuate Collection Set: 0.7ms
[2023-09-27T07:46:16.080+0900][gc,phases     ] GC(324)   Evacuate Collection Set: 24.6ms
[2023-09-27T07:46:16.080+0900][gc,phases     ] GC(324)   Post Evacuate Collection Set: 1.4ms
[2023-09-27T07:46:16.080+0900][gc,phases     ] GC(324)   Other: 1.8ms
[2023-09-27T07:46:16.080+0900][gc,heap       ] GC(324) Eden regions: 46->0(47)
[2023-09-27T07:46:16.080+0900][gc,heap       ] GC(324) Survivor regions: 7->5(7)
[2023-09-27T07:46:16.080+0900][gc,heap       ] GC(324) Old regions: 325->330
[2023-09-27T07:46:16.080+0900][gc,heap       ] GC(324) Humongous regions: 129->129
[2023-09-27T07:46:16.080+0900][gc,metaspace  ] GC(324) Metaspace: 52720K->52720K(1097728K)
[2023-09-27T07:46:16.080+0900][gc            ] GC(324) Pause Young (Normal) (G1 Evacuation Pause) 506M->463M(1024M) 28.638ms
[2023-09-27T07:46:16.080+0900][gc,cpu        ] GC(324) User=0.07s Sys=0.06s Real=0.03s
[2023-09-27T07:49:01.525+0900][gc,start      ] GC(325) Pause Young (Normal) (G1 Evacuation Pause)
[2023-09-27T07:49:01.526+0900][gc,task       ] GC(325) Using 8 workers of 8 for evacuation
[2023-09-27T07:49:01.549+0900][gc,mmu        ] GC(325) MMU target violated: 21.0ms (20.0ms/21.0ms)
[2023-09-27T07:49:01.550+0900][gc,phases     ] GC(325)   Pre Evacuate Collection Set: 0.7ms
[2023-09-27T07:49:01.550+0900][gc,phases     ] GC(325)   Evacuate Collection Set: 18.1ms
[2023-09-27T07:49:01.550+0900][gc,phases     ] GC(325)   Post Evacuate Collection Set: 1.8ms
[2023-09-27T07:49:01.550+0900][gc,phases     ] GC(325)   Other: 6.9ms
[2023-09-27T07:49:01.550+0900][gc,heap       ] GC(325) Eden regions: 47->0(47)
[2023-09-27T07:49:01.550+0900][gc,heap       ] GC(325) Survivor regions: 5->4(7)
[2023-09-27T07:49:01.550+0900][gc,heap       ] GC(325) Old regions: 330->333
[2023-09-27T07:49:01.550+0900][gc,heap       ] GC(325) Humongous regions: 129->129
[2023-09-27T07:49:01.550+0900][gc,metaspace  ] GC(325) Metaspace: 52720K->52720K(1097728K)
[2023-09-27T07:49:01.551+0900][gc            ] GC(325) Pause Young (Normal) (G1 Evacuation Pause) 510M->465M(1024M) 26.687ms
[2023-09-27T07:49:01.551+0900][gc,cpu        ] GC(325) User=0.07s Sys=0.06s Real=0.03s
[2023-09-27T07:51:45.828+0900][gc,start      ] GC(326) Pause Young (Normal) (G1 Evacuation Pause)
[2023-09-27T07:51:45.829+0900][gc,task       ] GC(326) Using 8 workers of 8 for evacuation
[2023-09-27T07:51:45.848+0900][gc,phases     ] GC(326)   Pre Evacuate Collection Set: 0.6ms
[2023-09-27T07:51:45.848+0900][gc,phases     ] GC(326)   Evacuate Collection Set: 17.8ms
[2023-09-27T07:51:45.848+0900][gc,phases     ] GC(326)   Post Evacuate Collection Set: 0.6ms
[2023-09-27T07:51:45.848+0900][gc,phases     ] GC(326)   Other: 1.7ms
[2023-09-27T07:51:45.848+0900][gc,heap       ] GC(326) Eden regions: 47->0(44)
[2023-09-27T07:51:45.848+0900][gc,heap       ] GC(326) Survivor regions: 4->7(7)
[2023-09-27T07:51:45.848+0900][gc,heap       ] GC(326) Old regions: 333->333
[2023-09-27T07:51:45.848+0900][gc,heap       ] GC(326) Humongous regions: 129->129
[2023-09-27T07:51:45.849+0900][gc,metaspace  ] GC(326) Metaspace: 52720K->52720K(1097728K)
[2023-09-27T07:51:45.849+0900][gc            ] GC(326) Pause Young (Normal) (G1 Evacuation Pause) 512M->468M(1024M) 20.657ms
[2023-09-27T07:51:45.849+0900][gc,cpu        ] GC(326) User=0.05s Sys=0.05s Real=0.02s
[2023-09-27T07:54:19.282+0900][gc,start      ] GC(327) Pause Young (Normal) (G1 Evacuation Pause)
[2023-09-27T07:54:19.283+0900][gc,task       ] GC(327) Using 8 workers of 8 for evacuation
[2023-09-27T07:54:19.302+0900][gc,phases     ] GC(327)   Pre Evacuate Collection Set: 0.2ms
[2023-09-27T07:54:19.302+0900][gc,phases     ] GC(327)   Evacuate Collection Set: 18.3ms
[2023-09-27T07:54:19.302+0900][gc,phases     ] GC(327)   Post Evacuate Collection Set: 0.5ms
[2023-09-27T07:54:19.302+0900][gc,phases     ] GC(327)   Other: 1.8ms
[2023-09-27T07:54:19.303+0900][gc,heap       ] GC(327) Eden regions: 44->0(50)
[2023-09-27T07:54:19.303+0900][gc,heap       ] GC(327) Survivor regions: 7->4(7)
[2023-09-27T07:54:19.303+0900][gc,heap       ] GC(327) Old regions: 333->338
[2023-09-27T07:54:19.303+0900][gc,heap       ] GC(327) Humongous regions: 129->129
[2023-09-27T07:54:19.303+0900][gc,metaspace  ] GC(327) Metaspace: 52720K->52720K(1097728K)
[2023-09-27T07:54:19.303+0900][gc            ] GC(327) Pause Young (Normal) (G1 Evacuation Pause) 512M->470M(1024M) 20.987ms
[2023-09-27T07:54:19.303+0900][gc,cpu        ] GC(327) User=0.06s Sys=0.01s Real=0.02s
[2023-09-27T07:57:15.683+0900][gc,start      ] GC(328) Pause Young (Normal) (G1 Evacuation Pause)
[2023-09-27T07:57:15.684+0900][gc,task       ] GC(328) Using 8 workers of 8 for evacuation
[2023-09-27T07:57:15.705+0900][gc,mmu        ] GC(328) MMU target violated: 20.8ms (20.0ms/21.0ms)
[2023-09-27T07:57:15.705+0900][gc,phases     ] GC(328)   Pre Evacuate Collection Set: 0.7ms
[2023-09-27T07:57:15.705+0900][gc,phases     ] GC(328)   Evacuate Collection Set: 18.9ms
[2023-09-27T07:57:15.705+0900][gc,phases     ] GC(328)   Post Evacuate Collection Set: 0.7ms
[2023-09-27T07:57:15.705+0900][gc,phases     ] GC(328)   Other: 2.9ms
[2023-09-27T07:57:15.705+0900][gc,heap       ] GC(328) Eden regions: 50->0(45)
[2023-09-27T07:57:15.705+0900][gc,heap       ] GC(328) Survivor regions: 4->7(7)
[2023-09-27T07:57:15.705+0900][gc,heap       ] GC(328) Old regions: 338->339
[2023-09-27T07:57:15.705+0900][gc,heap       ] GC(328) Humongous regions: 129->129
[2023-09-27T07:57:15.706+0900][gc,metaspace  ] GC(328) Metaspace: 52720K->52720K(1097728K)
[2023-09-27T07:57:15.706+0900][gc            ] GC(328) Pause Young (Normal) (G1 Evacuation Pause) 520M->474M(1024M) 22.673ms
[2023-09-27T07:57:15.706+0900][gc,cpu        ] GC(328) User=0.06s Sys=0.06s Real=0.02s
[2023-09-27T07:59:48.787+0900][gc,start      ] GC(329) Pause Young (Normal) (G1 Evacuation Pause)
[2023-09-27T07:59:48.788+0900][gc,task       ] GC(329) Using 8 workers of 8 for evacuation
[2023-09-27T07:59:48.810+0900][gc,mmu        ] GC(329) MMU target violated: 21.0ms (20.0ms/21.0ms)
[2023-09-27T07:59:48.810+0900][gc,phases     ] GC(329)   Pre Evacuate Collection Set: 0.5ms
[2023-09-27T07:59:48.810+0900][gc,phases     ] GC(329)   Evacuate Collection Set: 20.0ms
[2023-09-27T07:59:48.810+0900][gc,phases     ] GC(329)   Post Evacuate Collection Set: 0.5ms
[2023-09-27T07:59:48.810+0900][gc,phases     ] GC(329)   Other: 2.4ms
[2023-09-27T07:59:48.810+0900][gc,heap       ] GC(329) Eden regions: 44->0(47)
[2023-09-27T07:59:48.810+0900][gc,heap       ] GC(329) Survivor regions: 7->4(7)
[2023-09-27T07:59:48.810+0900][gc,heap       ] GC(329) Old regions: 339->344
[2023-09-27T07:59:48.810+0900][gc,heap       ] GC(329) Humongous regions: 129->129
[2023-09-27T07:59:48.810+0900][gc,metaspace  ] GC(329) Metaspace: 52720K->52720K(1097728K)
[2023-09-27T07:59:48.810+0900][gc            ] GC(329) Pause Young (Normal) (G1 Evacuation Pause) 518M->476M(1024M) 23.419ms
[2023-09-27T07:59:48.810+0900][gc,cpu        ] GC(329) User=0.06s Sys=0.02s Real=0.03s
[2023-09-27T08:02:33.021+0900][gc,start      ] GC(330) Pause Young (Normal) (G1 Evacuation Pause)
[2023-09-27T08:02:33.022+0900][gc,task       ] GC(330) Using 8 workers of 8 for evacuation
[2023-09-27T08:02:33.051+0900][gc,mmu        ] GC(330) MMU target violated: 21.0ms (20.0ms/21.0ms)
[2023-09-27T08:02:33.051+0900][gc,phases     ] GC(330)   Pre Evacuate Collection Set: 0.8ms
[2023-09-27T08:02:33.052+0900][gc,phases     ] GC(330)   Evacuate Collection Set: 25.9ms
[2023-09-27T08:02:33.052+0900][gc,phases     ] GC(330)   Post Evacuate Collection Set: 1.6ms
[2023-09-27T08:02:33.052+0900][gc,phases     ] GC(330)   Other: 2.2ms
[2023-09-27T08:02:33.052+0900][gc,heap       ] GC(330) Eden regions: 47->0(45)
[2023-09-27T08:02:33.052+0900][gc,heap       ] GC(330) Survivor regions: 4->6(7)
[2023-09-27T08:02:33.052+0900][gc,heap       ] GC(330) Old regions: 344->344
[2023-09-27T08:02:33.052+0900][gc,heap       ] GC(330) Humongous regions: 129->129
[2023-09-27T08:02:33.052+0900][gc,metaspace  ] GC(330) Metaspace: 52720K->52720K(1097728K)
[2023-09-27T08:02:33.052+0900][gc            ] GC(330) Pause Young (Normal) (G1 Evacuation Pause) 523M->477M(1024M) 30.518ms
[2023-09-27T08:02:33.052+0900][gc,cpu        ] GC(330) User=0.07s Sys=0.05s Real=0.03s
[2023-09-27T08:05:11.998+0900][gc,start      ] GC(331) Pause Young (Normal) (G1 Evacuation Pause)
[2023-09-27T08:05:12.000+0900][gc,task       ] GC(331) Using 8 workers of 8 for evacuation
[2023-09-27T08:05:12.046+0900][gc,mmu        ] GC(331) MMU target violated: 21.0ms (20.0ms/21.0ms)
[2023-09-27T08:05:12.047+0900][gc,phases     ] GC(331)   Pre Evacuate Collection Set: 0.9ms
[2023-09-27T08:05:12.047+0900][gc,phases     ] GC(331)   Evacuate Collection Set: 39.3ms
[2023-09-27T08:05:12.047+0900][gc,phases     ] GC(331)   Post Evacuate Collection Set: 1.4ms
[2023-09-27T08:05:12.047+0900][gc,phases     ] GC(331)   Other: 9.4ms
[2023-09-27T08:05:12.047+0900][gc,heap       ] GC(331) Eden regions: 45->0(44)
[2023-09-27T08:05:12.047+0900][gc,heap       ] GC(331) Survivor regions: 6->7(7)
[2023-09-27T08:05:12.047+0900][gc,heap       ] GC(331) Old regions: 344->346
[2023-09-27T08:05:12.047+0900][gc,heap       ] GC(331) Humongous regions: 129->129
[2023-09-27T08:05:12.047+0900][gc,metaspace  ] GC(331) Metaspace: 52720K->52720K(1097728K)
[2023-09-27T08:05:12.048+0900][gc            ] GC(331) Pause Young (Normal) (G1 Evacuation Pause) 522M->481M(1024M) 49.996ms
[2023-09-27T08:05:12.048+0900][gc,cpu        ] GC(331) User=0.07s Sys=0.11s Real=0.05s
[2023-09-27T08:07:45.642+0900][gc,start      ] GC(332) Pause Young (Normal) (G1 Evacuation Pause)
[2023-09-27T08:07:45.642+0900][gc,task       ] GC(332) Using 8 workers of 8 for evacuation
[2023-09-27T08:07:45.651+0900][gc,phases     ] GC(332)   Pre Evacuate Collection Set: 0.1ms
[2023-09-27T08:07:45.651+0900][gc,phases     ] GC(332)   Evacuate Collection Set: 8.0ms
[2023-09-27T08:07:45.651+0900][gc,phases     ] GC(332)   Post Evacuate Collection Set: 0.2ms
[2023-09-27T08:07:45.651+0900][gc,phases     ] GC(332)   Other: 0.8ms
[2023-09-27T08:07:45.651+0900][gc,heap       ] GC(332) Eden regions: 44->0(47)
[2023-09-27T08:07:45.651+0900][gc,heap       ] GC(332) Survivor regions: 7->4(7)
[2023-09-27T08:07:45.651+0900][gc,heap       ] GC(332) Old regions: 346->351
[2023-09-27T08:07:45.651+0900][gc,heap       ] GC(332) Humongous regions: 129->129
[2023-09-27T08:07:45.651+0900][gc,metaspace  ] GC(332) Metaspace: 52720K->52720K(1097728K)
[2023-09-27T08:07:45.651+0900][gc            ] GC(332) Pause Young (Normal) (G1 Evacuation Pause) 525M->482M(1024M) 9.120ms
[2023-09-27T08:07:45.651+0900][gc,cpu        ] GC(332) User=0.05s Sys=0.01s Real=0.01s
[2023-09-27T08:10:30.747+0900][gc,start      ] GC(333) Pause Young (Normal) (G1 Evacuation Pause)
[2023-09-27T08:10:30.747+0900][gc,task       ] GC(333) Using 8 workers of 8 for evacuation
[2023-09-27T08:10:30.774+0900][gc,mmu        ] GC(333) MMU target violated: 21.0ms (20.0ms/21.0ms)
[2023-09-27T08:10:30.774+0900][gc,phases     ] GC(333)   Pre Evacuate Collection Set: 0.5ms
[2023-09-27T08:10:30.774+0900][gc,phases     ] GC(333)   Evacuate Collection Set: 24.1ms
[2023-09-27T08:10:30.774+0900][gc,phases     ] GC(333)   Post Evacuate Collection Set: 0.9ms
[2023-09-27T08:10:30.774+0900][gc,phases     ] GC(333)   Other: 1.4ms
[2023-09-27T08:10:30.774+0900][gc,heap       ] GC(333) Eden regions: 47->0(44)
[2023-09-27T08:10:30.774+0900][gc,heap       ] GC(333) Survivor regions: 4->7(7)
[2023-09-27T08:10:30.774+0900][gc,heap       ] GC(333) Old regions: 351->351
[2023-09-27T08:10:30.774+0900][gc,heap       ] GC(333) Humongous regions: 129->129
[2023-09-27T08:10:30.774+0900][gc,metaspace  ] GC(333) Metaspace: 52720K->52720K(1097728K)
[2023-09-27T08:10:30.774+0900][gc            ] GC(333) Pause Young (Normal) (G1 Evacuation Pause) 529M->486M(1024M) 27.063ms
[2023-09-27T08:10:30.774+0900][gc,cpu        ] GC(333) User=0.06s Sys=0.06s Real=0.03s
[2023-09-27T08:13:04.098+0900][gc,start      ] GC(334) Pause Young (Normal) (G1 Evacuation Pause)
[2023-09-27T08:13:04.099+0900][gc,task       ] GC(334) Using 8 workers of 8 for evacuation
[2023-09-27T08:13:04.119+0900][gc,phases     ] GC(334)   Pre Evacuate Collection Set: 0.3ms
[2023-09-27T08:13:04.119+0900][gc,phases     ] GC(334)   Evacuate Collection Set: 18.7ms
[2023-09-27T08:13:04.119+0900][gc,phases     ] GC(334)   Post Evacuate Collection Set: 0.6ms
[2023-09-27T08:13:04.119+0900][gc,phases     ] GC(334)   Other: 1.7ms
[2023-09-27T08:13:04.119+0900][gc,heap       ] GC(334) Eden regions: 44->0(49)
[2023-09-27T08:13:04.119+0900][gc,heap       ] GC(334) Survivor regions: 7->4(7)
[2023-09-27T08:13:04.119+0900][gc,heap       ] GC(334) Old regions: 351->356
[2023-09-27T08:13:04.119+0900][gc,heap       ] GC(334) Humongous regions: 129->129
[2023-09-27T08:13:04.119+0900][gc,metaspace  ] GC(334) Metaspace: 52720K->52720K(1097728K)
[2023-09-27T08:13:04.119+0900][gc            ] GC(334) Pause Young (Normal) (G1 Evacuation Pause) 530M->488M(1024M) 21.292ms
[2023-09-27T08:13:04.119+0900][gc,cpu        ] GC(334) User=0.06s Sys=0.01s Real=0.02s
[2023-09-27T08:15:57.422+0900][gc,start      ] GC(335) Pause Young (Normal) (G1 Evacuation Pause)
[2023-09-27T08:15:57.423+0900][gc,task       ] GC(335) Using 8 workers of 8 for evacuation
[2023-09-27T08:15:57.456+0900][gc,mmu        ] GC(335) MMU target violated: 21.0ms (20.0ms/21.0ms)
[2023-09-27T08:15:57.456+0900][gc,phases     ] GC(335)   Pre Evacuate Collection Set: 1.0ms
[2023-09-27T08:15:57.456+0900][gc,phases     ] GC(335)   Evacuate Collection Set: 27.9ms
[2023-09-27T08:15:57.456+0900][gc,phases     ] GC(335)   Post Evacuate Collection Set: 1.3ms
[2023-09-27T08:15:57.457+0900][gc,phases     ] GC(335)   Other: 7.5ms
[2023-09-27T08:15:57.457+0900][gc,heap       ] GC(335) Eden regions: 49->0(44)
[2023-09-27T08:15:57.457+0900][gc,heap       ] GC(335) Survivor regions: 4->7(7)
[2023-09-27T08:15:57.457+0900][gc,heap       ] GC(335) Old regions: 356->356
[2023-09-27T08:15:57.457+0900][gc,heap       ] GC(335) Humongous regions: 129->129
[2023-09-27T08:15:57.457+0900][gc,metaspace  ] GC(335) Metaspace: 52720K->52720K(1097728K)
[2023-09-27T08:15:57.457+0900][gc            ] GC(335) Pause Young (Normal) (G1 Evacuation Pause) 537M->492M(1024M) 36.207ms
[2023-09-27T08:15:57.458+0900][gc,cpu        ] GC(335) User=0.07s Sys=0.08s Real=0.03s
[2023-09-27T08:18:32.242+0900][gc,start      ] GC(336) Pause Young (Normal) (G1 Evacuation Pause)
[2023-09-27T08:18:32.244+0900][gc,task       ] GC(336) Using 8 workers of 8 for evacuation
[2023-09-27T08:18:32.312+0900][gc,mmu        ] GC(336) MMU target violated: 21.0ms (20.0ms/21.0ms)
[2023-09-27T08:18:32.312+0900][gc,phases     ] GC(336)   Pre Evacuate Collection Set: 2.3ms
[2023-09-27T08:18:32.312+0900][gc,phases     ] GC(336)   Evacuate Collection Set: 56.0ms
[2023-09-27T08:18:32.312+0900][gc,phases     ] GC(336)   Post Evacuate Collection Set: 2.0ms
[2023-09-27T08:18:32.312+0900][gc,phases     ] GC(336)   Other: 13.0ms
[2023-09-27T08:18:32.313+0900][gc,heap       ] GC(336) Eden regions: 44->0(47)
[2023-09-27T08:18:32.313+0900][gc,heap       ] GC(336) Survivor regions: 7->4(7)
[2023-09-27T08:18:32.313+0900][gc,heap       ] GC(336) Old regions: 356->361
[2023-09-27T08:18:32.313+0900][gc,heap       ] GC(336) Humongous regions: 129->129
[2023-09-27T08:18:32.313+0900][gc,metaspace  ] GC(336) Metaspace: 52720K->52720K(1097728K)
[2023-09-27T08:18:32.313+0900][gc            ] GC(336) Pause Young (Normal) (G1 Evacuation Pause) 536M->493M(1024M) 72.274ms
[2023-09-27T08:18:32.313+0900][gc,cpu        ] GC(336) User=0.07s Sys=0.13s Real=0.07s
[2023-09-27T08:21:17.502+0900][gc,start      ] GC(337) Pause Young (Normal) (G1 Evacuation Pause)
[2023-09-27T08:21:17.503+0900][gc,task       ] GC(337) Using 8 workers of 8 for evacuation
[2023-09-27T08:21:17.529+0900][gc,mmu        ] GC(337) MMU target violated: 21.0ms (20.0ms/21.0ms)
[2023-09-27T08:21:17.529+0900][gc,phases     ] GC(337)   Pre Evacuate Collection Set: 0.9ms
[2023-09-27T08:21:17.529+0900][gc,phases     ] GC(337)   Evacuate Collection Set: 22.6ms
[2023-09-27T08:21:17.529+0900][gc,phases     ] GC(337)   Post Evacuate Collection Set: 1.5ms
[2023-09-27T08:21:17.529+0900][gc,phases     ] GC(337)   Other: 2.7ms
[2023-09-27T08:21:17.529+0900][gc,heap       ] GC(337) Eden regions: 47->0(47)
[2023-09-27T08:21:17.529+0900][gc,heap       ] GC(337) Survivor regions: 4->4(7)
[2023-09-27T08:21:17.529+0900][gc,heap       ] GC(337) Old regions: 361->364
[2023-09-27T08:21:17.529+0900][gc,heap       ] GC(337) Humongous regions: 129->129
[2023-09-27T08:21:17.529+0900][gc,metaspace  ] GC(337) Metaspace: 52721K->52721K(1097728K)
[2023-09-27T08:21:17.530+0900][gc            ] GC(337) Pause Young (Normal) (G1 Evacuation Pause) 540M->495M(1024M) 27.690ms
[2023-09-27T08:21:17.530+0900][gc,cpu        ] GC(337) User=0.06s Sys=0.04s Real=0.03s
[2023-09-27T08:24:02.143+0900][gc,start      ] GC(338) Pause Young (Normal) (G1 Evacuation Pause)
[2023-09-27T08:24:02.144+0900][gc,task       ] GC(338) Using 8 workers of 8 for evacuation
[2023-09-27T08:24:02.166+0900][gc,mmu        ] GC(338) MMU target violated: 21.0ms (20.0ms/21.0ms)
[2023-09-27T08:24:02.167+0900][gc,phases     ] GC(338)   Pre Evacuate Collection Set: 0.2ms
[2023-09-27T08:24:02.167+0900][gc,phases     ] GC(338)   Evacuate Collection Set: 21.0ms
[2023-09-27T08:24:02.167+0900][gc,phases     ] GC(338)   Post Evacuate Collection Set: 0.7ms
[2023-09-27T08:24:02.167+0900][gc,phases     ] GC(338)   Other: 1.7ms
[2023-09-27T08:24:02.167+0900][gc,heap       ] GC(338) Eden regions: 47->0(44)
[2023-09-27T08:24:02.167+0900][gc,heap       ] GC(338) Survivor regions: 4->7(7)
[2023-09-27T08:24:02.167+0900][gc,heap       ] GC(338) Old regions: 364->364
[2023-09-27T08:24:02.167+0900][gc,heap       ] GC(338) Humongous regions: 129->129
[2023-09-27T08:24:02.167+0900][gc,metaspace  ] GC(338) Metaspace: 52721K->52721K(1097728K)
[2023-09-27T08:24:02.167+0900][gc            ] GC(338) Pause Young (Normal) (G1 Evacuation Pause) 542M->499M(1024M) 23.604ms
[2023-09-27T08:24:02.167+0900][gc,cpu        ] GC(338) User=0.07s Sys=0.02s Real=0.02s
[2023-09-27T08:26:23.594+0900][gc,start      ] GC(339) Pause Young (Normal) (G1 Evacuation Pause)
[2023-09-27T08:26:23.596+0900][gc,task       ] GC(339) Using 8 workers of 8 for evacuation
[2023-09-27T08:26:23.625+0900][gc,mmu        ] GC(339) MMU target violated: 21.0ms (20.0ms/21.0ms)
[2023-09-27T08:26:23.625+0900][gc,phases     ] GC(339)   Pre Evacuate Collection Set: 0.7ms
[2023-09-27T08:26:23.625+0900][gc,phases     ] GC(339)   Evacuate Collection Set: 26.0ms
[2023-09-27T08:26:23.625+0900][gc,phases     ] GC(339)   Post Evacuate Collection Set: 1.6ms
[2023-09-27T08:26:23.625+0900][gc,phases     ] GC(339)   Other: 4.0ms
[2023-09-27T08:26:23.625+0900][gc,heap       ] GC(339) Eden regions: 44->0(47)
[2023-09-27T08:26:23.625+0900][gc,heap       ] GC(339) Survivor regions: 7->4(7)
[2023-09-27T08:26:23.625+0900][gc,heap       ] GC(339) Old regions: 364->369
[2023-09-27T08:26:23.625+0900][gc,heap       ] GC(339) Humongous regions: 129->129
[2023-09-27T08:26:23.626+0900][gc,metaspace  ] GC(339) Metaspace: 52721K->52721K(1097728K)
[2023-09-27T08:26:23.626+0900][gc            ] GC(339) Pause Young (Normal) (G1 Evacuation Pause) 543M->501M(1024M) 31.336ms
[2023-09-27T08:26:23.626+0900][gc,cpu        ] GC(339) User=0.07s Sys=0.08s Real=0.03s
[2023-09-27T08:29:07.681+0900][gc,start      ] GC(340) Pause Young (Normal) (G1 Evacuation Pause)
[2023-09-27T08:29:07.683+0900][gc,task       ] GC(340) Using 8 workers of 8 for evacuation
[2023-09-27T08:29:07.714+0900][gc,mmu        ] GC(340) MMU target violated: 21.0ms (20.0ms/21.0ms)
[2023-09-27T08:29:07.715+0900][gc,phases     ] GC(340)   Pre Evacuate Collection Set: 0.8ms
[2023-09-27T08:29:07.715+0900][gc,phases     ] GC(340)   Evacuate Collection Set: 28.6ms
[2023-09-27T08:29:07.715+0900][gc,phases     ] GC(340)   Post Evacuate Collection Set: 1.4ms
[2023-09-27T08:29:07.715+0900][gc,phases     ] GC(340)   Other: 2.8ms
[2023-09-27T08:29:07.715+0900][gc,heap       ] GC(340) Eden regions: 47->0(45)
[2023-09-27T08:29:07.715+0900][gc,heap       ] GC(340) Survivor regions: 4->6(7)
[2023-09-27T08:29:07.715+0900][gc,heap       ] GC(340) Old regions: 369->369
[2023-09-27T08:29:07.715+0900][gc,heap       ] GC(340) Humongous regions: 129->129
[2023-09-27T08:29:07.715+0900][gc,metaspace  ] GC(340) Metaspace: 52721K->52721K(1097728K)
[2023-09-27T08:29:07.715+0900][gc            ] GC(340) Pause Young (Normal) (G1 Evacuation Pause) 548M->502M(1024M) 33.472ms
[2023-09-27T08:29:07.715+0900][gc,cpu        ] GC(340) User=0.05s Sys=0.10s Real=0.03s
[2023-09-27T08:31:44.820+0900][gc,start      ] GC(341) Pause Young (Normal) (G1 Evacuation Pause)
[2023-09-27T08:31:44.822+0900][gc,task       ] GC(341) Using 8 workers of 8 for evacuation
[2023-09-27T08:31:44.849+0900][gc,mmu        ] GC(341) MMU target violated: 21.0ms (20.0ms/21.0ms)
[2023-09-27T08:31:44.850+0900][gc,phases     ] GC(341)   Pre Evacuate Collection Set: 1.0ms
[2023-09-27T08:31:44.850+0900][gc,phases     ] GC(341)   Evacuate Collection Set: 24.2ms
[2023-09-27T08:31:44.850+0900][gc,phases     ] GC(341)   Post Evacuate Collection Set: 1.5ms
[2023-09-27T08:31:44.850+0900][gc,phases     ] GC(341)   Other: 2.7ms
[2023-09-27T08:31:44.850+0900][gc,heap       ] GC(341) Eden regions: 45->0(48)
[2023-09-27T08:31:44.850+0900][gc,heap       ] GC(341) Survivor regions: 6->3(7)
[2023-09-27T08:31:44.850+0900][gc,heap       ] GC(341) Old regions: 369->371
[2023-09-27T08:31:44.850+0900][gc,heap       ] GC(341) Humongous regions: 129->129
[2023-09-27T08:31:44.850+0900][gc,metaspace  ] GC(341) Metaspace: 52721K->52721K(1097728K)
[2023-09-27T08:31:44.850+0900][gc            ] GC(341) Pause Young (Normal) (G1 Evacuation Pause) 547M->502M(1024M) 29.390ms
[2023-09-27T08:31:44.850+0900][gc,cpu        ] GC(341) User=0.05s Sys=0.06s Real=0.03s
[2023-09-27T08:34:33.340+0900][gc,start      ] GC(342) Pause Young (Normal) (G1 Evacuation Pause)
[2023-09-27T08:34:33.341+0900][gc,task       ] GC(342) Using 8 workers of 8 for evacuation
[2023-09-27T08:34:33.363+0900][gc,mmu        ] GC(342) MMU target violated: 21.0ms (20.0ms/21.0ms)
[2023-09-27T08:34:33.363+0900][gc,phases     ] GC(342)   Pre Evacuate Collection Set: 0.2ms
[2023-09-27T08:34:33.363+0900][gc,phases     ] GC(342)   Evacuate Collection Set: 19.3ms
[2023-09-27T08:34:33.363+0900][gc,phases     ] GC(342)   Post Evacuate Collection Set: 0.8ms
[2023-09-27T08:34:33.364+0900][gc,phases     ] GC(342)   Other: 3.5ms
[2023-09-27T08:34:33.364+0900][gc,heap       ] GC(342) Eden regions: 48->0(44)
[2023-09-27T08:34:33.364+0900][gc,heap       ] GC(342) Survivor regions: 3->7(7)
[2023-09-27T08:34:33.364+0900][gc,heap       ] GC(342) Old regions: 371->371
[2023-09-27T08:34:33.364+0900][gc,heap       ] GC(342) Humongous regions: 129->129
[2023-09-27T08:34:33.364+0900][gc,metaspace  ] GC(342) Metaspace: 52721K->52721K(1097728K)
[2023-09-27T08:34:33.364+0900][gc            ] GC(342) Pause Young (Normal) (G1 Evacuation Pause) 550M->505M(1024M) 24.061ms
[2023-09-27T08:34:33.364+0900][gc,cpu        ] GC(342) User=0.02s Sys=0.06s Real=0.02s
[2023-09-27T08:37:06.921+0900][gc,start      ] GC(343) Pause Young (Normal) (G1 Evacuation Pause)
[2023-09-27T08:37:06.922+0900][gc,task       ] GC(343) Using 8 workers of 8 for evacuation
[2023-09-27T08:37:06.945+0900][gc,mmu        ] GC(343) MMU target violated: 21.0ms (20.0ms/21.0ms)
[2023-09-27T08:37:06.945+0900][gc,phases     ] GC(343)   Pre Evacuate Collection Set: 0.3ms
[2023-09-27T08:37:06.945+0900][gc,phases     ] GC(343)   Evacuate Collection Set: 21.1ms
[2023-09-27T08:37:06.945+0900][gc,phases     ] GC(343)   Post Evacuate Collection Set: 0.3ms
[2023-09-27T08:37:06.945+0900][gc,phases     ] GC(343)   Other: 2.1ms
[2023-09-27T08:37:06.945+0900][gc,heap       ] GC(343) Eden regions: 44->0(47)
[2023-09-27T08:37:06.945+0900][gc,heap       ] GC(343) Survivor regions: 7->4(7)
[2023-09-27T08:37:06.945+0900][gc,heap       ] GC(343) Old regions: 371->375
[2023-09-27T08:37:06.945+0900][gc,heap       ] GC(343) Humongous regions: 129->129
[2023-09-27T08:37:06.945+0900][gc,metaspace  ] GC(343) Metaspace: 52721K->52721K(1097728K)
[2023-09-27T08:37:06.945+0900][gc            ] GC(343) Pause Young (Normal) (G1 Evacuation Pause) 549M->507M(1024M) 23.690ms
[2023-09-27T08:37:06.945+0900][gc,cpu        ] GC(343) User=0.06s Sys=0.01s Real=0.02s
[2023-09-27T08:39:51.479+0900][gc,start      ] GC(344) Pause Young (Normal) (G1 Evacuation Pause)
[2023-09-27T08:39:51.479+0900][gc,task       ] GC(344) Using 8 workers of 8 for evacuation
[2023-09-27T08:39:51.512+0900][gc,mmu        ] GC(344) MMU target violated: 21.0ms (20.0ms/21.0ms)
[2023-09-27T08:39:51.512+0900][gc,phases     ] GC(344)   Pre Evacuate Collection Set: 0.9ms
[2023-09-27T08:39:51.512+0900][gc,phases     ] GC(344)   Evacuate Collection Set: 30.1ms
[2023-09-27T08:39:51.512+0900][gc,phases     ] GC(344)   Post Evacuate Collection Set: 1.1ms
[2023-09-27T08:39:51.513+0900][gc,phases     ] GC(344)   Other: 2.0ms
[2023-09-27T08:39:51.513+0900][gc,heap       ] GC(344) Eden regions: 47->0(45)
[2023-09-27T08:39:51.513+0900][gc,heap       ] GC(344) Survivor regions: 4->6(7)
[2023-09-27T08:39:51.513+0900][gc,heap       ] GC(344) Old regions: 375->375
[2023-09-27T08:39:51.513+0900][gc,heap       ] GC(344) Humongous regions: 129->129
[2023-09-27T08:39:51.513+0900][gc,metaspace  ] GC(344) Metaspace: 52727K->52727K(1097728K)
[2023-09-27T08:39:51.513+0900][gc            ] GC(344) Pause Young (Normal) (G1 Evacuation Pause) 554M->508M(1024M) 34.136ms
[2023-09-27T08:39:51.513+0900][gc,cpu        ] GC(344) User=0.06s Sys=0.07s Real=0.04s
[2023-09-27T08:42:28.363+0900][gc,start      ] GC(345) Pause Young (Normal) (G1 Evacuation Pause)
[2023-09-27T08:42:28.364+0900][gc,task       ] GC(345) Using 8 workers of 8 for evacuation
[2023-09-27T08:42:28.385+0900][gc,mmu        ] GC(345) MMU target violated: 20.4ms (20.0ms/21.0ms)
[2023-09-27T08:42:28.385+0900][gc,phases     ] GC(345)   Pre Evacuate Collection Set: 0.2ms
[2023-09-27T08:42:28.385+0900][gc,phases     ] GC(345)   Evacuate Collection Set: 19.2ms
[2023-09-27T08:42:28.385+0900][gc,phases     ] GC(345)   Post Evacuate Collection Set: 0.4ms
[2023-09-27T08:42:28.385+0900][gc,phases     ] GC(345)   Other: 2.0ms
[2023-09-27T08:42:28.385+0900][gc,heap       ] GC(345) Eden regions: 45->0(44)
[2023-09-27T08:42:28.385+0900][gc,heap       ] GC(345) Survivor regions: 6->7(7)
[2023-09-27T08:42:28.385+0900][gc,heap       ] GC(345) Old regions: 375->377
[2023-09-27T08:42:28.385+0900][gc,heap       ] GC(345) Humongous regions: 129->129
[2023-09-27T08:42:28.385+0900][gc,metaspace  ] GC(345) Metaspace: 52727K->52727K(1097728K)
[2023-09-27T08:42:28.385+0900][gc            ] GC(345) Pause Young (Normal) (G1 Evacuation Pause) 553M->512M(1024M) 21.765ms
[2023-09-27T08:42:28.385+0900][gc,cpu        ] GC(345) User=0.07s Sys=0.02s Real=0.02s
[2023-09-27T08:45:02.844+0900][gc,start      ] GC(346) Pause Young (Normal) (G1 Evacuation Pause)
[2023-09-27T08:45:02.845+0900][gc,task       ] GC(346) Using 8 workers of 8 for evacuation
[2023-09-27T08:45:02.877+0900][gc,mmu        ] GC(346) MMU target violated: 21.0ms (20.0ms/21.0ms)
[2023-09-27T08:45:02.877+0900][gc,phases     ] GC(346)   Pre Evacuate Collection Set: 0.8ms
[2023-09-27T08:45:02.877+0900][gc,phases     ] GC(346)   Evacuate Collection Set: 25.0ms
[2023-09-27T08:45:02.878+0900][gc,phases     ] GC(346)   Post Evacuate Collection Set: 1.4ms
[2023-09-27T08:45:02.878+0900][gc,phases     ] GC(346)   Other: 9.6ms
[2023-09-27T08:45:02.878+0900][gc,heap       ] GC(346) Eden regions: 44->0(47)
[2023-09-27T08:45:02.878+0900][gc,heap       ] GC(346) Survivor regions: 7->4(7)
[2023-09-27T08:45:02.878+0900][gc,heap       ] GC(346) Old regions: 377->382
[2023-09-27T08:45:02.878+0900][gc,heap       ] GC(346) Humongous regions: 129->129
[2023-09-27T08:45:02.878+0900][gc,metaspace  ] GC(346) Metaspace: 52729K->52729K(1097728K)
[2023-09-27T08:45:02.879+0900][gc            ] GC(346) Pause Young (Normal) (G1 Evacuation Pause) 556M->513M(1024M) 35.460ms
[2023-09-27T08:45:02.879+0900][gc,cpu        ] GC(346) User=0.07s Sys=0.08s Real=0.03s
[2023-09-27T08:47:46.996+0900][gc,start      ] GC(347) Pause Young (Normal) (G1 Evacuation Pause)
[2023-09-27T08:47:46.997+0900][gc,task       ] GC(347) Using 8 workers of 8 for evacuation
[2023-09-27T08:47:47.018+0900][gc,mmu        ] GC(347) MMU target violated: 20.6ms (20.0ms/21.0ms)
[2023-09-27T08:47:47.018+0900][gc,phases     ] GC(347)   Pre Evacuate Collection Set: 0.2ms
[2023-09-27T08:47:47.018+0900][gc,phases     ] GC(347)   Evacuate Collection Set: 19.5ms
[2023-09-27T08:47:47.018+0900][gc,phases     ] GC(347)   Post Evacuate Collection Set: 0.3ms
[2023-09-27T08:47:47.018+0900][gc,phases     ] GC(347)   Other: 2.0ms
[2023-09-27T08:47:47.018+0900][gc,heap       ] GC(347) Eden regions: 47->0(44)
[2023-09-27T08:47:47.018+0900][gc,heap       ] GC(347) Survivor regions: 4->7(7)
[2023-09-27T08:47:47.018+0900][gc,heap       ] GC(347) Old regions: 382->382
[2023-09-27T08:47:47.018+0900][gc,heap       ] GC(347) Humongous regions: 129->129
[2023-09-27T08:47:47.018+0900][gc,metaspace  ] GC(347) Metaspace: 52729K->52729K(1097728K)
[2023-09-27T08:47:47.018+0900][gc            ] GC(347) Pause Young (Normal) (G1 Evacuation Pause) 560M->517M(1024M) 22.064ms
[2023-09-27T08:47:47.018+0900][gc,cpu        ] GC(347) User=0.05s Sys=0.02s Real=0.02s
[2023-09-27T08:50:18.728+0900][gc,start      ] GC(348) Pause Young (Normal) (G1 Evacuation Pause)
[2023-09-27T08:50:18.729+0900][gc,task       ] GC(348) Using 8 workers of 8 for evacuation
[2023-09-27T08:50:18.748+0900][gc,phases     ] GC(348)   Pre Evacuate Collection Set: 0.6ms
[2023-09-27T08:50:18.748+0900][gc,phases     ] GC(348)   Evacuate Collection Set: 16.8ms
[2023-09-27T08:50:18.748+0900][gc,phases     ] GC(348)   Post Evacuate Collection Set: 0.7ms
[2023-09-27T08:50:18.748+0900][gc,phases     ] GC(348)   Other: 1.4ms
[2023-09-27T08:50:18.748+0900][gc,heap       ] GC(348) Eden regions: 44->0(47)
[2023-09-27T08:50:18.748+0900][gc,heap       ] GC(348) Survivor regions: 7->4(7)
[2023-09-27T08:50:18.748+0900][gc,heap       ] GC(348) Old regions: 382->387
[2023-09-27T08:50:18.748+0900][gc,heap       ] GC(348) Humongous regions: 129->129
[2023-09-27T08:50:18.748+0900][gc,metaspace  ] GC(348) Metaspace: 52730K->52730K(1097728K)
[2023-09-27T08:50:18.748+0900][gc            ] GC(348) Pause Young (Normal) (G1 Evacuation Pause) 561M->518M(1024M) 19.616ms
[2023-09-27T08:50:18.748+0900][gc,cpu        ] GC(348) User=0.06s Sys=0.05s Real=0.02s
[2023-09-27T08:53:03.580+0900][gc,start      ] GC(349) Pause Young (Normal) (G1 Evacuation Pause)
[2023-09-27T08:53:03.580+0900][gc,task       ] GC(349) Using 8 workers of 8 for evacuation
[2023-09-27T08:53:03.595+0900][gc,phases     ] GC(349)   Pre Evacuate Collection Set: 0.1ms
[2023-09-27T08:53:03.595+0900][gc,phases     ] GC(349)   Evacuate Collection Set: 13.5ms
[2023-09-27T08:53:03.595+0900][gc,phases     ] GC(349)   Post Evacuate Collection Set: 0.5ms
[2023-09-27T08:53:03.595+0900][gc,phases     ] GC(349)   Other: 1.1ms
[2023-09-27T08:53:03.595+0900][gc,heap       ] GC(349) Eden regions: 47->0(44)
[2023-09-27T08:53:03.595+0900][gc,heap       ] GC(349) Survivor regions: 4->7(7)
[2023-09-27T08:53:03.595+0900][gc,heap       ] GC(349) Old regions: 387->387
[2023-09-27T08:53:03.595+0900][gc,heap       ] GC(349) Humongous regions: 129->129
[2023-09-27T08:53:03.595+0900][gc,metaspace  ] GC(349) Metaspace: 52730K->52730K(1097728K)
[2023-09-27T08:53:03.595+0900][gc            ] GC(349) Pause Young (Normal) (G1 Evacuation Pause) 565M->522M(1024M) 15.285ms
[2023-09-27T08:53:03.595+0900][gc,cpu        ] GC(349) User=0.07s Sys=0.03s Real=0.01s
[2023-09-27T08:55:37.735+0900][gc,start      ] GC(350) Pause Young (Normal) (G1 Evacuation Pause)
[2023-09-27T08:55:37.736+0900][gc,task       ] GC(350) Using 8 workers of 8 for evacuation
[2023-09-27T08:55:37.769+0900][gc,mmu        ] GC(350) MMU target violated: 21.0ms (20.0ms/21.0ms)
[2023-09-27T08:55:37.769+0900][gc,phases     ] GC(350)   Pre Evacuate Collection Set: 0.8ms
[2023-09-27T08:55:37.769+0900][gc,phases     ] GC(350)   Evacuate Collection Set: 26.1ms
[2023-09-27T08:55:37.769+0900][gc,phases     ] GC(350)   Post Evacuate Collection Set: 1.6ms
[2023-09-27T08:55:37.770+0900][gc,phases     ] GC(350)   Other: 9.7ms
[2023-09-27T08:55:37.770+0900][gc,heap       ] GC(350) Eden regions: 44->0(47)
[2023-09-27T08:55:37.770+0900][gc,heap       ] GC(350) Survivor regions: 7->4(7)
[2023-09-27T08:55:37.770+0900][gc,heap       ] GC(350) Old regions: 387->392
[2023-09-27T08:55:37.770+0900][gc,heap       ] GC(350) Humongous regions: 129->129
[2023-09-27T08:55:37.770+0900][gc,metaspace  ] GC(350) Metaspace: 52730K->52730K(1097728K)
[2023-09-27T08:55:37.770+0900][gc            ] GC(350) Pause Young (Normal) (G1 Evacuation Pause) 566M->523M(1024M) 36.294ms
[2023-09-27T08:55:37.771+0900][gc,cpu        ] GC(350) User=0.08s Sys=0.08s Real=0.04s
[2023-09-27T08:58:24.350+0900][gc,start      ] GC(351) Pause Young (Normal) (G1 Evacuation Pause)
[2023-09-27T08:58:24.350+0900][gc,task       ] GC(351) Using 8 workers of 8 for evacuation
[2023-09-27T08:58:24.382+0900][gc,mmu        ] GC(351) MMU target violated: 21.0ms (20.0ms/21.0ms)
[2023-09-27T08:58:24.382+0900][gc,phases     ] GC(351)   Pre Evacuate Collection Set: 0.4ms
[2023-09-27T08:58:24.382+0900][gc,phases     ] GC(351)   Evacuate Collection Set: 30.1ms
[2023-09-27T08:58:24.382+0900][gc,phases     ] GC(351)   Post Evacuate Collection Set: 0.7ms
[2023-09-27T08:58:24.382+0900][gc,phases     ] GC(351)   Other: 1.1ms
[2023-09-27T08:58:24.382+0900][gc,heap       ] GC(351) Eden regions: 47->0(44)
[2023-09-27T08:58:24.382+0900][gc,heap       ] GC(351) Survivor regions: 4->7(7)
[2023-09-27T08:58:24.382+0900][gc,heap       ] GC(351) Old regions: 392->392
[2023-09-27T08:58:24.382+0900][gc,heap       ] GC(351) Humongous regions: 129->129
[2023-09-27T08:58:24.382+0900][gc,metaspace  ] GC(351) Metaspace: 52730K->52730K(1097728K)
[2023-09-27T08:58:24.382+0900][gc            ] GC(351) Pause Young (Normal) (G1 Evacuation Pause) 570M->527M(1024M) 32.204ms
[2023-09-27T08:58:24.382+0900][gc,cpu        ] GC(351) User=0.03s Sys=0.05s Real=0.03s
[2023-09-27T09:00:57.711+0900][gc,start      ] GC(352) Pause Young (Normal) (G1 Evacuation Pause)
[2023-09-27T09:00:57.713+0900][gc,task       ] GC(352) Using 8 workers of 8 for evacuation
[2023-09-27T09:00:57.745+0900][gc,mmu        ] GC(352) MMU target violated: 21.0ms (20.0ms/21.0ms)
[2023-09-27T09:00:57.745+0900][gc,phases     ] GC(352)   Pre Evacuate Collection Set: 1.1ms
[2023-09-27T09:00:57.745+0900][gc,phases     ] GC(352)   Evacuate Collection Set: 28.0ms
[2023-09-27T09:00:57.745+0900][gc,phases     ] GC(352)   Post Evacuate Collection Set: 1.5ms
[2023-09-27T09:00:57.745+0900][gc,phases     ] GC(352)   Other: 3.8ms
[2023-09-27T09:00:57.745+0900][gc,heap       ] GC(352) Eden regions: 44->0(47)
[2023-09-27T09:00:57.745+0900][gc,heap       ] GC(352) Survivor regions: 7->4(7)
[2023-09-27T09:00:57.745+0900][gc,heap       ] GC(352) Old regions: 392->397
[2023-09-27T09:00:57.745+0900][gc,heap       ] GC(352) Humongous regions: 129->129
[2023-09-27T09:00:57.745+0900][gc,metaspace  ] GC(352) Metaspace: 52730K->52730K(1097728K)
[2023-09-27T09:00:57.745+0900][gc            ] GC(352) Pause Young (Normal) (G1 Evacuation Pause) 571M->529M(1024M) 34.429ms
[2023-09-27T09:00:57.745+0900][gc,cpu        ] GC(352) User=0.07s Sys=0.06s Real=0.03s
[2023-09-27T09:03:43.184+0900][gc,start      ] GC(353) Pause Young (Normal) (G1 Evacuation Pause)
[2023-09-27T09:03:43.184+0900][gc,task       ] GC(353) Using 8 workers of 8 for evacuation
[2023-09-27T09:03:43.202+0900][gc,phases     ] GC(353)   Pre Evacuate Collection Set: 0.3ms
[2023-09-27T09:03:43.203+0900][gc,phases     ] GC(353)   Evacuate Collection Set: 17.1ms
[2023-09-27T09:03:43.203+0900][gc,phases     ] GC(353)   Post Evacuate Collection Set: 0.4ms
[2023-09-27T09:03:43.203+0900][gc,phases     ] GC(353)   Other: 1.4ms
[2023-09-27T09:03:43.203+0900][gc,heap       ] GC(353) Eden regions: 47->0(45)
[2023-09-27T09:03:43.203+0900][gc,heap       ] GC(353) Survivor regions: 4->6(7)
[2023-09-27T09:03:43.203+0900][gc,heap       ] GC(353) Old regions: 397->397
[2023-09-27T09:03:43.203+0900][gc,heap       ] GC(353) Humongous regions: 129->129
[2023-09-27T09:03:43.203+0900][gc,metaspace  ] GC(353) Metaspace: 52730K->52730K(1097728K)
[2023-09-27T09:03:43.203+0900][gc            ] GC(353) Pause Young (Normal) (G1 Evacuation Pause) 576M->531M(1024M) 19.085ms
[2023-09-27T09:03:43.203+0900][gc,cpu        ] GC(353) User=0.06s Sys=0.00s Real=0.02s
[2023-09-27T09:06:21.162+0900][gc,start      ] GC(354) Pause Young (Normal) (G1 Evacuation Pause)
[2023-09-27T09:06:21.163+0900][gc,task       ] GC(354) Using 8 workers of 8 for evacuation
[2023-09-27T09:06:21.192+0900][gc,mmu        ] GC(354) MMU target violated: 21.0ms (20.0ms/21.0ms)
[2023-09-27T09:06:21.192+0900][gc,phases     ] GC(354)   Pre Evacuate Collection Set: 0.8ms
[2023-09-27T09:06:21.192+0900][gc,phases     ] GC(354)   Evacuate Collection Set: 26.4ms
[2023-09-27T09:06:21.192+0900][gc,phases     ] GC(354)   Post Evacuate Collection Set: 0.7ms
[2023-09-27T09:06:21.192+0900][gc,phases     ] GC(354)   Other: 3.5ms
[2023-09-27T09:06:21.192+0900][gc,heap       ] GC(354) Eden regions: 45->0(44)
[2023-09-27T09:06:21.192+0900][gc,heap       ] GC(354) Survivor regions: 6->7(7)
[2023-09-27T09:06:21.192+0900][gc,heap       ] GC(354) Old regions: 397->399
[2023-09-27T09:06:21.192+0900][gc,heap       ] GC(354) Humongous regions: 129->129
[2023-09-27T09:06:21.193+0900][gc,metaspace  ] GC(354) Metaspace: 52730K->52730K(1097728K)
[2023-09-27T09:06:21.193+0900][gc            ] GC(354) Pause Young (Normal) (G1 Evacuation Pause) 576M->534M(1024M) 30.733ms
[2023-09-27T09:06:21.193+0900][gc,cpu        ] GC(354) User=0.07s Sys=0.07s Real=0.03s
[2023-09-27T09:08:55.847+0900][gc,start      ] GC(355) Pause Young (Normal) (G1 Evacuation Pause)
[2023-09-27T09:08:55.860+0900][gc,task       ] GC(355) Using 8 workers of 8 for evacuation
[2023-09-27T09:08:55.896+0900][gc,mmu        ] GC(355) MMU target violated: 21.0ms (20.0ms/21.0ms)
[2023-09-27T09:08:55.899+0900][gc,phases     ] GC(355)   Pre Evacuate Collection Set: 1.2ms
[2023-09-27T09:08:55.899+0900][gc,phases     ] GC(355)   Evacuate Collection Set: 31.2ms
[2023-09-27T09:08:55.899+0900][gc,phases     ] GC(355)   Post Evacuate Collection Set: 1.4ms
[2023-09-27T09:08:55.899+0900][gc,phases     ] GC(355)   Other: 18.2ms
[2023-09-27T09:08:55.899+0900][gc,heap       ] GC(355) Eden regions: 44->0(47)
[2023-09-27T09:08:55.899+0900][gc,heap       ] GC(355) Survivor regions: 7->4(7)
[2023-09-27T09:08:55.899+0900][gc,heap       ] GC(355) Old regions: 399->404
[2023-09-27T09:08:55.899+0900][gc,heap       ] GC(355) Humongous regions: 129->129
[2023-09-27T09:08:55.899+0900][gc,metaspace  ] GC(355) Metaspace: 52730K->52730K(1097728K)
[2023-09-27T09:08:55.899+0900][gc            ] GC(355) Pause Young (Normal) (G1 Evacuation Pause) 578M->536M(1024M) 52.082ms
[2023-09-27T09:08:55.899+0900][gc,cpu        ] GC(355) User=0.07s Sys=0.06s Real=0.05s
[2023-09-27T09:11:40.738+0900][gc,start      ] GC(356) Pause Young (Normal) (G1 Evacuation Pause)
[2023-09-27T09:11:40.739+0900][gc,task       ] GC(356) Using 8 workers of 8 for evacuation
[2023-09-27T09:11:40.770+0900][gc,mmu        ] GC(356) MMU target violated: 21.0ms (20.0ms/21.0ms)
[2023-09-27T09:11:40.770+0900][gc,phases     ] GC(356)   Pre Evacuate Collection Set: 0.8ms
[2023-09-27T09:11:40.770+0900][gc,phases     ] GC(356)   Evacuate Collection Set: 28.4ms
[2023-09-27T09:11:40.770+0900][gc,phases     ] GC(356)   Post Evacuate Collection Set: 1.3ms
[2023-09-27T09:11:40.771+0900][gc,phases     ] GC(356)   Other: 2.6ms
[2023-09-27T09:11:40.771+0900][gc,heap       ] GC(356) Eden regions: 47->0(44)
[2023-09-27T09:11:40.771+0900][gc,heap       ] GC(356) Survivor regions: 4->7(7)
[2023-09-27T09:11:40.771+0900][gc,heap       ] GC(356) Old regions: 404->404
[2023-09-27T09:11:40.771+0900][gc,heap       ] GC(356) Humongous regions: 129->129
[2023-09-27T09:11:40.771+0900][gc,metaspace  ] GC(356) Metaspace: 52731K->52731K(1097728K)
[2023-09-27T09:11:40.771+0900][gc            ] GC(356) Pause Young (Normal) (G1 Evacuation Pause) 583M->539M(1024M) 33.058ms
[2023-09-27T09:11:40.771+0900][gc,cpu        ] GC(356) User=0.07s Sys=0.06s Real=0.04s
[2023-09-27T09:14:13.760+0900][gc,start      ] GC(357) Pause Young (Normal) (G1 Evacuation Pause)
[2023-09-27T09:14:13.762+0900][gc,task       ] GC(357) Using 8 workers of 8 for evacuation
[2023-09-27T09:14:13.783+0900][gc,mmu        ] GC(357) MMU target violated: 21.0ms (20.0ms/21.0ms)
[2023-09-27T09:14:13.783+0900][gc,phases     ] GC(357)   Pre Evacuate Collection Set: 0.3ms
[2023-09-27T09:14:13.783+0900][gc,phases     ] GC(357)   Evacuate Collection Set: 19.9ms
[2023-09-27T09:14:13.783+0900][gc,phases     ] GC(357)   Post Evacuate Collection Set: 0.3ms
[2023-09-27T09:14:13.783+0900][gc,phases     ] GC(357)   Other: 2.9ms
[2023-09-27T09:14:13.783+0900][gc,heap       ] GC(357) Eden regions: 44->0(47)
[2023-09-27T09:14:13.783+0900][gc,heap       ] GC(357) Survivor regions: 7->4(7)
[2023-09-27T09:14:13.783+0900][gc,heap       ] GC(357) Old regions: 404->409
[2023-09-27T09:14:13.783+0900][gc,heap       ] GC(357) Humongous regions: 129->129
[2023-09-27T09:14:13.783+0900][gc,metaspace  ] GC(357) Metaspace: 52731K->52731K(1097728K)
[2023-09-27T09:14:13.783+0900][gc            ] GC(357) Pause Young (Normal) (G1 Evacuation Pause) 583M->541M(1024M) 23.383ms
[2023-09-27T09:14:13.783+0900][gc,cpu        ] GC(357) User=0.06s Sys=0.01s Real=0.02s
[2023-09-27T09:16:59.725+0900][gc,start      ] GC(358) Pause Young (Normal) (G1 Evacuation Pause)
[2023-09-27T09:16:59.727+0900][gc,task       ] GC(358) Using 8 workers of 8 for evacuation
[2023-09-27T09:16:59.756+0900][gc,mmu        ] GC(358) MMU target violated: 21.0ms (20.0ms/21.0ms)
[2023-09-27T09:16:59.756+0900][gc,phases     ] GC(358)   Pre Evacuate Collection Set: 0.8ms
[2023-09-27T09:16:59.756+0900][gc,phases     ] GC(358)   Evacuate Collection Set: 22.1ms
[2023-09-27T09:16:59.756+0900][gc,phases     ] GC(358)   Post Evacuate Collection Set: 1.8ms
[2023-09-27T09:16:59.756+0900][gc,phases     ] GC(358)   Other: 8.8ms
[2023-09-27T09:16:59.757+0900][gc,heap       ] GC(358) Eden regions: 47->0(44)
[2023-09-27T09:16:59.757+0900][gc,heap       ] GC(358) Survivor regions: 4->7(7)
[2023-09-27T09:16:59.757+0900][gc,heap       ] GC(358) Old regions: 409->410
[2023-09-27T09:16:59.757+0900][gc,heap       ] GC(358) Humongous regions: 129->129
[2023-09-27T09:16:59.757+0900][gc,metaspace  ] GC(358) Metaspace: 52731K->52731K(1097728K)
[2023-09-27T09:16:59.757+0900][gc            ] GC(358) Pause Young (Normal) (G1 Evacuation Pause) 588M->545M(1024M) 32.380ms
[2023-09-27T09:16:59.757+0900][gc,cpu        ] GC(358) User=0.07s Sys=0.06s Real=0.03s
[2023-09-27T09:19:33.156+0900][gc,start      ] GC(359) Pause Young (Normal) (G1 Evacuation Pause)
[2023-09-27T09:19:33.157+0900][gc,task       ] GC(359) Using 8 workers of 8 for evacuation
[2023-09-27T09:19:33.191+0900][gc,mmu        ] GC(359) MMU target violated: 21.0ms (20.0ms/21.0ms)
[2023-09-27T09:19:33.191+0900][gc,phases     ] GC(359)   Pre Evacuate Collection Set: 0.7ms
[2023-09-27T09:19:33.191+0900][gc,phases     ] GC(359)   Evacuate Collection Set: 30.2ms
[2023-09-27T09:19:33.191+0900][gc,phases     ] GC(359)   Post Evacuate Collection Set: 2.0ms
[2023-09-27T09:19:33.191+0900][gc,phases     ] GC(359)   Other: 2.3ms
[2023-09-27T09:19:33.191+0900][gc,heap       ] GC(359) Eden regions: 44->0(46)
[2023-09-27T09:19:33.191+0900][gc,heap       ] GC(359) Survivor regions: 7->5(7)
[2023-09-27T09:19:33.191+0900][gc,heap       ] GC(359) Old regions: 410->414
[2023-09-27T09:19:33.191+0900][gc,heap       ] GC(359) Humongous regions: 129->129
[2023-09-27T09:19:33.191+0900][gc,metaspace  ] GC(359) Metaspace: 52731K->52731K(1097728K)
[2023-09-27T09:19:33.192+0900][gc            ] GC(359) Pause Young (Normal) (G1 Evacuation Pause) 589M->547M(1024M) 35.394ms
[2023-09-27T09:19:33.192+0900][gc,cpu        ] GC(359) User=0.08s Sys=0.07s Real=0.04s
[2023-09-27T09:22:14.567+0900][gc,start      ] GC(360) Pause Young (Normal) (G1 Evacuation Pause)
[2023-09-27T09:22:14.568+0900][gc,task       ] GC(360) Using 8 workers of 8 for evacuation
[2023-09-27T09:22:14.586+0900][gc,phases     ] GC(360)   Pre Evacuate Collection Set: 0.6ms
[2023-09-27T09:22:14.586+0900][gc,phases     ] GC(360)   Evacuate Collection Set: 16.4ms
[2023-09-27T09:22:14.586+0900][gc,phases     ] GC(360)   Post Evacuate Collection Set: 1.1ms
[2023-09-27T09:22:14.587+0900][gc,phases     ] GC(360)   Other: 1.9ms
[2023-09-27T09:22:14.587+0900][gc,heap       ] GC(360) Eden regions: 46->0(45)
[2023-09-27T09:22:14.587+0900][gc,heap       ] GC(360) Survivor regions: 5->6(7)
[2023-09-27T09:22:14.587+0900][gc,heap       ] GC(360) Old regions: 414->414
[2023-09-27T09:22:14.587+0900][gc,heap       ] GC(360) Humongous regions: 129->129
[2023-09-27T09:22:14.587+0900][gc,metaspace  ] GC(360) Metaspace: 52731K->52731K(1097728K)
[2023-09-27T09:22:14.587+0900][gc            ] GC(360) Pause Young (Normal) (G1 Evacuation Pause) 593M->548M(1024M) 19.759ms
[2023-09-27T09:22:14.587+0900][gc,cpu        ] GC(360) User=0.05s Sys=0.05s Real=0.02s
[2023-09-27T09:24:42.203+0900][gc,start      ] GC(361) Pause Young (Normal) (G1 Evacuation Pause)
[2023-09-27T09:24:42.205+0900][gc,task       ] GC(361) Using 8 workers of 8 for evacuation
[2023-09-27T09:24:42.256+0900][gc,mmu        ] GC(361) MMU target violated: 21.0ms (20.0ms/21.0ms)
[2023-09-27T09:24:42.257+0900][gc,phases     ] GC(361)   Pre Evacuate Collection Set: 0.7ms
[2023-09-27T09:24:42.257+0900][gc,phases     ] GC(361)   Evacuate Collection Set: 45.9ms
[2023-09-27T09:24:42.257+0900][gc,phases     ] GC(361)   Post Evacuate Collection Set: 1.3ms
[2023-09-27T09:24:42.257+0900][gc,phases     ] GC(361)   Other: 8.8ms
[2023-09-27T09:24:42.257+0900][gc,heap       ] GC(361) Eden regions: 45->0(44)
[2023-09-27T09:24:42.257+0900][gc,heap       ] GC(361) Survivor regions: 6->7(7)
[2023-09-27T09:24:42.257+0900][gc,heap       ] GC(361) Old regions: 414->417
[2023-09-27T09:24:42.257+0900][gc,heap       ] GC(361) Humongous regions: 129->129
[2023-09-27T09:24:42.257+0900][gc,metaspace  ] GC(361) Metaspace: 52731K->52731K(1097728K)
[2023-09-27T09:24:42.258+0900][gc            ] GC(361) Pause Young (Normal) (G1 Evacuation Pause) 593M->552M(1024M) 55.789ms
[2023-09-27T09:24:42.258+0900][gc,cpu        ] GC(361) User=0.06s Sys=0.14s Real=0.05s
[2023-09-27T09:27:13.387+0900][gc,start      ] GC(362) Pause Young (Normal) (G1 Evacuation Pause)
[2023-09-27T09:27:13.388+0900][gc,task       ] GC(362) Using 8 workers of 8 for evacuation
[2023-09-27T09:27:13.409+0900][gc,mmu        ] GC(362) MMU target violated: 20.7ms (20.0ms/21.0ms)
[2023-09-27T09:27:13.409+0900][gc,phases     ] GC(362)   Pre Evacuate Collection Set: 0.3ms
[2023-09-27T09:27:13.409+0900][gc,phases     ] GC(362)   Evacuate Collection Set: 19.7ms
[2023-09-27T09:27:13.409+0900][gc,phases     ] GC(362)   Post Evacuate Collection Set: 0.3ms
[2023-09-27T09:27:13.409+0900][gc,phases     ] GC(362)   Other: 1.8ms
[2023-09-27T09:27:13.409+0900][gc,heap       ] GC(362) Eden regions: 44->0(46)
[2023-09-27T09:27:13.409+0900][gc,heap       ] GC(362) Survivor regions: 7->5(7)
[2023-09-27T09:27:13.409+0900][gc,heap       ] GC(362) Old regions: 417->423
[2023-09-27T09:27:13.409+0900][gc,heap       ] GC(362) Humongous regions: 129->129
[2023-09-27T09:27:13.409+0900][gc,metaspace  ] GC(362) Metaspace: 52731K->52731K(1097728K)
[2023-09-27T09:27:13.409+0900][gc            ] GC(362) Pause Young (Normal) (G1 Evacuation Pause) 596M->556M(1024M) 21.932ms
[2023-09-27T09:27:13.409+0900][gc,cpu        ] GC(362) User=0.06s Sys=0.01s Real=0.02s
[2023-09-27T09:29:53.698+0900][gc,start      ] GC(363) Pause Young (Normal) (G1 Evacuation Pause)
[2023-09-27T09:29:53.699+0900][gc,task       ] GC(363) Using 8 workers of 8 for evacuation
[2023-09-27T09:29:53.720+0900][gc,mmu        ] GC(363) MMU target violated: 21.0ms (20.0ms/21.0ms)
[2023-09-27T09:29:53.721+0900][gc,phases     ] GC(363)   Pre Evacuate Collection Set: 0.8ms
[2023-09-27T09:29:53.721+0900][gc,phases     ] GC(363)   Evacuate Collection Set: 18.4ms
[2023-09-27T09:29:53.721+0900][gc,phases     ] GC(363)   Post Evacuate Collection Set: 1.5ms
[2023-09-27T09:29:53.721+0900][gc,phases     ] GC(363)   Other: 2.6ms
[2023-09-27T09:29:53.721+0900][gc,heap       ] GC(363) Eden regions: 46->0(46)
[2023-09-27T09:29:53.721+0900][gc,heap       ] GC(363) Survivor regions: 5->5(7)
[2023-09-27T09:29:53.721+0900][gc,heap       ] GC(363) Old regions: 423->426
[2023-09-27T09:29:53.721+0900][gc,heap       ] GC(363) Humongous regions: 129->129
[2023-09-27T09:29:53.721+0900][gc,metaspace  ] GC(363) Metaspace: 52731K->52731K(1097728K)
[2023-09-27T09:29:53.721+0900][gc            ] GC(363) Pause Young (Normal) (G1 Evacuation Pause) 602M->558M(1024M) 23.245ms
[2023-09-27T09:29:53.721+0900][gc,cpu        ] GC(363) User=0.07s Sys=0.05s Real=0.03s
[2023-09-27T09:32:35.689+0900][gc,start      ] GC(364) Pause Young (Normal) (G1 Evacuation Pause)
[2023-09-27T09:32:35.690+0900][gc,task       ] GC(364) Using 8 workers of 8 for evacuation
[2023-09-27T09:32:35.708+0900][gc,phases     ] GC(364)   Pre Evacuate Collection Set: 0.7ms
[2023-09-27T09:32:35.708+0900][gc,phases     ] GC(364)   Evacuate Collection Set: 16.2ms
[2023-09-27T09:32:35.708+0900][gc,phases     ] GC(364)   Post Evacuate Collection Set: 1.1ms
[2023-09-27T09:32:35.709+0900][gc,phases     ] GC(364)   Other: 1.8ms
[2023-09-27T09:32:35.709+0900][gc,heap       ] GC(364) Eden regions: 46->0(47)
[2023-09-27T09:32:35.709+0900][gc,heap       ] GC(364) Survivor regions: 5->4(7)
[2023-09-27T09:32:35.709+0900][gc,heap       ] GC(364) Old regions: 426->428
[2023-09-27T09:32:35.709+0900][gc,heap       ] GC(364) Humongous regions: 129->129
[2023-09-27T09:32:35.709+0900][gc,metaspace  ] GC(364) Metaspace: 52731K->52731K(1097728K)
[2023-09-27T09:32:35.709+0900][gc            ] GC(364) Pause Young (Normal) (G1 Evacuation Pause) 604M->560M(1024M) 20.027ms
[2023-09-27T09:32:35.709+0900][gc,cpu        ] GC(364) User=0.06s Sys=0.03s Real=0.02s
[2023-09-27T09:35:20.362+0900][gc,start      ] GC(365) Pause Young (Normal) (G1 Evacuation Pause)
[2023-09-27T09:35:20.364+0900][gc,task       ] GC(365) Using 8 workers of 8 for evacuation
[2023-09-27T09:35:20.405+0900][gc,mmu        ] GC(365) MMU target violated: 21.0ms (20.0ms/21.0ms)
[2023-09-27T09:35:20.406+0900][gc,phases     ] GC(365)   Pre Evacuate Collection Set: 0.9ms
[2023-09-27T09:35:20.406+0900][gc,phases     ] GC(365)   Evacuate Collection Set: 35.5ms
[2023-09-27T09:35:20.406+0900][gc,phases     ] GC(365)   Post Evacuate Collection Set: 1.6ms
[2023-09-27T09:35:20.406+0900][gc,phases     ] GC(365)   Other: 8.7ms
[2023-09-27T09:35:20.406+0900][gc,heap       ] GC(365) Eden regions: 47->0(44)
[2023-09-27T09:35:20.406+0900][gc,heap       ] GC(365) Survivor regions: 4->7(7)
[2023-09-27T09:35:20.406+0900][gc,heap       ] GC(365) Old regions: 428->428
[2023-09-27T09:35:20.406+0900][gc,heap       ] GC(365) Humongous regions: 129->129
[2023-09-27T09:35:20.406+0900][gc,metaspace  ] GC(365) Metaspace: 52731K->52731K(1097728K)
[2023-09-27T09:35:20.407+0900][gc            ] GC(365) Pause Young (Normal) (G1 Evacuation Pause) 607M->563M(1024M) 45.979ms
[2023-09-27T09:35:20.407+0900][gc,cpu        ] GC(365) User=0.06s Sys=0.09s Real=0.04s
[2023-09-27T09:37:53.485+0900][gc,start      ] GC(366) Pause Young (Normal) (G1 Evacuation Pause)
[2023-09-27T09:37:53.486+0900][gc,task       ] GC(366) Using 8 workers of 8 for evacuation
[2023-09-27T09:37:53.506+0900][gc,phases     ] GC(366)   Pre Evacuate Collection Set: 0.3ms
[2023-09-27T09:37:53.506+0900][gc,phases     ] GC(366)   Evacuate Collection Set: 17.8ms
[2023-09-27T09:37:53.506+0900][gc,phases     ] GC(366)   Post Evacuate Collection Set: 0.6ms
[2023-09-27T09:37:53.506+0900][gc,phases     ] GC(366)   Other: 1.9ms
[2023-09-27T09:37:53.506+0900][gc,heap       ] GC(366) Eden regions: 44->0(47)
[2023-09-27T09:37:53.506+0900][gc,heap       ] GC(366) Survivor regions: 7->4(7)
[2023-09-27T09:37:53.506+0900][gc,heap       ] GC(366) Old regions: 428->433
[2023-09-27T09:37:53.506+0900][gc,heap       ] GC(366) Humongous regions: 129->129
[2023-09-27T09:37:53.506+0900][gc,metaspace  ] GC(366) Metaspace: 52731K->52731K(1097728K)
[2023-09-27T09:37:53.506+0900][gc            ] GC(366) Pause Young (Normal) (G1 Evacuation Pause) 607M->565M(1024M) 20.544ms
[2023-09-27T09:37:53.506+0900][gc,cpu        ] GC(366) User=0.06s Sys=0.01s Real=0.02s
[2023-09-27T09:40:38.407+0900][gc,start      ] GC(367) Pause Young (Normal) (G1 Evacuation Pause)
[2023-09-27T09:40:38.408+0900][gc,task       ] GC(367) Using 8 workers of 8 for evacuation
[2023-09-27T09:40:38.444+0900][gc,mmu        ] GC(367) MMU target violated: 21.0ms (20.0ms/21.0ms)
[2023-09-27T09:40:38.444+0900][gc,phases     ] GC(367)   Pre Evacuate Collection Set: 0.7ms
[2023-09-27T09:40:38.444+0900][gc,phases     ] GC(367)   Evacuate Collection Set: 33.8ms
[2023-09-27T09:40:38.444+0900][gc,phases     ] GC(367)   Post Evacuate Collection Set: 1.0ms
[2023-09-27T09:40:38.444+0900][gc,phases     ] GC(367)   Other: 2.3ms
[2023-09-27T09:40:38.444+0900][gc,heap       ] GC(367) Eden regions: 47->0(44)
[2023-09-27T09:40:38.445+0900][gc,heap       ] GC(367) Survivor regions: 4->7(7)
[2023-09-27T09:40:38.445+0900][gc,heap       ] GC(367) Old regions: 433->434
[2023-09-27T09:40:38.445+0900][gc,heap       ] GC(367) Humongous regions: 129->129
[2023-09-27T09:40:38.445+0900][gc,metaspace  ] GC(367) Metaspace: 52731K->52731K(1097728K)
[2023-09-27T09:40:38.445+0900][gc            ] GC(367) Pause Young (Normal) (G1 Evacuation Pause) 612M->569M(1024M) 37.708ms
[2023-09-27T09:40:38.445+0900][gc,cpu        ] GC(367) User=0.07s Sys=0.08s Real=0.04s
[2023-09-27T09:43:12.203+0900][gc,start      ] GC(368) Pause Young (Normal) (G1 Evacuation Pause)
[2023-09-27T09:43:12.203+0900][gc,task       ] GC(368) Using 8 workers of 8 for evacuation
[2023-09-27T09:43:12.217+0900][gc,phases     ] GC(368)   Pre Evacuate Collection Set: 0.1ms
[2023-09-27T09:43:12.217+0900][gc,phases     ] GC(368)   Evacuate Collection Set: 12.3ms
[2023-09-27T09:43:12.217+0900][gc,phases     ] GC(368)   Post Evacuate Collection Set: 0.5ms
[2023-09-27T09:43:12.217+0900][gc,phases     ] GC(368)   Other: 1.1ms
[2023-09-27T09:43:12.217+0900][gc,heap       ] GC(368) Eden regions: 44->0(47)
[2023-09-27T09:43:12.217+0900][gc,heap       ] GC(368) Survivor regions: 7->4(7)
[2023-09-27T09:43:12.217+0900][gc,heap       ] GC(368) Old regions: 434->439
[2023-09-27T09:43:12.217+0900][gc,heap       ] GC(368) Humongous regions: 129->129
[2023-09-27T09:43:12.217+0900][gc,metaspace  ] GC(368) Metaspace: 52731K->52731K(1097728K)
[2023-09-27T09:43:12.217+0900][gc            ] GC(368) Pause Young (Normal) (G1 Evacuation Pause) 613M->571M(1024M) 14.083ms
[2023-09-27T09:43:12.217+0900][gc,cpu        ] GC(368) User=0.06s Sys=0.01s Real=0.01s
[2023-09-27T09:45:55.539+0900][gc,start      ] GC(369) Pause Young (Normal) (G1 Evacuation Pause)
[2023-09-27T09:45:55.540+0900][gc,task       ] GC(369) Using 8 workers of 8 for evacuation
[2023-09-27T09:45:55.563+0900][gc,mmu        ] GC(369) MMU target violated: 21.0ms (20.0ms/21.0ms)
[2023-09-27T09:45:55.564+0900][gc,phases     ] GC(369)   Pre Evacuate Collection Set: 0.8ms
[2023-09-27T09:45:55.564+0900][gc,phases     ] GC(369)   Evacuate Collection Set: 20.0ms
[2023-09-27T09:45:55.564+0900][gc,phases     ] GC(369)   Post Evacuate Collection Set: 1.5ms
[2023-09-27T09:45:55.564+0900][gc,phases     ] GC(369)   Other: 2.6ms
[2023-09-27T09:45:55.564+0900][gc,heap       ] GC(369) Eden regions: 47->0(45)
[2023-09-27T09:45:55.564+0900][gc,heap       ] GC(369) Survivor regions: 4->6(7)
[2023-09-27T09:45:55.564+0900][gc,heap       ] GC(369) Old regions: 439->439
[2023-09-27T09:45:55.564+0900][gc,heap       ] GC(369) Humongous regions: 129->129
[2023-09-27T09:45:55.564+0900][gc,metaspace  ] GC(369) Metaspace: 52731K->52731K(1097728K)
[2023-09-27T09:45:55.564+0900][gc            ] GC(369) Pause Young (Normal) (G1 Evacuation Pause) 618M->572M(1024M) 24.947ms
[2023-09-27T09:45:55.564+0900][gc,cpu        ] GC(369) User=0.06s Sys=0.05s Real=0.03s
[2023-09-27T09:48:33.621+0900][gc,start      ] GC(370) Pause Young (Normal) (G1 Evacuation Pause)
[2023-09-27T09:48:33.622+0900][gc,task       ] GC(370) Using 8 workers of 8 for evacuation
[2023-09-27T09:48:33.669+0900][gc,mmu        ] GC(370) MMU target violated: 21.0ms (20.0ms/21.0ms)
[2023-09-27T09:48:33.669+0900][gc,phases     ] GC(370)   Pre Evacuate Collection Set: 0.8ms
[2023-09-27T09:48:33.669+0900][gc,phases     ] GC(370)   Evacuate Collection Set: 41.2ms
[2023-09-27T09:48:33.669+0900][gc,phases     ] GC(370)   Post Evacuate Collection Set: 1.4ms
[2023-09-27T09:48:33.669+0900][gc,phases     ] GC(370)   Other: 7.6ms
[2023-09-27T09:48:33.670+0900][gc,heap       ] GC(370) Eden regions: 45->0(44)
[2023-09-27T09:48:33.670+0900][gc,heap       ] GC(370) Survivor regions: 6->7(7)
[2023-09-27T09:48:33.670+0900][gc,heap       ] GC(370) Old regions: 439->441
[2023-09-27T09:48:33.670+0900][gc,heap       ] GC(370) Humongous regions: 129->129
[2023-09-27T09:48:33.670+0900][gc,metaspace  ] GC(370) Metaspace: 52731K->52731K(1097728K)
[2023-09-27T09:48:33.670+0900][gc            ] GC(370) Pause Young (Normal) (G1 Evacuation Pause) 617M->576M(1024M) 49.850ms
[2023-09-27T09:48:33.670+0900][gc,cpu        ] GC(370) User=0.07s Sys=0.14s Real=0.05s
[2023-09-27T09:51:06.638+0900][gc,start      ] GC(371) Pause Young (Normal) (G1 Evacuation Pause)
[2023-09-27T09:51:06.639+0900][gc,task       ] GC(371) Using 8 workers of 8 for evacuation
[2023-09-27T09:51:06.671+0900][gc,mmu        ] GC(371) MMU target violated: 21.0ms (20.0ms/21.0ms)
[2023-09-27T09:51:06.671+0900][gc,phases     ] GC(371)   Pre Evacuate Collection Set: 0.9ms
[2023-09-27T09:51:06.671+0900][gc,phases     ] GC(371)   Evacuate Collection Set: 28.1ms
[2023-09-27T09:51:06.671+0900][gc,phases     ] GC(371)   Post Evacuate Collection Set: 1.5ms
[2023-09-27T09:51:06.671+0900][gc,phases     ] GC(371)   Other: 2.7ms
[2023-09-27T09:51:06.671+0900][gc,heap       ] GC(371) Eden regions: 44->0(47)
[2023-09-27T09:51:06.671+0900][gc,heap       ] GC(371) Survivor regions: 7->4(7)
[2023-09-27T09:51:06.671+0900][gc,heap       ] GC(371) Old regions: 441->446
[2023-09-27T09:51:06.671+0900][gc,heap       ] GC(371) Humongous regions: 129->129
[2023-09-27T09:51:06.671+0900][gc,metaspace  ] GC(371) Metaspace: 52731K->52731K(1097728K)
[2023-09-27T09:51:06.671+0900][gc            ] GC(371) Pause Young (Normal) (G1 Evacuation Pause) 620M->577M(1024M) 33.133ms
[2023-09-27T09:51:06.671+0900][gc,cpu        ] GC(371) User=0.07s Sys=0.07s Real=0.04s
[2023-09-27T09:53:52.127+0900][gc,start      ] GC(372) Pause Young (Normal) (G1 Evacuation Pause)
[2023-09-27T09:53:52.128+0900][gc,task       ] GC(372) Using 8 workers of 8 for evacuation
[2023-09-27T09:53:52.149+0900][gc,mmu        ] GC(372) MMU target violated: 21.0ms (20.0ms/21.0ms)
[2023-09-27T09:53:52.149+0900][gc,phases     ] GC(372)   Pre Evacuate Collection Set: 0.2ms
[2023-09-27T09:53:52.149+0900][gc,phases     ] GC(372)   Evacuate Collection Set: 19.8ms
[2023-09-27T09:53:52.149+0900][gc,phases     ] GC(372)   Post Evacuate Collection Set: 0.7ms
[2023-09-27T09:53:52.149+0900][gc,phases     ] GC(372)   Other: 1.7ms
[2023-09-27T09:53:52.149+0900][gc,heap       ] GC(372) Eden regions: 47->0(44)
[2023-09-27T09:53:52.149+0900][gc,heap       ] GC(372) Survivor regions: 4->7(7)
[2023-09-27T09:53:52.149+0900][gc,heap       ] GC(372) Old regions: 446->446
[2023-09-27T09:53:52.149+0900][gc,heap       ] GC(372) Humongous regions: 129->129
[2023-09-27T09:53:52.149+0900][gc,metaspace  ] GC(372) Metaspace: 52731K->52731K(1097728K)
[2023-09-27T09:53:52.149+0900][gc            ] GC(372) Pause Young (Normal) (G1 Evacuation Pause) 624M->581M(1024M) 22.312ms
[2023-09-27T09:53:52.149+0900][gc,cpu        ] GC(372) User=0.06s Sys=0.01s Real=0.02s
[2023-09-27T09:56:26.077+0900][gc,start      ] GC(373) Pause Young (Normal) (G1 Evacuation Pause)
[2023-09-27T09:56:26.078+0900][gc,task       ] GC(373) Using 8 workers of 8 for evacuation
[2023-09-27T09:56:26.110+0900][gc,mmu        ] GC(373) MMU target violated: 21.0ms (20.0ms/21.0ms)
[2023-09-27T09:56:26.110+0900][gc,phases     ] GC(373)   Pre Evacuate Collection Set: 0.9ms
[2023-09-27T09:56:26.110+0900][gc,phases     ] GC(373)   Evacuate Collection Set: 29.1ms
[2023-09-27T09:56:26.110+0900][gc,phases     ] GC(373)   Post Evacuate Collection Set: 0.6ms
[2023-09-27T09:56:26.110+0900][gc,phases     ] GC(373)   Other: 2.4ms
[2023-09-27T09:56:26.110+0900][gc,heap       ] GC(373) Eden regions: 44->0(47)
[2023-09-27T09:56:26.110+0900][gc,heap       ] GC(373) Survivor regions: 7->4(7)
[2023-09-27T09:56:26.110+0900][gc,heap       ] GC(373) Old regions: 446->451
[2023-09-27T09:56:26.110+0900][gc,heap       ] GC(373) Humongous regions: 129->129
[2023-09-27T09:56:26.110+0900][gc,metaspace  ] GC(373) Metaspace: 52732K->52732K(1097728K)
[2023-09-27T09:56:26.110+0900][gc            ] GC(373) Pause Young (Normal) (G1 Evacuation Pause) 625M->582M(1024M) 32.805ms
[2023-09-27T09:56:26.110+0900][gc,cpu        ] GC(373) User=0.05s Sys=0.05s Real=0.04s
[2023-09-27T09:59:11.188+0900][gc,start      ] GC(374) Pause Young (Normal) (G1 Evacuation Pause)
[2023-09-27T09:59:11.190+0900][gc,task       ] GC(374) Using 8 workers of 8 for evacuation
[2023-09-27T09:59:11.228+0900][gc,mmu        ] GC(374) MMU target violated: 21.0ms (20.0ms/21.0ms)
[2023-09-27T09:59:11.228+0900][gc,phases     ] GC(374)   Pre Evacuate Collection Set: 0.8ms
[2023-09-27T09:59:11.228+0900][gc,phases     ] GC(374)   Evacuate Collection Set: 35.5ms
[2023-09-27T09:59:11.228+0900][gc,phases     ] GC(374)   Post Evacuate Collection Set: 1.3ms
[2023-09-27T09:59:11.229+0900][gc,phases     ] GC(374)   Other: 2.6ms
[2023-09-27T09:59:11.229+0900][gc,heap       ] GC(374) Eden regions: 47->0(44)
[2023-09-27T09:59:11.229+0900][gc,heap       ] GC(374) Survivor regions: 4->7(7)
[2023-09-27T09:59:11.229+0900][gc,heap       ] GC(374) Old regions: 451->451
[2023-09-27T09:59:11.229+0900][gc,heap       ] GC(374) Humongous regions: 129->129
[2023-09-27T09:59:11.229+0900][gc,metaspace  ] GC(374) Metaspace: 52732K->52732K(1097728K)
[2023-09-27T09:59:11.229+0900][gc            ] GC(374) Pause Young (Normal) (G1 Evacuation Pause) 629M->586M(1024M) 40.225ms
[2023-09-27T09:59:11.229+0900][gc,cpu        ] GC(374) User=0.07s Sys=0.10s Real=0.04s
[2023-09-27T10:07:55.160+0900][gc,start      ] GC(375) Pause Young (Normal) (G1 Evacuation Pause)
[2023-09-27T10:07:55.161+0900][gc,task       ] GC(375) Using 8 workers of 8 for evacuation
[2023-09-27T10:07:55.196+0900][gc,mmu        ] GC(375) MMU target violated: 21.0ms (20.0ms/21.0ms)
[2023-09-27T10:07:55.196+0900][gc,phases     ] GC(375)   Pre Evacuate Collection Set: 0.5ms
[2023-09-27T10:07:55.197+0900][gc,phases     ] GC(375)   Evacuate Collection Set: 32.9ms
[2023-09-27T10:07:55.197+0900][gc,phases     ] GC(375)   Post Evacuate Collection Set: 1.6ms
[2023-09-27T10:07:55.197+0900][gc,phases     ] GC(375)   Other: 1.3ms
[2023-09-27T10:07:55.197+0900][gc,heap       ] GC(375) Eden regions: 44->0(47)
[2023-09-27T10:07:55.197+0900][gc,heap       ] GC(375) Survivor regions: 7->4(7)
[2023-09-27T10:07:55.197+0900][gc,heap       ] GC(375) Old regions: 451->456
[2023-09-27T10:07:55.197+0900][gc,heap       ] GC(375) Humongous regions: 129->129
[2023-09-27T10:07:55.197+0900][gc,metaspace  ] GC(375) Metaspace: 52732K->52732K(1097728K)
[2023-09-27T10:07:55.197+0900][gc            ] GC(375) Pause Young (Normal) (G1 Evacuation Pause) 630M->588M(1024M) 36.398ms
[2023-09-27T10:07:55.197+0900][gc,cpu        ] GC(375) User=0.06s Sys=0.05s Real=0.03s
[2023-09-27T10:10:38.697+0900][gc,start      ] GC(376) Pause Young (Normal) (G1 Evacuation Pause)
[2023-09-27T10:10:38.698+0900][gc,task       ] GC(376) Using 8 workers of 8 for evacuation
[2023-09-27T10:10:38.719+0900][gc,mmu        ] GC(376) MMU target violated: 20.2ms (20.0ms/21.0ms)
[2023-09-27T10:10:38.719+0900][gc,phases     ] GC(376)   Pre Evacuate Collection Set: 0.4ms
[2023-09-27T10:10:38.719+0900][gc,phases     ] GC(376)   Evacuate Collection Set: 18.8ms
[2023-09-27T10:10:38.719+0900][gc,phases     ] GC(376)   Post Evacuate Collection Set: 0.6ms
[2023-09-27T10:10:38.719+0900][gc,phases     ] GC(376)   Other: 2.0ms
[2023-09-27T10:10:38.719+0900][gc,heap       ] GC(376) Eden regions: 47->0(44)
[2023-09-27T10:10:38.719+0900][gc,heap       ] GC(376) Survivor regions: 4->7(7)
[2023-09-27T10:10:38.719+0900][gc,heap       ] GC(376) Old regions: 456->456
[2023-09-27T10:10:38.719+0900][gc,heap       ] GC(376) Humongous regions: 129->129
[2023-09-27T10:10:38.719+0900][gc,metaspace  ] GC(376) Metaspace: 52732K->52732K(1097728K)
[2023-09-27T10:10:38.719+0900][gc            ] GC(376) Pause Young (Normal) (G1 Evacuation Pause) 635M->591M(1024M) 21.807ms
[2023-09-27T10:10:38.719+0900][gc,cpu        ] GC(376) User=0.06s Sys=0.01s Real=0.02s
[2023-09-27T10:13:12.511+0900][gc,start      ] GC(377) Pause Young (Normal) (G1 Evacuation Pause)
[2023-09-27T10:13:12.512+0900][gc,task       ] GC(377) Using 8 workers of 8 for evacuation
[2023-09-27T10:13:12.548+0900][gc,mmu        ] GC(377) MMU target violated: 21.0ms (20.0ms/21.0ms)
[2023-09-27T10:13:12.548+0900][gc,phases     ] GC(377)   Pre Evacuate Collection Set: 0.2ms
[2023-09-27T10:13:12.548+0900][gc,phases     ] GC(377)   Evacuate Collection Set: 34.6ms
[2023-09-27T10:13:12.548+0900][gc,phases     ] GC(377)   Post Evacuate Collection Set: 0.4ms
[2023-09-27T10:13:12.548+0900][gc,phases     ] GC(377)   Other: 1.2ms
[2023-09-27T10:13:12.548+0900][gc,heap       ] GC(377) Eden regions: 44->0(47)
[2023-09-27T10:13:12.548+0900][gc,heap       ] GC(377) Survivor regions: 7->4(7)
[2023-09-27T10:13:12.548+0900][gc,heap       ] GC(377) Old regions: 456->461
[2023-09-27T10:13:12.548+0900][gc,heap       ] GC(377) Humongous regions: 129->129
[2023-09-27T10:13:12.548+0900][gc,metaspace  ] GC(377) Metaspace: 52732K->52732K(1097728K)
[2023-09-27T10:13:12.548+0900][gc            ] GC(377) Pause Young (Normal) (G1 Evacuation Pause) 635M->593M(1024M) 36.456ms
[2023-09-27T10:13:12.548+0900][gc,cpu        ] GC(377) User=0.05s Sys=0.02s Real=0.03s
[2023-09-27T10:15:56.644+0900][gc,start      ] GC(378) Pause Young (Normal) (G1 Evacuation Pause)
[2023-09-27T10:15:56.645+0900][gc,task       ] GC(378) Using 8 workers of 8 for evacuation
[2023-09-27T10:15:56.672+0900][gc,mmu        ] GC(378) MMU target violated: 21.0ms (20.0ms/21.0ms)
[2023-09-27T10:15:56.673+0900][gc,phases     ] GC(378)   Pre Evacuate Collection Set: 0.7ms
[2023-09-27T10:15:56.673+0900][gc,phases     ] GC(378)   Evacuate Collection Set: 24.1ms
[2023-09-27T10:15:56.673+0900][gc,phases     ] GC(378)   Post Evacuate Collection Set: 1.4ms
[2023-09-27T10:15:56.673+0900][gc,phases     ] GC(378)   Other: 2.3ms
[2023-09-27T10:15:56.673+0900][gc,heap       ] GC(378) Eden regions: 47->0(45)
[2023-09-27T10:15:56.673+0900][gc,heap       ] GC(378) Survivor regions: 4->6(7)
[2023-09-27T10:15:56.673+0900][gc,heap       ] GC(378) Old regions: 461->461
[2023-09-27T10:15:56.673+0900][gc,heap       ] GC(378) Humongous regions: 129->129
[2023-09-27T10:15:56.673+0900][gc,metaspace  ] GC(378) Metaspace: 52732K->52732K(1097728K)
[2023-09-27T10:15:56.673+0900][gc            ] GC(378) Pause Young (Normal) (G1 Evacuation Pause) 640M->594M(1024M) 28.525ms
[2023-09-27T10:15:56.673+0900][gc,cpu        ] GC(378) User=0.06s Sys=0.05s Real=0.03s
[2023-09-27T10:23:33.027+0900][gc,start      ] GC(379) Pause Young (Normal) (G1 Evacuation Pause)
[2023-09-27T10:23:33.034+0900][gc,task       ] GC(379) Using 8 workers of 8 for evacuation
[2023-09-27T10:23:33.090+0900][gc,mmu        ] GC(379) MMU target violated: 21.0ms (20.0ms/21.0ms)
[2023-09-27T10:23:33.090+0900][gc,phases     ] GC(379)   Pre Evacuate Collection Set: 4.7ms
[2023-09-27T10:23:33.090+0900][gc,phases     ] GC(379)   Evacuate Collection Set: 48.6ms
[2023-09-27T10:23:33.090+0900][gc,phases     ] GC(379)   Post Evacuate Collection Set: 0.6ms
[2023-09-27T10:23:33.090+0900][gc,phases     ] GC(379)   Other: 8.8ms
[2023-09-27T10:23:33.090+0900][gc,heap       ] GC(379) Eden regions: 45->0(44)
[2023-09-27T10:23:33.090+0900][gc,heap       ] GC(379) Survivor regions: 6->7(7)
[2023-09-27T10:23:33.090+0900][gc,heap       ] GC(379) Old regions: 461->463
[2023-09-27T10:23:33.090+0900][gc,heap       ] GC(379) Humongous regions: 129->129
[2023-09-27T10:23:33.090+0900][gc,metaspace  ] GC(379) Metaspace: 52732K->52732K(1097728K)
[2023-09-27T10:23:33.090+0900][gc            ] GC(379) Pause Young (Normal) (G1 Evacuation Pause) 639M->598M(1024M) 62.714ms
[2023-09-27T10:23:33.090+0900][gc,cpu        ] GC(379) User=0.03s Sys=0.03s Real=0.07s
[2023-09-27T10:33:51.488+0900][gc,start      ] GC(380) Pause Young (Normal) (G1 Evacuation Pause)
[2023-09-27T10:33:51.491+0900][gc,task       ] GC(380) Using 8 workers of 8 for evacuation
[2023-09-27T10:33:51.547+0900][gc,mmu        ] GC(380) MMU target violated: 21.0ms (20.0ms/21.0ms)
[2023-09-27T10:33:51.547+0900][gc,phases     ] GC(380)   Pre Evacuate Collection Set: 0.9ms
[2023-09-27T10:33:51.547+0900][gc,phases     ] GC(380)   Evacuate Collection Set: 53.0ms
[2023-09-27T10:33:51.547+0900][gc,phases     ] GC(380)   Post Evacuate Collection Set: 1.4ms
[2023-09-27T10:33:51.547+0900][gc,phases     ] GC(380)   Other: 3.7ms
[2023-09-27T10:33:51.547+0900][gc,heap       ] GC(380) Eden regions: 44->0(47)
[2023-09-27T10:33:51.547+0900][gc,heap       ] GC(380) Survivor regions: 7->4(7)
[2023-09-27T10:33:51.547+0900][gc,heap       ] GC(380) Old regions: 463->468
[2023-09-27T10:33:51.547+0900][gc,heap       ] GC(380) Humongous regions: 129->129
[2023-09-27T10:33:51.547+0900][gc,metaspace  ] GC(380) Metaspace: 52732K->52732K(1097728K)
[2023-09-27T10:33:51.547+0900][gc            ] GC(380) Pause Young (Normal) (G1 Evacuation Pause) 642M->600M(1024M) 58.910ms
[2023-09-27T10:33:51.547+0900][gc,cpu        ] GC(380) User=0.07s Sys=0.11s Real=0.06s
[2023-09-27T10:36:35.236+0900][gc,start      ] GC(381) Pause Young (Normal) (G1 Evacuation Pause)
[2023-09-27T10:36:35.237+0900][gc,task       ] GC(381) Using 8 workers of 8 for evacuation
[2023-09-27T10:36:35.263+0900][gc,mmu        ] GC(381) MMU target violated: 21.0ms (20.0ms/21.0ms)
[2023-09-27T10:36:35.263+0900][gc,phases     ] GC(381)   Pre Evacuate Collection Set: 0.9ms
[2023-09-27T10:36:35.263+0900][gc,phases     ] GC(381)   Evacuate Collection Set: 23.1ms
[2023-09-27T10:36:35.263+0900][gc,phases     ] GC(381)   Post Evacuate Collection Set: 1.3ms
[2023-09-27T10:36:35.263+0900][gc,phases     ] GC(381)   Other: 2.2ms
[2023-09-27T10:36:35.263+0900][gc,heap       ] GC(381) Eden regions: 47->0(44)
[2023-09-27T10:36:35.263+0900][gc,heap       ] GC(381) Survivor regions: 4->7(7)
[2023-09-27T10:36:35.264+0900][gc,heap       ] GC(381) Old regions: 468->468
[2023-09-27T10:36:35.264+0900][gc,heap       ] GC(381) Humongous regions: 129->129
[2023-09-27T10:36:35.264+0900][gc,metaspace  ] GC(381) Metaspace: 52732K->52732K(1097728K)
[2023-09-27T10:36:35.264+0900][gc            ] GC(381) Pause Young (Normal) (G1 Evacuation Pause) 647M->603M(1024M) 27.465ms
[2023-09-27T10:36:35.264+0900][gc,cpu        ] GC(381) User=0.07s Sys=0.06s Real=0.03s
[2023-09-27T10:39:08.163+0900][gc,start      ] GC(382) Pause Young (Normal) (G1 Evacuation Pause)
[2023-09-27T10:39:08.164+0900][gc,task       ] GC(382) Using 8 workers of 8 for evacuation
[2023-09-27T10:39:08.190+0900][gc,mmu        ] GC(382) MMU target violated: 21.0ms (20.0ms/21.0ms)
[2023-09-27T10:39:08.191+0900][gc,phases     ] GC(382)   Pre Evacuate Collection Set: 0.4ms
[2023-09-27T10:39:08.191+0900][gc,phases     ] GC(382)   Evacuate Collection Set: 25.0ms
[2023-09-27T10:39:08.191+0900][gc,phases     ] GC(382)   Post Evacuate Collection Set: 0.6ms
[2023-09-27T10:39:08.191+0900][gc,phases     ] GC(382)   Other: 1.5ms
[2023-09-27T10:39:08.191+0900][gc,heap       ] GC(382) Eden regions: 44->0(47)
[2023-09-27T10:39:08.191+0900][gc,heap       ] GC(382) Survivor regions: 7->4(7)
[2023-09-27T10:39:08.191+0900][gc,heap       ] GC(382) Old regions: 468->473
[2023-09-27T10:39:08.191+0900][gc,heap       ] GC(382) Humongous regions: 129->129
[2023-09-27T10:39:08.191+0900][gc,metaspace  ] GC(382) Metaspace: 52733K->52733K(1097728K)
[2023-09-27T10:39:08.191+0900][gc            ] GC(382) Pause Young (Normal) (G1 Evacuation Pause) 647M->605M(1024M) 27.607ms
[2023-09-27T10:39:08.191+0900][gc,cpu        ] GC(382) User=0.03s Sys=0.03s Real=0.03s
[2023-09-27T10:41:52.804+0900][gc,start      ] GC(383) Pause Young (Normal) (G1 Evacuation Pause)
[2023-09-27T10:41:52.806+0900][gc,task       ] GC(383) Using 8 workers of 8 for evacuation
[2023-09-27T10:41:52.833+0900][gc,mmu        ] GC(383) MMU target violated: 21.0ms (20.0ms/21.0ms)
[2023-09-27T10:41:52.833+0900][gc,phases     ] GC(383)   Pre Evacuate Collection Set: 0.9ms
[2023-09-27T10:41:52.833+0900][gc,phases     ] GC(383)   Evacuate Collection Set: 23.8ms
[2023-09-27T10:41:52.833+0900][gc,phases     ] GC(383)   Post Evacuate Collection Set: 1.4ms
[2023-09-27T10:41:52.833+0900][gc,phases     ] GC(383)   Other: 3.3ms
[2023-09-27T10:41:52.833+0900][gc,heap       ] GC(383) Eden regions: 47->0(44)
[2023-09-27T10:41:52.833+0900][gc,heap       ] GC(383) Survivor regions: 4->7(7)
[2023-09-27T10:41:52.833+0900][gc,heap       ] GC(383) Old regions: 473->473
[2023-09-27T10:41:52.833+0900][gc,heap       ] GC(383) Humongous regions: 129->129
[2023-09-27T10:41:52.833+0900][gc,metaspace  ] GC(383) Metaspace: 52733K->52733K(1097728K)
[2023-09-27T10:41:52.833+0900][gc            ] GC(383) Pause Young (Normal) (G1 Evacuation Pause) 652M->608M(1024M) 29.434ms
[2023-09-27T10:41:52.833+0900][gc,cpu        ] GC(383) User=0.06s Sys=0.04s Real=0.03s
[2023-09-27T10:44:15.633+0900][gc,start      ] GC(384) Pause Young (Normal) (G1 Evacuation Pause)
[2023-09-27T10:44:15.633+0900][gc,task       ] GC(384) Using 8 workers of 8 for evacuation
[2023-09-27T10:44:15.646+0900][gc,phases     ] GC(384)   Pre Evacuate Collection Set: 0.1ms
[2023-09-27T10:44:15.646+0900][gc,phases     ] GC(384)   Evacuate Collection Set: 12.0ms
[2023-09-27T10:44:15.646+0900][gc,phases     ] GC(384)   Post Evacuate Collection Set: 0.4ms
[2023-09-27T10:44:15.646+0900][gc,phases     ] GC(384)   Other: 0.9ms
[2023-09-27T10:44:15.646+0900][gc,heap       ] GC(384) Eden regions: 44->0(46)
[2023-09-27T10:44:15.646+0900][gc,heap       ] GC(384) Survivor regions: 7->5(7)
[2023-09-27T10:44:15.646+0900][gc,heap       ] GC(384) Old regions: 473->478
[2023-09-27T10:44:15.646+0900][gc,heap       ] GC(384) Humongous regions: 129->129
[2023-09-27T10:44:15.646+0900][gc,metaspace  ] GC(384) Metaspace: 52733K->52733K(1097728K)
[2023-09-27T10:44:15.646+0900][gc            ] GC(384) Pause Young (Normal) (G1 Evacuation Pause) 652M->611M(1024M) 13.346ms
[2023-09-27T10:44:15.647+0900][gc,cpu        ] GC(384) User=0.05s Sys=0.02s Real=0.01s
[2023-09-27T10:46:56.751+0900][gc,start      ] GC(385) Pause Young (Normal) (G1 Evacuation Pause)
[2023-09-27T10:46:56.752+0900][gc,task       ] GC(385) Using 8 workers of 8 for evacuation
[2023-09-27T10:46:56.793+0900][gc,mmu        ] GC(385) MMU target violated: 21.0ms (20.0ms/21.0ms)
[2023-09-27T10:46:56.793+0900][gc,phases     ] GC(385)   Pre Evacuate Collection Set: 0.9ms
[2023-09-27T10:46:56.793+0900][gc,phases     ] GC(385)   Evacuate Collection Set: 38.1ms
[2023-09-27T10:46:56.793+0900][gc,phases     ] GC(385)   Post Evacuate Collection Set: 1.1ms
[2023-09-27T10:46:56.793+0900][gc,phases     ] GC(385)   Other: 2.4ms
[2023-09-27T10:46:56.794+0900][gc,heap       ] GC(385) Eden regions: 46->0(47)
[2023-09-27T10:46:56.794+0900][gc,heap       ] GC(385) Survivor regions: 5->4(7)
[2023-09-27T10:46:56.794+0900][gc,heap       ] GC(385) Old regions: 478->481
[2023-09-27T10:46:56.794+0900][gc,heap       ] GC(385) Humongous regions: 129->129
[2023-09-27T10:46:56.794+0900][gc,metaspace  ] GC(385) Metaspace: 52733K->52733K(1097728K)
[2023-09-27T10:46:56.794+0900][gc            ] GC(385) Pause Young (Normal) (G1 Evacuation Pause) 657M->612M(1024M) 42.436ms
[2023-09-27T10:46:56.794+0900][gc,cpu        ] GC(385) User=0.06s Sys=0.09s Real=0.04s
[2023-09-27T10:49:37.986+0900][gc,start      ] GC(386) Pause Young (Normal) (G1 Evacuation Pause)
[2023-09-27T10:49:37.987+0900][gc,task       ] GC(386) Using 8 workers of 8 for evacuation
[2023-09-27T10:49:38.026+0900][gc,mmu        ] GC(386) MMU target violated: 21.0ms (20.0ms/21.0ms)
[2023-09-27T10:49:38.026+0900][gc,phases     ] GC(386)   Pre Evacuate Collection Set: 0.7ms
[2023-09-27T10:49:38.026+0900][gc,phases     ] GC(386)   Evacuate Collection Set: 36.4ms
[2023-09-27T10:49:38.026+0900][gc,phases     ] GC(386)   Post Evacuate Collection Set: 0.6ms
[2023-09-27T10:49:38.026+0900][gc,phases     ] GC(386)   Other: 2.3ms
[2023-09-27T10:49:38.026+0900][gc,heap       ] GC(386) Eden regions: 47->0(45)
[2023-09-27T10:49:38.026+0900][gc,heap       ] GC(386) Survivor regions: 4->6(7)
[2023-09-27T10:49:38.026+0900][gc,heap       ] GC(386) Old regions: 481->481
[2023-09-27T10:49:38.026+0900][gc,heap       ] GC(386) Humongous regions: 129->129
[2023-09-27T10:49:38.026+0900][gc,metaspace  ] GC(386) Metaspace: 52733K->52733K(1097728K)
[2023-09-27T10:49:38.026+0900][gc            ] GC(386) Pause Young (Normal) (G1 Evacuation Pause) 659M->614M(1024M) 39.854ms
[2023-09-27T10:49:38.026+0900][gc,cpu        ] GC(386) User=0.04s Sys=0.02s Real=0.04s
[2023-09-27T10:52:15.889+0900][gc,start      ] GC(387) Pause Young (Normal) (G1 Evacuation Pause)
[2023-09-27T10:52:15.889+0900][gc,task       ] GC(387) Using 8 workers of 8 for evacuation
[2023-09-27T10:52:15.922+0900][gc,mmu        ] GC(387) MMU target violated: 21.0ms (20.0ms/21.0ms)
[2023-09-27T10:52:15.922+0900][gc,phases     ] GC(387)   Pre Evacuate Collection Set: 0.6ms
[2023-09-27T10:52:15.922+0900][gc,phases     ] GC(387)   Evacuate Collection Set: 30.4ms
[2023-09-27T10:52:15.922+0900][gc,phases     ] GC(387)   Post Evacuate Collection Set: 1.1ms
[2023-09-27T10:52:15.922+0900][gc,phases     ] GC(387)   Other: 1.5ms
[2023-09-27T10:52:15.922+0900][gc,heap       ] GC(387) Eden regions: 45->0(48)
[2023-09-27T10:52:15.922+0900][gc,heap       ] GC(387) Survivor regions: 6->3(7)
[2023-09-27T10:52:15.922+0900][gc,heap       ] GC(387) Old regions: 481->485
[2023-09-27T10:52:15.922+0900][gc,heap       ] GC(387) Humongous regions: 129->129
[2023-09-27T10:52:15.922+0900][gc,metaspace  ] GC(387) Metaspace: 52735K->52735K(1097728K)
[2023-09-27T10:52:15.922+0900][gc            ] GC(387) Pause Young (Normal) (G1 Evacuation Pause) 659M->616M(1024M) 33.687ms
[2023-09-27T10:52:15.922+0900][gc,cpu        ] GC(387) User=0.05s Sys=0.04s Real=0.04s
[2023-09-27T10:55:03.223+0900][gc,start      ] GC(388) Pause Young (Normal) (G1 Evacuation Pause)
[2023-09-27T10:55:03.225+0900][gc,task       ] GC(388) Using 8 workers of 8 for evacuation
[2023-09-27T10:55:03.265+0900][gc,mmu        ] GC(388) MMU target violated: 21.0ms (20.0ms/21.0ms)
[2023-09-27T10:55:03.265+0900][gc,phases     ] GC(388)   Pre Evacuate Collection Set: 0.8ms
[2023-09-27T10:55:03.265+0900][gc,phases     ] GC(388)   Evacuate Collection Set: 37.4ms
[2023-09-27T10:55:03.265+0900][gc,phases     ] GC(388)   Post Evacuate Collection Set: 0.7ms
[2023-09-27T10:55:03.265+0900][gc,phases     ] GC(388)   Other: 3.3ms
[2023-09-27T10:55:03.265+0900][gc,heap       ] GC(388) Eden regions: 48->0(44)
[2023-09-27T10:55:03.265+0900][gc,heap       ] GC(388) Survivor regions: 3->7(7)
[2023-09-27T10:55:03.265+0900][gc,heap       ] GC(388) Old regions: 485->485
[2023-09-27T10:55:03.265+0900][gc,heap       ] GC(388) Humongous regions: 129->129
[2023-09-27T10:55:03.265+0900][gc,metaspace  ] GC(388) Metaspace: 52735K->52735K(1097728K)
[2023-09-27T10:55:03.265+0900][gc            ] GC(388) Pause Young (Normal) (G1 Evacuation Pause) 664M->620M(1024M) 42.178ms
[2023-09-27T10:55:03.265+0900][gc,cpu        ] GC(388) User=0.05s Sys=0.09s Real=0.04s
[2023-09-27T10:57:35.335+0900][gc,start      ] GC(389) Pause Young (Normal) (G1 Evacuation Pause)
[2023-09-27T10:57:35.337+0900][gc,task       ] GC(389) Using 8 workers of 8 for evacuation
[2023-09-27T10:57:35.376+0900][gc,mmu        ] GC(389) MMU target violated: 21.0ms (20.0ms/21.0ms)
[2023-09-27T10:57:35.376+0900][gc,phases     ] GC(389)   Pre Evacuate Collection Set: 0.6ms
[2023-09-27T10:57:35.376+0900][gc,phases     ] GC(389)   Evacuate Collection Set: 36.9ms
[2023-09-27T10:57:35.376+0900][gc,phases     ] GC(389)   Post Evacuate Collection Set: 0.8ms
[2023-09-27T10:57:35.376+0900][gc,phases     ] GC(389)   Other: 2.5ms
[2023-09-27T10:57:35.376+0900][gc,heap       ] GC(389) Eden regions: 44->0(48)
[2023-09-27T10:57:35.376+0900][gc,heap       ] GC(389) Survivor regions: 7->3(7)
[2023-09-27T10:57:35.376+0900][gc,heap       ] GC(389) Old regions: 485->490
[2023-09-27T10:57:35.376+0900][gc,heap       ] GC(389) Humongous regions: 129->129
[2023-09-27T10:57:35.376+0900][gc,metaspace  ] GC(389) Metaspace: 52735K->52735K(1097728K)
[2023-09-27T10:57:35.376+0900][gc            ] GC(389) Pause Young (Normal) (G1 Evacuation Pause) 664M->621M(1024M) 40.802ms
[2023-09-27T10:57:35.376+0900][gc,cpu        ] GC(389) User=0.06s Sys=0.08s Real=0.04s
[2023-09-27T11:00:23.327+0900][gc,start      ] GC(390) Pause Young (Normal) (G1 Evacuation Pause)
[2023-09-27T11:00:23.328+0900][gc,task       ] GC(390) Using 8 workers of 8 for evacuation
[2023-09-27T11:00:23.381+0900][gc,mmu        ] GC(390) MMU target violated: 21.0ms (20.0ms/21.0ms)
[2023-09-27T11:00:23.381+0900][gc,phases     ] GC(390)   Pre Evacuate Collection Set: 0.8ms
[2023-09-27T11:00:23.381+0900][gc,phases     ] GC(390)   Evacuate Collection Set: 50.4ms
[2023-09-27T11:00:23.381+0900][gc,phases     ] GC(390)   Post Evacuate Collection Set: 0.7ms
[2023-09-27T11:00:23.381+0900][gc,phases     ] GC(390)   Other: 2.5ms
[2023-09-27T11:00:23.381+0900][gc,heap       ] GC(390) Eden regions: 48->0(44)
[2023-09-27T11:00:23.381+0900][gc,heap       ] GC(390) Survivor regions: 3->7(7)
[2023-09-27T11:00:23.381+0900][gc,heap       ] GC(390) Old regions: 490->490
[2023-09-27T11:00:23.381+0900][gc,heap       ] GC(390) Humongous regions: 129->129
[2023-09-27T11:00:23.381+0900][gc,metaspace  ] GC(390) Metaspace: 52735K->52735K(1097728K)
[2023-09-27T11:00:23.381+0900][gc            ] GC(390) Pause Young (Normal) (G1 Evacuation Pause) 669M->625M(1024M) 54.247ms
[2023-09-27T11:00:23.381+0900][gc,cpu        ] GC(390) User=0.07s Sys=0.18s Real=0.06s
[2023-09-27T11:02:57.160+0900][gc,start      ] GC(391) Pause Young (Normal) (G1 Evacuation Pause)
[2023-09-27T11:02:57.160+0900][gc,task       ] GC(391) Using 8 workers of 8 for evacuation
[2023-09-27T11:02:57.187+0900][gc,mmu        ] GC(391) MMU target violated: 21.0ms (20.0ms/21.0ms)
[2023-09-27T11:02:57.188+0900][gc,phases     ] GC(391)   Pre Evacuate Collection Set: 0.7ms
[2023-09-27T11:02:57.188+0900][gc,phases     ] GC(391)   Evacuate Collection Set: 24.9ms
[2023-09-27T11:02:57.188+0900][gc,phases     ] GC(391)   Post Evacuate Collection Set: 0.9ms
[2023-09-27T11:02:57.188+0900][gc,phases     ] GC(391)   Other: 1.7ms
[2023-09-27T11:02:57.188+0900][gc,heap       ] GC(391) Eden regions: 44->0(47)
[2023-09-27T11:02:57.188+0900][gc,heap       ] GC(391) Survivor regions: 7->4(7)
[2023-09-27T11:02:57.188+0900][gc,heap       ] GC(391) Old regions: 490->495
[2023-09-27T11:02:57.188+0900][gc,heap       ] GC(391) Humongous regions: 129->129
[2023-09-27T11:02:57.188+0900][gc,metaspace  ] GC(391) Metaspace: 52735K->52735K(1097728K)
[2023-09-27T11:02:57.188+0900][gc            ] GC(391) Pause Young (Normal) (G1 Evacuation Pause) 669M->627M(1024M) 28.154ms
[2023-09-27T11:02:57.188+0900][gc,cpu        ] GC(391) User=0.06s Sys=0.05s Real=0.02s
[2023-09-27T11:05:41.203+0900][gc,start      ] GC(392) Pause Young (Normal) (G1 Evacuation Pause)
[2023-09-27T11:05:41.204+0900][gc,task       ] GC(392) Using 8 workers of 8 for evacuation
[2023-09-27T11:05:41.253+0900][gc,mmu        ] GC(392) MMU target violated: 21.0ms (20.0ms/21.0ms)
[2023-09-27T11:05:41.254+0900][gc,phases     ] GC(392)   Pre Evacuate Collection Set: 0.9ms
[2023-09-27T11:05:41.254+0900][gc,phases     ] GC(392)   Evacuate Collection Set: 45.6ms
[2023-09-27T11:05:41.254+0900][gc,phases     ] GC(392)   Post Evacuate Collection Set: 1.3ms
[2023-09-27T11:05:41.254+0900][gc,phases     ] GC(392)   Other: 3.5ms
[2023-09-27T11:05:41.254+0900][gc,heap       ] GC(392) Eden regions: 47->0(44)
[2023-09-27T11:05:41.254+0900][gc,heap       ] GC(392) Survivor regions: 4->7(7)
[2023-09-27T11:05:41.254+0900][gc,heap       ] GC(392) Old regions: 495->495
[2023-09-27T11:05:41.254+0900][gc,heap       ] GC(392) Humongous regions: 129->129
[2023-09-27T11:05:41.254+0900][gc,metaspace  ] GC(392) Metaspace: 52735K->52735K(1097728K)
[2023-09-27T11:05:41.254+0900][gc            ] GC(392) Pause Young (Normal) (G1 Evacuation Pause) 674M->630M(1024M) 50.965ms
[2023-09-27T11:05:41.254+0900][gc,cpu        ] GC(392) User=0.07s Sys=0.13s Real=0.05s
[2023-09-27T11:08:15.255+0900][gc,start      ] GC(393) Pause Young (Normal) (G1 Evacuation Pause)
[2023-09-27T11:08:15.256+0900][gc,task       ] GC(393) Using 8 workers of 8 for evacuation
[2023-09-27T11:08:15.326+0900][gc,mmu        ] GC(393) MMU target violated: 21.0ms (20.0ms/21.0ms)
[2023-09-27T11:08:15.326+0900][gc,phases     ] GC(393)   Pre Evacuate Collection Set: 0.8ms
[2023-09-27T11:08:15.326+0900][gc,phases     ] GC(393)   Evacuate Collection Set: 65.3ms
[2023-09-27T11:08:15.326+0900][gc,phases     ] GC(393)   Post Evacuate Collection Set: 1.2ms
[2023-09-27T11:08:15.326+0900][gc,phases     ] GC(393)   Other: 4.1ms
[2023-09-27T11:08:15.326+0900][gc,heap       ] GC(393) Eden regions: 44->0(47)
[2023-09-27T11:08:15.326+0900][gc,heap       ] GC(393) Survivor regions: 7->4(7)
[2023-09-27T11:08:15.326+0900][gc,heap       ] GC(393) Old regions: 495->500
[2023-09-27T11:08:15.326+0900][gc,heap       ] GC(393) Humongous regions: 129->129
[2023-09-27T11:08:15.326+0900][gc,metaspace  ] GC(393) Metaspace: 52735K->52735K(1097728K)
[2023-09-27T11:08:15.326+0900][gc            ] GC(393) Pause Young (Normal) (G1 Evacuation Pause) 674M->632M(1024M) 71.290ms
[2023-09-27T11:08:15.326+0900][gc,cpu        ] GC(393) User=0.08s Sys=0.09s Real=0.07s
[2023-09-27T11:10:59.428+0900][gc,start      ] GC(394) Pause Young (Normal) (G1 Evacuation Pause)
[2023-09-27T11:10:59.433+0900][gc,task       ] GC(394) Using 8 workers of 8 for evacuation
[2023-09-27T11:10:59.460+0900][gc,mmu        ] GC(394) MMU target violated: 21.0ms (20.0ms/21.0ms)
[2023-09-27T11:10:59.460+0900][gc,phases     ] GC(394)   Pre Evacuate Collection Set: 0.6ms
[2023-09-27T11:10:59.460+0900][gc,phases     ] GC(394)   Evacuate Collection Set: 24.7ms
[2023-09-27T11:10:59.460+0900][gc,phases     ] GC(394)   Post Evacuate Collection Set: 0.6ms
[2023-09-27T11:10:59.460+0900][gc,phases     ] GC(394)   Other: 6.1ms
[2023-09-27T11:10:59.460+0900][gc,heap       ] GC(394) Eden regions: 47->0(45)
[2023-09-27T11:10:59.460+0900][gc,heap       ] GC(394) Survivor regions: 4->6(7)
[2023-09-27T11:10:59.460+0900][gc,heap       ] GC(394) Old regions: 500->500
[2023-09-27T11:10:59.460+0900][gc,heap       ] GC(394) Humongous regions: 129->129
[2023-09-27T11:10:59.460+0900][gc,metaspace  ] GC(394) Metaspace: 52735K->52735K(1097728K)
[2023-09-27T11:10:59.460+0900][gc            ] GC(394) Pause Young (Normal) (G1 Evacuation Pause) 679M->634M(1024M) 32.096ms
[2023-09-27T11:10:59.460+0900][gc,cpu        ] GC(394) User=0.04s Sys=0.03s Real=0.04s
[2023-09-27T11:13:35.717+0900][gc,start      ] GC(395) Pause Young (Normal) (G1 Evacuation Pause)
[2023-09-27T11:13:35.717+0900][gc,task       ] GC(395) Using 8 workers of 8 for evacuation
[2023-09-27T11:13:35.750+0900][gc,mmu        ] GC(395) MMU target violated: 21.0ms (20.0ms/21.0ms)
[2023-09-27T11:13:35.750+0900][gc,phases     ] GC(395)   Pre Evacuate Collection Set: 0.5ms
[2023-09-27T11:13:35.750+0900][gc,phases     ] GC(395)   Evacuate Collection Set: 30.5ms
[2023-09-27T11:13:35.750+0900][gc,phases     ] GC(395)   Post Evacuate Collection Set: 0.5ms
[2023-09-27T11:13:35.750+0900][gc,phases     ] GC(395)   Other: 1.5ms
[2023-09-27T11:13:35.750+0900][gc,heap       ] GC(395) Eden regions: 45->0(44)
[2023-09-27T11:13:35.750+0900][gc,heap       ] GC(395) Survivor regions: 6->7(7)
[2023-09-27T11:13:35.750+0900][gc,heap       ] GC(395) Old regions: 500->503
[2023-09-27T11:13:35.750+0900][gc,heap       ] GC(395) Humongous regions: 129->129
[2023-09-27T11:13:35.750+0900][gc,metaspace  ] GC(395) Metaspace: 52735K->52735K(1097728K)
[2023-09-27T11:13:35.750+0900][gc            ] GC(395) Pause Young (Normal) (G1 Evacuation Pause) 679M->638M(1024M) 33.066ms
[2023-09-27T11:13:35.750+0900][gc,cpu        ] GC(395) User=0.06s Sys=0.10s Real=0.04s
[2023-09-27T11:16:08.693+0900][gc,start      ] GC(396) Pause Young (Normal) (G1 Evacuation Pause)
[2023-09-27T11:16:08.693+0900][gc,task       ] GC(396) Using 8 workers of 8 for evacuation
[2023-09-27T11:16:08.736+0900][gc,mmu        ] GC(396) MMU target violated: 21.0ms (20.0ms/21.0ms)
[2023-09-27T11:16:08.736+0900][gc,phases     ] GC(396)   Pre Evacuate Collection Set: 1.1ms
[2023-09-27T11:16:08.736+0900][gc,phases     ] GC(396)   Evacuate Collection Set: 40.1ms
[2023-09-27T11:16:08.736+0900][gc,phases     ] GC(396)   Post Evacuate Collection Set: 0.7ms
[2023-09-27T11:16:08.736+0900][gc,phases     ] GC(396)   Other: 1.8ms
[2023-09-27T11:16:08.736+0900][gc,heap       ] GC(396) Eden regions: 44->0(47)
[2023-09-27T11:16:08.736+0900][gc,heap       ] GC(396) Survivor regions: 7->4(7)
[2023-09-27T11:16:08.736+0900][gc,heap       ] GC(396) Old regions: 503->508
[2023-09-27T11:16:08.736+0900][gc,heap       ] GC(396) Humongous regions: 129->129
[2023-09-27T11:16:08.736+0900][gc,metaspace  ] GC(396) Metaspace: 52735K->52735K(1097728K)
[2023-09-27T11:16:08.736+0900][gc            ] GC(396) Pause Young (Normal) (G1 Evacuation Pause) 682M->639M(1024M) 43.614ms
[2023-09-27T11:16:08.736+0900][gc,cpu        ] GC(396) User=0.06s Sys=0.06s Real=0.04s
[2023-09-27T11:18:51.607+0900][gc,start      ] GC(397) Pause Young (Normal) (G1 Evacuation Pause)
[2023-09-27T11:18:51.608+0900][gc,task       ] GC(397) Using 8 workers of 8 for evacuation
[2023-09-27T11:18:51.648+0900][gc,mmu        ] GC(397) MMU target violated: 21.0ms (20.0ms/21.0ms)
[2023-09-27T11:18:51.649+0900][gc,phases     ] GC(397)   Pre Evacuate Collection Set: 0.8ms
[2023-09-27T11:18:51.649+0900][gc,phases     ] GC(397)   Evacuate Collection Set: 37.9ms
[2023-09-27T11:18:51.649+0900][gc,phases     ] GC(397)   Post Evacuate Collection Set: 1.1ms
[2023-09-27T11:18:51.649+0900][gc,phases     ] GC(397)   Other: 2.4ms
[2023-09-27T11:18:51.649+0900][gc,heap       ] GC(397) Eden regions: 47->0(44)
[2023-09-27T11:18:51.649+0900][gc,heap       ] GC(397) Survivor regions: 4->7(7)
[2023-09-27T11:18:51.649+0900][gc,heap       ] GC(397) Old regions: 508->508
[2023-09-27T11:18:51.649+0900][gc,heap       ] GC(397) Humongous regions: 129->129
[2023-09-27T11:18:51.649+0900][gc,metaspace  ] GC(397) Metaspace: 52735K->52735K(1097728K)
[2023-09-27T11:18:51.649+0900][gc            ] GC(397) Pause Young (Normal) (G1 Evacuation Pause) 686M->643M(1024M) 42.147ms
[2023-09-27T11:18:51.649+0900][gc,cpu        ] GC(397) User=0.07s Sys=0.11s Real=0.04s
[2023-09-27T11:21:25.041+0900][gc,start      ] GC(398) Pause Young (Normal) (G1 Evacuation Pause)
[2023-09-27T11:21:25.043+0900][gc,task       ] GC(398) Using 8 workers of 8 for evacuation
[2023-09-27T11:21:25.069+0900][gc,mmu        ] GC(398) MMU target violated: 21.0ms (20.0ms/21.0ms)
[2023-09-27T11:21:25.070+0900][gc,phases     ] GC(398)   Pre Evacuate Collection Set: 0.7ms
[2023-09-27T11:21:25.070+0900][gc,phases     ] GC(398)   Evacuate Collection Set: 23.8ms
[2023-09-27T11:21:25.070+0900][gc,phases     ] GC(398)   Post Evacuate Collection Set: 0.9ms
[2023-09-27T11:21:25.070+0900][gc,phases     ] GC(398)   Other: 3.5ms
[2023-09-27T11:21:25.070+0900][gc,heap       ] GC(398) Eden regions: 44->0(47)
[2023-09-27T11:21:25.070+0900][gc,heap       ] GC(398) Survivor regions: 7->4(7)
[2023-09-27T11:21:25.070+0900][gc,heap       ] GC(398) Old regions: 508->513
[2023-09-27T11:21:25.070+0900][gc,heap       ] GC(398) Humongous regions: 129->129
[2023-09-27T11:21:25.070+0900][gc,metaspace  ] GC(398) Metaspace: 52735K->52735K(1097728K)
[2023-09-27T11:21:25.070+0900][gc            ] GC(398) Pause Young (Normal) (G1 Evacuation Pause) 687M->644M(1024M) 28.773ms
[2023-09-27T11:21:25.070+0900][gc,cpu        ] GC(398) User=0.05s Sys=0.05s Real=0.03s
[2023-09-27T11:24:08.543+0900][gc,start      ] GC(399) Pause Young (Normal) (G1 Evacuation Pause)
[2023-09-27T11:24:08.544+0900][gc,task       ] GC(399) Using 8 workers of 8 for evacuation
[2023-09-27T11:24:08.571+0900][gc,mmu        ] GC(399) MMU target violated: 21.0ms (20.0ms/21.0ms)
[2023-09-27T11:24:08.571+0900][gc,phases     ] GC(399)   Pre Evacuate Collection Set: 1.1ms
[2023-09-27T11:24:08.571+0900][gc,phases     ] GC(399)   Evacuate Collection Set: 23.4ms
[2023-09-27T11:24:08.571+0900][gc,phases     ] GC(399)   Post Evacuate Collection Set: 1.2ms
[2023-09-27T11:24:08.571+0900][gc,phases     ] GC(399)   Other: 2.5ms
[2023-09-27T11:24:08.571+0900][gc,heap       ] GC(399) Eden regions: 47->0(44)
[2023-09-27T11:24:08.571+0900][gc,heap       ] GC(399) Survivor regions: 4->7(7)
[2023-09-27T11:24:08.571+0900][gc,heap       ] GC(399) Old regions: 513->513
[2023-09-27T11:24:08.571+0900][gc,heap       ] GC(399) Humongous regions: 129->129
[2023-09-27T11:24:08.571+0900][gc,metaspace  ] GC(399) Metaspace: 52735K->52735K(1097728K)
[2023-09-27T11:24:08.572+0900][gc            ] GC(399) Pause Young (Normal) (G1 Evacuation Pause) 691M->648M(1024M) 28.233ms
[2023-09-27T11:24:08.572+0900][gc,cpu        ] GC(399) User=0.07s Sys=0.06s Real=0.03s
[2023-09-27T11:26:41.603+0900][gc,start      ] GC(400) Pause Young (Normal) (G1 Evacuation Pause)
[2023-09-27T11:26:41.605+0900][gc,task       ] GC(400) Using 8 workers of 8 for evacuation
[2023-09-27T11:26:41.633+0900][gc,mmu        ] GC(400) MMU target violated: 21.0ms (20.0ms/21.0ms)
[2023-09-27T11:26:41.633+0900][gc,phases     ] GC(400)   Pre Evacuate Collection Set: 1.1ms
[2023-09-27T11:26:41.633+0900][gc,phases     ] GC(400)   Evacuate Collection Set: 24.2ms
[2023-09-27T11:26:41.633+0900][gc,phases     ] GC(400)   Post Evacuate Collection Set: 0.9ms
[2023-09-27T11:26:41.633+0900][gc,phases     ] GC(400)   Other: 3.5ms
[2023-09-27T11:26:41.633+0900][gc,heap       ] GC(400) Eden regions: 44->0(47)
[2023-09-27T11:26:41.633+0900][gc,heap       ] GC(400) Survivor regions: 7->4(7)
[2023-09-27T11:26:41.633+0900][gc,heap       ] GC(400) Old regions: 513->518
[2023-09-27T11:26:41.633+0900][gc,heap       ] GC(400) Humongous regions: 129->129
[2023-09-27T11:26:41.633+0900][gc,metaspace  ] GC(400) Metaspace: 52735K->52735K(1097728K)
[2023-09-27T11:26:41.633+0900][gc            ] GC(400) Pause Young (Normal) (G1 Evacuation Pause) 692M->650M(1024M) 29.870ms
[2023-09-27T11:26:41.633+0900][gc,cpu        ] GC(400) User=0.05s Sys=0.05s Real=0.03s
[2023-09-27T11:29:24.791+0900][gc,start      ] GC(401) Pause Young (Normal) (G1 Evacuation Pause)
[2023-09-27T11:29:24.791+0900][gc,task       ] GC(401) Using 8 workers of 8 for evacuation
[2023-09-27T11:29:24.813+0900][gc,mmu        ] GC(401) MMU target violated: 21.0ms (20.0ms/21.0ms)
[2023-09-27T11:29:24.813+0900][gc,phases     ] GC(401)   Pre Evacuate Collection Set: 0.2ms
[2023-09-27T11:29:24.813+0900][gc,phases     ] GC(401)   Evacuate Collection Set: 20.4ms
[2023-09-27T11:29:24.813+0900][gc,phases     ] GC(401)   Post Evacuate Collection Set: 0.8ms
[2023-09-27T11:29:24.813+0900][gc,phases     ] GC(401)   Other: 1.1ms
[2023-09-27T11:29:24.813+0900][gc,heap       ] GC(401) Eden regions: 47->0(45)
[2023-09-27T11:29:24.813+0900][gc,heap       ] GC(401) Survivor regions: 4->6(7)
[2023-09-27T11:29:24.813+0900][gc,heap       ] GC(401) Old regions: 518->518
[2023-09-27T11:29:24.813+0900][gc,heap       ] GC(401) Humongous regions: 129->129
[2023-09-27T11:29:24.813+0900][gc,metaspace  ] GC(401) Metaspace: 52735K->52735K(1097728K)
[2023-09-27T11:29:24.813+0900][gc            ] GC(401) Pause Young (Normal) (G1 Evacuation Pause) 697M->651M(1024M) 22.709ms
[2023-09-27T11:29:24.814+0900][gc,cpu        ] GC(401) User=0.03s Sys=0.03s Real=0.02s
[2023-09-27T11:32:02.980+0900][gc,start      ] GC(402) Pause Young (Normal) (G1 Evacuation Pause)
[2023-09-27T11:32:02.981+0900][gc,task       ] GC(402) Using 8 workers of 8 for evacuation
[2023-09-27T11:32:03.010+0900][gc,mmu        ] GC(402) MMU target violated: 21.0ms (20.0ms/21.0ms)
[2023-09-27T11:32:03.010+0900][gc,phases     ] GC(402)   Pre Evacuate Collection Set: 0.7ms
[2023-09-27T11:32:03.010+0900][gc,phases     ] GC(402)   Evacuate Collection Set: 26.5ms
[2023-09-27T11:32:03.010+0900][gc,phases     ] GC(402)   Post Evacuate Collection Set: 0.7ms
[2023-09-27T11:32:03.010+0900][gc,phases     ] GC(402)   Other: 2.0ms
[2023-09-27T11:32:03.010+0900][gc,heap       ] GC(402) Eden regions: 45->0(44)
[2023-09-27T11:32:03.010+0900][gc,heap       ] GC(402) Survivor regions: 6->7(7)
[2023-09-27T11:32:03.010+0900][gc,heap       ] GC(402) Old regions: 518->520
[2023-09-27T11:32:03.010+0900][gc,heap       ] GC(402) Humongous regions: 129->129
[2023-09-27T11:32:03.010+0900][gc,metaspace  ] GC(402) Metaspace: 52735K->52735K(1097728K)
[2023-09-27T11:32:03.010+0900][gc            ] GC(402) Pause Young (Normal) (G1 Evacuation Pause) 696M->655M(1024M) 29.975ms
[2023-09-27T11:32:03.010+0900][gc,cpu        ] GC(402) User=0.07s Sys=0.07s Real=0.03s
[2023-09-27T11:34:34.699+0900][gc,start      ] GC(403) Pause Young (Normal) (G1 Evacuation Pause)
[2023-09-27T11:34:34.701+0900][gc,task       ] GC(403) Using 8 workers of 8 for evacuation
[2023-09-27T11:34:34.730+0900][gc,mmu        ] GC(403) MMU target violated: 21.0ms (20.0ms/21.0ms)
[2023-09-27T11:34:34.730+0900][gc,phases     ] GC(403)   Pre Evacuate Collection Set: 1.1ms
[2023-09-27T11:34:34.730+0900][gc,phases     ] GC(403)   Evacuate Collection Set: 26.0ms
[2023-09-27T11:34:34.730+0900][gc,phases     ] GC(403)   Post Evacuate Collection Set: 0.6ms
[2023-09-27T11:34:34.730+0900][gc,phases     ] GC(403)   Other: 4.0ms
[2023-09-27T11:34:34.730+0900][gc,heap       ] GC(403) Eden regions: 44->0(47)
[2023-09-27T11:34:34.730+0900][gc,heap       ] GC(403) Survivor regions: 7->4(7)
[2023-09-27T11:34:34.730+0900][gc,heap       ] GC(403) Old regions: 520->525
[2023-09-27T11:34:34.730+0900][gc,heap       ] GC(403) Humongous regions: 129->129
[2023-09-27T11:34:34.730+0900][gc,metaspace  ] GC(403) Metaspace: 52737K->52737K(1097728K)
[2023-09-27T11:34:34.730+0900][gc            ] GC(403) Pause Young (Normal) (G1 Evacuation Pause) 699M->656M(1024M) 31.674ms
[2023-09-27T11:34:34.730+0900][gc,cpu        ] GC(403) User=0.05s Sys=0.04s Real=0.04s
[2023-09-27T11:37:20.550+0900][gc,start      ] GC(404) Pause Young (Normal) (G1 Evacuation Pause)
[2023-09-27T11:37:20.552+0900][gc,task       ] GC(404) Using 8 workers of 8 for evacuation
[2023-09-27T11:37:20.578+0900][gc,mmu        ] GC(404) MMU target violated: 21.0ms (20.0ms/21.0ms)
[2023-09-27T11:37:20.578+0900][gc,phases     ] GC(404)   Pre Evacuate Collection Set: 0.8ms
[2023-09-27T11:37:20.578+0900][gc,phases     ] GC(404)   Evacuate Collection Set: 23.6ms
[2023-09-27T11:37:20.578+0900][gc,phases     ] GC(404)   Post Evacuate Collection Set: 0.6ms
[2023-09-27T11:37:20.578+0900][gc,phases     ] GC(404)   Other: 2.6ms
[2023-09-27T11:37:20.578+0900][gc,heap       ] GC(404) Eden regions: 47->0(44)
[2023-09-27T11:37:20.578+0900][gc,heap       ] GC(404) Survivor regions: 4->7(7)
[2023-09-27T11:37:20.578+0900][gc,heap       ] GC(404) Old regions: 525->525
[2023-09-27T11:37:20.578+0900][gc,heap       ] GC(404) Humongous regions: 129->129
[2023-09-27T11:37:20.578+0900][gc,metaspace  ] GC(404) Metaspace: 52737K->52737K(1097728K)
[2023-09-27T11:37:20.578+0900][gc            ] GC(404) Pause Young (Normal) (G1 Evacuation Pause) 703M->660M(1024M) 27.481ms
[2023-09-27T11:37:20.578+0900][gc,cpu        ] GC(404) User=0.06s Sys=0.03s Real=0.02s
[2023-09-27T11:39:54.014+0900][gc,start      ] GC(405) Pause Young (Normal) (G1 Evacuation Pause)
[2023-09-27T11:39:54.018+0900][gc,task       ] GC(405) Using 8 workers of 8 for evacuation
[2023-09-27T11:39:54.053+0900][gc,mmu        ] GC(405) MMU target violated: 21.0ms (20.0ms/21.0ms)
[2023-09-27T11:39:54.053+0900][gc,phases     ] GC(405)   Pre Evacuate Collection Set: 0.8ms
[2023-09-27T11:39:54.053+0900][gc,phases     ] GC(405)   Evacuate Collection Set: 31.3ms
[2023-09-27T11:39:54.053+0900][gc,phases     ] GC(405)   Post Evacuate Collection Set: 1.2ms
[2023-09-27T11:39:54.053+0900][gc,phases     ] GC(405)   Other: 6.2ms
[2023-09-27T11:39:54.053+0900][gc,heap       ] GC(405) Eden regions: 44->0(47)
[2023-09-27T11:39:54.053+0900][gc,heap       ] GC(405) Survivor regions: 7->4(7)
[2023-09-27T11:39:54.053+0900][gc,heap       ] GC(405) Old regions: 525->530
[2023-09-27T11:39:54.053+0900][gc,heap       ] GC(405) Humongous regions: 129->129
[2023-09-27T11:39:54.053+0900][gc,metaspace  ] GC(405) Metaspace: 52739K->52739K(1097728K)
[2023-09-27T11:39:54.053+0900][gc            ] GC(405) Pause Young (Normal) (G1 Evacuation Pause) 704M->662M(1024M) 39.471ms
[2023-09-27T11:39:54.053+0900][gc,cpu        ] GC(405) User=0.07s Sys=0.07s Real=0.04s
[2023-09-27T11:57:53.671+0900][gc,start      ] GC(406) Pause Young (Normal) (G1 Evacuation Pause)
[2023-09-27T11:57:53.674+0900][gc,task       ] GC(406) Using 8 workers of 8 for evacuation
[2023-09-27T11:57:53.713+0900][gc,mmu        ] GC(406) MMU target violated: 21.0ms (20.0ms/21.0ms)
[2023-09-27T11:57:53.713+0900][gc,phases     ] GC(406)   Pre Evacuate Collection Set: 0.8ms
[2023-09-27T11:57:53.713+0900][gc,phases     ] GC(406)   Evacuate Collection Set: 36.4ms
[2023-09-27T11:57:53.713+0900][gc,phases     ] GC(406)   Post Evacuate Collection Set: 1.1ms
[2023-09-27T11:57:53.713+0900][gc,phases     ] GC(406)   Other: 4.1ms
[2023-09-27T11:57:53.713+0900][gc,heap       ] GC(406) Eden regions: 47->0(44)
[2023-09-27T11:57:53.713+0900][gc,heap       ] GC(406) Survivor regions: 4->7(7)
[2023-09-27T11:57:53.713+0900][gc,heap       ] GC(406) Old regions: 530->530
[2023-09-27T11:57:53.713+0900][gc,heap       ] GC(406) Humongous regions: 129->129
[2023-09-27T11:57:53.713+0900][gc,metaspace  ] GC(406) Metaspace: 52747K->52747K(1097728K)
[2023-09-27T11:57:53.714+0900][gc            ] GC(406) Pause Young (Normal) (G1 Evacuation Pause) 709M->665M(1024M) 42.231ms
[2023-09-27T11:57:53.714+0900][gc,cpu        ] GC(406) User=0.07s Sys=0.08s Real=0.04s
[2023-09-27T12:15:28.925+0900][gc,start      ] GC(407) Pause Young (Normal) (G1 Evacuation Pause)
[2023-09-27T12:15:28.926+0900][gc,task       ] GC(407) Using 8 workers of 8 for evacuation
[2023-09-27T12:15:28.992+0900][gc,mmu        ] GC(407) MMU target violated: 21.0ms (20.0ms/21.0ms)
[2023-09-27T12:15:28.992+0900][gc,phases     ] GC(407)   Pre Evacuate Collection Set: 0.6ms
[2023-09-27T12:15:28.992+0900][gc,phases     ] GC(407)   Evacuate Collection Set: 63.9ms
[2023-09-27T12:15:28.992+0900][gc,phases     ] GC(407)   Post Evacuate Collection Set: 0.7ms
[2023-09-27T12:15:28.992+0900][gc,phases     ] GC(407)   Other: 2.4ms
[2023-09-27T12:15:28.992+0900][gc,heap       ] GC(407) Eden regions: 44->0(47)
[2023-09-27T12:15:28.992+0900][gc,heap       ] GC(407) Survivor regions: 7->4(7)
[2023-09-27T12:15:28.992+0900][gc,heap       ] GC(407) Old regions: 530->535
[2023-09-27T12:15:28.992+0900][gc,heap       ] GC(407) Humongous regions: 129->129
[2023-09-27T12:15:28.992+0900][gc,metaspace  ] GC(407) Metaspace: 52747K->52747K(1097728K)
[2023-09-27T12:15:28.993+0900][gc            ] GC(407) Pause Young (Normal) (G1 Evacuation Pause) 709M->667M(1024M) 67.593ms
[2023-09-27T12:15:28.993+0900][gc,cpu        ] GC(407) User=0.06s Sys=0.14s Real=0.07s
[2023-09-27T12:18:11.023+0900][gc,start      ] GC(408) Pause Young (Normal) (G1 Evacuation Pause)
[2023-09-27T12:18:11.024+0900][gc,task       ] GC(408) Using 8 workers of 8 for evacuation
[2023-09-27T12:18:11.040+0900][gc,phases     ] GC(408)   Pre Evacuate Collection Set: 0.4ms
[2023-09-27T12:18:11.040+0900][gc,phases     ] GC(408)   Evacuate Collection Set: 15.2ms
[2023-09-27T12:18:11.040+0900][gc,phases     ] GC(408)   Post Evacuate Collection Set: 0.7ms
[2023-09-27T12:18:11.040+0900][gc,phases     ] GC(408)   Other: 1.0ms
[2023-09-27T12:18:11.040+0900][gc,heap       ] GC(408) Eden regions: 47->0(45)
[2023-09-27T12:18:11.040+0900][gc,heap       ] GC(408) Survivor regions: 4->6(7)
[2023-09-27T12:18:11.040+0900][gc,heap       ] GC(408) Old regions: 535->535
[2023-09-27T12:18:11.040+0900][gc,heap       ] GC(408) Humongous regions: 129->129
[2023-09-27T12:18:11.040+0900][gc,metaspace  ] GC(408) Metaspace: 52747K->52747K(1097728K)
[2023-09-27T12:18:11.040+0900][gc            ] GC(408) Pause Young (Normal) (G1 Evacuation Pause) 714M->668M(1024M) 17.342ms
[2023-09-27T12:18:11.040+0900][gc,cpu        ] GC(408) User=0.04s Sys=0.03s Real=0.02s
[2023-09-27T12:20:47.892+0900][gc,start      ] GC(409) Pause Young (Normal) (G1 Evacuation Pause)
[2023-09-27T12:20:47.895+0900][gc,task       ] GC(409) Using 8 workers of 8 for evacuation
[2023-09-27T12:20:47.929+0900][gc,mmu        ] GC(409) MMU target violated: 21.0ms (20.0ms/21.0ms)
[2023-09-27T12:20:47.929+0900][gc,phases     ] GC(409)   Pre Evacuate Collection Set: 0.9ms
[2023-09-27T12:20:47.929+0900][gc,phases     ] GC(409)   Evacuate Collection Set: 30.1ms
[2023-09-27T12:20:47.929+0900][gc,phases     ] GC(409)   Post Evacuate Collection Set: 1.8ms
[2023-09-27T12:20:47.929+0900][gc,phases     ] GC(409)   Other: 4.0ms
[2023-09-27T12:20:47.929+0900][gc,heap       ] GC(409) Eden regions: 45->0(48)
[2023-09-27T12:20:47.929+0900][gc,heap       ] GC(409) Survivor regions: 6->3(7)
[2023-09-27T12:20:47.929+0900][gc,heap       ] GC(409) Old regions: 535->537
[2023-09-27T12:20:47.929+0900][gc,heap       ] GC(409) Humongous regions: 129->129
[2023-09-27T12:20:47.929+0900][gc,metaspace  ] GC(409) Metaspace: 52749K->52749K(1097728K)
[2023-09-27T12:20:47.929+0900][gc            ] GC(409) Pause Young (Normal) (G1 Evacuation Pause) 713M->668M(1024M) 36.844ms
[2023-09-27T12:20:47.929+0900][gc,cpu        ] GC(409) User=0.04s Sys=0.06s Real=0.03s
[2023-09-27T12:23:34.941+0900][gc,start      ] GC(410) Pause Young (Normal) (G1 Evacuation Pause)
[2023-09-27T12:23:34.943+0900][gc,task       ] GC(410) Using 8 workers of 8 for evacuation
[2023-09-27T12:23:34.972+0900][gc,mmu        ] GC(410) MMU target violated: 21.0ms (20.0ms/21.0ms)
[2023-09-27T12:23:34.972+0900][gc,phases     ] GC(410)   Pre Evacuate Collection Set: 0.8ms
[2023-09-27T12:23:34.972+0900][gc,phases     ] GC(410)   Evacuate Collection Set: 26.2ms
[2023-09-27T12:23:34.972+0900][gc,phases     ] GC(410)   Post Evacuate Collection Set: 0.6ms
[2023-09-27T12:23:34.972+0900][gc,phases     ] GC(410)   Other: 3.7ms
[2023-09-27T12:23:34.972+0900][gc,heap       ] GC(410) Eden regions: 48->0(47)
[2023-09-27T12:23:34.972+0900][gc,heap       ] GC(410) Survivor regions: 3->4(7)
[2023-09-27T12:23:34.972+0900][gc,heap       ] GC(410) Old regions: 537->537
[2023-09-27T12:23:34.972+0900][gc,heap       ] GC(410) Humongous regions: 129->129
[2023-09-27T12:23:34.972+0900][gc,metaspace  ] GC(410) Metaspace: 52749K->52749K(1097728K)
[2023-09-27T12:23:34.972+0900][gc            ] GC(410) Pause Young (Normal) (G1 Evacuation Pause) 716M->669M(1024M) 31.294ms
[2023-09-27T12:23:34.972+0900][gc,cpu        ] GC(410) User=0.04s Sys=0.02s Real=0.03s
[2023-09-27T12:26:20.171+0900][gc,start      ] GC(411) Pause Young (Normal) (G1 Evacuation Pause)
[2023-09-27T12:26:20.173+0900][gc,task       ] GC(411) Using 8 workers of 8 for evacuation
[2023-09-27T12:26:20.214+0900][gc,mmu        ] GC(411) MMU target violated: 21.0ms (20.0ms/21.0ms)
[2023-09-27T12:26:20.215+0900][gc,phases     ] GC(411)   Pre Evacuate Collection Set: 0.9ms
[2023-09-27T12:26:20.215+0900][gc,phases     ] GC(411)   Evacuate Collection Set: 37.9ms
[2023-09-27T12:26:20.215+0900][gc,phases     ] GC(411)   Post Evacuate Collection Set: 1.3ms
[2023-09-27T12:26:20.215+0900][gc,phases     ] GC(411)   Other: 3.5ms
[2023-09-27T12:26:20.215+0900][gc,heap       ] GC(411) Eden regions: 47->0(44)
[2023-09-27T12:26:20.215+0900][gc,heap       ] GC(411) Survivor regions: 4->7(7)
[2023-09-27T12:26:20.215+0900][gc,heap       ] GC(411) Old regions: 537->538
[2023-09-27T12:26:20.215+0900][gc,heap       ] GC(411) Humongous regions: 129->129
[2023-09-27T12:26:20.215+0900][gc,metaspace  ] GC(411) Metaspace: 52749K->52749K(1097728K)
[2023-09-27T12:26:20.215+0900][gc            ] GC(411) Pause Young (Normal) (G1 Evacuation Pause) 716M->673M(1024M) 43.614ms
[2023-09-27T12:26:20.215+0900][gc,cpu        ] GC(411) User=0.06s Sys=0.10s Real=0.04s
[2023-09-27T12:28:54.186+0900][gc,start      ] GC(412) Pause Young (Normal) (G1 Evacuation Pause)
[2023-09-27T12:28:54.187+0900][gc,task       ] GC(412) Using 8 workers of 8 for evacuation
[2023-09-27T12:28:54.220+0900][gc,mmu        ] GC(412) MMU target violated: 21.0ms (20.0ms/21.0ms)
[2023-09-27T12:28:54.220+0900][gc,phases     ] GC(412)   Pre Evacuate Collection Set: 0.9ms
[2023-09-27T12:28:54.220+0900][gc,phases     ] GC(412)   Evacuate Collection Set: 29.3ms
[2023-09-27T12:28:54.220+0900][gc,phases     ] GC(412)   Post Evacuate Collection Set: 1.3ms
[2023-09-27T12:28:54.220+0900][gc,phases     ] GC(412)   Other: 2.2ms
[2023-09-27T12:28:54.220+0900][gc,heap       ] GC(412) Eden regions: 44->0(47)
[2023-09-27T12:28:54.220+0900][gc,heap       ] GC(412) Survivor regions: 7->4(7)
[2023-09-27T12:28:54.220+0900][gc,heap       ] GC(412) Old regions: 538->543
[2023-09-27T12:28:54.220+0900][gc,heap       ] GC(412) Humongous regions: 129->129
[2023-09-27T12:28:54.220+0900][gc,metaspace  ] GC(412) Metaspace: 52750K->52750K(1097728K)
[2023-09-27T12:28:54.220+0900][gc            ] GC(412) Pause Young (Normal) (G1 Evacuation Pause) 717M->674M(1024M) 33.666ms
[2023-09-27T12:28:54.220+0900][gc,cpu        ] GC(412) User=0.07s Sys=0.06s Real=0.04s
[2023-09-27T12:31:40.754+0900][gc,start      ] GC(413) Pause Young (Normal) (G1 Evacuation Pause)
[2023-09-27T12:31:40.755+0900][gc,task       ] GC(413) Using 8 workers of 8 for evacuation
[2023-09-27T12:31:40.777+0900][gc,mmu        ] GC(413) MMU target violated: 21.0ms (20.0ms/21.0ms)
[2023-09-27T12:31:40.777+0900][gc,phases     ] GC(413)   Pre Evacuate Collection Set: 0.6ms
[2023-09-27T12:31:40.777+0900][gc,phases     ] GC(413)   Evacuate Collection Set: 19.8ms
[2023-09-27T12:31:40.777+0900][gc,phases     ] GC(413)   Post Evacuate Collection Set: 1.0ms
[2023-09-27T12:31:40.777+0900][gc,phases     ] GC(413)   Other: 1.9ms
[2023-09-27T12:31:40.777+0900][gc,heap       ] GC(413) Eden regions: 47->0(44)
[2023-09-27T12:31:40.777+0900][gc,heap       ] GC(413) Survivor regions: 4->7(7)
[2023-09-27T12:31:40.777+0900][gc,heap       ] GC(413) Old regions: 543->543
[2023-09-27T12:31:40.777+0900][gc,heap       ] GC(413) Humongous regions: 129->129
[2023-09-27T12:31:40.777+0900][gc,metaspace  ] GC(413) Metaspace: 52750K->52750K(1097728K)
[2023-09-27T12:31:40.777+0900][gc            ] GC(413) Pause Young (Normal) (G1 Evacuation Pause) 721M->678M(1024M) 23.305ms
[2023-09-27T12:31:40.777+0900][gc,cpu        ] GC(413) User=0.07s Sys=0.06s Real=0.02s
[2023-09-27T12:34:13.844+0900][gc,start      ] GC(414) Pause Young (Normal) (G1 Evacuation Pause)
[2023-09-27T12:34:13.845+0900][gc,task       ] GC(414) Using 8 workers of 8 for evacuation
[2023-09-27T12:34:13.870+0900][gc,mmu        ] GC(414) MMU target violated: 21.0ms (20.0ms/21.0ms)
[2023-09-27T12:34:13.871+0900][gc,phases     ] GC(414)   Pre Evacuate Collection Set: 0.2ms
[2023-09-27T12:34:13.871+0900][gc,phases     ] GC(414)   Evacuate Collection Set: 23.4ms
[2023-09-27T12:34:13.871+0900][gc,phases     ] GC(414)   Post Evacuate Collection Set: 0.7ms
[2023-09-27T12:34:13.871+0900][gc,phases     ] GC(414)   Other: 2.5ms
[2023-09-27T12:34:13.871+0900][gc,heap       ] GC(414) Eden regions: 44->0(47)
[2023-09-27T12:34:13.871+0900][gc,heap       ] GC(414) Survivor regions: 7->4(7)
[2023-09-27T12:34:13.871+0900][gc,heap       ] GC(414) Old regions: 543->548
[2023-09-27T12:34:13.871+0900][gc,heap       ] GC(414) Humongous regions: 129->129
[2023-09-27T12:34:13.871+0900][gc,metaspace  ] GC(414) Metaspace: 52750K->52750K(1097728K)
[2023-09-27T12:34:13.871+0900][gc            ] GC(414) Pause Young (Normal) (G1 Evacuation Pause) 722M->679M(1024M) 26.920ms
[2023-09-27T12:34:13.871+0900][gc,cpu        ] GC(414) User=0.07s Sys=0.03s Real=0.03s
[2023-09-27T12:36:57.347+0900][gc,start      ] GC(415) Pause Young (Normal) (G1 Evacuation Pause)
[2023-09-27T12:36:57.348+0900][gc,task       ] GC(415) Using 8 workers of 8 for evacuation
[2023-09-27T12:36:57.370+0900][gc,mmu        ] GC(415) MMU target violated: 21.0ms (20.0ms/21.0ms)
[2023-09-27T12:36:57.370+0900][gc,phases     ] GC(415)   Pre Evacuate Collection Set: 0.6ms
[2023-09-27T12:36:57.370+0900][gc,phases     ] GC(415)   Evacuate Collection Set: 19.7ms
[2023-09-27T12:36:57.370+0900][gc,phases     ] GC(415)   Post Evacuate Collection Set: 0.6ms
[2023-09-27T12:36:57.370+0900][gc,phases     ] GC(415)   Other: 1.5ms
[2023-09-27T12:36:57.370+0900][gc,heap       ] GC(415) Eden regions: 47->0(44)
[2023-09-27T12:36:57.370+0900][gc,heap       ] GC(415) Survivor regions: 4->7(7)
[2023-09-27T12:36:57.370+0900][gc,heap       ] GC(415) Old regions: 548->548
[2023-09-27T12:36:57.370+0900][gc,heap       ] GC(415) Humongous regions: 129->129
[2023-09-27T12:36:57.370+0900][gc,metaspace  ] GC(415) Metaspace: 52750K->52750K(1097728K)
[2023-09-27T12:36:57.370+0900][gc            ] GC(415) Pause Young (Normal) (G1 Evacuation Pause) 726M->683M(1024M) 22.415ms
[2023-09-27T12:36:57.370+0900][gc,cpu        ] GC(415) User=0.05s Sys=0.07s Real=0.03s
[2023-09-27T12:39:31.529+0900][gc,start      ] GC(416) Pause Young (Normal) (G1 Evacuation Pause)
[2023-09-27T12:39:31.531+0900][gc,task       ] GC(416) Using 8 workers of 8 for evacuation
[2023-09-27T12:39:31.560+0900][gc,mmu        ] GC(416) MMU target violated: 21.0ms (20.0ms/21.0ms)
[2023-09-27T12:39:31.560+0900][gc,phases     ] GC(416)   Pre Evacuate Collection Set: 4.9ms
[2023-09-27T12:39:31.560+0900][gc,phases     ] GC(416)   Evacuate Collection Set: 21.0ms
[2023-09-27T12:39:31.560+0900][gc,phases     ] GC(416)   Post Evacuate Collection Set: 0.5ms
[2023-09-27T12:39:31.560+0900][gc,phases     ] GC(416)   Other: 4.2ms
[2023-09-27T12:39:31.560+0900][gc,heap       ] GC(416) Eden regions: 44->0(47)
[2023-09-27T12:39:31.560+0900][gc,heap       ] GC(416) Survivor regions: 7->4(7)
[2023-09-27T12:39:31.560+0900][gc,heap       ] GC(416) Old regions: 548->553
[2023-09-27T12:39:31.560+0900][gc,heap       ] GC(416) Humongous regions: 129->129
[2023-09-27T12:39:31.560+0900][gc,metaspace  ] GC(416) Metaspace: 52750K->52750K(1097728K)
[2023-09-27T12:39:31.560+0900][gc            ] GC(416) Pause Young (Normal) (G1 Evacuation Pause) 727M->685M(1024M) 30.563ms
[2023-09-27T12:39:31.560+0900][gc,cpu        ] GC(416) User=0.04s Sys=0.04s Real=0.04s
[2023-09-27T12:42:16.181+0900][gc,start      ] GC(417) Pause Young (Normal) (G1 Evacuation Pause)
[2023-09-27T12:42:16.182+0900][gc,task       ] GC(417) Using 8 workers of 8 for evacuation
[2023-09-27T12:42:16.194+0900][gc,phases     ] GC(417)   Pre Evacuate Collection Set: 0.4ms
[2023-09-27T12:42:16.194+0900][gc,phases     ] GC(417)   Evacuate Collection Set: 10.6ms
[2023-09-27T12:42:16.194+0900][gc,phases     ] GC(417)   Post Evacuate Collection Set: 0.5ms
[2023-09-27T12:42:16.194+0900][gc,phases     ] GC(417)   Other: 1.2ms
[2023-09-27T12:42:16.194+0900][gc,heap       ] GC(417) Eden regions: 47->0(45)
[2023-09-27T12:42:16.194+0900][gc,heap       ] GC(417) Survivor regions: 4->6(7)
[2023-09-27T12:42:16.194+0900][gc,heap       ] GC(417) Old regions: 553->553
[2023-09-27T12:42:16.194+0900][gc,heap       ] GC(417) Humongous regions: 129->129
[2023-09-27T12:42:16.194+0900][gc,metaspace  ] GC(417) Metaspace: 52750K->52750K(1097728K)
[2023-09-27T12:42:16.194+0900][gc            ] GC(417) Pause Young (Normal) (G1 Evacuation Pause) 732M->686M(1024M) 12.750ms
[2023-09-27T12:42:16.194+0900][gc,cpu        ] GC(417) User=0.03s Sys=0.03s Real=0.01s
[2023-09-27T12:44:53.451+0900][gc,start      ] GC(418) Pause Young (Normal) (G1 Evacuation Pause)
[2023-09-27T12:44:53.452+0900][gc,task       ] GC(418) Using 8 workers of 8 for evacuation
[2023-09-27T12:44:53.490+0900][gc,mmu        ] GC(418) MMU target violated: 21.0ms (20.0ms/21.0ms)
[2023-09-27T12:44:53.490+0900][gc,phases     ] GC(418)   Pre Evacuate Collection Set: 1.0ms
[2023-09-27T12:44:53.490+0900][gc,phases     ] GC(418)   Evacuate Collection Set: 34.8ms
[2023-09-27T12:44:53.490+0900][gc,phases     ] GC(418)   Post Evacuate Collection Set: 1.2ms
[2023-09-27T12:44:53.490+0900][gc,phases     ] GC(418)   Other: 2.1ms
[2023-09-27T12:44:53.490+0900][gc,heap       ] GC(418) Eden regions: 45->0(44)
[2023-09-27T12:44:53.490+0900][gc,heap       ] GC(418) Survivor regions: 6->7(7)
[2023-09-27T12:44:53.490+0900][gc,heap       ] GC(418) Old regions: 553->555
[2023-09-27T12:44:53.490+0900][gc,heap       ] GC(418) Humongous regions: 129->129
[2023-09-27T12:44:53.490+0900][gc,metaspace  ] GC(418) Metaspace: 52750K->52750K(1097728K)
[2023-09-27T12:44:53.490+0900][gc            ] GC(418) Pause Young (Normal) (G1 Evacuation Pause) 731M->690M(1024M) 39.099ms
[2023-09-27T12:44:53.490+0900][gc,cpu        ] GC(418) User=0.08s Sys=0.08s Real=0.04s
[2023-09-27T12:47:27.694+0900][gc,start      ] GC(419) Pause Young (Normal) (G1 Evacuation Pause)
[2023-09-27T12:47:27.696+0900][gc,task       ] GC(419) Using 8 workers of 8 for evacuation
[2023-09-27T12:47:27.722+0900][gc,mmu        ] GC(419) MMU target violated: 21.0ms (20.0ms/21.0ms)
[2023-09-27T12:47:27.722+0900][gc,phases     ] GC(419)   Pre Evacuate Collection Set: 0.3ms
[2023-09-27T12:47:27.722+0900][gc,phases     ] GC(419)   Evacuate Collection Set: 24.7ms
[2023-09-27T12:47:27.722+0900][gc,phases     ] GC(419)   Post Evacuate Collection Set: 0.3ms
[2023-09-27T12:47:27.722+0900][gc,phases     ] GC(419)   Other: 3.0ms
[2023-09-27T12:47:27.722+0900][gc,heap       ] GC(419) Eden regions: 44->0(48)
[2023-09-27T12:47:27.722+0900][gc,heap       ] GC(419) Survivor regions: 7->3(7)
[2023-09-27T12:47:27.722+0900][gc,heap       ] GC(419) Old regions: 555->560
[2023-09-27T12:47:27.722+0900][gc,heap       ] GC(419) Humongous regions: 129->129
[2023-09-27T12:47:27.722+0900][gc,metaspace  ] GC(419) Metaspace: 52750K->52750K(1097728K)
[2023-09-27T12:47:27.722+0900][gc            ] GC(419) Pause Young (Normal) (G1 Evacuation Pause) 734M->691M(1024M) 28.122ms
[2023-09-27T12:47:27.722+0900][gc,cpu        ] GC(419) User=0.05s Sys=0.02s Real=0.03s
[2023-09-27T12:50:17.165+0900][gc,start      ] GC(420) Pause Young (Normal) (G1 Evacuation Pause)
[2023-09-27T12:50:17.166+0900][gc,task       ] GC(420) Using 8 workers of 8 for evacuation
[2023-09-27T12:50:17.198+0900][gc,mmu        ] GC(420) MMU target violated: 21.0ms (20.0ms/21.0ms)
[2023-09-27T12:50:17.198+0900][gc,phases     ] GC(420)   Pre Evacuate Collection Set: 0.8ms
[2023-09-27T12:50:17.198+0900][gc,phases     ] GC(420)   Evacuate Collection Set: 30.1ms
[2023-09-27T12:50:17.198+0900][gc,phases     ] GC(420)   Post Evacuate Collection Set: 0.6ms
[2023-09-27T12:50:17.198+0900][gc,phases     ] GC(420)   Other: 2.2ms
[2023-09-27T12:50:17.198+0900][gc,heap       ] GC(420) Eden regions: 48->0(44)
[2023-09-27T12:50:17.198+0900][gc,heap       ] GC(420) Survivor regions: 3->7(7)
[2023-09-27T12:50:17.198+0900][gc,heap       ] GC(420) Old regions: 560->560
[2023-09-27T12:50:17.198+0900][gc,heap       ] GC(420) Humongous regions: 129->129
[2023-09-27T12:50:17.198+0900][gc,metaspace  ] GC(420) Metaspace: 52750K->52750K(1097728K)
[2023-09-27T12:50:17.198+0900][gc            ] GC(420) Pause Young (Normal) (G1 Evacuation Pause) 739M->695M(1024M) 33.548ms
[2023-09-27T12:50:17.198+0900][gc,cpu        ] GC(420) User=0.05s Sys=0.03s Real=0.03s
[2023-09-27T12:52:50.820+0900][gc,start      ] GC(421) Pause Young (Normal) (G1 Evacuation Pause)
[2023-09-27T12:52:50.821+0900][gc,task       ] GC(421) Using 8 workers of 8 for evacuation
[2023-09-27T12:52:50.850+0900][gc,mmu        ] GC(421) MMU target violated: 21.0ms (20.0ms/21.0ms)
[2023-09-27T12:52:50.851+0900][gc,phases     ] GC(421)   Pre Evacuate Collection Set: 0.8ms
[2023-09-27T12:52:50.851+0900][gc,phases     ] GC(421)   Evacuate Collection Set: 26.2ms
[2023-09-27T12:52:50.851+0900][gc,phases     ] GC(421)   Post Evacuate Collection Set: 1.3ms
[2023-09-27T12:52:50.851+0900][gc,phases     ] GC(421)   Other: 2.1ms
[2023-09-27T12:52:50.851+0900][gc,heap       ] GC(421) Eden regions: 44->0(47)
[2023-09-27T12:52:50.851+0900][gc,heap       ] GC(421) Survivor regions: 7->4(7)
[2023-09-27T12:52:50.851+0900][gc,heap       ] GC(421) Old regions: 560->565
[2023-09-27T12:52:50.851+0900][gc,heap       ] GC(421) Humongous regions: 129->129
[2023-09-27T12:52:50.851+0900][gc,metaspace  ] GC(421) Metaspace: 52750K->52750K(1097728K)
[2023-09-27T12:52:50.851+0900][gc            ] GC(421) Pause Young (Normal) (G1 Evacuation Pause) 739M->697M(1024M) 30.338ms
[2023-09-27T12:52:50.851+0900][gc,cpu        ] GC(421) User=0.07s Sys=0.06s Real=0.03s
[2023-09-27T12:55:36.011+0900][gc,start      ] GC(422) Pause Young (Normal) (G1 Evacuation Pause)
[2023-09-27T12:55:36.012+0900][gc,task       ] GC(422) Using 8 workers of 8 for evacuation
[2023-09-27T12:55:36.027+0900][gc,phases     ] GC(422)   Pre Evacuate Collection Set: 0.5ms
[2023-09-27T12:55:36.039+0900][gc,phases     ] GC(422)   Evacuate Collection Set: 13.6ms
[2023-09-27T12:55:36.039+0900][gc,phases     ] GC(422)   Post Evacuate Collection Set: 0.5ms
[2023-09-27T12:55:36.039+0900][gc,phases     ] GC(422)   Other: 1.4ms
[2023-09-27T12:55:36.039+0900][gc,heap       ] GC(422) Eden regions: 47->0(44)
[2023-09-27T12:55:36.039+0900][gc,heap       ] GC(422) Survivor regions: 4->7(7)
[2023-09-27T12:55:36.039+0900][gc,heap       ] GC(422) Old regions: 565->565
[2023-09-27T12:55:36.039+0900][gc,heap       ] GC(422) Humongous regions: 129->129
[2023-09-27T12:55:36.039+0900][gc,metaspace  ] GC(422) Metaspace: 52751K->52751K(1097728K)
[2023-09-27T12:55:36.039+0900][gc            ] GC(422) Pause Young (Normal) (G1 Evacuation Pause) 744M->701M(1024M) 28.034ms
[2023-09-27T12:55:36.039+0900][gc,cpu        ] GC(422) User=0.04s Sys=0.04s Real=0.02s
[2023-09-27T12:58:09.589+0900][gc,start      ] GC(423) Pause Young (Normal) (G1 Evacuation Pause)
[2023-09-27T12:58:09.591+0900][gc,task       ] GC(423) Using 8 workers of 8 for evacuation
[2023-09-27T12:58:09.624+0900][gc,mmu        ] GC(423) MMU target violated: 21.0ms (20.0ms/21.0ms)
[2023-09-27T12:58:09.624+0900][gc,phases     ] GC(423)   Pre Evacuate Collection Set: 0.9ms
[2023-09-27T12:58:09.625+0900][gc,phases     ] GC(423)   Evacuate Collection Set: 29.7ms
[2023-09-27T12:58:09.625+0900][gc,phases     ] GC(423)   Post Evacuate Collection Set: 1.2ms
[2023-09-27T12:58:09.625+0900][gc,phases     ] GC(423)   Other: 3.8ms
[2023-09-27T12:58:09.625+0900][gc,heap       ] GC(423) Eden regions: 44->0(47)
[2023-09-27T12:58:09.625+0900][gc,heap       ] GC(423) Survivor regions: 7->4(7)
[2023-09-27T12:58:09.625+0900][gc,heap       ] GC(423) Old regions: 565->570
[2023-09-27T12:58:09.625+0900][gc,heap       ] GC(423) Humongous regions: 129->129
[2023-09-27T12:58:09.625+0900][gc,metaspace  ] GC(423) Metaspace: 52751K->52751K(1097728K)
[2023-09-27T12:58:09.625+0900][gc            ] GC(423) Pause Young (Normal) (G1 Evacuation Pause) 745M->702M(1024M) 35.550ms
[2023-09-27T12:58:09.625+0900][gc,cpu        ] GC(423) User=0.08s Sys=0.08s Real=0.04s
[2023-09-27T13:00:53.969+0900][gc,start      ] GC(424) Pause Young (Normal) (G1 Evacuation Pause)
[2023-09-27T13:00:53.971+0900][gc,task       ] GC(424) Using 8 workers of 8 for evacuation
[2023-09-27T13:00:54.004+0900][gc,mmu        ] GC(424) MMU target violated: 21.0ms (20.0ms/21.0ms)
[2023-09-27T13:00:54.004+0900][gc,phases     ] GC(424)   Pre Evacuate Collection Set: 1.0ms
[2023-09-27T13:00:54.004+0900][gc,phases     ] GC(424)   Evacuate Collection Set: 28.9ms
[2023-09-27T13:00:54.004+0900][gc,phases     ] GC(424)   Post Evacuate Collection Set: 1.4ms
[2023-09-27T13:00:54.004+0900][gc,phases     ] GC(424)   Other: 4.2ms
[2023-09-27T13:00:54.004+0900][gc,heap       ] GC(424) Eden regions: 47->0(45)
[2023-09-27T13:00:54.004+0900][gc,heap       ] GC(424) Survivor regions: 4->6(7)
[2023-09-27T13:00:54.004+0900][gc,heap       ] GC(424) Old regions: 570->570
[2023-09-27T13:00:54.004+0900][gc,heap       ] GC(424) Humongous regions: 129->129
[2023-09-27T13:00:54.004+0900][gc,metaspace  ] GC(424) Metaspace: 52751K->52751K(1097728K)
[2023-09-27T13:00:54.005+0900][gc            ] GC(424) Pause Young (Normal) (G1 Evacuation Pause) 749M->704M(1024M) 35.655ms
[2023-09-27T13:00:54.005+0900][gc,cpu        ] GC(424) User=0.06s Sys=0.04s Real=0.04s
[2023-09-27T13:03:32.292+0900][gc,start      ] GC(425) Pause Young (Normal) (G1 Evacuation Pause)
[2023-09-27T13:03:32.293+0900][gc,task       ] GC(425) Using 8 workers of 8 for evacuation
[2023-09-27T13:03:32.323+0900][gc,mmu        ] GC(425) MMU target violated: 21.0ms (20.0ms/21.0ms)
[2023-09-27T13:03:32.323+0900][gc,phases     ] GC(425)   Pre Evacuate Collection Set: 0.8ms
[2023-09-27T13:03:32.323+0900][gc,phases     ] GC(425)   Evacuate Collection Set: 27.8ms
[2023-09-27T13:03:32.323+0900][gc,phases     ] GC(425)   Post Evacuate Collection Set: 0.9ms
[2023-09-27T13:03:32.323+0900][gc,phases     ] GC(425)   Other: 2.2ms
[2023-09-27T13:03:32.323+0900][gc,heap       ] GC(425) Eden regions: 45->0(44)
[2023-09-27T13:03:32.323+0900][gc,heap       ] GC(425) Survivor regions: 6->7(7)
[2023-09-27T13:03:32.323+0900][gc,heap       ] GC(425) Old regions: 570->573
[2023-09-27T13:03:32.323+0900][gc,heap       ] GC(425) Humongous regions: 129->129
[2023-09-27T13:03:32.323+0900][gc,metaspace  ] GC(425) Metaspace: 52751K->52751K(1097728K)
[2023-09-27T13:03:32.323+0900][gc            ] GC(425) Pause Young (Normal) (G1 Evacuation Pause) 749M->707M(1024M) 31.702ms
[2023-09-27T13:03:32.324+0900][gc,cpu        ] GC(425) User=0.08s Sys=0.08s Real=0.03s
[2023-09-27T13:06:06.255+0900][gc,start      ] GC(426) Pause Young (Normal) (G1 Evacuation Pause)
[2023-09-27T13:06:06.257+0900][gc,task       ] GC(426) Using 8 workers of 8 for evacuation
[2023-09-27T13:06:06.289+0900][gc,mmu        ] GC(426) MMU target violated: 21.0ms (20.0ms/21.0ms)
[2023-09-27T13:06:06.289+0900][gc,phases     ] GC(426)   Pre Evacuate Collection Set: 0.6ms
[2023-09-27T13:06:06.289+0900][gc,phases     ] GC(426)   Evacuate Collection Set: 29.3ms
[2023-09-27T13:06:06.289+0900][gc,phases     ] GC(426)   Post Evacuate Collection Set: 1.0ms
[2023-09-27T13:06:06.289+0900][gc,phases     ] GC(426)   Other: 2.9ms
[2023-09-27T13:06:06.289+0900][gc,heap       ] GC(426) Eden regions: 44->0(47)
[2023-09-27T13:06:06.289+0900][gc,heap       ] GC(426) Survivor regions: 7->4(7)
[2023-09-27T13:06:06.289+0900][gc,heap       ] GC(426) Old regions: 573->578
[2023-09-27T13:06:06.289+0900][gc,heap       ] GC(426) Humongous regions: 129->129
[2023-09-27T13:06:06.289+0900][gc,metaspace  ] GC(426) Metaspace: 52751K->52751K(1097728K)
[2023-09-27T13:06:06.289+0900][gc            ] GC(426) Pause Young (Normal) (G1 Evacuation Pause) 751M->709M(1024M) 33.895ms
[2023-09-27T13:06:06.289+0900][gc,cpu        ] GC(426) User=0.06s Sys=0.06s Real=0.03s
[2023-09-27T13:08:51.071+0900][gc,start      ] GC(427) Pause Young (Normal) (G1 Evacuation Pause)
[2023-09-27T13:08:51.072+0900][gc,task       ] GC(427) Using 8 workers of 8 for evacuation
[2023-09-27T13:08:51.087+0900][gc,phases     ] GC(427)   Pre Evacuate Collection Set: 1.7ms
[2023-09-27T13:08:51.087+0900][gc,phases     ] GC(427)   Evacuate Collection Set: 12.0ms
[2023-09-27T13:08:51.087+0900][gc,phases     ] GC(427)   Post Evacuate Collection Set: 0.5ms
[2023-09-27T13:08:51.087+0900][gc,phases     ] GC(427)   Other: 1.6ms
[2023-09-27T13:08:51.087+0900][gc,heap       ] GC(427) Eden regions: 47->0(44)
[2023-09-27T13:08:51.087+0900][gc,heap       ] GC(427) Survivor regions: 4->7(7)
[2023-09-27T13:08:51.087+0900][gc,heap       ] GC(427) Old regions: 578->578
[2023-09-27T13:08:51.087+0900][gc,heap       ] GC(427) Humongous regions: 129->129
[2023-09-27T13:08:51.087+0900][gc,metaspace  ] GC(427) Metaspace: 52752K->52752K(1097728K)
[2023-09-27T13:08:51.087+0900][gc            ] GC(427) Pause Young (Normal) (G1 Evacuation Pause) 756M->713M(1024M) 15.899ms
[2023-09-27T13:08:51.087+0900][gc,cpu        ] GC(427) User=0.03s Sys=0.04s Real=0.01s
[2023-09-27T13:11:24.719+0900][gc,start      ] GC(428) Pause Young (Normal) (G1 Evacuation Pause)
[2023-09-27T13:11:24.720+0900][gc,task       ] GC(428) Using 8 workers of 8 for evacuation
[2023-09-27T13:11:24.743+0900][gc,mmu        ] GC(428) MMU target violated: 21.0ms (20.0ms/21.0ms)
[2023-09-27T13:11:24.743+0900][gc,phases     ] GC(428)   Pre Evacuate Collection Set: 1.0ms
[2023-09-27T13:11:24.743+0900][gc,phases     ] GC(428)   Evacuate Collection Set: 21.3ms
[2023-09-27T13:11:24.743+0900][gc,phases     ] GC(428)   Post Evacuate Collection Set: 0.7ms
[2023-09-27T13:11:24.743+0900][gc,phases     ] GC(428)   Other: 1.5ms
[2023-09-27T13:11:24.743+0900][gc,heap       ] GC(428) Eden regions: 44->0(47)
[2023-09-27T13:11:24.743+0900][gc,heap       ] GC(428) Survivor regions: 7->4(7)
[2023-09-27T13:11:24.743+0900][gc,heap       ] GC(428) Old regions: 578->583
[2023-09-27T13:11:24.744+0900][gc,heap       ] GC(428) Humongous regions: 129->129
[2023-09-27T13:11:24.744+0900][gc,metaspace  ] GC(428) Metaspace: 52752K->52752K(1097728K)
[2023-09-27T13:11:24.744+0900][gc            ] GC(428) Pause Young (Normal) (G1 Evacuation Pause) 757M->714M(1024M) 24.505ms
[2023-09-27T13:11:24.744+0900][gc,cpu        ] GC(428) User=0.05s Sys=0.05s Real=0.03s
[2023-09-27T13:15:15.437+0900][gc,start      ] GC(429) Pause Young (Normal) (G1 Evacuation Pause)
[2023-09-27T13:15:15.437+0900][gc,task       ] GC(429) Using 8 workers of 8 for evacuation
[2023-09-27T13:15:15.482+0900][gc,mmu        ] GC(429) MMU target violated: 21.0ms (20.0ms/21.0ms)
[2023-09-27T13:15:15.482+0900][gc,phases     ] GC(429)   Pre Evacuate Collection Set: 0.4ms
[2023-09-27T13:15:15.482+0900][gc,phases     ] GC(429)   Evacuate Collection Set: 42.9ms
[2023-09-27T13:15:15.482+0900][gc,phases     ] GC(429)   Post Evacuate Collection Set: 0.8ms
[2023-09-27T13:15:15.482+0900][gc,phases     ] GC(429)   Other: 1.3ms
[2023-09-27T13:15:15.482+0900][gc,heap       ] GC(429) Eden regions: 47->0(44)
[2023-09-27T13:15:15.482+0900][gc,heap       ] GC(429) Survivor regions: 4->7(7)
[2023-09-27T13:15:15.482+0900][gc,heap       ] GC(429) Old regions: 583->584
[2023-09-27T13:15:15.482+0900][gc,heap       ] GC(429) Humongous regions: 129->129
[2023-09-27T13:15:15.482+0900][gc,metaspace  ] GC(429) Metaspace: 52753K->52753K(1097728K)
[2023-09-27T13:15:15.482+0900][gc            ] GC(429) Pause Young (Normal) (G1 Evacuation Pause) 761M->719M(1024M) 45.510ms
[2023-09-27T13:15:15.482+0900][gc,cpu        ] GC(429) User=0.06s Sys=0.10s Real=0.05s
[2023-09-27T13:17:48.584+0900][gc,start      ] GC(430) Pause Young (Normal) (G1 Evacuation Pause)
[2023-09-27T13:17:48.585+0900][gc,task       ] GC(430) Using 8 workers of 8 for evacuation
[2023-09-27T13:17:48.623+0900][gc,mmu        ] GC(430) MMU target violated: 21.0ms (20.0ms/21.0ms)
[2023-09-27T13:17:48.624+0900][gc,phases     ] GC(430)   Pre Evacuate Collection Set: 0.9ms
[2023-09-27T13:17:48.624+0900][gc,phases     ] GC(430)   Evacuate Collection Set: 35.0ms
[2023-09-27T13:17:48.624+0900][gc,phases     ] GC(430)   Post Evacuate Collection Set: 1.3ms
[2023-09-27T13:17:48.624+0900][gc,phases     ] GC(430)   Other: 4.1ms
[2023-09-27T13:17:48.624+0900][gc,heap       ] GC(430) Eden regions: 44->0(47)
[2023-09-27T13:17:48.624+0900][gc,heap       ] GC(430) Survivor regions: 7->4(7)
[2023-09-27T13:17:48.624+0900][gc,heap       ] GC(430) Old regions: 584->590
[2023-09-27T13:17:48.624+0900][gc,heap       ] GC(430) Humongous regions: 129->129
[2023-09-27T13:17:48.624+0900][gc,metaspace  ] GC(430) Metaspace: 52753K->52753K(1097728K)
[2023-09-27T13:17:48.624+0900][gc            ] GC(430) Pause Young (Normal) (G1 Evacuation Pause) 763M->721M(1024M) 39.566ms
[2023-09-27T13:17:48.624+0900][gc,cpu        ] GC(430) User=0.07s Sys=0.11s Real=0.04s
[2023-09-27T13:20:31.761+0900][gc,start      ] GC(431) Pause Young (Normal) (G1 Evacuation Pause)
[2023-09-27T13:20:31.762+0900][gc,task       ] GC(431) Using 8 workers of 8 for evacuation
[2023-09-27T13:20:31.803+0900][gc,mmu        ] GC(431) MMU target violated: 21.0ms (20.0ms/21.0ms)
[2023-09-27T13:20:31.803+0900][gc,phases     ] GC(431)   Pre Evacuate Collection Set: 0.8ms
[2023-09-27T13:20:31.803+0900][gc,phases     ] GC(431)   Evacuate Collection Set: 38.2ms
[2023-09-27T13:20:31.803+0900][gc,phases     ] GC(431)   Post Evacuate Collection Set: 0.9ms
[2023-09-27T13:20:31.803+0900][gc,phases     ] GC(431)   Other: 2.3ms
[2023-09-27T13:20:31.803+0900][gc,heap       ] GC(431) Eden regions: 47->0(44)
[2023-09-27T13:20:31.803+0900][gc,heap       ] GC(431) Survivor regions: 4->7(7)
[2023-09-27T13:20:31.803+0900][gc,heap       ] GC(431) Old regions: 590->590
[2023-09-27T13:20:31.803+0900][gc,heap       ] GC(431) Humongous regions: 129->129
[2023-09-27T13:20:31.803+0900][gc,metaspace  ] GC(431) Metaspace: 52753K->52753K(1097728K)
[2023-09-27T13:20:31.803+0900][gc            ] GC(431) Pause Young (Normal) (G1 Evacuation Pause) 768M->725M(1024M) 42.191ms
[2023-09-27T13:20:31.804+0900][gc,cpu        ] GC(431) User=0.06s Sys=0.12s Real=0.04s
[2023-09-27T13:23:05.594+0900][gc,start      ] GC(432) Pause Young (Normal) (G1 Evacuation Pause)
[2023-09-27T13:23:05.595+0900][gc,task       ] GC(432) Using 8 workers of 8 for evacuation
[2023-09-27T13:23:05.624+0900][gc,mmu        ] GC(432) MMU target violated: 21.0ms (20.0ms/21.0ms)
[2023-09-27T13:23:05.624+0900][gc,phases     ] GC(432)   Pre Evacuate Collection Set: 0.8ms
[2023-09-27T13:23:05.624+0900][gc,phases     ] GC(432)   Evacuate Collection Set: 25.2ms
[2023-09-27T13:23:05.624+0900][gc,phases     ] GC(432)   Post Evacuate Collection Set: 1.3ms
[2023-09-27T13:23:05.624+0900][gc,phases     ] GC(432)   Other: 2.8ms
[2023-09-27T13:23:05.624+0900][gc,heap       ] GC(432) Eden regions: 44->0(47)
[2023-09-27T13:23:05.624+0900][gc,heap       ] GC(432) Survivor regions: 7->4(7)
[2023-09-27T13:23:05.624+0900][gc,heap       ] GC(432) Old regions: 590->594
[2023-09-27T13:23:05.624+0900][gc,heap       ] GC(432) Humongous regions: 129->129
[2023-09-27T13:23:05.624+0900][gc,metaspace  ] GC(432) Metaspace: 52753K->52753K(1097728K)
[2023-09-27T13:23:05.624+0900][gc            ] GC(432) Pause Young (Normal) (G1 Evacuation Pause) 769M->726M(1024M) 29.924ms
[2023-09-27T13:23:05.624+0900][gc,cpu        ] GC(432) User=0.07s Sys=0.06s Real=0.03s
[2023-09-27T13:25:45.885+0900][gc,start      ] GC(433) Pause Young (Normal) (G1 Evacuation Pause)
[2023-09-27T13:25:45.887+0900][gc,task       ] GC(433) Using 8 workers of 8 for evacuation
[2023-09-27T13:25:45.933+0900][gc,mmu        ] GC(433) MMU target violated: 21.0ms (20.0ms/21.0ms)
[2023-09-27T13:25:45.933+0900][gc,phases     ] GC(433)   Pre Evacuate Collection Set: 0.7ms
[2023-09-27T13:25:45.933+0900][gc,phases     ] GC(433)   Evacuate Collection Set: 43.7ms
[2023-09-27T13:25:45.933+0900][gc,phases     ] GC(433)   Post Evacuate Collection Set: 0.6ms
[2023-09-27T13:25:45.933+0900][gc,phases     ] GC(433)   Other: 3.3ms
[2023-09-27T13:25:45.933+0900][gc,heap       ] GC(433) Eden regions: 47->0(44)
[2023-09-27T13:25:45.933+0900][gc,heap       ] GC(433) Survivor regions: 4->7(7)
[2023-09-27T13:25:45.933+0900][gc,heap       ] GC(433) Old regions: 594->595
[2023-09-27T13:25:45.933+0900][gc,heap       ] GC(433) Humongous regions: 129->129
[2023-09-27T13:25:45.933+0900][gc,metaspace  ] GC(433) Metaspace: 52754K->52754K(1097728K)
[2023-09-27T13:25:45.933+0900][gc            ] GC(433) Pause Young (Normal) (G1 Evacuation Pause) 773M->730M(1024M) 48.227ms
[2023-09-27T13:25:45.933+0900][gc,cpu        ] GC(433) User=0.08s Sys=0.14s Real=0.05s
[2023-09-27T13:28:18.657+0900][gc,start      ] GC(434) Pause Young (Normal) (G1 Evacuation Pause)
[2023-09-27T13:28:18.658+0900][gc,task       ] GC(434) Using 8 workers of 8 for evacuation
[2023-09-27T13:28:18.693+0900][gc,mmu        ] GC(434) MMU target violated: 21.0ms (20.0ms/21.0ms)
[2023-09-27T13:28:18.693+0900][gc,phases     ] GC(434)   Pre Evacuate Collection Set: 0.8ms
[2023-09-27T13:28:18.693+0900][gc,phases     ] GC(434)   Evacuate Collection Set: 31.5ms
[2023-09-27T13:28:18.693+0900][gc,phases     ] GC(434)   Post Evacuate Collection Set: 1.3ms
[2023-09-27T13:28:18.693+0900][gc,phases     ] GC(434)   Other: 2.8ms
[2023-09-27T13:28:18.693+0900][gc,heap       ] GC(434) Eden regions: 44->0(46)
[2023-09-27T13:28:18.693+0900][gc,heap       ] GC(434) Survivor regions: 7->5(7)
[2023-09-27T13:28:18.693+0900][gc,heap       ] GC(434) Old regions: 595->601
[2023-09-27T13:28:18.693+0900][gc,heap       ] GC(434) Humongous regions: 129->129
[2023-09-27T13:28:18.693+0900][gc,metaspace  ] GC(434) Metaspace: 52754K->52754K(1097728K)
[2023-09-27T13:28:18.693+0900][gc            ] GC(434) Pause Young (Normal) (G1 Evacuation Pause) 774M->733M(1024M) 36.320ms
[2023-09-27T13:28:18.693+0900][gc,cpu        ] GC(434) User=0.07s Sys=0.08s Real=0.04s
[2023-09-27T13:30:59.658+0900][gc,start      ] GC(435) Pause Young (Normal) (G1 Evacuation Pause)
[2023-09-27T13:30:59.659+0900][gc,task       ] GC(435) Using 8 workers of 8 for evacuation
[2023-09-27T13:30:59.689+0900][gc,mmu        ] GC(435) MMU target violated: 21.0ms (20.0ms/21.0ms)
[2023-09-27T13:30:59.689+0900][gc,phases     ] GC(435)   Pre Evacuate Collection Set: 0.8ms
[2023-09-27T13:30:59.689+0900][gc,phases     ] GC(435)   Evacuate Collection Set: 26.7ms
[2023-09-27T13:30:59.689+0900][gc,phases     ] GC(435)   Post Evacuate Collection Set: 1.4ms
[2023-09-27T13:30:59.689+0900][gc,phases     ] GC(435)   Other: 2.7ms
[2023-09-27T13:30:59.689+0900][gc,heap       ] GC(435) Eden regions: 46->0(45)
[2023-09-27T13:30:59.689+0900][gc,heap       ] GC(435) Survivor regions: 5->6(7)
[2023-09-27T13:30:59.690+0900][gc,heap       ] GC(435) Old regions: 601->601
[2023-09-27T13:30:59.690+0900][gc,heap       ] GC(435) Humongous regions: 129->129
[2023-09-27T13:30:59.690+0900][gc,metaspace  ] GC(435) Metaspace: 52754K->52754K(1097728K)
[2023-09-27T13:30:59.690+0900][gc            ] GC(435) Pause Young (Normal) (G1 Evacuation Pause) 779M->734M(1024M) 31.724ms
[2023-09-27T13:30:59.690+0900][gc,cpu        ] GC(435) User=0.06s Sys=0.05s Real=0.04s
[2023-09-27T13:38:36.376+0900][gc,start      ] GC(436) Pause Young (Normal) (G1 Evacuation Pause)
[2023-09-27T13:38:36.377+0900][gc,task       ] GC(436) Using 8 workers of 8 for evacuation
[2023-09-27T13:38:36.414+0900][gc,mmu        ] GC(436) MMU target violated: 21.0ms (20.0ms/21.0ms)
[2023-09-27T13:38:36.414+0900][gc,phases     ] GC(436)   Pre Evacuate Collection Set: 0.8ms
[2023-09-27T13:38:36.414+0900][gc,phases     ] GC(436)   Evacuate Collection Set: 34.4ms
[2023-09-27T13:38:36.414+0900][gc,phases     ] GC(436)   Post Evacuate Collection Set: 0.6ms
[2023-09-27T13:38:36.414+0900][gc,phases     ] GC(436)   Other: 2.3ms
[2023-09-27T13:38:36.414+0900][gc,heap       ] GC(436) Eden regions: 45->0(44)
[2023-09-27T13:38:36.414+0900][gc,heap       ] GC(436) Survivor regions: 6->7(7)
[2023-09-27T13:38:36.414+0900][gc,heap       ] GC(436) Old regions: 601->603
[2023-09-27T13:38:36.414+0900][gc,heap       ] GC(436) Humongous regions: 129->129
[2023-09-27T13:38:36.414+0900][gc,metaspace  ] GC(436) Metaspace: 52754K->52754K(1097728K)
[2023-09-27T13:38:36.414+0900][gc            ] GC(436) Pause Young (Normal) (G1 Evacuation Pause) 779M->738M(1024M) 38.042ms
[2023-09-27T13:38:36.414+0900][gc,cpu        ] GC(436) User=0.04s Sys=0.07s Real=0.04s
[2023-09-27T13:48:44.736+0900][gc,start      ] GC(437) Pause Young (Normal) (G1 Evacuation Pause)
[2023-09-27T13:48:44.737+0900][gc,task       ] GC(437) Using 8 workers of 8 for evacuation
[2023-09-27T13:48:44.769+0900][gc,mmu        ] GC(437) MMU target violated: 21.0ms (20.0ms/21.0ms)
[2023-09-27T13:48:44.769+0900][gc,phases     ] GC(437)   Pre Evacuate Collection Set: 0.8ms
[2023-09-27T13:48:44.769+0900][gc,phases     ] GC(437)   Evacuate Collection Set: 29.5ms
[2023-09-27T13:48:44.769+0900][gc,phases     ] GC(437)   Post Evacuate Collection Set: 1.3ms
[2023-09-27T13:48:44.770+0900][gc,phases     ] GC(437)   Other: 2.3ms
[2023-09-27T13:48:44.770+0900][gc,heap       ] GC(437) Eden regions: 44->0(48)
[2023-09-27T13:48:44.770+0900][gc,heap       ] GC(437) Survivor regions: 7->3(7)
[2023-09-27T13:48:44.770+0900][gc,heap       ] GC(437) Old regions: 603->608
[2023-09-27T13:48:44.770+0900][gc,heap       ] GC(437) Humongous regions: 129->129
[2023-09-27T13:48:44.770+0900][gc,metaspace  ] GC(437) Metaspace: 52755K->52755K(1097728K)
[2023-09-27T13:48:44.770+0900][gc            ] GC(437) Pause Young (Normal) (G1 Evacuation Pause) 782M->739M(1024M) 33.920ms
[2023-09-27T13:48:44.770+0900][gc,cpu        ] GC(437) User=0.06s Sys=0.06s Real=0.04s
[2023-09-27T13:51:33.314+0900][gc,start      ] GC(438) Pause Young (Normal) (G1 Evacuation Pause)
[2023-09-27T13:51:33.315+0900][gc,task       ] GC(438) Using 8 workers of 8 for evacuation
[2023-09-27T13:51:33.324+0900][gc,phases     ] GC(438)   Pre Evacuate Collection Set: 0.0ms
[2023-09-27T13:51:33.324+0900][gc,phases     ] GC(438)   Evacuate Collection Set: 8.1ms
[2023-09-27T13:51:33.324+0900][gc,phases     ] GC(438)   Post Evacuate Collection Set: 0.3ms
[2023-09-27T13:51:33.324+0900][gc,phases     ] GC(438)   Other: 1.7ms
[2023-09-27T13:51:33.324+0900][gc,heap       ] GC(438) Eden regions: 48->0(44)
[2023-09-27T13:51:33.324+0900][gc,heap       ] GC(438) Survivor regions: 3->7(7)
[2023-09-27T13:51:33.324+0900][gc,heap       ] GC(438) Old regions: 608->608
[2023-09-27T13:51:33.324+0900][gc,heap       ] GC(438) Humongous regions: 129->129
[2023-09-27T13:51:33.324+0900][gc,metaspace  ] GC(438) Metaspace: 52755K->52755K(1097728K)
[2023-09-27T13:51:33.324+0900][gc            ] GC(438) Pause Young (Normal) (G1 Evacuation Pause) 787M->743M(1024M) 10.219ms
[2023-09-27T13:51:33.324+0900][gc,cpu        ] GC(438) User=0.03s Sys=0.01s Real=0.01s
[2023-09-27T13:54:05.922+0900][gc,start      ] GC(439) Pause Young (Normal) (G1 Evacuation Pause)
[2023-09-27T13:54:05.924+0900][gc,task       ] GC(439) Using 8 workers of 8 for evacuation
[2023-09-27T13:54:05.952+0900][gc,mmu        ] GC(439) MMU target violated: 21.0ms (20.0ms/21.0ms)
[2023-09-27T13:54:05.952+0900][gc,phases     ] GC(439)   Pre Evacuate Collection Set: 0.8ms
[2023-09-27T13:54:05.952+0900][gc,phases     ] GC(439)   Evacuate Collection Set: 24.2ms
[2023-09-27T13:54:05.952+0900][gc,phases     ] GC(439)   Post Evacuate Collection Set: 0.6ms
[2023-09-27T13:54:05.952+0900][gc,phases     ] GC(439)   Other: 3.9ms
[2023-09-27T13:54:05.952+0900][gc,heap       ] GC(439) Eden regions: 44->0(47)
[2023-09-27T13:54:05.952+0900][gc,heap       ] GC(439) Survivor regions: 7->4(7)
[2023-09-27T13:54:05.952+0900][gc,heap       ] GC(439) Old regions: 608->613
[2023-09-27T13:54:05.952+0900][gc,heap       ] GC(439) Humongous regions: 129->129
[2023-09-27T13:54:05.952+0900][gc,metaspace  ] GC(439) Metaspace: 52755K->52755K(1097728K)
[2023-09-27T13:54:05.952+0900][gc            ] GC(439) Pause Young (Normal) (G1 Evacuation Pause) 787M->744M(1024M) 29.492ms
[2023-09-27T13:54:05.952+0900][gc,cpu        ] GC(439) User=0.05s Sys=0.05s Real=0.03s
[2023-09-27T13:56:50.748+0900][gc,start      ] GC(440) Pause Young (Normal) (G1 Evacuation Pause)
[2023-09-27T13:56:50.750+0900][gc,task       ] GC(440) Using 8 workers of 8 for evacuation
[2023-09-27T13:56:50.776+0900][gc,mmu        ] GC(440) MMU target violated: 21.0ms (20.0ms/21.0ms)
[2023-09-27T13:56:50.776+0900][gc,phases     ] GC(440)   Pre Evacuate Collection Set: 1.4ms
[2023-09-27T13:56:50.776+0900][gc,phases     ] GC(440)   Evacuate Collection Set: 21.5ms
[2023-09-27T13:56:50.776+0900][gc,phases     ] GC(440)   Post Evacuate Collection Set: 1.1ms
[2023-09-27T13:56:50.776+0900][gc,phases     ] GC(440)   Other: 3.8ms
[2023-09-27T13:56:50.776+0900][gc,heap       ] GC(440) Eden regions: 47->0(44)
[2023-09-27T13:56:50.776+0900][gc,heap       ] GC(440) Survivor regions: 4->7(7)
[2023-09-27T13:56:50.776+0900][gc,heap       ] GC(440) Old regions: 613->613
[2023-09-27T13:56:50.776+0900][gc,heap       ] GC(440) Humongous regions: 129->129
[2023-09-27T13:56:50.776+0900][gc,metaspace  ] GC(440) Metaspace: 52755K->52755K(1097728K)
[2023-09-27T13:56:50.776+0900][gc            ] GC(440) Pause Young (Normal) (G1 Evacuation Pause) 791M->748M(1024M) 27.903ms
[2023-09-27T13:56:50.776+0900][gc,cpu        ] GC(440) User=0.06s Sys=0.04s Real=0.03s
[2023-09-27T13:59:23.676+0900][gc,start      ] GC(441) Pause Young (Normal) (G1 Evacuation Pause)
[2023-09-27T13:59:23.676+0900][gc,task       ] GC(441) Using 8 workers of 8 for evacuation
[2023-09-27T13:59:23.706+0900][gc,mmu        ] GC(441) MMU target violated: 21.0ms (20.0ms/21.0ms)
[2023-09-27T13:59:23.706+0900][gc,phases     ] GC(441)   Pre Evacuate Collection Set: 0.4ms
[2023-09-27T13:59:23.706+0900][gc,phases     ] GC(441)   Evacuate Collection Set: 27.0ms
[2023-09-27T13:59:23.706+0900][gc,phases     ] GC(441)   Post Evacuate Collection Set: 0.8ms
[2023-09-27T13:59:23.706+0900][gc,phases     ] GC(441)   Other: 1.7ms
[2023-09-27T13:59:23.706+0900][gc,heap       ] GC(441) Eden regions: 44->0(47)
[2023-09-27T13:59:23.706+0900][gc,heap       ] GC(441) Survivor regions: 7->4(7)
[2023-09-27T13:59:23.706+0900][gc,heap       ] GC(441) Old regions: 613->618
[2023-09-27T13:59:23.706+0900][gc,heap       ] GC(441) Humongous regions: 129->129
[2023-09-27T13:59:23.706+0900][gc,metaspace  ] GC(441) Metaspace: 52755K->52755K(1097728K)
[2023-09-27T13:59:23.706+0900][gc            ] GC(441) Pause Young (Normal) (G1 Evacuation Pause) 792M->750M(1024M) 30.001ms
[2023-09-27T13:59:23.706+0900][gc,cpu        ] GC(441) User=0.07s Sys=0.04s Real=0.03s
[2023-09-27T14:07:26.181+0900][gc,start      ] GC(442) Pause Young (Normal) (G1 Evacuation Pause)
[2023-09-27T14:07:26.181+0900][gc,task       ] GC(442) Using 8 workers of 8 for evacuation
[2023-09-27T14:07:26.207+0900][gc,mmu        ] GC(442) MMU target violated: 21.0ms (20.0ms/21.0ms)
[2023-09-27T14:07:26.207+0900][gc,phases     ] GC(442)   Pre Evacuate Collection Set: 0.7ms
[2023-09-27T14:07:26.207+0900][gc,phases     ] GC(442)   Evacuate Collection Set: 23.6ms
[2023-09-27T14:07:26.207+0900][gc,phases     ] GC(442)   Post Evacuate Collection Set: 0.6ms
[2023-09-27T14:07:26.207+0900][gc,phases     ] GC(442)   Other: 1.9ms
[2023-09-27T14:07:26.207+0900][gc,heap       ] GC(442) Eden regions: 47->0(44)
[2023-09-27T14:07:26.207+0900][gc,heap       ] GC(442) Survivor regions: 4->7(7)
[2023-09-27T14:07:26.207+0900][gc,heap       ] GC(442) Old regions: 618->618
[2023-09-27T14:07:26.207+0900][gc,heap       ] GC(442) Humongous regions: 129->129
[2023-09-27T14:07:26.207+0900][gc,metaspace  ] GC(442) Metaspace: 52780K->52780K(1097728K)
[2023-09-27T14:07:26.207+0900][gc            ] GC(442) Pause Young (Normal) (G1 Evacuation Pause) 797M->753M(1024M) 26.788ms
[2023-09-27T14:07:26.207+0900][gc,cpu        ] GC(442) User=0.06s Sys=0.07s Real=0.02s
[2023-09-27T14:09:59.055+0900][gc,start      ] GC(443) Pause Young (Normal) (G1 Evacuation Pause)
[2023-09-27T14:09:59.055+0900][gc,task       ] GC(443) Using 8 workers of 8 for evacuation
[2023-09-27T14:09:59.113+0900][gc,mmu        ] GC(443) MMU target violated: 21.0ms (20.0ms/21.0ms)
[2023-09-27T14:09:59.113+0900][gc,phases     ] GC(443)   Pre Evacuate Collection Set: 0.5ms
[2023-09-27T14:09:59.113+0900][gc,phases     ] GC(443)   Evacuate Collection Set: 55.3ms
[2023-09-27T14:09:59.113+0900][gc,phases     ] GC(443)   Post Evacuate Collection Set: 1.1ms
[2023-09-27T14:09:59.113+0900][gc,phases     ] GC(443)   Other: 1.3ms
[2023-09-27T14:09:59.113+0900][gc,heap       ] GC(443) Eden regions: 44->0(46)
[2023-09-27T14:09:59.113+0900][gc,heap       ] GC(443) Survivor regions: 7->5(7)
[2023-09-27T14:09:59.113+0900][gc,heap       ] GC(443) Old regions: 618->623
[2023-09-27T14:09:59.113+0900][gc,heap       ] GC(443) Humongous regions: 129->129
[2023-09-27T14:09:59.113+0900][gc,metaspace  ] GC(443) Metaspace: 52780K->52780K(1097728K)
[2023-09-27T14:09:59.113+0900][gc            ] GC(443) Pause Young (Normal) (G1 Evacuation Pause) 797M->755M(1024M) 58.312ms
[2023-09-27T14:09:59.113+0900][gc,cpu        ] GC(443) User=0.06s Sys=0.07s Real=0.06s
[2023-09-27T14:12:38.590+0900][gc,start      ] GC(444) Pause Young (Normal) (G1 Evacuation Pause)
[2023-09-27T14:12:38.591+0900][gc,task       ] GC(444) Using 8 workers of 8 for evacuation
[2023-09-27T14:12:38.645+0900][gc,mmu        ] GC(444) MMU target violated: 21.0ms (20.0ms/21.0ms)
[2023-09-27T14:12:38.646+0900][gc,phases     ] GC(444)   Pre Evacuate Collection Set: 1.0ms
[2023-09-27T14:12:38.646+0900][gc,phases     ] GC(444)   Evacuate Collection Set: 50.4ms
[2023-09-27T14:12:38.646+0900][gc,phases     ] GC(444)   Post Evacuate Collection Set: 1.4ms
[2023-09-27T14:12:38.646+0900][gc,phases     ] GC(444)   Other: 3.0ms
[2023-09-27T14:12:38.646+0900][gc,heap       ] GC(444) Eden regions: 46->0(47)
[2023-09-27T14:12:38.646+0900][gc,heap       ] GC(444) Survivor regions: 5->4(7)
[2023-09-27T14:12:38.646+0900][gc,heap       ] GC(444) Old regions: 623->625
[2023-09-27T14:12:38.646+0900][gc,heap       ] GC(444) Humongous regions: 129->129
[2023-09-27T14:12:38.646+0900][gc,metaspace  ] GC(444) Metaspace: 52780K->52780K(1097728K)
[2023-09-27T14:12:38.646+0900][gc            ] GC(444) Pause Young (Normal) (G1 Evacuation Pause) 801M->756M(1024M) 55.830ms
[2023-09-27T14:12:38.646+0900][gc,cpu        ] GC(444) User=0.06s Sys=0.09s Real=0.05s
[2023-09-27T14:15:22.820+0900][gc,start      ] GC(445) Pause Young (Normal) (G1 Evacuation Pause)
[2023-09-27T14:15:22.821+0900][gc,task       ] GC(445) Using 8 workers of 8 for evacuation
[2023-09-27T14:15:22.849+0900][gc,mmu        ] GC(445) MMU target violated: 21.0ms (20.0ms/21.0ms)
[2023-09-27T14:15:22.849+0900][gc,phases     ] GC(445)   Pre Evacuate Collection Set: 0.7ms
[2023-09-27T14:15:22.849+0900][gc,phases     ] GC(445)   Evacuate Collection Set: 24.9ms
[2023-09-27T14:15:22.849+0900][gc,phases     ] GC(445)   Post Evacuate Collection Set: 1.2ms
[2023-09-27T14:15:22.849+0900][gc,phases     ] GC(445)   Other: 2.0ms
[2023-09-27T14:15:22.849+0900][gc,heap       ] GC(445) Eden regions: 47->0(44)
[2023-09-27T14:15:22.849+0900][gc,heap       ] GC(445) Survivor regions: 4->7(7)
[2023-09-27T14:15:22.849+0900][gc,heap       ] GC(445) Old regions: 625->625
[2023-09-27T14:15:22.849+0900][gc,heap       ] GC(445) Humongous regions: 129->129
[2023-09-27T14:15:22.849+0900][gc,metaspace  ] GC(445) Metaspace: 52780K->52780K(1097728K)
[2023-09-27T14:15:22.849+0900][gc            ] GC(445) Pause Young (Normal) (G1 Evacuation Pause) 803M->760M(1024M) 28.947ms
[2023-09-27T14:15:22.849+0900][gc,cpu        ] GC(445) User=0.07s Sys=0.05s Real=0.02s
[2023-09-27T14:17:56.601+0900][gc,start      ] GC(446) Pause Young (Normal) (G1 Evacuation Pause)
[2023-09-27T14:17:56.603+0900][gc,task       ] GC(446) Using 8 workers of 8 for evacuation
[2023-09-27T14:17:56.642+0900][gc,mmu        ] GC(446) MMU target violated: 21.0ms (20.0ms/21.0ms)
[2023-09-27T14:17:56.642+0900][gc,phases     ] GC(446)   Pre Evacuate Collection Set: 0.7ms
[2023-09-27T14:17:56.642+0900][gc,phases     ] GC(446)   Evacuate Collection Set: 36.3ms
[2023-09-27T14:17:56.642+0900][gc,phases     ] GC(446)   Post Evacuate Collection Set: 1.2ms
[2023-09-27T14:17:56.642+0900][gc,phases     ] GC(446)   Other: 2.6ms
[2023-09-27T14:17:56.642+0900][gc,heap       ] GC(446) Eden regions: 44->0(47)
[2023-09-27T14:17:56.642+0900][gc,heap       ] GC(446) Survivor regions: 7->4(7)
[2023-09-27T14:17:56.642+0900][gc,heap       ] GC(446) Old regions: 625->630
[2023-09-27T14:17:56.642+0900][gc,heap       ] GC(446) Humongous regions: 129->129
[2023-09-27T14:17:56.642+0900][gc,metaspace  ] GC(446) Metaspace: 52782K->52782K(1097728K)
[2023-09-27T14:17:56.642+0900][gc            ] GC(446) Pause Young (Normal) (G1 Evacuation Pause) 804M->762M(1024M) 40.990ms
[2023-09-27T14:17:56.642+0900][gc,cpu        ] GC(446) User=0.07s Sys=0.06s Real=0.04s
[2023-09-27T14:20:40.531+0900][gc,start      ] GC(447) Pause Young (Normal) (G1 Evacuation Pause)
[2023-09-27T14:20:40.532+0900][gc,task       ] GC(447) Using 8 workers of 8 for evacuation
[2023-09-27T14:20:40.566+0900][gc,mmu        ] GC(447) MMU target violated: 21.0ms (20.0ms/21.0ms)
[2023-09-27T14:20:40.566+0900][gc,phases     ] GC(447)   Pre Evacuate Collection Set: 0.6ms
[2023-09-27T14:20:40.566+0900][gc,phases     ] GC(447)   Evacuate Collection Set: 31.7ms
[2023-09-27T14:20:40.566+0900][gc,phases     ] GC(447)   Post Evacuate Collection Set: 0.7ms
[2023-09-27T14:20:40.566+0900][gc,phases     ] GC(447)   Other: 2.8ms
[2023-09-27T14:20:40.566+0900][gc,heap       ] GC(447) Eden regions: 47->0(44)
[2023-09-27T14:20:40.566+0900][gc,heap       ] GC(447) Survivor regions: 4->7(7)
[2023-09-27T14:20:40.566+0900][gc,heap       ] GC(447) Old regions: 630->630
[2023-09-27T14:20:40.566+0900][gc,heap       ] GC(447) Humongous regions: 129->129
[2023-09-27T14:20:40.566+0900][gc,metaspace  ] GC(447) Metaspace: 52782K->52782K(1097728K)
[2023-09-27T14:20:40.566+0900][gc            ] GC(447) Pause Young (Normal) (G1 Evacuation Pause) 809M->765M(1024M) 35.778ms
[2023-09-27T14:20:40.566+0900][gc,cpu        ] GC(447) User=0.05s Sys=0.06s Real=0.03s
[2023-09-27T14:23:14.020+0900][gc,start      ] GC(448) Pause Young (Normal) (G1 Evacuation Pause)
[2023-09-27T14:23:14.021+0900][gc,task       ] GC(448) Using 8 workers of 8 for evacuation
[2023-09-27T14:23:14.061+0900][gc,mmu        ] GC(448) MMU target violated: 21.0ms (20.0ms/21.0ms)
[2023-09-27T14:23:14.061+0900][gc,phases     ] GC(448)   Pre Evacuate Collection Set: 0.8ms
[2023-09-27T14:23:14.061+0900][gc,phases     ] GC(448)   Evacuate Collection Set: 36.3ms
[2023-09-27T14:23:14.061+0900][gc,phases     ] GC(448)   Post Evacuate Collection Set: 1.9ms
[2023-09-27T14:23:14.061+0900][gc,phases     ] GC(448)   Other: 2.2ms
[2023-09-27T14:23:14.061+0900][gc,heap       ] GC(448) Eden regions: 44->0(47)
[2023-09-27T14:23:14.061+0900][gc,heap       ] GC(448) Survivor regions: 7->4(7)
[2023-09-27T14:23:14.061+0900][gc,heap       ] GC(448) Old regions: 630->635
[2023-09-27T14:23:14.062+0900][gc,heap       ] GC(448) Humongous regions: 129->129
[2023-09-27T14:23:14.062+0900][gc,metaspace  ] GC(448) Metaspace: 52782K->52782K(1097728K)
[2023-09-27T14:23:14.062+0900][gc            ] GC(448) Pause Young (Normal) (G1 Evacuation Pause) 809M->767M(1024M) 41.261ms
[2023-09-27T14:23:14.062+0900][gc,cpu        ] GC(448) User=0.07s Sys=0.07s Real=0.04s
[2023-09-27T14:25:58.591+0900][gc,start      ] GC(449) Pause Young (Normal) (G1 Evacuation Pause)
[2023-09-27T14:25:58.592+0900][gc,task       ] GC(449) Using 8 workers of 8 for evacuation
[2023-09-27T14:25:58.640+0900][gc,mmu        ] GC(449) MMU target violated: 21.0ms (20.0ms/21.0ms)
[2023-09-27T14:25:58.640+0900][gc,phases     ] GC(449)   Pre Evacuate Collection Set: 0.6ms
[2023-09-27T14:25:58.640+0900][gc,phases     ] GC(449)   Evacuate Collection Set: 45.9ms
[2023-09-27T14:25:58.640+0900][gc,phases     ] GC(449)   Post Evacuate Collection Set: 0.5ms
[2023-09-27T14:25:58.640+0900][gc,phases     ] GC(449)   Other: 2.0ms
[2023-09-27T14:25:58.640+0900][gc,heap       ] GC(449) Eden regions: 47->0(44)
[2023-09-27T14:25:58.640+0900][gc,heap       ] GC(449) Survivor regions: 4->7(7)
[2023-09-27T14:25:58.640+0900][gc,heap       ] GC(449) Old regions: 635->636
[2023-09-27T14:25:58.640+0900][gc,heap       ] GC(449) Humongous regions: 129->129
[2023-09-27T14:25:58.640+0900][gc,metaspace  ] GC(449) Metaspace: 52782K->52782K(1097728K)
[2023-09-27T14:25:58.640+0900][gc            ] GC(449) Pause Young (Normal) (G1 Evacuation Pause) 814M->771M(1024M) 48.893ms
[2023-09-27T14:25:58.640+0900][gc,cpu        ] GC(449) User=0.07s Sys=0.13s Real=0.05s
[2023-09-27T14:28:32.517+0900][gc,start      ] GC(450) Pause Young (Normal) (G1 Evacuation Pause)
[2023-09-27T14:28:32.519+0900][gc,task       ] GC(450) Using 8 workers of 8 for evacuation
[2023-09-27T14:28:32.565+0900][gc,mmu        ] GC(450) MMU target violated: 21.0ms (20.0ms/21.0ms)
[2023-09-27T14:28:32.566+0900][gc,phases     ] GC(450)   Pre Evacuate Collection Set: 1.0ms
[2023-09-27T14:28:32.566+0900][gc,phases     ] GC(450)   Evacuate Collection Set: 44.4ms
[2023-09-27T14:28:32.566+0900][gc,phases     ] GC(450)   Post Evacuate Collection Set: 0.5ms
[2023-09-27T14:28:32.566+0900][gc,phases     ] GC(450)   Other: 9.1ms
[2023-09-27T14:28:32.566+0900][gc,heap       ] GC(450) Eden regions: 44->0(47)
[2023-09-27T14:28:32.566+0900][gc,heap       ] GC(450) Survivor regions: 7->4(7)
[2023-09-27T14:28:32.566+0900][gc,heap       ] GC(450) Old regions: 636->641
[2023-09-27T14:28:32.566+0900][gc,heap       ] GC(450) Humongous regions: 129->129
[2023-09-27T14:28:32.566+0900][gc,metaspace  ] GC(450) Metaspace: 52782K->52782K(1097728K)
[2023-09-27T14:28:32.566+0900][gc            ] GC(450) Pause Young (Normal) (G1 Evacuation Pause) 815M->772M(1024M) 49.157ms
[2023-09-27T14:28:32.566+0900][gc,cpu        ] GC(450) User=0.05s Sys=0.05s Real=0.05s
[2023-09-27T14:31:17.001+0900][gc,start      ] GC(451) Pause Young (Normal) (G1 Evacuation Pause)
[2023-09-27T14:31:17.003+0900][gc,task       ] GC(451) Using 8 workers of 8 for evacuation
[2023-09-27T14:31:17.029+0900][gc,mmu        ] GC(451) MMU target violated: 21.0ms (20.0ms/21.0ms)
[2023-09-27T14:31:17.029+0900][gc,phases     ] GC(451)   Pre Evacuate Collection Set: 0.8ms
[2023-09-27T14:31:17.029+0900][gc,phases     ] GC(451)   Evacuate Collection Set: 23.5ms
[2023-09-27T14:31:17.029+0900][gc,phases     ] GC(451)   Post Evacuate Collection Set: 0.6ms
[2023-09-27T14:31:17.029+0900][gc,phases     ] GC(451)   Other: 3.2ms
[2023-09-27T14:31:17.029+0900][gc,heap       ] GC(451) Eden regions: 47->0(45)
[2023-09-27T14:31:17.029+0900][gc,heap       ] GC(451) Survivor regions: 4->6(7)
[2023-09-27T14:31:17.029+0900][gc,heap       ] GC(451) Old regions: 641->641
[2023-09-27T14:31:17.029+0900][gc,heap       ] GC(451) Humongous regions: 129->129
[2023-09-27T14:31:17.029+0900][gc,metaspace  ] GC(451) Metaspace: 52782K->52782K(1097728K)
[2023-09-27T14:31:17.029+0900][gc            ] GC(451) Pause Young (Normal) (G1 Evacuation Pause) 819M->774M(1024M) 27.941ms
[2023-09-27T14:31:17.029+0900][gc,cpu        ] GC(451) User=0.04s Sys=0.04s Real=0.02s
[2023-09-27T14:33:43.964+0900][gc,start      ] GC(452) Pause Young (Normal) (G1 Evacuation Pause)
[2023-09-27T14:33:43.967+0900][gc,task       ] GC(452) Using 8 workers of 8 for evacuation
[2023-09-27T14:33:44.020+0900][gc,mmu        ] GC(452) MMU target violated: 21.0ms (20.0ms/21.0ms)
[2023-09-27T14:33:44.020+0900][gc,phases     ] GC(452)   Pre Evacuate Collection Set: 1.0ms
[2023-09-27T14:33:44.020+0900][gc,phases     ] GC(452)   Evacuate Collection Set: 50.8ms
[2023-09-27T14:33:44.020+0900][gc,phases     ] GC(452)   Post Evacuate Collection Set: 0.7ms
[2023-09-27T14:33:44.020+0900][gc,phases     ] GC(452)   Other: 3.6ms
[2023-09-27T14:33:44.020+0900][gc,heap       ] GC(452) Eden regions: 45->0(44)
[2023-09-27T14:33:44.020+0900][gc,heap       ] GC(452) Survivor regions: 6->7(7)
[2023-09-27T14:33:44.020+0900][gc,heap       ] GC(452) Old regions: 641->643
[2023-09-27T14:33:44.020+0900][gc,heap       ] GC(452) Humongous regions: 129->129
[2023-09-27T14:33:44.020+0900][gc,metaspace  ] GC(452) Metaspace: 52782K->52782K(1097728K)
[2023-09-27T14:33:44.020+0900][gc            ] GC(452) Pause Young (Normal) (G1 Evacuation Pause) 819M->778M(1024M) 56.057ms
[2023-09-27T14:33:44.020+0900][gc,cpu        ] GC(452) User=0.07s Sys=0.16s Real=0.06s
[2023-09-27T14:36:16.406+0900][gc,start      ] GC(453) Pause Young (Normal) (G1 Evacuation Pause)
[2023-09-27T14:36:16.408+0900][gc,task       ] GC(453) Using 8 workers of 8 for evacuation
[2023-09-27T14:36:16.469+0900][gc,mmu        ] GC(453) MMU target violated: 21.0ms (20.0ms/21.0ms)
[2023-09-27T14:36:16.469+0900][gc,phases     ] GC(453)   Pre Evacuate Collection Set: 0.7ms
[2023-09-27T14:36:16.469+0900][gc,phases     ] GC(453)   Evacuate Collection Set: 58.6ms
[2023-09-27T14:36:16.469+0900][gc,phases     ] GC(453)   Post Evacuate Collection Set: 0.7ms
[2023-09-27T14:36:16.469+0900][gc,phases     ] GC(453)   Other: 2.4ms
[2023-09-27T14:36:16.469+0900][gc,heap       ] GC(453) Eden regions: 44->0(48)
[2023-09-27T14:36:16.469+0900][gc,heap       ] GC(453) Survivor regions: 7->3(7)
[2023-09-27T14:36:16.469+0900][gc,heap       ] GC(453) Old regions: 643->648
[2023-09-27T14:36:16.469+0900][gc,heap       ] GC(453) Humongous regions: 129->129
[2023-09-27T14:36:16.469+0900][gc,metaspace  ] GC(453) Metaspace: 52782K->52782K(1097728K)
[2023-09-27T14:36:16.469+0900][gc            ] GC(453) Pause Young (Normal) (G1 Evacuation Pause) 822M->778M(1024M) 62.384ms
[2023-09-27T14:36:16.469+0900][gc,cpu        ] GC(453) User=0.06s Sys=0.14s Real=0.06s
[2023-09-27T14:39:03.616+0900][gc,start      ] GC(454) Pause Young (Normal) (G1 Evacuation Pause)
[2023-09-27T14:39:03.617+0900][gc,task       ] GC(454) Using 8 workers of 8 for evacuation
[2023-09-27T14:39:03.639+0900][gc,mmu        ] GC(454) MMU target violated: 21.0ms (20.0ms/21.0ms)
[2023-09-27T14:39:03.639+0900][gc,phases     ] GC(454)   Pre Evacuate Collection Set: 0.6ms
[2023-09-27T14:39:03.639+0900][gc,phases     ] GC(454)   Evacuate Collection Set: 19.5ms
[2023-09-27T14:39:03.639+0900][gc,phases     ] GC(454)   Post Evacuate Collection Set: 0.8ms
[2023-09-27T14:39:03.639+0900][gc,phases     ] GC(454)   Other: 2.7ms
[2023-09-27T14:39:03.639+0900][gc,heap       ] GC(454) Eden regions: 48->0(45)
[2023-09-27T14:39:03.639+0900][gc,heap       ] GC(454) Survivor regions: 3->6(7)
[2023-09-27T14:39:03.639+0900][gc,heap       ] GC(454) Old regions: 648->648
[2023-09-27T14:39:03.639+0900][gc,heap       ] GC(454) Humongous regions: 129->129
[2023-09-27T14:39:03.639+0900][gc,metaspace  ] GC(454) Metaspace: 52782K->52782K(1097728K)
[2023-09-27T14:39:03.639+0900][gc            ] GC(454) Pause Young (Normal) (G1 Evacuation Pause) 826M->782M(1024M) 23.543ms
[2023-09-27T14:39:03.639+0900][gc,cpu        ] GC(454) User=0.05s Sys=0.03s Real=0.02s
[2023-09-27T14:41:41.670+0900][gc,start      ] GC(455) Pause Young (Normal) (G1 Evacuation Pause)
[2023-09-27T14:41:41.671+0900][gc,task       ] GC(455) Using 8 workers of 8 for evacuation
[2023-09-27T14:41:41.698+0900][gc,mmu        ] GC(455) MMU target violated: 21.0ms (20.0ms/21.0ms)
[2023-09-27T14:41:41.698+0900][gc,phases     ] GC(455)   Pre Evacuate Collection Set: 0.7ms
[2023-09-27T14:41:41.698+0900][gc,phases     ] GC(455)   Evacuate Collection Set: 23.6ms
[2023-09-27T14:41:41.698+0900][gc,phases     ] GC(455)   Post Evacuate Collection Set: 1.4ms
[2023-09-27T14:41:41.698+0900][gc,phases     ] GC(455)   Other: 2.4ms
[2023-09-27T14:41:41.698+0900][gc,heap       ] GC(455) Eden regions: 45->0(47)
[2023-09-27T14:41:41.698+0900][gc,heap       ] GC(455) Survivor regions: 6->4(7)
[2023-09-27T14:41:41.698+0900][gc,heap       ] GC(455) Old regions: 648->652
[2023-09-27T14:41:41.698+0900][gc,heap       ] GC(455) Humongous regions: 129->129
[2023-09-27T14:41:41.698+0900][gc,metaspace  ] GC(455) Metaspace: 52782K->52782K(1097728K)
[2023-09-27T14:41:41.698+0900][gc            ] GC(455) Pause Young (Normal) (G1 Evacuation Pause) 827M->784M(1024M) 28.079ms
[2023-09-27T14:41:41.698+0900][gc,cpu        ] GC(455) User=0.06s Sys=0.06s Real=0.02s
[2023-09-27T14:44:25.857+0900][gc,start      ] GC(456) Pause Young (Normal) (G1 Evacuation Pause)
[2023-09-27T14:44:25.859+0900][gc,task       ] GC(456) Using 8 workers of 8 for evacuation
[2023-09-27T14:44:25.890+0900][gc,mmu        ] GC(456) MMU target violated: 21.0ms (20.0ms/21.0ms)
[2023-09-27T14:44:25.890+0900][gc,phases     ] GC(456)   Pre Evacuate Collection Set: 0.8ms
[2023-09-27T14:44:25.890+0900][gc,phases     ] GC(456)   Evacuate Collection Set: 27.4ms
[2023-09-27T14:44:25.890+0900][gc,phases     ] GC(456)   Post Evacuate Collection Set: 1.2ms
[2023-09-27T14:44:25.890+0900][gc,phases     ] GC(456)   Other: 4.0ms
[2023-09-27T14:44:25.890+0900][gc,heap       ] GC(456) Eden regions: 47->0(44)
[2023-09-27T14:44:25.890+0900][gc,heap       ] GC(456) Survivor regions: 4->7(7)
[2023-09-27T14:44:25.891+0900][gc,heap       ] GC(456) Old regions: 652->652
[2023-09-27T14:44:25.891+0900][gc,heap       ] GC(456) Humongous regions: 129->129
[2023-09-27T14:44:25.891+0900][gc,metaspace  ] GC(456) Metaspace: 52782K->52782K(1097728K)
[2023-09-27T14:44:25.891+0900][gc            ] GC(456) Pause Young (Normal) (G1 Evacuation Pause) 831M->787M(1024M) 33.421ms
[2023-09-27T14:44:25.891+0900][gc,cpu        ] GC(456) User=0.07s Sys=0.08s Real=0.04s
[2023-09-27T14:46:55.868+0900][gc,start      ] GC(457) Pause Young (Normal) (G1 Evacuation Pause)
[2023-09-27T14:46:55.870+0900][gc,task       ] GC(457) Using 8 workers of 8 for evacuation
[2023-09-27T14:46:55.893+0900][gc,mmu        ] GC(457) MMU target violated: 21.0ms (20.0ms/21.0ms)
[2023-09-27T14:46:55.893+0900][gc,phases     ] GC(457)   Pre Evacuate Collection Set: 0.2ms
[2023-09-27T14:46:55.893+0900][gc,phases     ] GC(457)   Evacuate Collection Set: 21.6ms
[2023-09-27T14:46:55.893+0900][gc,phases     ] GC(457)   Post Evacuate Collection Set: 0.5ms
[2023-09-27T14:46:55.893+0900][gc,phases     ] GC(457)   Other: 2.9ms
[2023-09-27T14:46:55.893+0900][gc,heap       ] GC(457) Eden regions: 44->0(46)
[2023-09-27T14:46:55.893+0900][gc,heap       ] GC(457) Survivor regions: 7->5(7)
[2023-09-27T14:46:55.893+0900][gc,heap       ] GC(457) Old regions: 652->657
[2023-09-27T14:46:55.893+0900][gc,heap       ] GC(457) Humongous regions: 129->129
[2023-09-27T14:46:55.893+0900][gc,metaspace  ] GC(457) Metaspace: 52783K->52783K(1097728K)
[2023-09-27T14:46:55.893+0900][gc            ] GC(457) Pause Young (Normal) (G1 Evacuation Pause) 831M->790M(1024M) 25.340ms
[2023-09-27T14:46:55.893+0900][gc,cpu        ] GC(457) User=0.05s Sys=0.02s Real=0.03s
[2023-09-27T14:49:36.519+0900][gc,start      ] GC(458) Pause Young (Normal) (G1 Evacuation Pause)
[2023-09-27T14:49:36.520+0900][gc,task       ] GC(458) Using 8 workers of 8 for evacuation
[2023-09-27T14:49:36.548+0900][gc,mmu        ] GC(458) MMU target violated: 21.0ms (20.0ms/21.0ms)
[2023-09-27T14:49:36.548+0900][gc,phases     ] GC(458)   Pre Evacuate Collection Set: 0.3ms
[2023-09-27T14:49:36.548+0900][gc,phases     ] GC(458)   Evacuate Collection Set: 26.4ms
[2023-09-27T14:49:36.548+0900][gc,phases     ] GC(458)   Post Evacuate Collection Set: 0.6ms
[2023-09-27T14:49:36.548+0900][gc,phases     ] GC(458)   Other: 1.2ms
[2023-09-27T14:49:36.548+0900][gc,heap       ] GC(458) Eden regions: 46->0(45)
[2023-09-27T14:49:36.548+0900][gc,heap       ] GC(458) Survivor regions: 5->6(7)
[2023-09-27T14:49:36.548+0900][gc,heap       ] GC(458) Old regions: 657->661
[2023-09-27T14:49:36.548+0900][gc,heap       ] GC(458) Humongous regions: 129->129
[2023-09-27T14:49:36.548+0900][gc,metaspace  ] GC(458) Metaspace: 52783K->52783K(1097728K)
[2023-09-27T14:49:36.548+0900][gc            ] GC(458) Pause Young (Normal) (G1 Evacuation Pause) 836M->794M(1024M) 28.675ms
[2023-09-27T14:49:36.548+0900][gc,cpu        ] GC(458) User=0.05s Sys=0.06s Real=0.03s
[2023-09-27T14:52:12.805+0900][gc,start      ] GC(459) Pause Young (Normal) (G1 Evacuation Pause)
[2023-09-27T14:52:12.807+0900][gc,task       ] GC(459) Using 8 workers of 8 for evacuation
[2023-09-27T14:52:12.833+0900][gc,mmu        ] GC(459) MMU target violated: 21.0ms (20.0ms/21.0ms)
[2023-09-27T14:52:12.834+0900][gc,phases     ] GC(459)   Pre Evacuate Collection Set: 0.8ms
[2023-09-27T14:52:12.834+0900][gc,phases     ] GC(459)   Evacuate Collection Set: 23.6ms
[2023-09-27T14:52:12.834+0900][gc,phases     ] GC(459)   Post Evacuate Collection Set: 1.4ms
[2023-09-27T14:52:12.834+0900][gc,phases     ] GC(459)   Other: 2.7ms
[2023-09-27T14:52:12.834+0900][gc,heap       ] GC(459) Eden regions: 45->0(46)
[2023-09-27T14:52:12.834+0900][gc,heap       ] GC(459) Survivor regions: 6->5(7)
[2023-09-27T14:52:12.834+0900][gc,heap       ] GC(459) Old regions: 661->663
[2023-09-27T14:52:12.834+0900][gc,heap       ] GC(459) Humongous regions: 129->129
[2023-09-27T14:52:12.834+0900][gc,metaspace  ] GC(459) Metaspace: 52783K->52783K(1097728K)
[2023-09-27T14:52:12.834+0900][gc            ] GC(459) Pause Young (Normal) (G1 Evacuation Pause) 839M->795M(1024M) 28.563ms
[2023-09-27T14:52:12.834+0900][gc,cpu        ] GC(459) User=0.06s Sys=0.04s Real=0.03s
[2023-09-27T14:53:56.211+0900][gc,heap,exit  ] Heap
[2023-09-27T14:53:56.212+0900][gc,heap,exit  ]  garbage-first heap   total 1048576K, used 852808K [0x00000007c0000000, 0x0000000800000000)
[2023-09-27T14:53:56.212+0900][gc,heap,exit  ]   region size 1024K, 44 young (45056K), 5 survivors (5120K)
[2023-09-27T14:53:56.212+0900][gc,heap,exit  ]  Metaspace       used 53482K, capacity 56556K, committed 57040K, reserved 1097728K
[2023-09-27T14:53:56.212+0900][gc,heap,exit  ]   class space    used 6624K, capacity 8058K, committed 8320K, reserved 1048576K
